2026-02-09 20:59:59,154 - INFO - Logging initialized. Log file: runs/run_294/training.log
2026-02-09 20:59:59,167 - INFO - Experiment directory: runs/run_294
2026-02-09 20:59:59,169 - INFO - Setting random seeds for reproducibility (seed: 42)...
2026-02-09 20:59:59,202 - INFO - ✅ All seeds set to 42 (deterministic=False)
2026-02-09 20:59:59,626 - INFO - GPU memory cleared at startup. Available: 39.2GB
2026-02-09 20:59:59,627 - INFO - Using device: cuda
2026-02-09 20:59:59,628 - INFO - Training configuration: epochs=300, warmup=30, lr=0.0002
2026-02-09 20:59:59,629 - INFO - SWIN_HYBRID configuration: {'type': 'swin_hybrid', 'variant': 'tiny', 'patch_size': 4, 'embed_dim': 96, 'depths': [2, 2, 6, 2], 'num_heads': [3, 6, 12, 24], 'window_size': 7, 'mlp_ratio': 4.0, 'dropout': 0.0, 'attention_dropout': 0.0, 'projection_dropout': 0.0, 'drop_path_rate': 0.08, 'use_shifted_window': True, 'use_relative_bias': False, 'use_absolute_pos_embed': False, 'use_hierarchical_merge': False, 'use_gradient_checkpointing': False, 'use_cnn_stem': True, 'cnn_stem_config': {'channels': [32, 64], 'kernel_size': 3, 'stride': 2, 'padding': 1, 'activation': 'gelu', 'use_batch_norm': True}}
2026-02-09 20:59:59,630 - INFO - Loading dataset...
2026-02-09 20:59:59,631 - INFO - Starting ImageNet data loading from root: /
2026-02-09 20:59:59,632 - INFO - Resolved root path: /
2026-02-09 20:59:59,633 - INFO - Root path exists: True
2026-02-09 20:59:59,634 - INFO - Root path is dir: True
2026-02-09 20:59:59,639 - INFO - Contents of /: ['/.exec', '/.run', '/.shell', '/.singularity.d', '/.test', '/bin', '/boot', '/dev', '/environment', '/etc', '/home', '/lib', '/lib64', '/media', '/mnt', '/opt', '/proc', '/requirements.txt', '/root', '/run', '/sbin', '/singularity', '/srv', '/sys', '/tmp', '/usr', '/var', '/meta', '/train_set', '/train_set_small', '/val_set', '/val_set_unlabeled']
2026-02-09 20:59:59,640 - INFO - Expected train_dir: /train_set, exists: True
2026-02-09 20:59:59,640 - INFO - Expected val_dir: /val_set, exists: True
2026-02-09 21:00:05,049 - INFO - Loaded ImageNet data from /: train=1281167, val=50000
2026-02-09 21:00:05,796 - INFO - Dataset limits applied (stratified sampling enabled)
2026-02-09 21:00:05,798 - INFO - Dataset loaded: train=100000 samples (782 batches), val=50000 samples (391 batches), test=50000 samples (391 batches)
2026-02-09 21:00:07,888 - INFO - Training SWIN_HYBRID from scratch
2026-02-09 21:00:07,889 - INFO - Initializing SWIN_HYBRID model from scratch...
2026-02-09 21:00:07,890 - INFO - Model architecture: SWIN_HYBRID
2026-02-09 21:00:07,890 - INFO - Model config: {'type': 'swin_hybrid', 'variant': 'tiny', 'patch_size': 4, 'embed_dim': 96, 'depths': [2, 2, 6, 2], 'num_heads': [3, 6, 12, 24], 'window_size': 7, 'mlp_ratio': 4.0, 'dropout': 0.0, 'attention_dropout': 0.0, 'projection_dropout': 0.0, 'drop_path_rate': 0.08, 'use_shifted_window': True, 'use_relative_bias': False, 'use_absolute_pos_embed': False, 'use_hierarchical_merge': False, 'use_gradient_checkpointing': False, 'use_cnn_stem': True, 'cnn_stem_config': {'channels': [32, 64], 'kernel_size': 3, 'stride': 2, 'padding': 1, 'activation': 'gelu', 'use_batch_norm': True}}
2026-02-09 21:00:08,203 - INFO - Model created with random initialization
2026-02-09 21:00:08,204 - INFO - Total parameters: 28,363,522
2026-02-09 21:00:08,206 - INFO - Trainable parameters: 28,363,522
2026-02-09 21:00:08,235 - INFO - Compiling model with torch.compile()
2026-02-09 21:00:09,672 - INFO - Mixed precision enabled → CUDA bf16 selected (hardware supported)
2026-02-09 21:00:09,673 - INFO - Starting from-scratch training...
2026-02-09 21:00:09,674 - INFO - Optimizer: training all model parameters
2026-02-09 21:00:09,675 - INFO - LR Scheduler: cosine with 30 warmup epochs
2026-02-09 21:00:09,676 - INFO - Starting training...
2026-02-09 21:00:11,900 - INFO - Processing first batch (shape: torch.Size([128, 3, 224, 224]))
2026-02-09 21:00:11,903 - INFO - Running first forward pass (torch.compile may take time)...
2026-02-09 21:01:16,503 - INFO - First forward pass complete (output shape: torch.Size([128, 1000]))
2026-02-09 21:02:09,931 - INFO - First batch complete! Loss: 7.0129
2026-02-09 21:24:53,850 - INFO - Epoch 1/300: LR: 0.000009
2026-02-09 21:24:53,851 - INFO - Epoch 1/300: Train Loss: 6.9058, Val Loss: 6.8079, Val Acc: 0.45%
2026-02-09 21:24:55,512 - INFO - Processing first batch (shape: torch.Size([128, 3, 224, 224]))
2026-02-09 21:24:55,526 - INFO - Running first forward pass (torch.compile may take time)...
2026-02-09 21:24:55,621 - INFO - First forward pass complete (output shape: torch.Size([128, 1000]))
2026-02-09 21:24:55,665 - INFO - First batch complete! Loss: 6.8662
2026-02-09 21:43:29,270 - INFO - Epoch 2/300: LR: 0.000015
2026-02-09 21:43:29,287 - INFO - Epoch 2/300: Train Loss: 6.7452, Val Loss: 6.5760, Val Acc: 1.07%
2026-02-09 21:43:30,978 - INFO - Processing first batch (shape: torch.Size([128, 3, 224, 224]))
2026-02-09 21:43:30,983 - INFO - Running first forward pass (torch.compile may take time)...
2026-02-09 21:43:31,059 - INFO - First forward pass complete (output shape: torch.Size([128, 1000]))
2026-02-09 21:43:31,097 - INFO - First batch complete! Loss: 6.6506
2026-02-09 22:02:09,266 - INFO - Epoch 3/300: LR: 0.000022
2026-02-09 22:02:09,267 - INFO - Epoch 3/300: Train Loss: 6.5871, Val Loss: 6.3942, Val Acc: 1.49%
2026-02-09 22:02:10,991 - INFO - Processing first batch (shape: torch.Size([128, 3, 224, 224]))
2026-02-09 22:02:10,996 - INFO - Running first forward pass (torch.compile may take time)...
2026-02-09 22:02:11,059 - INFO - First forward pass complete (output shape: torch.Size([128, 1000]))
2026-02-09 22:02:11,103 - INFO - First batch complete! Loss: 6.4988
