2026-01-29 13:54:01,781 - INFO - Logging initialized. Log file: runs/run_285/training.log
2026-01-29 13:54:01,783 - INFO - Experiment directory: runs/run_285
2026-01-29 13:54:01,784 - INFO - Setting random seeds for reproducibility (seed: 42)...
2026-01-29 13:54:01,794 - INFO - ✅ All seeds set to 42 (deterministic=False)
2026-01-29 13:54:02,195 - INFO - GPU memory cleared at startup. Available: 39.2GB
2026-01-29 13:54:02,196 - INFO - Using device: cuda
2026-01-29 13:54:02,198 - INFO - Training configuration: epochs=10, warmup=2, lr=0.0002
2026-01-29 13:54:02,199 - INFO - SWIN_IMPROVED configuration: {'type': 'swin_improved', 'variant': 'tiny', 'patch_size': 4, 'embed_dim': 96, 'depths': [2, 2, 6, 2], 'num_heads': [3, 6, 12, 24], 'window_size': 7, 'mlp_ratio': 4.0, 'dropout': 0.0, 'attention_dropout': 0.0, 'projection_dropout': 0.0, 'drop_path_rate': 0.08, 'use_shifted_window': True, 'use_relative_bias': False, 'use_absolute_pos_embed': False, 'use_hierarchical_merge': False, 'use_gradient_checkpointing': True, 'use_conv_stem': True, 'conv_stem_config': {'channels': [48, 96], 'kernel_sizes': [4, 3], 'strides': [4, 2], 'paddings': [0, 1], 'activation': 'gelu', 'use_batch_norm': True}, 'use_inverted_ffn': True, 'ffn_config': {'expand_ratio': 4, 'use_depthwise_conv': True, 'activation': 'gelu'}}
2026-01-29 13:54:02,200 - INFO - Loading dataset...
2026-01-29 13:54:02,202 - INFO - Starting ImageNet data loading from root: /
2026-01-29 13:54:02,203 - INFO - Resolved root path: /
2026-01-29 13:54:02,204 - INFO - Root path exists: True
2026-01-29 13:54:02,206 - INFO - Root path is dir: True
2026-01-29 13:54:02,211 - INFO - Contents of /: ['/.exec', '/.run', '/.shell', '/.singularity.d', '/.test', '/bin', '/boot', '/dev', '/environment', '/etc', '/home', '/lib', '/lib64', '/media', '/mnt', '/opt', '/proc', '/requirements.txt', '/root', '/run', '/sbin', '/singularity', '/srv', '/sys', '/tmp', '/usr', '/var', '/meta', '/train_set', '/train_set_small', '/val_set', '/val_set_unlabeled']
2026-01-29 13:54:02,212 - INFO - Expected train_dir: /train_set, exists: True
2026-01-29 13:54:02,213 - INFO - Expected val_dir: /val_set, exists: True
2026-01-29 13:54:07,184 - INFO - Loaded ImageNet data from /: train=1281167, val=50000
2026-01-29 13:54:08,617 - INFO - Dataset limits applied (stratified sampling enabled)
2026-01-29 13:54:08,619 - INFO - Dataset loaded: train=100000 samples (782 batches), val=50000 samples (391 batches), test=50000 samples (391 batches)
2026-01-29 13:54:09,414 - INFO - Training SWIN_IMPROVED from scratch
2026-01-29 13:54:09,415 - INFO - Initializing SWIN_IMPROVED model from scratch...
2026-01-29 13:54:09,416 - INFO - Model architecture: SWIN_IMPROVED
2026-01-29 13:54:09,417 - INFO - Model config: {'type': 'swin_improved', 'variant': 'tiny', 'patch_size': 4, 'embed_dim': 96, 'depths': [2, 2, 6, 2], 'num_heads': [3, 6, 12, 24], 'window_size': 7, 'mlp_ratio': 4.0, 'dropout': 0.0, 'attention_dropout': 0.0, 'projection_dropout': 0.0, 'drop_path_rate': 0.08, 'use_shifted_window': True, 'use_relative_bias': False, 'use_absolute_pos_embed': False, 'use_hierarchical_merge': False, 'use_gradient_checkpointing': True, 'use_conv_stem': True, 'conv_stem_config': {'channels': [48, 96], 'kernel_sizes': [4, 3], 'strides': [4, 2], 'paddings': [0, 1], 'activation': 'gelu', 'use_batch_norm': True}, 'use_inverted_ffn': True, 'ffn_config': {'expand_ratio': 4, 'use_depthwise_conv': True, 'activation': 'gelu'}}
2026-01-29 13:54:09,794 - INFO - Model created with random initialization
2026-01-29 13:54:09,795 - INFO - Total parameters: 28,518,706
2026-01-29 13:54:09,796 - INFO - Trainable parameters: 28,518,706
2026-01-29 13:54:09,827 - INFO - Mixed precision enabled → CUDA bf16 selected (hardware supported)
2026-01-29 13:54:09,828 - INFO - Starting from-scratch training...
2026-01-29 13:54:09,829 - INFO - Optimizer: training all model parameters
2026-01-29 13:54:09,830 - INFO - LR Scheduler: cosine with 2 warmup epochs
2026-01-29 13:54:09,831 - INFO - Starting training...
2026-01-29 13:54:11,980 - INFO - Processing first batch (shape: torch.Size([128, 3, 224, 224]))
2026-01-29 13:54:11,983 - INFO - Running first forward pass (torch.compile may take time)...
2026-01-29 13:54:21,362 - INFO - First forward pass complete (output shape: torch.Size([128, 1000]))
2026-01-29 13:54:25,640 - INFO - First batch complete! Loss: 7.0366
2026-01-29 14:15:08,847 - INFO - Epoch 1/10: LR: 0.000101
2026-01-29 14:15:08,871 - INFO - Epoch 1/10: Train Loss: 6.9422, Val Loss: 6.8701, Val Acc: 0.39%
2026-01-29 14:15:10,520 - INFO - Processing first batch (shape: torch.Size([128, 3, 224, 224]))
2026-01-29 14:15:10,523 - INFO - Running first forward pass (torch.compile may take time)...
2026-01-29 14:15:10,603 - INFO - First forward pass complete (output shape: torch.Size([128, 1000]))
2026-01-29 14:15:10,667 - INFO - First batch complete! Loss: 6.9561
2026-01-29 14:35:23,541 - INFO - Epoch 2/10: LR: 0.000200
2026-01-29 14:35:23,570 - INFO - Epoch 2/10: Train Loss: 6.6637, Val Loss: 6.3536, Val Acc: 1.17%
2026-01-29 14:35:25,123 - INFO - Processing first batch (shape: torch.Size([128, 3, 224, 224]))
2026-01-29 14:35:25,127 - INFO - Running first forward pass (torch.compile may take time)...
2026-01-29 14:35:25,235 - INFO - First forward pass complete (output shape: torch.Size([128, 1000]))
2026-01-29 14:35:25,317 - INFO - First batch complete! Loss: 6.4821
2026-01-29 14:56:47,170 - INFO - Epoch 3/10: LR: 0.000193
2026-01-29 14:56:47,205 - INFO - Epoch 3/10: Train Loss: 6.3597, Val Loss: 6.0733, Val Acc: 2.02%
2026-01-29 14:56:48,787 - INFO - Processing first batch (shape: torch.Size([128, 3, 224, 224]))
2026-01-29 14:56:48,792 - INFO - Running first forward pass (torch.compile may take time)...
2026-01-29 14:56:48,882 - INFO - First forward pass complete (output shape: torch.Size([128, 1000]))
2026-01-29 14:56:48,946 - INFO - First batch complete! Loss: 6.2512
2026-01-29 15:18:14,887 - INFO - Epoch 4/10: LR: 0.000172
2026-01-29 15:18:14,902 - INFO - Epoch 4/10: Train Loss: 6.0715, Val Loss: 5.7179, Val Acc: 3.81%
2026-01-29 15:18:17,974 - INFO - Processing first batch (shape: torch.Size([128, 3, 224, 224]))
2026-01-29 15:18:17,978 - INFO - Running first forward pass (torch.compile may take time)...
2026-01-29 15:18:18,074 - INFO - First forward pass complete (output shape: torch.Size([128, 1000]))
2026-01-29 15:18:18,138 - INFO - First batch complete! Loss: 6.0433
2026-01-29 15:38:15,401 - INFO - Epoch 5/10: LR: 0.000141
2026-01-29 15:46:17,788 - INFO - Epoch 5/10: Train Loss: 5.8414, Val Loss: 5.4609, Val Acc: 5.09%, Test Loss: 5.4609, Test Acc: 5.09%
2026-01-29 15:46:19,517 - INFO - Processing first batch (shape: torch.Size([128, 3, 224, 224]))
2026-01-29 15:46:19,521 - INFO - Running first forward pass (torch.compile may take time)...
2026-01-29 15:46:19,601 - INFO - First forward pass complete (output shape: torch.Size([128, 1000]))
2026-01-29 15:46:19,676 - INFO - First batch complete! Loss: 5.8629
2026-01-29 16:06:20,155 - INFO - Epoch 6/10: LR: 0.000105
2026-01-29 16:06:20,179 - INFO - Epoch 6/10: Train Loss: 5.6466, Val Loss: 5.2524, Val Acc: 6.48%
2026-01-29 16:06:21,967 - INFO - Processing first batch (shape: torch.Size([128, 3, 224, 224]))
2026-01-29 16:06:21,971 - INFO - Running first forward pass (torch.compile may take time)...
2026-01-29 16:06:22,057 - INFO - First forward pass complete (output shape: torch.Size([128, 1000]))
2026-01-29 16:06:22,126 - INFO - First batch complete! Loss: 5.4183
2026-01-29 16:26:15,772 - INFO - Epoch 7/10: LR: 0.000069
2026-01-29 16:26:15,798 - INFO - Epoch 7/10: Train Loss: 5.4546, Val Loss: 5.0562, Val Acc: 8.73%
2026-01-29 16:26:17,469 - INFO - Processing first batch (shape: torch.Size([128, 3, 224, 224]))
2026-01-29 16:26:17,473 - INFO - Running first forward pass (torch.compile may take time)...
2026-01-29 16:26:17,559 - INFO - First forward pass complete (output shape: torch.Size([128, 1000]))
2026-01-29 16:26:17,623 - INFO - First batch complete! Loss: 5.3145
2026-01-29 16:46:12,234 - INFO - Epoch 8/10: LR: 0.000038
2026-01-29 16:46:12,242 - INFO - Epoch 8/10: Train Loss: 5.2858, Val Loss: 4.9132, Val Acc: 10.08%
2026-01-29 16:46:13,761 - INFO - Processing first batch (shape: torch.Size([128, 3, 224, 224]))
2026-01-29 16:46:13,766 - INFO - Running first forward pass (torch.compile may take time)...
2026-01-29 16:46:13,862 - INFO - First forward pass complete (output shape: torch.Size([128, 1000]))
2026-01-29 16:46:13,949 - INFO - First batch complete! Loss: 5.1862
2026-01-29 17:06:40,042 - INFO - Epoch 9/10: LR: 0.000017
2026-01-29 17:06:40,062 - INFO - Epoch 9/10: Train Loss: 5.1464, Val Loss: 4.7704, Val Acc: 11.69%
2026-01-29 17:06:41,744 - INFO - Processing first batch (shape: torch.Size([128, 3, 224, 224]))
2026-01-29 17:06:41,748 - INFO - Running first forward pass (torch.compile may take time)...
2026-01-29 17:06:41,822 - INFO - First forward pass complete (output shape: torch.Size([128, 1000]))
2026-01-29 17:06:41,885 - INFO - First batch complete! Loss: 5.0881
2026-01-29 17:27:23,670 - INFO - Epoch 10/10: LR: 0.000010
2026-01-29 17:35:38,116 - INFO - Epoch 10/10: Train Loss: 5.0477, Val Loss: 4.7039, Val Acc: 12.41%, Test Loss: 4.7039, Test Acc: 12.41%
2026-01-29 17:35:38,129 - INFO - Saving checkpoint for epoch 10...
2026-01-29 17:35:38,881 - INFO - ✅ Checkpoint saved: runs/run_285/checkpoint_epoch_10.pth
2026-01-29 17:35:38,884 - INFO - Training completed!
2026-01-29 17:35:38,884 - INFO - Generating training curves...
2026-01-29 17:35:40,275 - INFO - Too many classes (1000) for per-class plotting, skipping
2026-01-29 17:35:40,276 - INFO - Training curves saved as separate images with base name 'runs/run_285/training_curves_from_scratch'
2026-01-29 17:35:40,277 - INFO - Generating confusion matrix on test set...
