2026-02-04 16:54:22,489 - INFO - Logging initialized. Log file: runs/run_289/training.log
2026-02-04 16:54:22,491 - INFO - Experiment directory: runs/run_289
2026-02-04 16:54:22,493 - INFO - Setting random seeds for reproducibility (seed: 42)...
2026-02-04 16:54:22,541 - INFO - ✅ All seeds set to 42 (deterministic=False)
2026-02-04 16:54:22,915 - INFO - GPU memory cleared at startup. Available: 79.3GB
2026-02-04 16:54:22,917 - INFO - Using device: cuda
2026-02-04 16:54:22,918 - INFO - Training configuration: epochs=300, warmup=30, lr=0.0002
2026-02-04 16:54:22,919 - INFO - SWIN_HYBRID configuration: {'type': 'swin_hybrid', 'variant': 'tiny', 'patch_size': 4, 'embed_dim': 96, 'depths': [2, 2, 6, 2], 'num_heads': [3, 6, 12, 24], 'window_size': 7, 'mlp_ratio': 4.0, 'dropout': 0.0, 'attention_dropout': 0.0, 'projection_dropout': 0.0, 'drop_path_rate': 0.08, 'use_shifted_window': True, 'use_relative_bias': False, 'use_absolute_pos_embed': False, 'use_hierarchical_merge': False, 'use_gradient_checkpointing': False, 'use_cnn_stem': True, 'cnn_stem_config': {'channels': [32, 64], 'kernel_size': 3, 'stride': 2, 'padding': 1, 'activation': 'gelu', 'use_batch_norm': True}}
2026-02-04 16:54:22,920 - INFO - Loading dataset...
2026-02-04 16:54:22,921 - INFO - Starting ImageNet data loading from root: /
2026-02-04 16:54:22,922 - INFO - Resolved root path: /
2026-02-04 16:54:22,923 - INFO - Root path exists: True
2026-02-04 16:54:22,924 - INFO - Root path is dir: True
2026-02-04 16:54:22,929 - INFO - Contents of /: ['/.exec', '/.run', '/.shell', '/.singularity.d', '/.test', '/bin', '/boot', '/dev', '/environment', '/etc', '/home', '/lib', '/lib64', '/media', '/mnt', '/opt', '/proc', '/requirements.txt', '/root', '/run', '/sbin', '/singularity', '/srv', '/sys', '/tmp', '/usr', '/var', '/meta', '/train_set', '/train_set_small', '/val_set', '/val_set_unlabeled']
2026-02-04 16:54:22,930 - INFO - Expected train_dir: /train_set, exists: True
2026-02-04 16:54:22,931 - INFO - Expected val_dir: /val_set, exists: True
2026-02-04 16:54:39,591 - INFO - Loaded ImageNet data from /: train=1281167, val=50000
2026-02-04 16:54:40,622 - INFO - Dataset limits applied (stratified sampling enabled)
2026-02-04 16:54:40,624 - INFO - Dataset loaded: train=100000 samples (782 batches), val=50000 samples (391 batches), test=50000 samples (391 batches)
2026-02-04 16:54:42,737 - INFO - Training SWIN_HYBRID from scratch
2026-02-04 16:54:42,739 - INFO - Initializing SWIN_HYBRID model from scratch...
2026-02-04 16:54:42,740 - INFO - Model architecture: SWIN_HYBRID
2026-02-04 16:54:42,742 - INFO - Model config: {'type': 'swin_hybrid', 'variant': 'tiny', 'patch_size': 4, 'embed_dim': 96, 'depths': [2, 2, 6, 2], 'num_heads': [3, 6, 12, 24], 'window_size': 7, 'mlp_ratio': 4.0, 'dropout': 0.0, 'attention_dropout': 0.0, 'projection_dropout': 0.0, 'drop_path_rate': 0.08, 'use_shifted_window': True, 'use_relative_bias': False, 'use_absolute_pos_embed': False, 'use_hierarchical_merge': False, 'use_gradient_checkpointing': False, 'use_cnn_stem': True, 'cnn_stem_config': {'channels': [32, 64], 'kernel_size': 3, 'stride': 2, 'padding': 1, 'activation': 'gelu', 'use_batch_norm': True}}
2026-02-04 16:54:43,217 - INFO - Model created with random initialization
2026-02-04 16:54:43,218 - INFO - Total parameters: 28,363,522
2026-02-04 16:54:43,220 - INFO - Trainable parameters: 28,363,522
2026-02-04 16:54:43,272 - INFO - Compiling model with torch.compile()
2026-02-04 16:54:45,158 - INFO - Mixed precision enabled → CUDA bf16 selected (hardware supported)
2026-02-04 16:54:45,159 - INFO - Starting from-scratch training...
2026-02-04 16:54:45,161 - INFO - Optimizer: training all model parameters
2026-02-04 16:54:45,163 - INFO - LR Scheduler: cosine with 30 warmup epochs
2026-02-04 16:54:45,164 - INFO - Starting training...
2026-02-04 16:54:47,776 - INFO - Processing first batch (shape: torch.Size([128, 3, 224, 224]))
2026-02-04 16:54:47,780 - INFO - Running first forward pass (torch.compile may take time)...
2026-02-04 16:55:50,551 - INFO - First forward pass complete (output shape: torch.Size([128, 1000]))
2026-02-04 16:56:43,256 - INFO - First batch complete! Loss: 7.0125
2026-02-04 17:21:50,661 - INFO - Epoch 1/300: LR: 0.000009
2026-02-04 17:21:50,663 - INFO - Epoch 1/300: Train Loss: 6.9059, Val Loss: 6.8079, Val Acc: 0.45%
2026-02-04 17:21:52,379 - INFO - Processing first batch (shape: torch.Size([128, 3, 224, 224]))
2026-02-04 17:21:52,384 - INFO - Running first forward pass (torch.compile may take time)...
2026-02-04 17:21:52,426 - INFO - First forward pass complete (output shape: torch.Size([128, 1000]))
2026-02-04 17:21:52,454 - INFO - First batch complete! Loss: 6.8667
2026-02-04 17:40:20,485 - INFO - Epoch 2/300: LR: 0.000015
2026-02-04 17:40:20,515 - INFO - Epoch 2/300: Train Loss: 6.7452, Val Loss: 6.5761, Val Acc: 1.08%
2026-02-04 17:40:22,254 - INFO - Processing first batch (shape: torch.Size([128, 3, 224, 224]))
2026-02-04 17:40:22,258 - INFO - Running first forward pass (torch.compile may take time)...
2026-02-04 17:40:22,303 - INFO - First forward pass complete (output shape: torch.Size([128, 1000]))
2026-02-04 17:40:22,346 - INFO - First batch complete! Loss: 6.6514
2026-02-04 17:59:51,955 - INFO - Epoch 3/300: LR: 0.000022
2026-02-04 17:59:51,984 - INFO - Epoch 3/300: Train Loss: 6.5871, Val Loss: 6.3939, Val Acc: 1.49%
2026-02-04 17:59:53,611 - INFO - Processing first batch (shape: torch.Size([128, 3, 224, 224]))
2026-02-04 17:59:53,615 - INFO - Running first forward pass (torch.compile may take time)...
2026-02-04 17:59:53,652 - INFO - First forward pass complete (output shape: torch.Size([128, 1000]))
2026-02-04 17:59:53,677 - INFO - First batch complete! Loss: 6.4993
2026-02-04 18:17:34,509 - INFO - Epoch 4/300: LR: 0.000028
2026-02-04 18:17:34,539 - INFO - Epoch 4/300: Train Loss: 6.4252, Val Loss: 6.1939, Val Acc: 2.17%
2026-02-04 18:17:36,209 - INFO - Processing first batch (shape: torch.Size([128, 3, 224, 224]))
2026-02-04 18:17:36,213 - INFO - Running first forward pass (torch.compile may take time)...
2026-02-04 18:17:36,266 - INFO - First forward pass complete (output shape: torch.Size([128, 1000]))
2026-02-04 18:17:36,306 - INFO - First batch complete! Loss: 6.3728
2026-02-04 18:35:19,001 - INFO - Epoch 5/300: LR: 0.000035
2026-02-04 18:42:37,799 - INFO - Epoch 5/300: Train Loss: 6.2689, Val Loss: 6.0111, Val Acc: 2.85%, Test Loss: 6.0111, Test Acc: 2.85%
2026-02-04 18:42:39,480 - INFO - Processing first batch (shape: torch.Size([128, 3, 224, 224]))
2026-02-04 18:42:39,484 - INFO - Running first forward pass (torch.compile may take time)...
2026-02-04 18:42:39,546 - INFO - First forward pass complete (output shape: torch.Size([128, 1000]))
2026-02-04 18:42:39,599 - INFO - First batch complete! Loss: 6.2783
2026-02-04 19:00:58,030 - INFO - Epoch 6/300: LR: 0.000042
2026-02-04 19:00:58,055 - INFO - Epoch 6/300: Train Loss: 6.1338, Val Loss: 5.8376, Val Acc: 3.77%
2026-02-04 19:00:59,645 - INFO - Processing first batch (shape: torch.Size([128, 3, 224, 224]))
2026-02-04 19:00:59,655 - INFO - Running first forward pass (torch.compile may take time)...
2026-02-04 19:00:59,738 - INFO - First forward pass complete (output shape: torch.Size([128, 1000]))
2026-02-04 19:00:59,775 - INFO - First batch complete! Loss: 6.1946
2026-02-04 19:18:57,853 - INFO - Epoch 7/300: LR: 0.000048
2026-02-04 19:18:57,882 - INFO - Epoch 7/300: Train Loss: 5.9990, Val Loss: 5.6861, Val Acc: 4.46%
2026-02-04 19:18:59,529 - INFO - Processing first batch (shape: torch.Size([128, 3, 224, 224]))
2026-02-04 19:18:59,533 - INFO - Running first forward pass (torch.compile may take time)...
2026-02-04 19:18:59,590 - INFO - First forward pass complete (output shape: torch.Size([128, 1000]))
2026-02-04 19:18:59,626 - INFO - First batch complete! Loss: 5.9418
2026-02-04 19:37:11,611 - INFO - Epoch 8/300: LR: 0.000055
2026-02-04 19:37:11,648 - INFO - Epoch 8/300: Train Loss: 5.8807, Val Loss: 5.5115, Val Acc: 5.67%
2026-02-04 19:37:13,278 - INFO - Processing first batch (shape: torch.Size([128, 3, 224, 224]))
2026-02-04 19:37:13,282 - INFO - Running first forward pass (torch.compile may take time)...
2026-02-04 19:37:13,319 - INFO - First forward pass complete (output shape: torch.Size([128, 1000]))
2026-02-04 19:37:13,350 - INFO - First batch complete! Loss: 5.8611
2026-02-04 19:57:19,020 - INFO - Epoch 9/300: LR: 0.000061
2026-02-04 19:57:19,072 - INFO - Epoch 9/300: Train Loss: 5.7565, Val Loss: 5.3962, Val Acc: 6.31%
2026-02-04 19:57:20,975 - INFO - Processing first batch (shape: torch.Size([128, 3, 224, 224]))
2026-02-04 19:57:20,979 - INFO - Running first forward pass (torch.compile may take time)...
2026-02-04 19:57:21,013 - INFO - First forward pass complete (output shape: torch.Size([128, 1000]))
2026-02-04 19:57:21,036 - INFO - First batch complete! Loss: 5.4269
2026-02-04 20:18:39,643 - INFO - Epoch 10/300: LR: 0.000068
2026-02-04 20:26:01,652 - INFO - Epoch 10/300: Train Loss: 5.6486, Val Loss: 5.2665, Val Acc: 7.31%, Test Loss: 5.2665, Test Acc: 7.31%
2026-02-04 20:26:01,685 - INFO - Saving checkpoint for epoch 10...
2026-02-04 20:26:02,351 - INFO - ✅ Checkpoint saved: runs/run_289/checkpoint_epoch_10.pth
2026-02-04 20:26:04,346 - INFO - Processing first batch (shape: torch.Size([128, 3, 224, 224]))
2026-02-04 20:26:04,348 - INFO - Running first forward pass (torch.compile may take time)...
2026-02-04 20:26:04,410 - INFO - First forward pass complete (output shape: torch.Size([128, 1000]))
2026-02-04 20:26:04,441 - INFO - First batch complete! Loss: 5.4274
2026-02-04 20:45:47,945 - INFO - Epoch 11/300: LR: 0.000075
2026-02-04 20:45:47,983 - INFO - Epoch 11/300: Train Loss: 5.5371, Val Loss: 5.1692, Val Acc: 8.03%
2026-02-04 20:45:49,616 - INFO - Processing first batch (shape: torch.Size([128, 3, 224, 224]))
2026-02-04 20:45:49,621 - INFO - Running first forward pass (torch.compile may take time)...
2026-02-04 20:45:49,665 - INFO - First forward pass complete (output shape: torch.Size([128, 1000]))
2026-02-04 20:45:49,698 - INFO - First batch complete! Loss: 5.6056
2026-02-04 21:04:12,029 - INFO - Epoch 12/300: LR: 0.000081
2026-02-04 21:04:12,057 - INFO - Epoch 12/300: Train Loss: 5.4315, Val Loss: 5.0778, Val Acc: 8.31%
2026-02-04 21:04:13,636 - INFO - Processing first batch (shape: torch.Size([128, 3, 224, 224]))
2026-02-04 21:04:13,640 - INFO - Running first forward pass (torch.compile may take time)...
2026-02-04 21:04:13,710 - INFO - First forward pass complete (output shape: torch.Size([128, 1000]))
2026-02-04 21:04:13,759 - INFO - First batch complete! Loss: 5.4297
2026-02-04 21:22:11,938 - INFO - Epoch 13/300: LR: 0.000088
2026-02-04 21:22:11,984 - INFO - Epoch 13/300: Train Loss: 5.3339, Val Loss: 4.9050, Val Acc: 9.91%
2026-02-04 21:22:13,684 - INFO - Processing first batch (shape: torch.Size([128, 3, 224, 224]))
2026-02-04 21:22:13,688 - INFO - Running first forward pass (torch.compile may take time)...
2026-02-04 21:22:13,738 - INFO - First forward pass complete (output shape: torch.Size([128, 1000]))
2026-02-04 21:22:13,770 - INFO - First batch complete! Loss: 4.9492
