2026-02-10 03:11:24,242 - INFO - Logging initialized. Log file: runs/run_298/training.log
2026-02-10 03:11:24,362 - INFO - Experiment directory: runs/run_298
2026-02-10 03:11:24,363 - INFO - Setting random seeds for reproducibility (seed: 42)...
2026-02-10 03:11:24,376 - INFO - ✅ All seeds set to 42 (deterministic=False)
2026-02-10 03:11:24,816 - INFO - GPU memory cleared at startup. Available: 39.2GB
2026-02-10 03:11:24,818 - INFO - Using device: cuda
2026-02-10 03:11:24,819 - INFO - Training configuration: epochs=20, warmup=2, lr=0.001
2026-02-10 03:11:24,820 - INFO - SWIN_HYBRID configuration: {'type': 'swin_hybrid', 'variant': 'tiny', 'patch_size': 4, 'embed_dim': 96, 'depths': [2, 2, 6, 2], 'num_heads': [3, 6, 12, 24], 'window_size': 7, 'mlp_ratio': 4.0, 'dropout': 0.0, 'attention_dropout': 0.0, 'projection_dropout': 0.0, 'drop_path_rate': 0.08, 'use_shifted_window': True, 'use_relative_bias': True, 'use_absolute_pos_embed': False, 'use_hierarchical_merge': False, 'use_gradient_checkpointing': False, 'use_cnn_stem': True, 'cnn_stem_config': {'channels': [32, 64], 'kernel_size': 3, 'stride': 2, 'padding': 1, 'activation': 'gelu', 'use_batch_norm': True}}
2026-02-10 03:11:24,822 - INFO - Loading dataset...
2026-02-10 03:11:24,823 - INFO - Starting ImageNet data loading from root: /
2026-02-10 03:11:24,824 - INFO - Resolved root path: /
2026-02-10 03:11:24,825 - INFO - Root path exists: True
2026-02-10 03:11:24,826 - INFO - Root path is dir: True
2026-02-10 03:11:24,831 - INFO - Contents of /: ['/.exec', '/.run', '/.shell', '/.singularity.d', '/.test', '/bin', '/boot', '/dev', '/environment', '/etc', '/home', '/lib', '/lib64', '/media', '/mnt', '/opt', '/proc', '/requirements.txt', '/root', '/run', '/sbin', '/singularity', '/srv', '/sys', '/tmp', '/usr', '/var', '/meta', '/train_set', '/train_set_small', '/val_set', '/val_set_unlabeled']
2026-02-10 03:11:24,832 - INFO - Expected train_dir: /train_set, exists: True
2026-02-10 03:11:24,833 - INFO - Expected val_dir: /val_set, exists: True
2026-02-10 03:11:30,369 - INFO - Loaded ImageNet data from /: train=1281167, val=50000
2026-02-10 03:11:31,138 - INFO - Dataset limits applied (stratified sampling enabled)
2026-02-10 03:11:31,140 - INFO - Dataset loaded: train=100000 samples (782 batches), val=50000 samples (391 batches), test=50000 samples (391 batches)
2026-02-10 03:11:33,065 - INFO - Training SWIN_HYBRID from scratch
2026-02-10 03:11:33,067 - INFO - Initializing SWIN_HYBRID model from scratch...
2026-02-10 03:11:33,068 - INFO - Model architecture: SWIN_HYBRID
2026-02-10 03:11:33,070 - INFO - Model config: {'type': 'swin_hybrid', 'variant': 'tiny', 'patch_size': 4, 'embed_dim': 96, 'depths': [2, 2, 6, 2], 'num_heads': [3, 6, 12, 24], 'window_size': 7, 'mlp_ratio': 4.0, 'dropout': 0.0, 'attention_dropout': 0.0, 'projection_dropout': 0.0, 'drop_path_rate': 0.08, 'use_shifted_window': True, 'use_relative_bias': True, 'use_absolute_pos_embed': False, 'use_hierarchical_merge': False, 'use_gradient_checkpointing': False, 'use_cnn_stem': True, 'cnn_stem_config': {'channels': [32, 64], 'kernel_size': 3, 'stride': 2, 'padding': 1, 'activation': 'gelu', 'use_batch_norm': True}}
2026-02-10 03:11:33,488 - INFO - Model created with random initialization
2026-02-10 03:11:33,489 - INFO - Total parameters: 28,363,522
2026-02-10 03:11:33,491 - INFO - Trainable parameters: 28,363,522
2026-02-10 03:11:33,523 - INFO - Compiling model with torch.compile()
2026-02-10 03:11:35,090 - INFO - Mixed precision enabled → CUDA bf16 selected (hardware supported)
2026-02-10 03:11:35,092 - INFO - Starting from-scratch training...
2026-02-10 03:11:35,093 - INFO - Optimizer: training all model parameters
2026-02-10 03:11:35,095 - INFO - LR Scheduler: cosine with 2 warmup epochs
2026-02-10 03:11:35,096 - INFO - Starting training...
2026-02-10 03:11:38,177 - INFO - Processing first batch (shape: torch.Size([128, 3, 224, 224]))
2026-02-10 03:11:38,179 - INFO - Running first forward pass (torch.compile may take time)...
2026-02-10 03:12:45,263 - INFO - First forward pass complete (output shape: torch.Size([128, 1000]))
2026-02-10 03:13:47,487 - INFO - First batch complete! Loss: 7.0127
2026-02-10 03:37:19,203 - INFO - Epoch 1/20: LR: 0.000505
2026-02-10 03:37:19,205 - INFO - Epoch 1/20: Train Loss: 6.7947, Val Loss: 6.5968, Val Acc: 1.00%
2026-02-10 03:37:20,974 - INFO - Processing first batch (shape: torch.Size([128, 3, 224, 224]))
2026-02-10 03:37:20,979 - INFO - Running first forward pass (torch.compile may take time)...
2026-02-10 03:37:21,047 - INFO - First forward pass complete (output shape: torch.Size([128, 1000]))
2026-02-10 03:37:21,103 - INFO - First batch complete! Loss: 6.6274
2026-02-10 03:56:31,452 - INFO - Epoch 2/20: LR: 0.001000
2026-02-10 03:56:31,464 - INFO - Epoch 2/20: Train Loss: 6.9444, Val Loss: 6.9445, Val Acc: 0.10%
2026-02-10 03:56:33,224 - INFO - Processing first batch (shape: torch.Size([128, 3, 224, 224]))
2026-02-10 03:56:33,229 - INFO - Running first forward pass (torch.compile may take time)...
2026-02-10 03:56:33,281 - INFO - First forward pass complete (output shape: torch.Size([128, 1000]))
2026-02-10 03:56:33,327 - INFO - First batch complete! Loss: 6.9641
2026-02-10 04:15:41,532 - INFO - Epoch 3/20: LR: 0.000992
2026-02-10 04:15:41,534 - INFO - Epoch 3/20: Train Loss: 6.9326, Val Loss: 6.9187, Val Acc: 0.10%
2026-02-10 04:15:43,231 - INFO - Processing first batch (shape: torch.Size([128, 3, 224, 224]))
2026-02-10 04:15:43,236 - INFO - Running first forward pass (torch.compile may take time)...
2026-02-10 04:15:43,299 - INFO - First forward pass complete (output shape: torch.Size([128, 1000]))
2026-02-10 04:15:43,360 - INFO - First batch complete! Loss: 6.9492
2026-02-10 04:34:54,782 - INFO - Epoch 4/20: LR: 0.000970
2026-02-10 04:34:54,801 - INFO - Epoch 4/20: Train Loss: 6.9170, Val Loss: 6.9164, Val Acc: 0.10%
2026-02-10 04:34:56,571 - INFO - Processing first batch (shape: torch.Size([128, 3, 224, 224]))
2026-02-10 04:34:56,575 - INFO - Running first forward pass (torch.compile may take time)...
2026-02-10 04:34:56,621 - INFO - First forward pass complete (output shape: torch.Size([128, 1000]))
2026-02-10 04:34:56,660 - INFO - First batch complete! Loss: 6.9304
2026-02-10 04:53:55,350 - INFO - Epoch 5/20: LR: 0.000934
2026-02-10 05:01:44,435 - INFO - Epoch 5/20: Train Loss: 6.9149, Val Loss: 6.9160, Val Acc: 0.10%, Test Loss: 6.9160, Test Acc: 0.10%
2026-02-10 05:01:46,234 - INFO - Processing first batch (shape: torch.Size([128, 3, 224, 224]))
2026-02-10 05:01:46,238 - INFO - Running first forward pass (torch.compile may take time)...
2026-02-10 05:01:46,281 - INFO - First forward pass complete (output shape: torch.Size([128, 1000]))
2026-02-10 05:01:46,323 - INFO - First batch complete! Loss: 6.9167
2026-02-10 05:20:58,658 - INFO - Epoch 6/20: LR: 0.000884
2026-02-10 05:20:58,660 - INFO - Epoch 6/20: Train Loss: 6.9130, Val Loss: 6.9127, Val Acc: 0.10%
2026-02-10 05:21:00,320 - INFO - Processing first batch (shape: torch.Size([128, 3, 224, 224]))
2026-02-10 05:21:00,328 - INFO - Running first forward pass (torch.compile may take time)...
2026-02-10 05:21:00,417 - INFO - First forward pass complete (output shape: torch.Size([128, 1000]))
2026-02-10 05:21:00,467 - INFO - First batch complete! Loss: 6.8989
2026-02-10 05:39:44,693 - INFO - Epoch 7/20: LR: 0.000823
2026-02-10 05:39:44,695 - INFO - Epoch 7/20: Train Loss: 6.9120, Val Loss: 6.9120, Val Acc: 0.10%
2026-02-10 05:39:46,365 - INFO - Processing first batch (shape: torch.Size([128, 3, 224, 224]))
2026-02-10 05:39:46,370 - INFO - Running first forward pass (torch.compile may take time)...
2026-02-10 05:39:46,426 - INFO - First forward pass complete (output shape: torch.Size([128, 1000]))
2026-02-10 05:39:46,472 - INFO - First batch complete! Loss: 6.9114
2026-02-10 05:58:34,693 - INFO - Epoch 8/20: LR: 0.000752
2026-02-10 05:58:34,694 - INFO - Epoch 8/20: Train Loss: 6.9108, Val Loss: 6.9011, Val Acc: 0.17%
2026-02-10 05:58:36,245 - INFO - Processing first batch (shape: torch.Size([128, 3, 224, 224]))
2026-02-10 05:58:36,249 - INFO - Running first forward pass (torch.compile may take time)...
2026-02-10 05:58:36,320 - INFO - First forward pass complete (output shape: torch.Size([128, 1000]))
2026-02-10 05:58:36,368 - INFO - First batch complete! Loss: 6.8970
2026-02-10 06:17:16,579 - INFO - Epoch 9/20: LR: 0.000674
2026-02-10 06:17:16,581 - INFO - Epoch 9/20: Train Loss: 6.8987, Val Loss: 6.8860, Val Acc: 0.18%
2026-02-10 06:17:18,184 - INFO - Processing first batch (shape: torch.Size([128, 3, 224, 224]))
2026-02-10 06:17:18,189 - INFO - Running first forward pass (torch.compile may take time)...
2026-02-10 06:17:18,241 - INFO - First forward pass complete (output shape: torch.Size([128, 1000]))
2026-02-10 06:17:18,296 - INFO - First batch complete! Loss: 6.8926
2026-02-10 06:35:56,433 - INFO - Epoch 10/20: LR: 0.000591
2026-02-10 06:43:42,700 - INFO - Epoch 10/20: Train Loss: 6.8950, Val Loss: 6.8770, Val Acc: 0.21%, Test Loss: 6.8770, Test Acc: 0.21%
2026-02-10 06:43:42,701 - INFO - Saving checkpoint for epoch 10...
2026-02-10 06:43:44,243 - INFO - ✅ Checkpoint saved: runs/run_298/checkpoint_epoch_10.pth
2026-02-10 06:43:46,101 - INFO - Processing first batch (shape: torch.Size([128, 3, 224, 224]))
2026-02-10 06:43:46,104 - INFO - Running first forward pass (torch.compile may take time)...
2026-02-10 06:43:46,162 - INFO - First forward pass complete (output shape: torch.Size([128, 1000]))
2026-02-10 06:43:46,207 - INFO - First batch complete! Loss: 6.8328
2026-02-10 07:02:41,422 - INFO - Epoch 11/20: LR: 0.000505
2026-02-10 07:02:41,424 - INFO - Epoch 11/20: Train Loss: 6.8800, Val Loss: 6.8362, Val Acc: 0.23%
2026-02-10 07:02:43,144 - INFO - Processing first batch (shape: torch.Size([128, 3, 224, 224]))
2026-02-10 07:02:43,149 - INFO - Running first forward pass (torch.compile may take time)...
2026-02-10 07:02:43,198 - INFO - First forward pass complete (output shape: torch.Size([128, 1000]))
2026-02-10 07:02:43,237 - INFO - First batch complete! Loss: 6.8552
2026-02-10 07:21:36,855 - INFO - Epoch 12/20: LR: 0.000419
2026-02-10 07:21:36,891 - INFO - Epoch 12/20: Train Loss: 6.8706, Val Loss: 6.8440, Val Acc: 0.24%
2026-02-10 07:21:38,612 - INFO - Processing first batch (shape: torch.Size([128, 3, 224, 224]))
2026-02-10 07:21:38,617 - INFO - Running first forward pass (torch.compile may take time)...
2026-02-10 07:21:38,676 - INFO - First forward pass complete (output shape: torch.Size([128, 1000]))
2026-02-10 07:21:38,732 - INFO - First batch complete! Loss: 6.8682
2026-02-10 07:40:37,978 - INFO - Epoch 13/20: LR: 0.000336
2026-02-10 07:40:37,992 - INFO - Epoch 13/20: Train Loss: 6.8659, Val Loss: 6.8591, Val Acc: 0.28%
2026-02-10 07:40:39,925 - INFO - Processing first batch (shape: torch.Size([128, 3, 224, 224]))
2026-02-10 07:40:39,930 - INFO - Running first forward pass (torch.compile may take time)...
2026-02-10 07:40:39,968 - INFO - First forward pass complete (output shape: torch.Size([128, 1000]))
2026-02-10 07:40:40,007 - INFO - First batch complete! Loss: 6.8845
2026-02-10 08:00:15,331 - INFO - Epoch 14/20: LR: 0.000258
2026-02-10 08:00:15,346 - INFO - Epoch 14/20: Train Loss: 6.8758, Val Loss: 6.8501, Val Acc: 0.27%
2026-02-10 08:00:16,909 - INFO - Processing first batch (shape: torch.Size([128, 3, 224, 224]))
2026-02-10 08:00:16,914 - INFO - Running first forward pass (torch.compile may take time)...
2026-02-10 08:00:16,951 - INFO - First forward pass complete (output shape: torch.Size([128, 1000]))
2026-02-10 08:00:16,990 - INFO - First batch complete! Loss: 6.9080
2026-02-10 08:18:59,258 - INFO - Epoch 15/20: LR: 0.000187
2026-02-10 08:26:54,676 - INFO - Epoch 15/20: Train Loss: 6.8669, Val Loss: 6.8322, Val Acc: 0.35%, Test Loss: 6.8322, Test Acc: 0.35%
2026-02-10 08:26:56,704 - INFO - Processing first batch (shape: torch.Size([128, 3, 224, 224]))
2026-02-10 08:26:56,707 - INFO - Running first forward pass (torch.compile may take time)...
2026-02-10 08:26:56,764 - INFO - First forward pass complete (output shape: torch.Size([128, 1000]))
2026-02-10 08:26:56,810 - INFO - First batch complete! Loss: 6.9075
2026-02-10 08:46:55,119 - INFO - Epoch 16/20: LR: 0.000126
2026-02-10 08:46:55,121 - INFO - Epoch 16/20: Train Loss: 6.8540, Val Loss: 6.8093, Val Acc: 0.36%
2026-02-10 08:46:56,892 - INFO - Processing first batch (shape: torch.Size([128, 3, 224, 224]))
2026-02-10 08:46:56,896 - INFO - Running first forward pass (torch.compile may take time)...
2026-02-10 08:46:56,958 - INFO - First forward pass complete (output shape: torch.Size([128, 1000]))
2026-02-10 08:46:57,009 - INFO - First batch complete! Loss: 6.8447
2026-02-10 09:05:55,474 - INFO - Epoch 17/20: LR: 0.000076
2026-02-10 09:05:55,476 - INFO - Epoch 17/20: Train Loss: 6.8363, Val Loss: 6.7894, Val Acc: 0.42%
2026-02-10 09:05:57,176 - INFO - Processing first batch (shape: torch.Size([128, 3, 224, 224]))
2026-02-10 09:05:57,181 - INFO - Running first forward pass (torch.compile may take time)...
2026-02-10 09:05:57,262 - INFO - First forward pass complete (output shape: torch.Size([128, 1000]))
2026-02-10 09:05:57,306 - INFO - First batch complete! Loss: 6.8118
