2026-02-11 17:27:35,108 - INFO - Logging initialized. Log file: runs/run_308/training.log
2026-02-11 17:27:35,151 - INFO - Experiment directory: runs/run_308
2026-02-11 17:27:35,153 - INFO - Setting random seeds for reproducibility (seed: 42)...
2026-02-11 17:27:35,176 - INFO - ✅ All seeds set to 42 (deterministic=False)
2026-02-11 17:27:35,591 - INFO - GPU memory cleared at startup. Available: 23.6GB
2026-02-11 17:27:35,593 - INFO - Using device: cuda
2026-02-11 17:27:35,595 - INFO - Training configuration: epochs=20, warmup=3, lr=0.0005
2026-02-11 17:27:35,597 - INFO - SWIN configuration: variant=tiny, use_shifted_window=True, use_relative_bias=True, use_absolute_pos_embed=False, use_hierarchical_merge=False, use_gradient_checkpointing=False
2026-02-11 17:27:35,599 - INFO - SWIN details: embed_dim=96, depths=[2, 2, 6, 2], num_heads=[3, 6, 12, 24], window_size=7
2026-02-11 17:27:35,600 - INFO - Loading dataset...
2026-02-11 17:27:35,604 - INFO - Starting ImageNet data loading from root: /
2026-02-11 17:27:35,606 - INFO - Resolved root path: /
2026-02-11 17:27:35,608 - INFO - Root path exists: True
2026-02-11 17:27:35,610 - INFO - Root path is dir: True
2026-02-11 17:27:35,618 - INFO - Contents of /: ['/.exec', '/.run', '/.shell', '/.singularity.d', '/.test', '/bin', '/boot', '/dev', '/environment', '/etc', '/home', '/lib', '/lib64', '/media', '/mnt', '/opt', '/proc', '/requirements.txt', '/root', '/run', '/sbin', '/singularity', '/srv', '/sys', '/tmp', '/usr', '/var', '/meta', '/train_set', '/train_set_small', '/val_set', '/val_set_unlabeled']
2026-02-11 17:27:35,620 - INFO - Expected train_dir: /train_set, exists: True
2026-02-11 17:27:35,622 - INFO - Expected val_dir: /val_set, exists: True
2026-02-11 17:27:54,325 - INFO - Loaded ImageNet data from /: train=1281167, val=50000
2026-02-11 17:27:57,230 - INFO - Dataset limits applied (stratified sampling enabled)
2026-02-11 17:27:57,234 - INFO - Dataset loaded: train=100000 samples (782 batches), val=50000 samples (391 batches), test=50000 samples (391 batches)
2026-02-11 17:27:58,754 - INFO - Training SWIN from scratch
2026-02-11 17:27:58,756 - INFO - Initializing SWIN model from scratch...
2026-02-11 17:27:58,757 - INFO - Model architecture: SWIN
2026-02-11 17:27:58,759 - INFO - Model config: {'type': 'swin', 'variant': 'tiny', 'patch_size': 4, 'embed_dim': 96, 'depths': [2, 2, 6, 2], 'num_heads': [3, 6, 12, 24], 'window_size': 7, 'mlp_ratio': 4.0, 'dropout': 0.0, 'attention_dropout': 0.0, 'projection_dropout': 0.0, 'drop_path_rate': 0.08, 'use_shifted_window': True, 'use_relative_bias': True, 'use_absolute_pos_embed': False, 'use_hierarchical_merge': False, 'use_gradient_checkpointing': False}
2026-02-11 17:27:59,779 - INFO - Model created with random initialization
2026-02-11 17:27:59,781 - INFO - Total parameters: 28,288,354
2026-02-11 17:27:59,783 - INFO - Trainable parameters: 28,288,354
2026-02-11 17:27:59,884 - INFO - Compiling model with torch.compile()
2026-02-11 17:28:03,461 - INFO - Mixed precision enabled → CUDA bf16 selected (hardware supported)
2026-02-11 17:28:03,463 - INFO - Starting from-scratch training...
2026-02-11 17:28:03,465 - INFO - Optimizer: training all model parameters
2026-02-11 17:28:03,470 - INFO - LR Scheduler: cosine with 3 warmup epochs
2026-02-11 17:28:03,472 - INFO - Starting training...
2026-02-11 17:28:06,621 - INFO - Processing first batch (shape: torch.Size([128, 3, 224, 224]))
2026-02-11 17:28:06,626 - INFO - Running first forward pass (torch.compile may take time)...
2026-02-11 17:30:11,743 - INFO - First forward pass complete (output shape: torch.Size([128, 1000]))
2026-02-11 17:31:57,261 - INFO - First batch complete! Loss: 6.9827
2026-02-11 18:14:34,712 - INFO - Epoch 1/20: LR: 0.000170
2026-02-11 18:14:34,749 - INFO - Epoch 1/20: Train Loss: 6.8848, Val Loss: 6.7670, Val Acc: 0.48%
2026-02-11 18:14:37,407 - INFO - Processing first batch (shape: torch.Size([128, 3, 224, 224]))
2026-02-11 18:14:37,417 - INFO - Running first forward pass (torch.compile may take time)...
2026-02-11 18:14:37,578 - INFO - First forward pass complete (output shape: torch.Size([128, 1000]))
2026-02-11 18:14:37,684 - INFO - First batch complete! Loss: 6.9016
2026-02-11 18:43:46,418 - INFO - Epoch 2/20: LR: 0.000335
2026-02-11 18:43:46,431 - INFO - Epoch 2/20: Train Loss: 6.7645, Val Loss: 6.5902, Val Acc: 0.66%
2026-02-11 18:43:49,173 - INFO - Processing first batch (shape: torch.Size([128, 3, 224, 224]))
2026-02-11 18:43:49,179 - INFO - Running first forward pass (torch.compile may take time)...
2026-02-11 18:43:49,348 - INFO - First forward pass complete (output shape: torch.Size([128, 1000]))
2026-02-11 18:43:49,454 - INFO - First batch complete! Loss: 6.6387
2026-02-11 19:13:04,235 - INFO - Epoch 3/20: LR: 0.000500
2026-02-11 19:13:04,257 - INFO - Epoch 3/20: Train Loss: 6.5572, Val Loss: 6.2087, Val Acc: 1.56%
2026-02-11 19:13:07,010 - INFO - Processing first batch (shape: torch.Size([128, 3, 224, 224]))
2026-02-11 19:13:07,015 - INFO - Running first forward pass (torch.compile may take time)...
2026-02-11 19:13:07,110 - INFO - First forward pass complete (output shape: torch.Size([128, 1000]))
2026-02-11 19:13:07,213 - INFO - First batch complete! Loss: 6.3867
2026-02-11 19:42:31,922 - INFO - Epoch 4/20: LR: 0.000496
2026-02-11 19:42:31,934 - INFO - Epoch 4/20: Train Loss: 6.4126, Val Loss: 6.1797, Val Acc: 1.56%
2026-02-11 19:42:34,533 - INFO - Processing first batch (shape: torch.Size([128, 3, 224, 224]))
2026-02-11 19:42:34,538 - INFO - Running first forward pass (torch.compile may take time)...
2026-02-11 19:42:34,698 - INFO - First forward pass complete (output shape: torch.Size([128, 1000]))
2026-02-11 19:42:34,806 - INFO - First batch complete! Loss: 6.3730
2026-02-11 20:11:40,224 - INFO - Epoch 5/20: LR: 0.000483
2026-02-11 20:23:09,545 - INFO - Epoch 5/20: Train Loss: 6.2513, Val Loss: 6.0076, Val Acc: 1.99%, Test Loss: 6.0076, Test Acc: 1.99%
2026-02-11 20:23:12,412 - INFO - Processing first batch (shape: torch.Size([128, 3, 224, 224]))
2026-02-11 20:23:12,419 - INFO - Running first forward pass (torch.compile may take time)...
2026-02-11 20:23:12,578 - INFO - First forward pass complete (output shape: torch.Size([128, 1000]))
2026-02-11 20:23:12,686 - INFO - First batch complete! Loss: 6.0372
2026-02-11 20:52:34,235 - INFO - Epoch 6/20: LR: 0.000463
2026-02-11 20:52:34,254 - INFO - Epoch 6/20: Train Loss: 6.1149, Val Loss: 5.8381, Val Acc: 2.69%
2026-02-11 20:52:36,989 - INFO - Processing first batch (shape: torch.Size([128, 3, 224, 224]))
2026-02-11 20:52:36,993 - INFO - Running first forward pass (torch.compile may take time)...
2026-02-11 20:52:37,150 - INFO - First forward pass complete (output shape: torch.Size([128, 1000]))
2026-02-11 20:52:37,261 - INFO - First batch complete! Loss: 5.9388
2026-02-11 21:21:51,453 - INFO - Epoch 7/20: LR: 0.000435
2026-02-11 21:21:51,476 - INFO - Epoch 7/20: Train Loss: 5.9973, Val Loss: 5.7210, Val Acc: 3.32%
2026-02-11 21:21:54,179 - INFO - Processing first batch (shape: torch.Size([128, 3, 224, 224]))
2026-02-11 21:21:54,185 - INFO - Running first forward pass (torch.compile may take time)...
2026-02-11 21:21:54,346 - INFO - First forward pass complete (output shape: torch.Size([128, 1000]))
2026-02-11 21:21:54,456 - INFO - First batch complete! Loss: 5.8561
2026-02-11 21:50:53,316 - INFO - Epoch 8/20: LR: 0.000401
2026-02-11 21:50:53,328 - INFO - Epoch 8/20: Train Loss: 5.8664, Val Loss: 5.6293, Val Acc: 4.29%
2026-02-11 21:50:55,903 - INFO - Processing first batch (shape: torch.Size([128, 3, 224, 224]))
2026-02-11 21:50:55,910 - INFO - Running first forward pass (torch.compile may take time)...
2026-02-11 21:50:56,100 - INFO - First forward pass complete (output shape: torch.Size([128, 1000]))
2026-02-11 21:50:56,213 - INFO - First batch complete! Loss: 5.9009
2026-02-11 22:20:09,352 - INFO - Epoch 9/20: LR: 0.000362
2026-02-11 22:20:09,362 - INFO - Epoch 9/20: Train Loss: 5.7359, Val Loss: 5.3840, Val Acc: 6.08%
2026-02-11 22:20:11,812 - INFO - Processing first batch (shape: torch.Size([128, 3, 224, 224]))
2026-02-11 22:20:11,818 - INFO - Running first forward pass (torch.compile may take time)...
2026-02-11 22:20:11,992 - INFO - First forward pass complete (output shape: torch.Size([128, 1000]))
2026-02-11 22:20:12,150 - INFO - First batch complete! Loss: 5.5874
