2026-02-09 22:08:37,360 - INFO - Logging initialized. Log file: runs/run_295/training.log
2026-02-09 22:08:37,704 - INFO - Experiment directory: runs/run_295
2026-02-09 22:08:37,705 - INFO - Setting random seeds for reproducibility (seed: 42)...
2026-02-09 22:08:37,716 - INFO - ✅ All seeds set to 42 (deterministic=False)
2026-02-09 22:08:38,094 - INFO - GPU memory cleared at startup. Available: 39.2GB
2026-02-09 22:08:38,096 - INFO - Using device: cuda
2026-02-09 22:08:38,097 - INFO - Training configuration: epochs=20, warmup=2, lr=0.001
2026-02-09 22:08:38,098 - INFO - SWIN configuration: variant=tiny, use_shifted_window=True, use_relative_bias=True, use_absolute_pos_embed=False, use_hierarchical_merge=False, use_gradient_checkpointing=False
2026-02-09 22:08:38,100 - INFO - SWIN details: embed_dim=96, depths=[2, 2, 6, 2], num_heads=[3, 6, 12, 24], window_size=7
2026-02-09 22:08:38,100 - INFO - Loading dataset...
2026-02-09 22:08:38,102 - INFO - Starting ImageNet data loading from root: /
2026-02-09 22:08:38,103 - INFO - Resolved root path: /
2026-02-09 22:08:38,104 - INFO - Root path exists: True
2026-02-09 22:08:38,105 - INFO - Root path is dir: True
2026-02-09 22:08:38,109 - INFO - Contents of /: ['/.exec', '/.run', '/.shell', '/.singularity.d', '/.test', '/bin', '/boot', '/dev', '/environment', '/etc', '/home', '/lib', '/lib64', '/media', '/mnt', '/opt', '/proc', '/requirements.txt', '/root', '/run', '/sbin', '/singularity', '/srv', '/sys', '/tmp', '/usr', '/var', '/meta', '/train_set', '/train_set_small', '/val_set', '/val_set_unlabeled']
2026-02-09 22:08:38,110 - INFO - Expected train_dir: /train_set, exists: True
2026-02-09 22:08:38,111 - INFO - Expected val_dir: /val_set, exists: True
2026-02-09 22:08:44,362 - INFO - Loaded ImageNet data from /: train=1281167, val=50000
2026-02-09 22:08:45,229 - INFO - Dataset limits applied (stratified sampling enabled)
2026-02-09 22:08:45,231 - INFO - Dataset loaded: train=100000 samples (782 batches), val=50000 samples (391 batches), test=50000 samples (391 batches)
2026-02-09 22:08:47,040 - INFO - Training SWIN from scratch
2026-02-09 22:08:47,041 - INFO - Initializing SWIN model from scratch...
2026-02-09 22:08:47,042 - INFO - Model architecture: SWIN
2026-02-09 22:08:47,043 - INFO - Model config: {'type': 'swin', 'variant': 'tiny', 'patch_size': 4, 'embed_dim': 96, 'depths': [2, 2, 6, 2], 'num_heads': [3, 6, 12, 24], 'window_size': 7, 'mlp_ratio': 4.0, 'dropout': 0.0, 'attention_dropout': 0.0, 'projection_dropout': 0.0, 'drop_path_rate': 0.08, 'use_shifted_window': True, 'use_relative_bias': True, 'use_absolute_pos_embed': False, 'use_hierarchical_merge': False, 'use_gradient_checkpointing': False}
2026-02-09 22:08:47,393 - INFO - Model created with random initialization
2026-02-09 22:08:47,394 - INFO - Total parameters: 28,288,354
2026-02-09 22:08:47,395 - INFO - Trainable parameters: 28,288,354
2026-02-09 22:08:47,426 - INFO - Compiling model with torch.compile()
2026-02-09 22:08:49,063 - INFO - Mixed precision enabled → CUDA bf16 selected (hardware supported)
2026-02-09 22:08:49,064 - INFO - Starting from-scratch training...
2026-02-09 22:08:49,065 - INFO - Optimizer: training all model parameters
2026-02-09 22:08:49,067 - INFO - LR Scheduler: cosine with 2 warmup epochs
2026-02-09 22:08:49,068 - INFO - Starting training...
2026-02-09 22:08:51,455 - INFO - Processing first batch (shape: torch.Size([128, 3, 224, 224]))
2026-02-09 22:08:51,458 - INFO - Running first forward pass (torch.compile may take time)...
2026-02-09 22:09:55,161 - INFO - First forward pass complete (output shape: torch.Size([128, 1000]))
2026-02-09 22:10:56,994 - INFO - First batch complete! Loss: 6.9834
2026-02-09 22:35:14,633 - INFO - Epoch 1/20: LR: 0.000505
2026-02-09 22:35:14,663 - INFO - Epoch 1/20: Train Loss: 6.8554, Val Loss: 6.7156, Val Acc: 0.58%
2026-02-09 22:35:16,428 - INFO - Processing first batch (shape: torch.Size([128, 3, 224, 224]))
2026-02-09 22:35:16,434 - INFO - Running first forward pass (torch.compile may take time)...
2026-02-09 22:35:16,565 - INFO - First forward pass complete (output shape: torch.Size([128, 1000]))
2026-02-09 22:35:16,671 - INFO - First batch complete! Loss: 6.8813
2026-02-09 22:54:46,186 - INFO - Epoch 2/20: LR: 0.001000
2026-02-09 22:54:46,188 - INFO - Epoch 2/20: Train Loss: 6.9100, Val Loss: 6.8843, Val Acc: 0.23%
2026-02-09 22:54:47,891 - INFO - Processing first batch (shape: torch.Size([128, 3, 224, 224]))
2026-02-09 22:54:47,899 - INFO - Running first forward pass (torch.compile may take time)...
2026-02-09 22:54:48,017 - INFO - First forward pass complete (output shape: torch.Size([128, 1000]))
2026-02-09 22:54:48,124 - INFO - First batch complete! Loss: 6.9114
2026-02-09 23:14:20,190 - INFO - Epoch 3/20: LR: 0.000992
2026-02-09 23:14:20,208 - INFO - Epoch 3/20: Train Loss: 6.8936, Val Loss: 6.8903, Val Acc: 0.15%
2026-02-09 23:14:21,975 - INFO - Processing first batch (shape: torch.Size([128, 3, 224, 224]))
2026-02-09 23:14:21,983 - INFO - Running first forward pass (torch.compile may take time)...
2026-02-09 23:14:22,055 - INFO - First forward pass complete (output shape: torch.Size([128, 1000]))
2026-02-09 23:14:22,159 - INFO - First batch complete! Loss: 6.8743
2026-02-09 23:34:01,927 - INFO - Epoch 4/20: LR: 0.000970
2026-02-09 23:34:01,941 - INFO - Epoch 4/20: Train Loss: 6.8793, Val Loss: 6.8563, Val Acc: 0.19%
2026-02-09 23:34:03,609 - INFO - Processing first batch (shape: torch.Size([128, 3, 224, 224]))
2026-02-09 23:34:03,617 - INFO - Running first forward pass (torch.compile may take time)...
2026-02-09 23:34:03,758 - INFO - First forward pass complete (output shape: torch.Size([128, 1000]))
2026-02-09 23:34:03,868 - INFO - First batch complete! Loss: 6.8958
2026-02-09 23:53:52,719 - INFO - Epoch 5/20: LR: 0.000934
2026-02-10 00:01:53,657 - INFO - Epoch 5/20: Train Loss: 6.8726, Val Loss: 6.8758, Val Acc: 0.20%, Test Loss: 6.8758, Test Acc: 0.20%
2026-02-10 00:01:55,464 - INFO - Processing first batch (shape: torch.Size([128, 3, 224, 224]))
2026-02-10 00:01:55,469 - INFO - Running first forward pass (torch.compile may take time)...
2026-02-10 00:01:55,620 - INFO - First forward pass complete (output shape: torch.Size([128, 1000]))
2026-02-10 00:01:55,733 - INFO - First batch complete! Loss: 6.8232
2026-02-10 00:21:37,506 - INFO - Epoch 6/20: LR: 0.000884
2026-02-10 00:21:37,530 - INFO - Epoch 6/20: Train Loss: 6.8893, Val Loss: 6.9172, Val Acc: 0.11%
2026-02-10 00:21:39,306 - INFO - Processing first batch (shape: torch.Size([128, 3, 224, 224]))
2026-02-10 00:21:39,314 - INFO - Running first forward pass (torch.compile may take time)...
2026-02-10 00:21:39,385 - INFO - First forward pass complete (output shape: torch.Size([128, 1000]))
2026-02-10 00:21:39,489 - INFO - First batch complete! Loss: 6.9294
2026-02-10 00:41:16,379 - INFO - Epoch 7/20: LR: 0.000823
2026-02-10 00:41:16,405 - INFO - Epoch 7/20: Train Loss: 6.9027, Val Loss: 6.8549, Val Acc: 0.21%
2026-02-10 00:41:18,141 - INFO - Processing first batch (shape: torch.Size([128, 3, 224, 224]))
2026-02-10 00:41:18,149 - INFO - Running first forward pass (torch.compile may take time)...
2026-02-10 00:41:18,246 - INFO - First forward pass complete (output shape: torch.Size([128, 1000]))
2026-02-10 00:41:18,351 - INFO - First batch complete! Loss: 6.9033
2026-02-10 01:00:56,035 - INFO - Epoch 8/20: LR: 0.000752
2026-02-10 01:00:56,050 - INFO - Epoch 8/20: Train Loss: 6.8796, Val Loss: 6.9037, Val Acc: 0.20%
2026-02-10 01:00:57,735 - INFO - Processing first batch (shape: torch.Size([128, 3, 224, 224]))
2026-02-10 01:00:57,743 - INFO - Running first forward pass (torch.compile may take time)...
2026-02-10 01:00:57,858 - INFO - First forward pass complete (output shape: torch.Size([128, 1000]))
2026-02-10 01:00:57,963 - INFO - First batch complete! Loss: 6.8936
2026-02-10 01:20:41,283 - INFO - Epoch 9/20: LR: 0.000674
2026-02-10 01:20:41,322 - INFO - Epoch 9/20: Train Loss: 6.8945, Val Loss: 6.8808, Val Acc: 0.24%
2026-02-10 01:20:43,013 - INFO - Processing first batch (shape: torch.Size([128, 3, 224, 224]))
2026-02-10 01:20:43,020 - INFO - Running first forward pass (torch.compile may take time)...
2026-02-10 01:20:43,172 - INFO - First forward pass complete (output shape: torch.Size([128, 1000]))
2026-02-10 01:20:43,285 - INFO - First batch complete! Loss: 6.8499
2026-02-10 01:40:22,858 - INFO - Epoch 10/20: LR: 0.000591
2026-02-10 01:48:16,632 - INFO - Epoch 10/20: Train Loss: 6.9078, Val Loss: 6.9102, Val Acc: 0.11%, Test Loss: 6.9102, Test Acc: 0.11%
2026-02-10 01:48:16,645 - INFO - Saving checkpoint for epoch 10...
2026-02-10 01:48:17,404 - INFO - ✅ Checkpoint saved: runs/run_295/checkpoint_epoch_10.pth
2026-02-10 01:48:19,178 - INFO - Processing first batch (shape: torch.Size([128, 3, 224, 224]))
2026-02-10 01:48:19,181 - INFO - Running first forward pass (torch.compile may take time)...
2026-02-10 01:48:19,262 - INFO - First forward pass complete (output shape: torch.Size([128, 1000]))
2026-02-10 01:48:19,367 - INFO - First batch complete! Loss: 6.9055
2026-02-10 02:07:51,988 - INFO - Epoch 11/20: LR: 0.000505
2026-02-10 02:07:52,003 - INFO - Epoch 11/20: Train Loss: 6.9072, Val Loss: 6.9072, Val Acc: 0.13%
2026-02-10 02:07:53,694 - INFO - Processing first batch (shape: torch.Size([128, 3, 224, 224]))
2026-02-10 02:07:53,702 - INFO - Running first forward pass (torch.compile may take time)...
2026-02-10 02:07:53,811 - INFO - First forward pass complete (output shape: torch.Size([128, 1000]))
2026-02-10 02:07:53,916 - INFO - First batch complete! Loss: 6.9153
2026-02-10 02:27:26,637 - INFO - Epoch 12/20: LR: 0.000419
2026-02-10 02:27:26,653 - INFO - Epoch 12/20: Train Loss: 6.8773, Val Loss: 6.8189, Val Acc: 0.32%
2026-02-10 02:27:28,221 - INFO - Processing first batch (shape: torch.Size([128, 3, 224, 224]))
2026-02-10 02:27:28,226 - INFO - Running first forward pass (torch.compile may take time)...
2026-02-10 02:27:28,364 - INFO - First forward pass complete (output shape: torch.Size([128, 1000]))
2026-02-10 02:27:28,487 - INFO - First batch complete! Loss: 6.8733
2026-02-10 02:47:10,137 - INFO - Epoch 13/20: LR: 0.000336
2026-02-10 02:47:10,193 - INFO - Epoch 13/20: Train Loss: 6.8346, Val Loss: 6.7711, Val Acc: 0.35%
2026-02-10 02:47:11,983 - INFO - Processing first batch (shape: torch.Size([128, 3, 224, 224]))
2026-02-10 02:47:11,991 - INFO - Running first forward pass (torch.compile may take time)...
2026-02-10 02:47:12,093 - INFO - First forward pass complete (output shape: torch.Size([128, 1000]))
2026-02-10 02:47:12,207 - INFO - First batch complete! Loss: 6.8213
2026-02-10 03:06:55,038 - INFO - Epoch 14/20: LR: 0.000258
2026-02-10 03:06:55,064 - INFO - Epoch 14/20: Train Loss: 6.8114, Val Loss: 6.7527, Val Acc: 0.44%
2026-02-10 03:06:56,735 - INFO - Processing first batch (shape: torch.Size([128, 3, 224, 224]))
2026-02-10 03:06:56,743 - INFO - Running first forward pass (torch.compile may take time)...
2026-02-10 03:06:56,881 - INFO - First forward pass complete (output shape: torch.Size([128, 1000]))
2026-02-10 03:06:56,999 - INFO - First batch complete! Loss: 6.8069
