2026-02-10 19:39:42,755 - INFO - Logging initialized. Log file: runs/run_306/training.log
2026-02-10 19:39:42,782 - INFO - Experiment directory: runs/run_306
2026-02-10 19:39:42,783 - INFO - Setting random seeds for reproducibility (seed: 42)...
2026-02-10 19:39:42,805 - INFO - ✅ All seeds set to 42 (deterministic=False)
2026-02-10 19:39:43,204 - INFO - GPU memory cleared at startup. Available: 23.6GB
2026-02-10 19:39:43,205 - INFO - Using device: cuda
2026-02-10 19:39:43,207 - INFO - Training configuration: epochs=20, warmup=2, lr=0.001
2026-02-10 19:39:43,208 - INFO - SWIN_HYBRID configuration: {'type': 'swin_hybrid', 'variant': 'tiny', 'patch_size': 4, 'embed_dim': 96, 'depths': [2, 2, 6, 2], 'num_heads': [3, 6, 12, 24], 'window_size': 7, 'mlp_ratio': 4.0, 'dropout': 0.0, 'attention_dropout': 0.0, 'projection_dropout': 0.0, 'drop_path_rate': 0.08, 'use_shifted_window': True, 'use_relative_bias': True, 'use_absolute_pos_embed': False, 'use_hierarchical_merge': False, 'use_gradient_checkpointing': False, 'use_cnn_stem': True, 'cnn_stem_config': {'channels': [32, 64], 'kernel_size': 3, 'stride': 2, 'padding': 1, 'activation': 'gelu', 'use_batch_norm': True}}
2026-02-10 19:39:43,210 - INFO - Loading dataset...
2026-02-10 19:39:43,214 - INFO - Starting ImageNet data loading from root: /
2026-02-10 19:39:43,215 - INFO - Resolved root path: /
2026-02-10 19:39:43,217 - INFO - Root path exists: True
2026-02-10 19:39:43,218 - INFO - Root path is dir: True
2026-02-10 19:39:43,228 - INFO - Contents of /: ['/.exec', '/.run', '/.shell', '/.singularity.d', '/.test', '/bin', '/boot', '/dev', '/environment', '/etc', '/home', '/lib', '/lib64', '/media', '/mnt', '/opt', '/proc', '/requirements.txt', '/root', '/run', '/sbin', '/singularity', '/srv', '/sys', '/tmp', '/usr', '/var', '/meta', '/train_set', '/train_set_small', '/val_set', '/val_set_unlabeled']
2026-02-10 19:39:43,229 - INFO - Expected train_dir: /train_set, exists: True
2026-02-10 19:39:43,231 - INFO - Expected val_dir: /val_set, exists: True
2026-02-10 19:39:58,024 - INFO - Loaded ImageNet data from /: train=1281167, val=50000
2026-02-10 19:40:00,957 - INFO - Dataset limits applied (stratified sampling enabled)
2026-02-10 19:40:00,959 - INFO - Dataset loaded: train=100000 samples (782 batches), val=50000 samples (391 batches), test=50000 samples (391 batches)
2026-02-10 19:40:02,790 - INFO - Training SWIN_HYBRID from scratch
2026-02-10 19:40:02,791 - INFO - Initializing SWIN_HYBRID model from scratch...
2026-02-10 19:40:02,793 - INFO - Model architecture: SWIN_HYBRID
2026-02-10 19:40:02,794 - INFO - Model config: {'type': 'swin_hybrid', 'variant': 'tiny', 'patch_size': 4, 'embed_dim': 96, 'depths': [2, 2, 6, 2], 'num_heads': [3, 6, 12, 24], 'window_size': 7, 'mlp_ratio': 4.0, 'dropout': 0.0, 'attention_dropout': 0.0, 'projection_dropout': 0.0, 'drop_path_rate': 0.08, 'use_shifted_window': True, 'use_relative_bias': True, 'use_absolute_pos_embed': False, 'use_hierarchical_merge': False, 'use_gradient_checkpointing': False, 'use_cnn_stem': True, 'cnn_stem_config': {'channels': [32, 64], 'kernel_size': 3, 'stride': 2, 'padding': 1, 'activation': 'gelu', 'use_batch_norm': True}}
2026-02-10 19:40:03,872 - INFO - Model created with random initialization
2026-02-10 19:40:03,873 - INFO - Total parameters: 28,363,522
2026-02-10 19:40:03,875 - INFO - Trainable parameters: 28,363,522
2026-02-10 19:40:03,974 - INFO - Compiling model with torch.compile()
2026-02-10 19:40:07,791 - INFO - Mixed precision enabled → CUDA bf16 selected (hardware supported)
2026-02-10 19:40:07,793 - INFO - Starting from-scratch training...
2026-02-10 19:40:07,794 - INFO - Optimizer: training all model parameters
2026-02-10 19:40:07,798 - INFO - LR Scheduler: cosine with 2 warmup epochs
2026-02-10 19:40:07,800 - INFO - Starting training...
2026-02-10 19:40:11,876 - INFO - Processing first batch (shape: torch.Size([128, 3, 224, 224]))
2026-02-10 19:40:11,879 - INFO - Running first forward pass (torch.compile may take time)...
2026-02-10 19:42:22,234 - INFO - First forward pass complete (output shape: torch.Size([128, 1000]))
2026-02-10 19:44:08,854 - INFO - First batch complete! Loss: 7.0125
2026-02-10 20:25:44,858 - INFO - Epoch 1/20: LR: 0.000505
2026-02-10 20:25:44,874 - INFO - Epoch 1/20: Train Loss: 6.7947, Val Loss: 6.5967, Val Acc: 1.00%
2026-02-10 20:25:47,537 - INFO - Processing first batch (shape: torch.Size([128, 3, 224, 224]))
2026-02-10 20:25:47,546 - INFO - Running first forward pass (torch.compile may take time)...
2026-02-10 20:25:47,689 - INFO - First forward pass complete (output shape: torch.Size([128, 1000]))
2026-02-10 20:25:47,788 - INFO - First batch complete! Loss: 6.6274
2026-02-10 20:55:59,211 - INFO - Epoch 2/20: LR: 0.001000
2026-02-10 20:55:59,235 - INFO - Epoch 2/20: Train Loss: 6.9287, Val Loss: 6.9009, Val Acc: 0.20%
2026-02-10 20:56:01,985 - INFO - Processing first batch (shape: torch.Size([128, 3, 224, 224]))
2026-02-10 20:56:01,989 - INFO - Running first forward pass (torch.compile may take time)...
2026-02-10 20:56:02,116 - INFO - First forward pass complete (output shape: torch.Size([128, 1000]))
2026-02-10 20:56:02,176 - INFO - First batch complete! Loss: 6.9026
2026-02-10 21:26:12,425 - INFO - Epoch 3/20: LR: 0.000993
2026-02-10 21:26:12,441 - INFO - Epoch 3/20: Train Loss: 6.9086, Val Loss: 6.8679, Val Acc: 0.21%
2026-02-10 21:26:15,101 - INFO - Processing first batch (shape: torch.Size([128, 3, 224, 224]))
2026-02-10 21:26:15,106 - INFO - Running first forward pass (torch.compile may take time)...
2026-02-10 21:26:15,165 - INFO - First forward pass complete (output shape: torch.Size([128, 1000]))
2026-02-10 21:26:15,224 - INFO - First batch complete! Loss: 6.8855
2026-02-10 21:56:40,891 - INFO - Epoch 4/20: LR: 0.000973
2026-02-10 21:56:40,918 - INFO - Epoch 4/20: Train Loss: 6.8847, Val Loss: 6.9065, Val Acc: 0.14%
2026-02-10 21:56:43,991 - INFO - Processing first batch (shape: torch.Size([128, 3, 224, 224]))
2026-02-10 21:56:43,997 - INFO - Running first forward pass (torch.compile may take time)...
2026-02-10 21:56:44,056 - INFO - First forward pass complete (output shape: torch.Size([128, 1000]))
2026-02-10 21:56:44,129 - INFO - First batch complete! Loss: 6.9294
2026-02-10 22:32:05,899 - INFO - Epoch 5/20: LR: 0.000940
2026-02-10 22:44:24,970 - INFO - Epoch 5/20: Train Loss: 6.9006, Val Loss: 6.8654, Val Acc: 0.27%, Test Loss: 6.8654, Test Acc: 0.27%
2026-02-10 22:44:28,622 - INFO - Processing first batch (shape: torch.Size([128, 3, 224, 224]))
2026-02-10 22:44:28,629 - INFO - Running first forward pass (torch.compile may take time)...
2026-02-10 22:44:28,730 - INFO - First forward pass complete (output shape: torch.Size([128, 1000]))
2026-02-10 22:44:28,824 - INFO - First batch complete! Loss: 6.8560
2026-02-10 23:23:15,463 - INFO - Epoch 6/20: LR: 0.000895
2026-02-10 23:23:15,548 - INFO - Epoch 6/20: Train Loss: 6.8977, Val Loss: 6.8611, Val Acc: 0.24%
2026-02-10 23:23:19,706 - INFO - Processing first batch (shape: torch.Size([128, 3, 224, 224]))
2026-02-10 23:23:19,711 - INFO - Running first forward pass (torch.compile may take time)...
2026-02-10 23:23:19,761 - INFO - First forward pass complete (output shape: torch.Size([128, 1000]))
2026-02-10 23:23:19,817 - INFO - First batch complete! Loss: 6.8877
2026-02-11 00:00:27,999 - INFO - Epoch 7/20: LR: 0.000839
2026-02-11 00:00:28,027 - INFO - Epoch 7/20: Train Loss: 6.8910, Val Loss: 6.9393, Val Acc: 0.10%
2026-02-11 00:00:32,224 - INFO - Processing first batch (shape: torch.Size([128, 3, 224, 224]))
2026-02-11 00:00:32,229 - INFO - Running first forward pass (torch.compile may take time)...
2026-02-11 00:00:32,282 - INFO - First forward pass complete (output shape: torch.Size([128, 1000]))
2026-02-11 00:00:32,340 - INFO - First batch complete! Loss: 6.9844
2026-02-11 00:36:43,614 - INFO - Epoch 8/20: LR: 0.000775
2026-02-11 00:36:43,682 - INFO - Epoch 8/20: Train Loss: 6.9175, Val Loss: 6.9150, Val Acc: 0.10%
2026-02-11 00:36:46,906 - INFO - Processing first batch (shape: torch.Size([128, 3, 224, 224]))
2026-02-11 00:36:46,911 - INFO - Running first forward pass (torch.compile may take time)...
2026-02-11 00:36:46,966 - INFO - First forward pass complete (output shape: torch.Size([128, 1000]))
2026-02-11 00:36:47,021 - INFO - First batch complete! Loss: 6.9155
2026-02-11 01:12:42,802 - INFO - Epoch 9/20: LR: 0.000704
2026-02-11 01:12:42,843 - INFO - Epoch 9/20: Train Loss: 6.9122, Val Loss: 6.9129, Val Acc: 0.10%
2026-02-11 01:12:46,013 - INFO - Processing first batch (shape: torch.Size([128, 3, 224, 224]))
2026-02-11 01:12:46,020 - INFO - Running first forward pass (torch.compile may take time)...
2026-02-11 01:12:46,155 - INFO - First forward pass complete (output shape: torch.Size([128, 1000]))
2026-02-11 01:12:46,231 - INFO - First batch complete! Loss: 6.9050
2026-02-11 01:49:42,856 - INFO - Epoch 10/20: LR: 0.000628
2026-02-11 02:01:57,998 - INFO - Epoch 10/20: Train Loss: 6.9102, Val Loss: 6.9121, Val Acc: 0.10%, Test Loss: 6.9121, Test Acc: 0.10%
2026-02-11 02:01:58,017 - INFO - Saving checkpoint for epoch 10...
2026-02-11 02:01:59,462 - INFO - ✅ Checkpoint saved: runs/run_306/checkpoint_epoch_10.pth
2026-02-11 02:02:04,372 - INFO - Processing first batch (shape: torch.Size([128, 3, 224, 224]))
2026-02-11 02:02:04,377 - INFO - Running first forward pass (torch.compile may take time)...
2026-02-11 02:02:04,432 - INFO - First forward pass complete (output shape: torch.Size([128, 1000]))
2026-02-11 02:02:04,487 - INFO - First batch complete! Loss: 6.9014
2026-02-11 02:41:41,790 - INFO - Epoch 11/20: LR: 0.000550
2026-02-11 02:41:41,853 - INFO - Epoch 11/20: Train Loss: 6.9099, Val Loss: 6.9113, Val Acc: 0.10%
2026-02-11 02:41:45,723 - INFO - Processing first batch (shape: torch.Size([128, 3, 224, 224]))
2026-02-11 02:41:45,728 - INFO - Running first forward pass (torch.compile may take time)...
2026-02-11 02:41:45,781 - INFO - First forward pass complete (output shape: torch.Size([128, 1000]))
2026-02-11 02:41:45,838 - INFO - First batch complete! Loss: 6.8979
2026-02-11 03:17:18,950 - INFO - Epoch 12/20: LR: 0.000472
2026-02-11 03:17:18,994 - INFO - Epoch 12/20: Train Loss: 6.9088, Val Loss: 6.9101, Val Acc: 0.10%
2026-02-11 03:17:22,179 - INFO - Processing first batch (shape: torch.Size([128, 3, 224, 224]))
2026-02-11 03:17:22,184 - INFO - Running first forward pass (torch.compile may take time)...
2026-02-11 03:17:22,260 - INFO - First forward pass complete (output shape: torch.Size([128, 1000]))
2026-02-11 03:17:22,316 - INFO - First batch complete! Loss: 6.9089
2026-02-11 03:52:17,386 - INFO - Epoch 13/20: LR: 0.000396
2026-02-11 03:52:17,430 - INFO - Epoch 13/20: Train Loss: 6.9085, Val Loss: 6.9095, Val Acc: 0.10%
2026-02-11 03:52:20,620 - INFO - Processing first batch (shape: torch.Size([128, 3, 224, 224]))
2026-02-11 03:52:20,625 - INFO - Running first forward pass (torch.compile may take time)...
2026-02-11 03:52:20,682 - INFO - First forward pass complete (output shape: torch.Size([128, 1000]))
2026-02-11 03:52:20,749 - INFO - First batch complete! Loss: 6.9116
2026-02-11 04:28:47,261 - INFO - Epoch 14/20: LR: 0.000325
2026-02-11 04:28:47,336 - INFO - Epoch 14/20: Train Loss: 6.9080, Val Loss: 6.9100, Val Acc: 0.10%
2026-02-11 04:28:50,405 - INFO - Processing first batch (shape: torch.Size([128, 3, 224, 224]))
2026-02-11 04:28:50,410 - INFO - Running first forward pass (torch.compile may take time)...
2026-02-11 04:28:50,538 - INFO - First forward pass complete (output shape: torch.Size([128, 1000]))
2026-02-11 04:28:50,625 - INFO - First batch complete! Loss: 6.9060
2026-02-11 05:04:25,653 - INFO - Epoch 15/20: LR: 0.000261
2026-02-11 05:16:34,062 - INFO - Epoch 15/20: Train Loss: 6.9077, Val Loss: 6.9094, Val Acc: 0.10%, Test Loss: 6.9094, Test Acc: 0.10%
2026-02-11 05:16:37,241 - INFO - Processing first batch (shape: torch.Size([128, 3, 224, 224]))
2026-02-11 05:16:37,246 - INFO - Running first forward pass (torch.compile may take time)...
2026-02-11 05:16:37,300 - INFO - First forward pass complete (output shape: torch.Size([128, 1000]))
2026-02-11 05:16:37,356 - INFO - First batch complete! Loss: 6.9119
2026-02-11 05:51:02,352 - INFO - Epoch 16/20: LR: 0.000205
2026-02-11 05:51:02,411 - INFO - Epoch 16/20: Train Loss: 6.9075, Val Loss: 6.9095, Val Acc: 0.10%
2026-02-11 05:51:05,756 - INFO - Processing first batch (shape: torch.Size([128, 3, 224, 224]))
2026-02-11 05:51:05,763 - INFO - Running first forward pass (torch.compile may take time)...
2026-02-11 05:51:05,817 - INFO - First forward pass complete (output shape: torch.Size([128, 1000]))
2026-02-11 05:51:05,874 - INFO - First batch complete! Loss: 6.8997
2026-02-11 06:27:29,128 - INFO - Epoch 17/20: LR: 0.000160
2026-02-11 06:27:29,174 - INFO - Epoch 17/20: Train Loss: 6.9071, Val Loss: 6.9091, Val Acc: 0.10%
2026-02-11 06:27:32,474 - INFO - Processing first batch (shape: torch.Size([128, 3, 224, 224]))
2026-02-11 06:27:32,479 - INFO - Running first forward pass (torch.compile may take time)...
2026-02-11 06:27:32,538 - INFO - First forward pass complete (output shape: torch.Size([128, 1000]))
2026-02-11 06:27:32,595 - INFO - First batch complete! Loss: 6.9033
2026-02-11 07:04:36,984 - INFO - Epoch 18/20: LR: 0.000127
2026-02-11 07:04:37,039 - INFO - Epoch 18/20: Train Loss: 6.9071, Val Loss: 6.9093, Val Acc: 0.10%
2026-02-11 07:04:41,717 - INFO - Processing first batch (shape: torch.Size([128, 3, 224, 224]))
2026-02-11 07:04:41,722 - INFO - Running first forward pass (torch.compile may take time)...
2026-02-11 07:04:41,769 - INFO - First forward pass complete (output shape: torch.Size([128, 1000]))
2026-02-11 07:04:41,836 - INFO - First batch complete! Loss: 6.9148
2026-02-11 07:40:33,705 - INFO - Epoch 19/20: LR: 0.000107
2026-02-11 07:40:33,743 - INFO - Epoch 19/20: Train Loss: 6.9068, Val Loss: 6.9094, Val Acc: 0.10%
2026-02-11 07:40:36,828 - INFO - Processing first batch (shape: torch.Size([128, 3, 224, 224]))
2026-02-11 07:40:36,833 - INFO - Running first forward pass (torch.compile may take time)...
2026-02-11 07:40:36,946 - INFO - First forward pass complete (output shape: torch.Size([128, 1000]))
2026-02-11 07:40:37,015 - INFO - First batch complete! Loss: 6.9033
2026-02-11 08:11:44,094 - INFO - Epoch 20/20: LR: 0.000100
2026-02-11 08:23:51,892 - INFO - Epoch 20/20: Train Loss: 6.9069, Val Loss: 6.9092, Val Acc: 0.10%, Test Loss: 6.9092, Test Acc: 0.10%
2026-02-11 08:23:51,894 - INFO - Saving checkpoint for epoch 20...
2026-02-11 08:23:53,079 - INFO - ✅ Checkpoint saved: runs/run_306/checkpoint_epoch_20.pth
2026-02-11 08:23:53,084 - INFO - Training completed!
2026-02-11 08:23:53,086 - INFO - Generating training curves...
2026-02-11 08:23:57,427 - INFO - Too many classes (1000) for per-class plotting, skipping
2026-02-11 08:23:57,428 - INFO - Training curves saved as separate images with base name 'runs/run_306/training_curves_from_scratch'
2026-02-11 08:23:57,430 - INFO - Generating confusion matrix on test set...
