2026-02-06 19:00:39,421 - INFO - Logging initialized. Log file: runs/run_293/training.log
2026-02-06 19:00:39,446 - INFO - Experiment directory: runs/run_293
2026-02-06 19:00:39,447 - INFO - Setting random seeds for reproducibility (seed: 42)...
2026-02-06 19:00:39,491 - INFO - ✅ All seeds set to 42 (deterministic=False)
2026-02-06 19:00:39,938 - INFO - GPU memory cleared at startup. Available: 39.2GB
2026-02-06 19:00:39,939 - INFO - Using device: cuda
2026-02-06 19:00:39,940 - INFO - Training configuration: epochs=300, warmup=30, lr=0.0002
2026-02-06 19:00:39,941 - INFO - SWIN_V2 configuration: {'type': 'swin_v2', 'variant': 'tiny', 'patch_size': 4, 'embed_dim': 96, 'depths': [2, 2, 6, 2], 'num_heads': [3, 6, 12, 24], 'window_size': 7, 'mlp_ratio': 4.0, 'dropout': 0.0, 'attention_dropout': 0.0, 'projection_dropout': 0.0, 'drop_path_rate': 0.08, 'use_shifted_window': True, 'use_relative_bias': False, 'use_absolute_pos_embed': False, 'use_hierarchical_merge': False, 'use_gradient_checkpointing': False}
2026-02-06 19:00:39,942 - INFO - Loading dataset...
2026-02-06 19:00:39,943 - INFO - Starting ImageNet data loading from root: /
2026-02-06 19:00:39,944 - INFO - Resolved root path: /
2026-02-06 19:00:39,945 - INFO - Root path exists: True
2026-02-06 19:00:39,945 - INFO - Root path is dir: True
2026-02-06 19:00:39,949 - INFO - Contents of /: ['/.exec', '/.run', '/.shell', '/.singularity.d', '/.test', '/bin', '/boot', '/dev', '/environment', '/etc', '/home', '/lib', '/lib64', '/media', '/mnt', '/opt', '/proc', '/requirements.txt', '/root', '/run', '/sbin', '/singularity', '/srv', '/sys', '/tmp', '/usr', '/var', '/meta', '/train_set', '/train_set_small', '/val_set', '/val_set_unlabeled']
2026-02-06 19:00:39,950 - INFO - Expected train_dir: /train_set, exists: True
2026-02-06 19:00:39,950 - INFO - Expected val_dir: /val_set, exists: True
2026-02-06 19:00:45,032 - INFO - Loaded ImageNet data from /: train=1281167, val=50000
2026-02-06 19:00:45,837 - INFO - Dataset limits applied (stratified sampling enabled)
2026-02-06 19:00:45,839 - INFO - Dataset loaded: train=100000 samples (782 batches), val=50000 samples (391 batches), test=50000 samples (391 batches)
2026-02-06 19:00:47,716 - INFO - Training SWIN_V2 from scratch
2026-02-06 19:00:47,717 - INFO - Initializing SWIN_V2 model from scratch...
2026-02-06 19:00:47,718 - INFO - Model architecture: SWIN_V2
2026-02-06 19:00:47,719 - INFO - Model config: {'type': 'swin_v2', 'variant': 'tiny', 'patch_size': 4, 'embed_dim': 96, 'depths': [2, 2, 6, 2], 'num_heads': [3, 6, 12, 24], 'window_size': 7, 'mlp_ratio': 4.0, 'dropout': 0.0, 'attention_dropout': 0.0, 'projection_dropout': 0.0, 'drop_path_rate': 0.08, 'use_shifted_window': True, 'use_relative_bias': False, 'use_absolute_pos_embed': False, 'use_hierarchical_merge': False, 'use_gradient_checkpointing': False}
2026-02-06 19:00:48,322 - INFO - Model created with random initialization
2026-02-06 19:00:48,323 - INFO - Total parameters: 31,507,666
2026-02-06 19:00:48,325 - INFO - Trainable parameters: 31,507,666
2026-02-06 19:00:48,362 - INFO - Compiling model with torch.compile()
2026-02-06 19:00:49,865 - INFO - Mixed precision enabled → CUDA bf16 selected (hardware supported)
2026-02-06 19:00:49,866 - INFO - Starting from-scratch training...
2026-02-06 19:00:49,867 - INFO - Optimizer: training all model parameters
2026-02-06 19:00:49,870 - INFO - LR Scheduler: cosine with 30 warmup epochs
2026-02-06 19:00:49,871 - INFO - Starting training...
2026-02-06 19:00:52,053 - INFO - Processing first batch (shape: torch.Size([128, 3, 224, 224]))
2026-02-06 19:00:52,056 - INFO - Running first forward pass (torch.compile may take time)...
2026-02-06 19:02:06,558 - INFO - First forward pass complete (output shape: torch.Size([128, 1000]))
2026-02-06 19:03:07,595 - INFO - First batch complete! Loss: 6.9624
2026-02-06 19:29:02,818 - INFO - Epoch 1/300: LR: 0.000009
2026-02-06 19:29:02,820 - INFO - Epoch 1/300: Train Loss: 6.9065, Val Loss: 6.8380, Val Acc: 0.38%
2026-02-06 19:29:04,631 - INFO - Processing first batch (shape: torch.Size([128, 3, 224, 224]))
2026-02-06 19:29:04,637 - INFO - Running first forward pass (torch.compile may take time)...
2026-02-06 19:29:04,792 - INFO - First forward pass complete (output shape: torch.Size([128, 1000]))
2026-02-06 19:29:04,926 - INFO - First batch complete! Loss: 6.8684
2026-02-06 19:49:54,002 - INFO - Epoch 2/300: LR: 0.000015
2026-02-06 19:49:54,004 - INFO - Epoch 2/300: Train Loss: 6.8144, Val Loss: 6.7075, Val Acc: 0.63%
2026-02-06 19:49:55,844 - INFO - Processing first batch (shape: torch.Size([128, 3, 224, 224]))
2026-02-06 19:49:55,853 - INFO - Running first forward pass (torch.compile may take time)...
2026-02-06 19:49:55,982 - INFO - First forward pass complete (output shape: torch.Size([128, 1000]))
2026-02-06 19:49:56,113 - INFO - First batch complete! Loss: 6.7856
2026-02-06 20:11:15,102 - INFO - Epoch 3/300: LR: 0.000022
2026-02-06 20:11:15,103 - INFO - Epoch 3/300: Train Loss: 6.7382, Val Loss: 6.6051, Val Acc: 1.03%
2026-02-06 20:11:16,998 - INFO - Processing first batch (shape: torch.Size([128, 3, 224, 224]))
2026-02-06 20:11:17,006 - INFO - Running first forward pass (torch.compile may take time)...
2026-02-06 20:11:17,204 - INFO - First forward pass complete (output shape: torch.Size([128, 1000]))
2026-02-06 20:11:17,328 - INFO - First batch complete! Loss: 6.6704
2026-02-06 20:33:12,219 - INFO - Epoch 4/300: LR: 0.000028
2026-02-06 20:33:12,252 - INFO - Epoch 4/300: Train Loss: 6.6242, Val Loss: 6.4193, Val Acc: 1.38%
2026-02-06 20:33:13,963 - INFO - Processing first batch (shape: torch.Size([128, 3, 224, 224]))
2026-02-06 20:33:13,971 - INFO - Running first forward pass (torch.compile may take time)...
2026-02-06 20:33:14,116 - INFO - First forward pass complete (output shape: torch.Size([128, 1000]))
2026-02-06 20:33:14,246 - INFO - First batch complete! Loss: 6.5100
2026-02-06 20:55:56,145 - INFO - Epoch 5/300: LR: 0.000035
2026-02-06 21:04:42,290 - INFO - Epoch 5/300: Train Loss: 6.4104, Val Loss: 6.1309, Val Acc: 2.28%, Test Loss: 6.1309, Test Acc: 2.28%
2026-02-06 21:04:44,570 - INFO - Processing first batch (shape: torch.Size([128, 3, 224, 224]))
2026-02-06 21:04:44,574 - INFO - Running first forward pass (torch.compile may take time)...
2026-02-06 21:04:44,683 - INFO - First forward pass complete (output shape: torch.Size([128, 1000]))
2026-02-06 21:04:44,813 - INFO - First batch complete! Loss: 6.2581
2026-02-06 21:27:34,149 - INFO - Epoch 6/300: LR: 0.000042
2026-02-06 21:27:34,179 - INFO - Epoch 6/300: Train Loss: 6.1743, Val Loss: 5.8961, Val Acc: 3.38%
2026-02-06 21:27:36,040 - INFO - Processing first batch (shape: torch.Size([128, 3, 224, 224]))
2026-02-06 21:27:36,049 - INFO - Running first forward pass (torch.compile may take time)...
2026-02-06 21:27:36,136 - INFO - First forward pass complete (output shape: torch.Size([128, 1000]))
2026-02-06 21:27:36,259 - INFO - First batch complete! Loss: 6.0394
2026-02-06 21:49:13,789 - INFO - Epoch 7/300: LR: 0.000048
2026-02-06 21:49:13,822 - INFO - Epoch 7/300: Train Loss: 6.0057, Val Loss: 5.7060, Val Acc: 4.16%
2026-02-06 21:49:15,694 - INFO - Processing first batch (shape: torch.Size([128, 3, 224, 224]))
2026-02-06 21:49:15,702 - INFO - Running first forward pass (torch.compile may take time)...
2026-02-06 21:49:15,800 - INFO - First forward pass complete (output shape: torch.Size([128, 1000]))
2026-02-06 21:49:15,942 - INFO - First batch complete! Loss: 5.9537
