2026-02-12 16:36:43,973 - INFO - Logging initialized. Log file: runs/run_312/training.log
2026-02-12 16:36:43,973 - INFO - Logging initialized. Log file: runs/run_312/training.log
2026-02-12 16:36:44,044 - INFO - Experiment directory: runs/run_312
2026-02-12 16:36:44,044 - INFO - Experiment directory: runs/run_312
2026-02-12 16:36:44,045 - INFO - Setting random seeds for reproducibility (seed: 42)...
2026-02-12 16:36:44,046 - INFO - Setting random seeds for reproducibility (seed: 42)...
2026-02-12 16:36:44,112 - INFO - ✅ All seeds set to 42 (deterministic=False)
2026-02-12 16:36:44,114 - INFO - ✅ All seeds set to 42 (deterministic=False)
2026-02-12 16:36:44,639 - INFO - GPU memory cleared at startup. Available: 39.2GB
2026-02-12 16:36:44,640 - INFO - Using device: cuda
2026-02-12 16:36:44,641 - INFO - Training configuration: epochs=20, warmup=3, lr=0.0005
2026-02-12 16:36:44,643 - INFO - SWIN configuration: variant=tiny, use_shifted_window=True, use_relative_bias=True, use_absolute_pos_embed=False, use_hierarchical_merge=False, use_gradient_checkpointing=False
2026-02-12 16:36:44,644 - INFO - SWIN details: embed_dim=96, depths=[2, 2, 6, 2], num_heads=[3, 6, 12, 24], window_size=7
2026-02-12 16:36:44,646 - INFO - Loading dataset...
2026-02-12 16:36:44,647 - INFO - Starting ImageNet data loading from root: /
2026-02-12 16:36:44,648 - INFO - Resolved root path: /
2026-02-12 16:36:44,650 - INFO - Root path exists: True
2026-02-12 16:36:44,651 - INFO - Root path is dir: True
2026-02-12 16:36:44,691 - INFO - Contents of /: ['/.exec', '/.run', '/.shell', '/.singularity.d', '/.test', '/bin', '/boot', '/dev', '/environment', '/etc', '/home', '/lib', '/lib64', '/media', '/mnt', '/opt', '/proc', '/requirements.txt', '/root', '/run', '/sbin', '/singularity', '/srv', '/sys', '/tmp', '/usr', '/var', '/meta', '/train_set', '/train_set_small', '/val_set', '/val_set_unlabeled']
2026-02-12 16:36:44,692 - INFO - Expected train_dir: /train_set, exists: True
2026-02-12 16:36:44,694 - INFO - Expected val_dir: /val_set, exists: True
2026-02-12 16:36:44,705 - INFO - GPU memory cleared at startup. Available: 39.2GB
2026-02-12 16:36:44,707 - INFO - Using device: cuda
2026-02-12 16:36:44,709 - INFO - Training configuration: epochs=20, warmup=3, lr=0.0005
2026-02-12 16:36:44,711 - INFO - SWIN configuration: variant=tiny, use_shifted_window=True, use_relative_bias=True, use_absolute_pos_embed=False, use_hierarchical_merge=False, use_gradient_checkpointing=False
2026-02-12 16:36:44,712 - INFO - SWIN details: embed_dim=96, depths=[2, 2, 6, 2], num_heads=[3, 6, 12, 24], window_size=7
2026-02-12 16:36:44,714 - INFO - Loading dataset...
2026-02-12 16:36:44,716 - INFO - Starting ImageNet data loading from root: /
2026-02-12 16:36:44,718 - INFO - Resolved root path: /
2026-02-12 16:36:44,720 - INFO - Root path exists: True
2026-02-12 16:36:44,721 - INFO - Root path is dir: True
2026-02-12 16:36:44,726 - INFO - Contents of /: ['/.exec', '/.run', '/.shell', '/.singularity.d', '/.test', '/bin', '/boot', '/dev', '/environment', '/etc', '/home', '/lib', '/lib64', '/media', '/mnt', '/opt', '/proc', '/requirements.txt', '/root', '/run', '/sbin', '/singularity', '/srv', '/sys', '/tmp', '/usr', '/var', '/meta', '/train_set', '/train_set_small', '/val_set', '/val_set_unlabeled']
2026-02-12 16:36:44,728 - INFO - Expected train_dir: /train_set, exists: True
2026-02-12 16:36:44,729 - INFO - Expected val_dir: /val_set, exists: True
2026-02-12 16:36:50,557 - INFO - Loaded ImageNet data from /: train=1281167, val=50000
2026-02-12 16:36:50,559 - INFO - Loaded ImageNet data from /: train=1281167, val=50000
2026-02-12 16:36:51,286 - INFO - Dataset limits applied (stratified sampling enabled)
2026-02-12 16:36:51,288 - INFO - Dataset loaded: train=100000 samples (782 batches), val=50000 samples (391 batches), test=50000 samples (391 batches)
2026-02-12 16:36:51,319 - INFO - Dataset limits applied (stratified sampling enabled)
2026-02-12 16:36:51,321 - INFO - Dataset loaded: train=100000 samples (782 batches), val=50000 samples (391 batches), test=50000 samples (391 batches)
2026-02-12 16:36:54,032 - INFO - Training SWIN from scratch
2026-02-12 16:36:54,033 - INFO - Initializing SWIN model from scratch...
2026-02-12 16:36:54,035 - INFO - Model architecture: SWIN
2026-02-12 16:36:54,036 - INFO - Training SWIN from scratch
2026-02-12 16:36:54,036 - INFO - Model config: {'type': 'swin', 'variant': 'tiny', 'patch_size': 4, 'embed_dim': 96, 'depths': [2, 2, 6, 2], 'num_heads': [3, 6, 12, 24], 'window_size': 7, 'mlp_ratio': 4.0, 'dropout': 0.0, 'attention_dropout': 0.0, 'projection_dropout': 0.0, 'drop_path_rate': 0.08, 'use_shifted_window': True, 'use_relative_bias': True, 'use_absolute_pos_embed': False, 'use_hierarchical_merge': False, 'use_gradient_checkpointing': False}
2026-02-12 16:36:54,037 - INFO - Initializing SWIN model from scratch...
2026-02-12 16:36:54,039 - INFO - Model architecture: SWIN
2026-02-12 16:36:54,040 - INFO - Model config: {'type': 'swin', 'variant': 'tiny', 'patch_size': 4, 'embed_dim': 96, 'depths': [2, 2, 6, 2], 'num_heads': [3, 6, 12, 24], 'window_size': 7, 'mlp_ratio': 4.0, 'dropout': 0.0, 'attention_dropout': 0.0, 'projection_dropout': 0.0, 'drop_path_rate': 0.08, 'use_shifted_window': True, 'use_relative_bias': True, 'use_absolute_pos_embed': False, 'use_hierarchical_merge': False, 'use_gradient_checkpointing': False}
2026-02-12 16:36:54,406 - INFO - Model created with random initialization
2026-02-12 16:36:54,407 - INFO - Total parameters: 28,288,354
2026-02-12 16:36:54,409 - INFO - Trainable parameters: 28,288,354
2026-02-12 16:36:54,413 - INFO - Model created with random initialization
2026-02-12 16:36:54,415 - INFO - Total parameters: 28,288,354
2026-02-12 16:36:54,417 - INFO - Trainable parameters: 28,288,354
2026-02-12 16:36:54,445 - INFO - Compiling model with torch.compile()
2026-02-12 16:36:54,452 - INFO - Compiling model with torch.compile()
2026-02-12 16:36:55,930 - INFO - Mixed precision enabled → CUDA bf16 selected (hardware supported)
2026-02-12 16:36:55,931 - INFO - Starting from-scratch training...
2026-02-12 16:36:55,933 - INFO - Optimizer: training all model parameters
2026-02-12 16:36:55,936 - INFO - LR Scheduler: cosine with 3 warmup epochs
2026-02-12 16:36:55,937 - INFO - Starting training...
2026-02-12 16:36:55,952 - INFO - Mixed precision enabled → CUDA bf16 selected (hardware supported)
2026-02-12 16:36:55,954 - INFO - Starting from-scratch training...
2026-02-12 16:36:55,956 - INFO - Optimizer: training all model parameters
2026-02-12 16:36:55,958 - INFO - LR Scheduler: cosine with 3 warmup epochs
2026-02-12 16:36:55,959 - INFO - Starting training...
2026-02-12 16:36:59,478 - INFO - Processing first batch (shape: torch.Size([128, 3, 224, 224]))
2026-02-12 16:36:59,481 - INFO - Running first forward pass (torch.compile may take time)...
2026-02-12 16:36:59,491 - INFO - Processing first batch (shape: torch.Size([128, 3, 224, 224]))
2026-02-12 16:36:59,494 - INFO - Running first forward pass (torch.compile may take time)...
2026-02-12 16:38:19,536 - INFO - First forward pass complete (output shape: torch.Size([128, 1000]))
2026-02-12 16:38:19,550 - INFO - First forward pass complete (output shape: torch.Size([128, 1000]))
2026-02-12 16:39:24,022 - INFO - First batch complete! Loss: 6.9834
2026-02-12 16:39:24,025 - INFO - First batch complete! Loss: 6.9834
2026-02-12 17:11:47,526 - INFO - Epoch 1/20: LR: 0.000170
2026-02-12 17:11:47,552 - INFO - Epoch 1/20: Train Loss: 6.8848, Val Loss: 6.7670, Val Acc: 0.49%
2026-02-12 17:11:48,396 - INFO - Epoch 1/20: LR: 0.000170
2026-02-12 17:11:48,398 - INFO - Epoch 1/20: Train Loss: 6.8849, Val Loss: 6.7670, Val Acc: 0.49%
2026-02-12 17:11:49,337 - INFO - Processing first batch (shape: torch.Size([128, 3, 224, 224]))
2026-02-12 17:11:49,344 - INFO - Running first forward pass (torch.compile may take time)...
2026-02-12 17:11:49,429 - INFO - First forward pass complete (output shape: torch.Size([128, 1000]))
2026-02-12 17:11:49,535 - INFO - First batch complete! Loss: 6.9023
2026-02-12 17:11:50,127 - INFO - Processing first batch (shape: torch.Size([128, 3, 224, 224]))
2026-02-12 17:11:50,134 - INFO - Running first forward pass (torch.compile may take time)...
2026-02-12 17:11:50,256 - INFO - First forward pass complete (output shape: torch.Size([128, 1000]))
2026-02-12 17:11:50,362 - INFO - First batch complete! Loss: 6.9026
2026-02-12 17:32:00,001 - INFO - Epoch 2/20: LR: 0.000335
2026-02-12 17:32:00,013 - INFO - Epoch 2/20: Train Loss: 6.7613, Val Loss: 6.5618, Val Acc: 0.79%
2026-02-12 17:32:01,716 - INFO - Processing first batch (shape: torch.Size([128, 3, 224, 224]))
2026-02-12 17:32:01,724 - INFO - Running first forward pass (torch.compile may take time)...
2026-02-12 17:32:01,863 - INFO - First forward pass complete (output shape: torch.Size([128, 1000]))
2026-02-12 17:32:01,973 - INFO - First batch complete! Loss: 6.6443
2026-02-12 17:32:03,583 - INFO - Epoch 2/20: LR: 0.000335
2026-02-12 17:32:03,585 - INFO - Epoch 2/20: Train Loss: 6.7631, Val Loss: 6.5865, Val Acc: 0.76%
2026-02-12 17:32:05,318 - INFO - Processing first batch (shape: torch.Size([128, 3, 224, 224]))
2026-02-12 17:32:05,326 - INFO - Running first forward pass (torch.compile may take time)...
2026-02-12 17:32:05,442 - INFO - First forward pass complete (output shape: torch.Size([128, 1000]))
2026-02-12 17:32:05,563 - INFO - First batch complete! Loss: 6.6465
2026-02-12 17:51:49,994 - INFO - Epoch 3/20: LR: 0.000500
2026-02-12 17:51:49,996 - INFO - Epoch 3/20: Train Loss: 6.5431, Val Loss: 6.2058, Val Acc: 1.44%
2026-02-12 17:51:51,746 - INFO - Processing first batch (shape: torch.Size([128, 3, 224, 224]))
2026-02-12 17:51:51,754 - INFO - Running first forward pass (torch.compile may take time)...
2026-02-12 17:51:51,862 - INFO - First forward pass complete (output shape: torch.Size([128, 1000]))
2026-02-12 17:51:51,973 - INFO - First batch complete! Loss: 6.3508
2026-02-12 17:51:55,972 - INFO - Epoch 3/20: LR: 0.000500
2026-02-12 17:51:55,974 - INFO - Epoch 3/20: Train Loss: 6.5196, Val Loss: 6.1791, Val Acc: 1.57%
2026-02-12 17:51:57,735 - INFO - Processing first batch (shape: torch.Size([128, 3, 224, 224]))
2026-02-12 17:51:57,743 - INFO - Running first forward pass (torch.compile may take time)...
2026-02-12 17:51:57,821 - INFO - First forward pass complete (output shape: torch.Size([128, 1000]))
2026-02-12 17:51:57,926 - INFO - First batch complete! Loss: 6.3762
2026-02-12 18:11:41,685 - INFO - Epoch 4/20: LR: 0.000496
2026-02-12 18:11:41,701 - INFO - Epoch 4/20: Train Loss: 6.4153, Val Loss: 6.1533, Val Acc: 1.65%
2026-02-12 18:11:43,407 - INFO - Processing first batch (shape: torch.Size([128, 3, 224, 224]))
2026-02-12 18:11:43,415 - INFO - Running first forward pass (torch.compile may take time)...
2026-02-12 18:11:43,544 - INFO - First forward pass complete (output shape: torch.Size([128, 1000]))
2026-02-12 18:11:43,652 - INFO - First batch complete! Loss: 6.4294
2026-02-12 18:11:52,893 - INFO - Epoch 4/20: LR: 0.000496
2026-02-12 18:11:52,896 - INFO - Epoch 4/20: Train Loss: 6.5211, Val Loss: 6.7792, Val Acc: 0.38%
2026-02-12 18:11:54,601 - INFO - Processing first batch (shape: torch.Size([128, 3, 224, 224]))
2026-02-12 18:11:54,609 - INFO - Running first forward pass (torch.compile may take time)...
2026-02-12 18:11:54,724 - INFO - First forward pass complete (output shape: torch.Size([128, 1000]))
2026-02-12 18:11:54,829 - INFO - First batch complete! Loss: 6.8025
2026-02-12 18:31:53,907 - INFO - Epoch 5/20: LR: 0.000483
2026-02-12 18:31:55,755 - INFO - Epoch 5/20: LR: 0.000483
2026-02-12 18:39:52,859 - INFO - Epoch 5/20: Train Loss: 6.2320, Val Loss: 6.0260, Val Acc: 2.09%, Test Loss: 6.0260, Test Acc: 2.09%
2026-02-12 18:39:54,580 - INFO - Epoch 5/20: Train Loss: 6.8111, Val Loss: 6.9095, Val Acc: 0.14%, Test Loss: 6.9095, Test Acc: 0.14%
2026-02-12 18:39:54,839 - INFO - Processing first batch (shape: torch.Size([128, 3, 224, 224]))
2026-02-12 18:39:54,843 - INFO - Running first forward pass (torch.compile may take time)...
2026-02-12 18:39:54,934 - INFO - First forward pass complete (output shape: torch.Size([128, 1000]))
2026-02-12 18:39:55,043 - INFO - First batch complete! Loss: 6.1244
2026-02-12 18:39:56,426 - INFO - Processing first batch (shape: torch.Size([128, 3, 224, 224]))
2026-02-12 18:39:56,430 - INFO - Running first forward pass (torch.compile may take time)...
2026-02-12 18:39:56,530 - INFO - First forward pass complete (output shape: torch.Size([128, 1000]))
2026-02-12 18:39:56,642 - INFO - First batch complete! Loss: 6.8923
2026-02-12 19:00:39,310 - INFO - Epoch 6/20: LR: 0.000463
2026-02-12 19:00:39,337 - INFO - Epoch 6/20: Train Loss: 6.1125, Val Loss: 5.8508, Val Acc: 2.73%
2026-02-12 19:00:41,156 - INFO - Processing first batch (shape: torch.Size([128, 3, 224, 224]))
2026-02-12 19:00:41,164 - INFO - Running first forward pass (torch.compile may take time)...
2026-02-12 19:00:41,342 - INFO - Epoch 6/20: LR: 0.000463
2026-02-12 19:00:41,345 - INFO - Epoch 6/20: Train Loss: 6.8063, Val Loss: 6.6663, Val Acc: 0.50%
2026-02-12 19:00:41,360 - INFO - First forward pass complete (output shape: torch.Size([128, 1000]))
2026-02-12 19:00:41,477 - INFO - First batch complete! Loss: 5.9161
2026-02-12 19:00:43,105 - INFO - Processing first batch (shape: torch.Size([128, 3, 224, 224]))
2026-02-12 19:00:43,112 - INFO - Running first forward pass (torch.compile may take time)...
2026-02-12 19:00:43,180 - INFO - First forward pass complete (output shape: torch.Size([128, 1000]))
2026-02-12 19:00:43,293 - INFO - First batch complete! Loss: 6.6387
2026-02-12 19:20:24,043 - INFO - Epoch 7/20: LR: 0.000435
2026-02-12 19:20:24,058 - INFO - Epoch 7/20: Train Loss: 5.9899, Val Loss: 5.6898, Val Acc: 3.69%
2026-02-12 19:20:25,769 - INFO - Processing first batch (shape: torch.Size([128, 3, 224, 224]))
2026-02-12 19:20:25,776 - INFO - Running first forward pass (torch.compile may take time)...
2026-02-12 19:20:25,900 - INFO - First forward pass complete (output shape: torch.Size([128, 1000]))
2026-02-12 19:20:26,011 - INFO - First batch complete! Loss: 5.8839
2026-02-12 19:20:26,015 - INFO - Epoch 7/20: LR: 0.000435
2026-02-12 19:20:26,018 - INFO - Epoch 7/20: Train Loss: 6.7369, Val Loss: 6.5857, Val Acc: 0.76%
2026-02-12 19:20:27,718 - INFO - Processing first batch (shape: torch.Size([128, 3, 224, 224]))
2026-02-12 19:20:27,726 - INFO - Running first forward pass (torch.compile may take time)...
2026-02-12 19:20:27,856 - INFO - First forward pass complete (output shape: torch.Size([128, 1000]))
2026-02-12 19:20:27,969 - INFO - First batch complete! Loss: 6.6108
2026-02-12 19:39:48,319 - INFO - Epoch 8/20: LR: 0.000401
2026-02-12 19:39:48,339 - INFO - Epoch 8/20: Train Loss: 5.8646, Val Loss: 5.5970, Val Acc: 4.60%
2026-02-12 19:39:50,039 - INFO - Processing first batch (shape: torch.Size([128, 3, 224, 224]))
2026-02-12 19:39:50,048 - INFO - Running first forward pass (torch.compile may take time)...
2026-02-12 19:39:50,152 - INFO - First forward pass complete (output shape: torch.Size([128, 1000]))
2026-02-12 19:39:50,269 - INFO - First batch complete! Loss: 5.8705
2026-02-12 19:39:55,760 - INFO - Epoch 8/20: LR: 0.000401
2026-02-12 19:39:55,763 - INFO - Epoch 8/20: Train Loss: 6.6502, Val Loss: 6.4843, Val Acc: 1.14%
2026-02-12 19:39:57,393 - INFO - Processing first batch (shape: torch.Size([128, 3, 224, 224]))
2026-02-12 19:39:57,402 - INFO - Running first forward pass (torch.compile may take time)...
2026-02-12 19:39:57,527 - INFO - First forward pass complete (output shape: torch.Size([128, 1000]))
2026-02-12 19:39:57,635 - INFO - First batch complete! Loss: 6.6257
2026-02-12 19:59:54,494 - INFO - Epoch 9/20: LR: 0.000362
2026-02-12 19:59:54,549 - INFO - Epoch 9/20: Train Loss: 5.7076, Val Loss: 5.3509, Val Acc: 6.32%
2026-02-12 19:59:56,133 - INFO - Processing first batch (shape: torch.Size([128, 3, 224, 224]))
2026-02-12 19:59:56,140 - INFO - Running first forward pass (torch.compile may take time)...
2026-02-12 19:59:56,211 - INFO - First forward pass complete (output shape: torch.Size([128, 1000]))
2026-02-12 19:59:56,315 - INFO - First batch complete! Loss: 5.5708
2026-02-12 19:59:57,904 - INFO - Epoch 9/20: LR: 0.000362
2026-02-12 19:59:57,907 - INFO - Epoch 9/20: Train Loss: 6.5792, Val Loss: 6.4730, Val Acc: 1.16%
2026-02-12 19:59:59,498 - INFO - Processing first batch (shape: torch.Size([128, 3, 224, 224]))
2026-02-12 19:59:59,506 - INFO - Running first forward pass (torch.compile may take time)...
2026-02-12 19:59:59,649 - INFO - First forward pass complete (output shape: torch.Size([128, 1000]))
2026-02-12 19:59:59,758 - INFO - First batch complete! Loss: 6.5142
2026-02-12 20:19:27,005 - INFO - Epoch 10/20: LR: 0.000319
2026-02-12 20:19:41,142 - INFO - Epoch 10/20: LR: 0.000319
2026-02-12 20:27:23,718 - INFO - Epoch 10/20: Train Loss: 5.5693, Val Loss: 5.1883, Val Acc: 7.34%, Test Loss: 5.1883, Test Acc: 7.34%
2026-02-12 20:27:23,727 - INFO - Saving checkpoint for epoch 10...
2026-02-12 20:27:24,569 - INFO - ✅ Checkpoint saved: runs/run_312/checkpoint_epoch_10.pth
2026-02-12 20:27:26,279 - INFO - Processing first batch (shape: torch.Size([128, 3, 224, 224]))
2026-02-12 20:27:26,282 - INFO - Running first forward pass (torch.compile may take time)...
2026-02-12 20:27:26,354 - INFO - First forward pass complete (output shape: torch.Size([128, 1000]))
2026-02-12 20:27:26,470 - INFO - First batch complete! Loss: 5.5127
2026-02-12 20:27:39,621 - INFO - Epoch 10/20: Train Loss: 6.5248, Val Loss: 6.3664, Val Acc: 1.71%, Test Loss: 6.3664, Test Acc: 1.71%
2026-02-12 20:27:39,623 - INFO - Saving checkpoint for epoch 10...
2026-02-12 20:27:40,420 - INFO - ✅ Checkpoint saved: runs/run_312/checkpoint_epoch_10.pth
2026-02-12 20:27:42,155 - INFO - Processing first batch (shape: torch.Size([128, 3, 224, 224]))
2026-02-12 20:27:42,158 - INFO - Running first forward pass (torch.compile may take time)...
2026-02-12 20:27:42,236 - INFO - First forward pass complete (output shape: torch.Size([128, 1000]))
2026-02-12 20:27:42,344 - INFO - First batch complete! Loss: 6.5027
2026-02-12 20:47:44,455 - INFO - Epoch 11/20: LR: 0.000274
2026-02-12 20:47:44,511 - INFO - Epoch 11/20: Train Loss: 5.4267, Val Loss: 5.0058, Val Acc: 8.81%
2026-02-12 20:47:46,356 - INFO - Processing first batch (shape: torch.Size([128, 3, 224, 224]))
2026-02-12 20:47:46,365 - INFO - Running first forward pass (torch.compile may take time)...
2026-02-12 20:47:46,532 - INFO - First forward pass complete (output shape: torch.Size([128, 1000]))
2026-02-12 20:47:46,639 - INFO - First batch complete! Loss: 5.4751
2026-02-12 20:47:53,330 - INFO - Epoch 11/20: LR: 0.000274
2026-02-12 20:47:53,333 - INFO - Epoch 11/20: Train Loss: 6.4807, Val Loss: 6.2877, Val Acc: 1.90%
2026-02-12 20:47:55,024 - INFO - Processing first batch (shape: torch.Size([128, 3, 224, 224]))
2026-02-12 20:47:55,033 - INFO - Running first forward pass (torch.compile may take time)...
2026-02-12 20:47:55,196 - INFO - First forward pass complete (output shape: torch.Size([128, 1000]))
2026-02-12 20:47:55,301 - INFO - First batch complete! Loss: 6.5061
2026-02-12 21:08:37,977 - INFO - Epoch 12/20: LR: 0.000227
2026-02-12 21:08:37,992 - INFO - Epoch 12/20: Train Loss: 5.2914, Val Loss: 4.8776, Val Acc: 10.48%
2026-02-12 21:08:39,639 - INFO - Processing first batch (shape: torch.Size([128, 3, 224, 224]))
2026-02-12 21:08:39,646 - INFO - Running first forward pass (torch.compile may take time)...
2026-02-12 21:08:39,802 - INFO - First forward pass complete (output shape: torch.Size([128, 1000]))
2026-02-12 21:08:39,917 - INFO - First batch complete! Loss: 5.4182
2026-02-12 21:08:48,414 - INFO - Epoch 12/20: LR: 0.000227
2026-02-12 21:08:48,416 - INFO - Epoch 12/20: Train Loss: 6.5762, Val Loss: 6.3738, Val Acc: 1.55%
2026-02-12 21:08:50,016 - INFO - Processing first batch (shape: torch.Size([128, 3, 224, 224]))
2026-02-12 21:08:50,023 - INFO - Running first forward pass (torch.compile may take time)...
2026-02-12 21:08:50,180 - INFO - First forward pass complete (output shape: torch.Size([128, 1000]))
2026-02-12 21:08:50,290 - INFO - First batch complete! Loss: 6.5123
2026-02-12 21:30:14,670 - INFO - Epoch 13/20: LR: 0.000182
2026-02-12 21:30:14,683 - INFO - Epoch 13/20: LR: 0.000182
2026-02-12 21:30:14,702 - INFO - Epoch 13/20: Train Loss: 6.4871, Val Loss: 6.3391, Val Acc: 1.61%
2026-02-12 21:30:14,703 - INFO - Epoch 13/20: Train Loss: 5.1722, Val Loss: 4.7734, Val Acc: 11.53%
2026-02-12 21:30:16,753 - INFO - Processing first batch (shape: torch.Size([128, 3, 224, 224]))
2026-02-12 21:30:16,760 - INFO - Running first forward pass (torch.compile may take time)...
2026-02-12 21:30:16,785 - INFO - Processing first batch (shape: torch.Size([128, 3, 224, 224]))
2026-02-12 21:30:16,793 - INFO - Running first forward pass (torch.compile may take time)...
2026-02-12 21:30:16,940 - INFO - First forward pass complete (output shape: torch.Size([128, 1000]))
2026-02-12 21:30:16,983 - INFO - First forward pass complete (output shape: torch.Size([128, 1000]))
2026-02-12 21:30:17,046 - INFO - First batch complete! Loss: 6.5366
2026-02-12 21:30:17,098 - INFO - First batch complete! Loss: 5.1321
