2026-02-10 10:19:40,326 - INFO - Logging initialized. Log file: runs/run_300/training.log
2026-02-10 10:19:40,357 - INFO - Experiment directory: runs/run_300
2026-02-10 10:19:40,359 - INFO - Setting random seeds for reproducibility (seed: 42)...
2026-02-10 10:19:40,371 - INFO - ✅ All seeds set to 42 (deterministic=False)
2026-02-10 10:19:40,775 - INFO - GPU memory cleared at startup. Available: 39.2GB
2026-02-10 10:19:40,776 - INFO - Using device: cuda
2026-02-10 10:19:40,778 - INFO - Training configuration: epochs=20, warmup=2, lr=0.001
2026-02-10 10:19:40,779 - INFO - SWIN_HYBRID configuration: {'type': 'swin_hybrid', 'variant': 'tiny', 'patch_size': 4, 'embed_dim': 96, 'depths': [2, 2, 6, 2], 'num_heads': [3, 6, 12, 24], 'window_size': 7, 'mlp_ratio': 4.0, 'dropout': 0.0, 'attention_dropout': 0.0, 'projection_dropout': 0.0, 'drop_path_rate': 0.08, 'use_shifted_window': True, 'use_relative_bias': True, 'use_absolute_pos_embed': False, 'use_hierarchical_merge': False, 'use_gradient_checkpointing': False, 'use_cnn_stem': True, 'cnn_stem_config': {'channels': [32, 64], 'kernel_size': 3, 'stride': 2, 'padding': 1, 'activation': 'gelu', 'use_batch_norm': True}}
2026-02-10 10:19:40,780 - INFO - Loading dataset...
2026-02-10 10:19:40,782 - INFO - Starting ImageNet data loading from root: /
2026-02-10 10:19:40,784 - INFO - Resolved root path: /
2026-02-10 10:19:40,785 - INFO - Root path exists: True
2026-02-10 10:19:40,787 - INFO - Root path is dir: True
2026-02-10 10:19:40,791 - INFO - Contents of /: ['/.exec', '/.run', '/.shell', '/.singularity.d', '/.test', '/bin', '/boot', '/dev', '/environment', '/etc', '/home', '/lib', '/lib64', '/media', '/mnt', '/opt', '/proc', '/requirements.txt', '/root', '/run', '/sbin', '/singularity', '/srv', '/sys', '/tmp', '/usr', '/var', '/meta', '/train_set', '/train_set_small', '/val_set', '/val_set_unlabeled']
2026-02-10 10:19:40,793 - INFO - Expected train_dir: /train_set, exists: True
2026-02-10 10:19:40,794 - INFO - Expected val_dir: /val_set, exists: True
2026-02-10 10:19:46,767 - INFO - Loaded ImageNet data from /: train=1281167, val=50000
2026-02-10 10:19:47,502 - INFO - Dataset limits applied (stratified sampling enabled)
2026-02-10 10:19:47,505 - INFO - Dataset loaded: train=100000 samples (782 batches), val=50000 samples (391 batches), test=50000 samples (391 batches)
2026-02-10 10:19:49,587 - INFO - Training SWIN_HYBRID from scratch
2026-02-10 10:19:49,588 - INFO - Initializing SWIN_HYBRID model from scratch...
2026-02-10 10:19:49,589 - INFO - Model architecture: SWIN_HYBRID
2026-02-10 10:19:49,590 - INFO - Model config: {'type': 'swin_hybrid', 'variant': 'tiny', 'patch_size': 4, 'embed_dim': 96, 'depths': [2, 2, 6, 2], 'num_heads': [3, 6, 12, 24], 'window_size': 7, 'mlp_ratio': 4.0, 'dropout': 0.0, 'attention_dropout': 0.0, 'projection_dropout': 0.0, 'drop_path_rate': 0.08, 'use_shifted_window': True, 'use_relative_bias': True, 'use_absolute_pos_embed': False, 'use_hierarchical_merge': False, 'use_gradient_checkpointing': False, 'use_cnn_stem': True, 'cnn_stem_config': {'channels': [32, 64], 'kernel_size': 3, 'stride': 2, 'padding': 1, 'activation': 'gelu', 'use_batch_norm': True}}
2026-02-10 10:19:50,123 - INFO - Model created with random initialization
2026-02-10 10:19:50,125 - INFO - Total parameters: 28,363,522
2026-02-10 10:19:50,126 - INFO - Trainable parameters: 28,363,522
2026-02-10 10:19:50,155 - INFO - Compiling model with torch.compile()
2026-02-10 10:19:51,754 - INFO - Mixed precision enabled → CUDA bf16 selected (hardware supported)
2026-02-10 10:19:51,755 - INFO - Starting from-scratch training...
2026-02-10 10:19:51,756 - INFO - Optimizer: training all model parameters
2026-02-10 10:19:51,758 - INFO - LR Scheduler: cosine with 2 warmup epochs
2026-02-10 10:19:51,759 - INFO - Starting training...
2026-02-10 10:19:54,449 - INFO - Processing first batch (shape: torch.Size([128, 3, 224, 224]))
2026-02-10 10:19:54,451 - INFO - Running first forward pass (torch.compile may take time)...
2026-02-10 10:21:00,260 - INFO - First forward pass complete (output shape: torch.Size([128, 1000]))
2026-02-10 10:22:01,267 - INFO - First batch complete! Loss: 7.0127
2026-02-10 10:47:43,463 - INFO - Epoch 1/20: LR: 0.000505
2026-02-10 10:47:43,475 - INFO - Epoch 1/20: Train Loss: 6.7947, Val Loss: 6.5967, Val Acc: 1.00%
2026-02-10 10:47:45,118 - INFO - Processing first batch (shape: torch.Size([128, 3, 224, 224]))
2026-02-10 10:47:45,123 - INFO - Running first forward pass (torch.compile may take time)...
2026-02-10 10:47:45,174 - INFO - First forward pass complete (output shape: torch.Size([128, 1000]))
2026-02-10 10:47:45,213 - INFO - First batch complete! Loss: 6.6272
2026-02-10 11:07:53,185 - INFO - Epoch 2/20: LR: 0.001000
2026-02-10 11:07:53,186 - INFO - Epoch 2/20: Train Loss: 6.9026, Val Loss: 6.8846, Val Acc: 0.21%
2026-02-10 11:07:54,946 - INFO - Processing first batch (shape: torch.Size([128, 3, 224, 224]))
2026-02-10 11:07:54,952 - INFO - Running first forward pass (torch.compile may take time)...
2026-02-10 11:07:54,996 - INFO - First forward pass complete (output shape: torch.Size([128, 1000]))
2026-02-10 11:07:55,035 - INFO - First batch complete! Loss: 6.9141
2026-02-10 11:28:24,719 - INFO - Epoch 3/20: LR: 0.000992
2026-02-10 11:28:24,736 - INFO - Epoch 3/20: Train Loss: 6.9231, Val Loss: 6.8867, Val Acc: 0.19%
2026-02-10 11:28:26,446 - INFO - Processing first batch (shape: torch.Size([128, 3, 224, 224]))
2026-02-10 11:28:26,450 - INFO - Running first forward pass (torch.compile may take time)...
2026-02-10 11:28:26,493 - INFO - First forward pass complete (output shape: torch.Size([128, 1000]))
2026-02-10 11:28:26,532 - INFO - First batch complete! Loss: 6.9229
2026-02-10 11:48:12,287 - INFO - Epoch 4/20: LR: 0.000970
2026-02-10 11:48:12,305 - INFO - Epoch 4/20: Train Loss: 6.8892, Val Loss: 6.8547, Val Acc: 0.17%
2026-02-10 11:48:14,038 - INFO - Processing first batch (shape: torch.Size([128, 3, 224, 224]))
2026-02-10 11:48:14,042 - INFO - Running first forward pass (torch.compile may take time)...
2026-02-10 11:48:14,078 - INFO - First forward pass complete (output shape: torch.Size([128, 1000]))
2026-02-10 11:48:14,118 - INFO - First batch complete! Loss: 6.8679
2026-02-10 12:08:22,312 - INFO - Epoch 5/20: LR: 0.000934
2026-02-10 12:17:18,207 - INFO - Epoch 5/20: Train Loss: 6.9090, Val Loss: 6.9102, Val Acc: 0.10%, Test Loss: 6.9102, Test Acc: 0.10%
2026-02-10 12:17:19,890 - INFO - Processing first batch (shape: torch.Size([128, 3, 224, 224]))
2026-02-10 12:17:19,895 - INFO - Running first forward pass (torch.compile may take time)...
2026-02-10 12:17:19,977 - INFO - First forward pass complete (output shape: torch.Size([128, 1000]))
2026-02-10 12:17:20,027 - INFO - First batch complete! Loss: 6.9160
2026-02-10 12:37:05,875 - INFO - Epoch 6/20: LR: 0.000884
2026-02-10 12:37:07,020 - INFO - Epoch 6/20: Train Loss: 6.9109, Val Loss: 6.9104, Val Acc: 0.10%
2026-02-10 12:37:08,634 - INFO - Processing first batch (shape: torch.Size([128, 3, 224, 224]))
2026-02-10 12:37:08,639 - INFO - Running first forward pass (torch.compile may take time)...
2026-02-10 12:37:08,676 - INFO - First forward pass complete (output shape: torch.Size([128, 1000]))
2026-02-10 12:37:08,723 - INFO - First batch complete! Loss: 6.9031
2026-02-10 12:57:02,947 - INFO - Epoch 7/20: LR: 0.000823
2026-02-10 12:57:02,971 - INFO - Epoch 7/20: Train Loss: 6.9107, Val Loss: 6.9101, Val Acc: 0.10%
2026-02-10 12:57:04,611 - INFO - Processing first batch (shape: torch.Size([128, 3, 224, 224]))
2026-02-10 12:57:04,615 - INFO - Running first forward pass (torch.compile may take time)...
2026-02-10 12:57:04,650 - INFO - First forward pass complete (output shape: torch.Size([128, 1000]))
2026-02-10 12:57:04,700 - INFO - First batch complete! Loss: 6.9153
2026-02-10 13:17:34,808 - INFO - Epoch 8/20: LR: 0.000752
2026-02-10 13:17:34,847 - INFO - Epoch 8/20: Train Loss: 6.9103, Val Loss: 6.9103, Val Acc: 0.10%
2026-02-10 13:17:37,276 - INFO - Processing first batch (shape: torch.Size([128, 3, 224, 224]))
2026-02-10 13:17:37,281 - INFO - Running first forward pass (torch.compile may take time)...
2026-02-10 13:17:37,345 - INFO - First forward pass complete (output shape: torch.Size([128, 1000]))
2026-02-10 13:17:37,393 - INFO - First batch complete! Loss: 6.9060
2026-02-10 13:38:37,527 - INFO - Epoch 9/20: LR: 0.000674
2026-02-10 13:38:37,555 - INFO - Epoch 9/20: Train Loss: 6.9097, Val Loss: 6.9108, Val Acc: 0.10%
2026-02-10 13:38:39,236 - INFO - Processing first batch (shape: torch.Size([128, 3, 224, 224]))
2026-02-10 13:38:39,241 - INFO - Running first forward pass (torch.compile may take time)...
2026-02-10 13:38:39,311 - INFO - First forward pass complete (output shape: torch.Size([128, 1000]))
2026-02-10 13:38:39,352 - INFO - First batch complete! Loss: 6.8904
2026-02-10 13:59:12,403 - INFO - Epoch 10/20: LR: 0.000591
2026-02-10 14:06:51,900 - INFO - Epoch 10/20: Train Loss: 6.9092, Val Loss: 6.9108, Val Acc: 0.10%, Test Loss: 6.9108, Test Acc: 0.10%
2026-02-10 14:06:51,918 - INFO - Saving checkpoint for epoch 10...
2026-02-10 14:06:52,703 - INFO - ✅ Checkpoint saved: runs/run_300/checkpoint_epoch_10.pth
2026-02-10 14:06:54,505 - INFO - Processing first batch (shape: torch.Size([128, 3, 224, 224]))
2026-02-10 14:06:54,507 - INFO - Running first forward pass (torch.compile may take time)...
2026-02-10 14:06:54,557 - INFO - First forward pass complete (output shape: torch.Size([128, 1000]))
2026-02-10 14:06:54,605 - INFO - First batch complete! Loss: 6.8953
2026-02-10 14:26:01,203 - INFO - Epoch 11/20: LR: 0.000505
2026-02-10 14:26:01,230 - INFO - Epoch 11/20: Train Loss: 6.9088, Val Loss: 6.9099, Val Acc: 0.10%
2026-02-10 14:26:02,898 - INFO - Processing first batch (shape: torch.Size([128, 3, 224, 224]))
2026-02-10 14:26:02,902 - INFO - Running first forward pass (torch.compile may take time)...
2026-02-10 14:26:02,956 - INFO - First forward pass complete (output shape: torch.Size([128, 1000]))
2026-02-10 14:26:03,015 - INFO - First batch complete! Loss: 6.9031
2026-02-10 14:46:06,559 - INFO - Epoch 12/20: LR: 0.000419
2026-02-10 14:46:06,614 - INFO - Epoch 12/20: Train Loss: 6.9083, Val Loss: 6.9099, Val Acc: 0.10%
2026-02-10 14:46:08,209 - INFO - Processing first batch (shape: torch.Size([128, 3, 224, 224]))
2026-02-10 14:46:08,214 - INFO - Running first forward pass (torch.compile may take time)...
2026-02-10 14:46:08,258 - INFO - First forward pass complete (output shape: torch.Size([128, 1000]))
2026-02-10 14:46:08,297 - INFO - First batch complete! Loss: 6.9053
2026-02-10 15:04:54,908 - INFO - Epoch 13/20: LR: 0.000336
2026-02-10 15:04:54,911 - INFO - Epoch 13/20: Train Loss: 6.9080, Val Loss: 6.9096, Val Acc: 0.10%
2026-02-10 15:04:56,621 - INFO - Processing first batch (shape: torch.Size([128, 3, 224, 224]))
2026-02-10 15:04:56,626 - INFO - Running first forward pass (torch.compile may take time)...
2026-02-10 15:04:56,685 - INFO - First forward pass complete (output shape: torch.Size([128, 1000]))
2026-02-10 15:04:56,747 - INFO - First batch complete! Loss: 6.9136
2026-02-10 15:23:09,770 - INFO - Epoch 14/20: LR: 0.000258
2026-02-10 15:23:09,780 - INFO - Epoch 14/20: Train Loss: 6.9077, Val Loss: 6.9096, Val Acc: 0.10%
2026-02-10 15:23:11,318 - INFO - Processing first batch (shape: torch.Size([128, 3, 224, 224]))
2026-02-10 15:23:11,322 - INFO - Running first forward pass (torch.compile may take time)...
2026-02-10 15:23:11,359 - INFO - First forward pass complete (output shape: torch.Size([128, 1000]))
2026-02-10 15:23:11,399 - INFO - First batch complete! Loss: 6.9055
2026-02-10 15:41:21,264 - INFO - Epoch 15/20: LR: 0.000187
2026-02-10 15:48:50,802 - INFO - Epoch 15/20: Train Loss: 6.9074, Val Loss: 6.9096, Val Acc: 0.10%, Test Loss: 6.9096, Test Acc: 0.10%
2026-02-10 15:48:52,649 - INFO - Processing first batch (shape: torch.Size([128, 3, 224, 224]))
2026-02-10 15:48:52,652 - INFO - Running first forward pass (torch.compile may take time)...
2026-02-10 15:48:52,720 - INFO - First forward pass complete (output shape: torch.Size([128, 1000]))
2026-02-10 15:48:52,760 - INFO - First batch complete! Loss: 6.9082
2026-02-10 16:07:28,493 - INFO - Epoch 16/20: LR: 0.000126
2026-02-10 16:07:28,537 - INFO - Epoch 16/20: Train Loss: 6.9073, Val Loss: 6.9095, Val Acc: 0.10%
2026-02-10 16:07:30,242 - INFO - Processing first batch (shape: torch.Size([128, 3, 224, 224]))
2026-02-10 16:07:30,247 - INFO - Running first forward pass (torch.compile may take time)...
2026-02-10 16:07:30,281 - INFO - First forward pass complete (output shape: torch.Size([128, 1000]))
2026-02-10 16:07:30,320 - INFO - First batch complete! Loss: 6.9072
2026-02-10 16:28:26,356 - INFO - Epoch 17/20: LR: 0.000076
2026-02-10 16:28:26,389 - INFO - Epoch 17/20: Train Loss: 6.9070, Val Loss: 6.9089, Val Acc: 0.10%
2026-02-10 16:28:28,613 - INFO - Processing first batch (shape: torch.Size([128, 3, 224, 224]))
2026-02-10 16:28:28,618 - INFO - Running first forward pass (torch.compile may take time)...
2026-02-10 16:28:28,666 - INFO - First forward pass complete (output shape: torch.Size([128, 1000]))
2026-02-10 16:28:28,710 - INFO - First batch complete! Loss: 6.9041
2026-02-10 16:49:27,158 - INFO - Epoch 18/20: LR: 0.000040
2026-02-10 16:49:27,317 - INFO - Epoch 18/20: Train Loss: 6.9075, Val Loss: 6.9103, Val Acc: 0.10%
2026-02-10 16:49:29,068 - INFO - Processing first batch (shape: torch.Size([128, 3, 224, 224]))
2026-02-10 16:49:29,073 - INFO - Running first forward pass (torch.compile may take time)...
2026-02-10 16:49:29,128 - INFO - First forward pass complete (output shape: torch.Size([128, 1000]))
2026-02-10 16:49:29,174 - INFO - First batch complete! Loss: 6.9131
2026-02-10 17:11:03,860 - INFO - Epoch 19/20: LR: 0.000018
2026-02-10 17:11:03,973 - INFO - Epoch 19/20: Train Loss: 6.9075, Val Loss: 6.9118, Val Acc: 0.10%
2026-02-10 17:11:05,729 - INFO - Processing first batch (shape: torch.Size([128, 3, 224, 224]))
2026-02-10 17:11:05,733 - INFO - Running first forward pass (torch.compile may take time)...
2026-02-10 17:11:05,770 - INFO - First forward pass complete (output shape: torch.Size([128, 1000]))
2026-02-10 17:11:05,810 - INFO - First batch complete! Loss: 6.9043
2026-02-10 17:31:17,524 - INFO - Epoch 20/20: LR: 0.000010
2026-02-10 17:38:53,976 - INFO - Epoch 20/20: Train Loss: 6.9085, Val Loss: 6.9118, Val Acc: 0.10%, Test Loss: 6.9118, Test Acc: 0.10%
2026-02-10 17:38:54,021 - INFO - Saving checkpoint for epoch 20...
2026-02-10 17:38:54,752 - INFO - ✅ Checkpoint saved: runs/run_300/checkpoint_epoch_20.pth
2026-02-10 17:38:54,755 - INFO - Training completed!
2026-02-10 17:38:54,757 - INFO - Generating training curves...
2026-02-10 17:38:56,538 - INFO - Too many classes (1000) for per-class plotting, skipping
2026-02-10 17:38:56,540 - INFO - Training curves saved as separate images with base name 'runs/run_300/training_curves_from_scratch'
2026-02-10 17:38:56,541 - INFO - Generating confusion matrix on test set...
