2026-02-13 17:51:45,147 - INFO - Logging initialized. Log file: runs/run_438/training.log
2026-02-13 17:51:45,167 - INFO - ✅ All seeds set to 42 (deterministic=False)
2026-02-13 17:51:45,168 - INFO - ================================================================================
2026-02-13 17:51:45,169 - INFO - GRID RUN 1/1
2026-02-13 17:51:45,171 - INFO -   lr=2.0e-04, mask_ratio=0.9, wd=0.05, epochs=100
2026-02-13 17:51:45,172 - INFO - ================================================================================
2026-02-13 17:51:45,173 - INFO - Experiment directory: runs/run_438
2026-02-13 17:51:45,174 - INFO - Dataset: SCIN
2026-02-13 17:51:45,176 - INFO - Data config: {'dataset': 'SCIN', 'use_batch_for_val': False, 'val_batch': None, 'batch_size': 128, 'num_workers': 8, 'root': './datasets', 'img_size': 224, 'val_frac': 0.1, 'test_frac': 0.0, 'n_train': None, 'n_test': None, 'stratified': False}
2026-02-13 17:51:45,177 - INFO - Swin config: {'img_size': 224, 'variant': 'tiny', 'patch_size': 4, 'embed_dim': 96, 'depths': [2, 2, 6, 2], 'num_heads': [3, 6, 12, 24], 'window_size': 7, 'mlp_ratio': 4.0, 'dropout': 0.0, 'attention_dropout': 0.0, 'projection_dropout': 0.0, 'drop_path_rate': 0.05, 'use_gradient_checkpointing': False}
2026-02-13 17:51:45,179 - INFO - SimMIM config: {'type': 'simmim', 'mask_ratio': 0.9, 'mask_type': 'random', 'norm_target': {'enable': True, 'patch_size': 7}, 'loss': {'type': 'l1'}}
2026-02-13 17:51:45,180 - INFO - Training config: {'learning_rate': 0.0002, 'num_epochs': 100, 'warmup_epochs': 10, 'warmup_start_factor': 0.1, 'weight_decay': 0.05, 'mixed_precision': True, 'compile': False, 'checkpoint_frequency': 1, 'load_imagenet_pretrained': True, 'early_stopping': {'enabled': False, 'patience': 20, 'min_delta': 0.0001, 'mode': 'min'}, 'batch_size': 128}
2026-02-13 17:51:45,182 - INFO - ============================================================
2026-02-13 17:51:45,183 - INFO - SimMIM Pipeline: Swin + SimMIM
2026-02-13 17:51:45,185 - INFO - ============================================================
2026-02-13 17:51:45,187 - INFO - Creating Swin + SimMIM model...
2026-02-13 17:51:47,816 - INFO - Loading pretrained weights from Hugging Face hub (timm/swin_tiny_patch4_window7_224.ms_in1k)
2026-02-13 17:51:47,959 - INFO - [timm/swin_tiny_patch4_window7_224.ms_in1k] Safe alternative available for 'pytorch_model.bin' (as 'model.safetensors'). Loading weights using safetensors.
2026-02-13 17:51:48,405 - INFO - Loaded pretrained model: swin_tiny_patch4_window7_224 from timm.
2026-02-13 17:51:48,593 - INFO - Weight transfer: 169 layers transferred.
2026-02-13 17:51:48,594 - WARNING - Missing weights: ['mask_token']
2026-02-13 17:51:48,602 - INFO - Model parameters: total=29,880,282, trainable=29,880,282
2026-02-13 17:51:48,677 - INFO - Mixed precision: CUDA bf16 selected (hardware supported)
2026-02-13 17:51:48,680 - INFO - AdamW param groups: decay=53 tensors, no_decay=119 tensors
2026-02-13 17:51:48,682 - INFO - LR Scheduler: cosine with 10 warmup epochs
2026-02-13 17:51:48,684 - INFO - Learning rate: 0.0002, min_lr: 2.0000000000000003e-06
2026-02-13 17:51:48,685 - INFO - Mask generator: RandomMaskGenerator(mask_ratio=0.9)
2026-02-13 17:51:48,686 - INFO - Training configuration:
2026-02-13 17:51:48,688 - INFO -   Epochs: 100
2026-02-13 17:51:48,689 - INFO -   Warmup epochs: 10
2026-02-13 17:51:48,690 - INFO -   Learning rate: 0.0002
2026-02-13 17:51:48,691 - INFO -   Weight decay: 0.05
2026-02-13 17:51:48,693 - INFO -   Mixed precision: torch.bfloat16
2026-02-13 17:51:48,694 - INFO - SimMIM configuration:
2026-02-13 17:51:48,695 - INFO -   Type: simmim
2026-02-13 17:51:48,697 - INFO -   Mask type: random
2026-02-13 17:51:48,698 - INFO -   Mask ratio: 0.9
2026-02-13 17:51:48,699 - INFO -   Norm target: enable=True, patch_size=7
2026-02-13 17:51:48,701 - INFO -   Loss type: l1
2026-02-13 17:51:48,702 - INFO - Starting SimMIM pretraining...
2026-02-13 17:51:48,703 - INFO - Starting SIMMIM training...
2026-02-13 17:51:48,705 - INFO - Training for 100 epochs, 67 batches/epoch
2026-02-13 17:54:01,998 - INFO - Epoch 1/100: Train Loss: 0.824968, Val Loss: 0.566771
2026-02-13 17:54:02,000 - INFO -   → New best val loss: 0.566771
2026-02-13 17:54:03,408 - INFO - ✅ Checkpoint saved: runs/run_438/best_model.pth
2026-02-13 17:54:03,410 - INFO -   → Best model saved to runs/run_438/best_model.pth
2026-02-13 17:54:04,633 - INFO - ✅ Checkpoint saved: runs/run_438/last_model.pth
2026-02-13 17:54:04,635 - INFO - Checkpoint saved (latest): runs/run_438/last_model.pth
2026-02-13 17:56:15,914 - INFO - Epoch 2/100: Train Loss: 0.544194, Val Loss: 0.554788
2026-02-13 17:56:15,916 - INFO -   → New best val loss: 0.554788
2026-02-13 17:56:17,118 - INFO - ✅ Checkpoint saved: runs/run_438/best_model.pth
2026-02-13 17:56:17,120 - INFO -   → Best model saved to runs/run_438/best_model.pth
2026-02-13 17:56:18,382 - INFO - ✅ Checkpoint saved: runs/run_438/last_model.pth
2026-02-13 17:56:18,384 - INFO - Checkpoint saved (latest): runs/run_438/last_model.pth
2026-02-13 17:58:34,364 - INFO - Epoch 3/100: Train Loss: 0.537342, Val Loss: 0.553170
2026-02-13 17:58:34,366 - INFO -   → New best val loss: 0.553170
2026-02-13 17:58:35,598 - INFO - ✅ Checkpoint saved: runs/run_438/best_model.pth
2026-02-13 17:58:35,600 - INFO -   → Best model saved to runs/run_438/best_model.pth
2026-02-13 17:58:36,849 - INFO - ✅ Checkpoint saved: runs/run_438/last_model.pth
2026-02-13 17:58:36,851 - INFO - Checkpoint saved (latest): runs/run_438/last_model.pth
2026-02-13 18:00:49,768 - INFO - Epoch 4/100: Train Loss: 0.535157, Val Loss: 0.552655
2026-02-13 18:00:49,771 - INFO -   → New best val loss: 0.552655
2026-02-13 18:00:50,984 - INFO - ✅ Checkpoint saved: runs/run_438/best_model.pth
2026-02-13 18:00:50,986 - INFO -   → Best model saved to runs/run_438/best_model.pth
2026-02-13 18:00:52,226 - INFO - ✅ Checkpoint saved: runs/run_438/last_model.pth
2026-02-13 18:00:52,228 - INFO - Checkpoint saved (latest): runs/run_438/last_model.pth
2026-02-13 18:03:09,048 - INFO - Epoch 5/100: Train Loss: 0.534189, Val Loss: 0.552087
2026-02-13 18:03:09,050 - INFO -   → New best val loss: 0.552087
2026-02-13 18:03:10,274 - INFO - ✅ Checkpoint saved: runs/run_438/best_model.pth
2026-02-13 18:03:10,276 - INFO -   → Best model saved to runs/run_438/best_model.pth
2026-02-13 18:03:11,538 - INFO - ✅ Checkpoint saved: runs/run_438/last_model.pth
2026-02-13 18:03:11,539 - INFO - Checkpoint saved (latest): runs/run_438/last_model.pth
2026-02-13 18:05:24,818 - INFO - Epoch 6/100: Train Loss: 0.533386, Val Loss: 0.552005
2026-02-13 18:05:24,819 - INFO -   → New best val loss: 0.552005
2026-02-13 18:05:26,404 - INFO - ✅ Checkpoint saved: runs/run_438/best_model.pth
2026-02-13 18:05:26,406 - INFO -   → Best model saved to runs/run_438/best_model.pth
2026-02-13 18:05:27,703 - INFO - ✅ Checkpoint saved: runs/run_438/last_model.pth
2026-02-13 18:05:27,705 - INFO - Checkpoint saved (latest): runs/run_438/last_model.pth
2026-02-13 18:07:39,451 - INFO - Epoch 7/100: Train Loss: 0.532788, Val Loss: 0.552400
2026-02-13 18:07:40,696 - INFO - ✅ Checkpoint saved: runs/run_438/last_model.pth
2026-02-13 18:07:40,698 - INFO - Checkpoint saved (latest): runs/run_438/last_model.pth
2026-02-13 18:09:54,312 - INFO - Epoch 8/100: Train Loss: 0.532443, Val Loss: 0.552543
2026-02-13 18:09:55,563 - INFO - ✅ Checkpoint saved: runs/run_438/last_model.pth
2026-02-13 18:09:55,565 - INFO - Checkpoint saved (latest): runs/run_438/last_model.pth
2026-02-13 18:12:13,303 - INFO - Epoch 9/100: Train Loss: 0.532625, Val Loss: 0.552587
2026-02-13 18:12:14,591 - INFO - ✅ Checkpoint saved: runs/run_438/last_model.pth
2026-02-13 18:12:14,593 - INFO - Checkpoint saved (latest): runs/run_438/last_model.pth
2026-02-13 18:14:28,044 - INFO - Epoch 10/100: Train Loss: 0.532357, Val Loss: 0.551935
2026-02-13 18:14:28,046 - INFO -   → New best val loss: 0.551935
2026-02-13 18:14:29,737 - INFO - ✅ Checkpoint saved: runs/run_438/best_model.pth
2026-02-13 18:14:29,738 - INFO -   → Best model saved to runs/run_438/best_model.pth
2026-02-13 18:14:30,970 - INFO - ✅ Checkpoint saved: runs/run_438/last_model.pth
2026-02-13 18:14:30,972 - INFO - Checkpoint saved (latest): runs/run_438/last_model.pth
2026-02-13 18:16:44,438 - INFO - Epoch 11/100: Train Loss: 0.532437, Val Loss: 0.552336
2026-02-13 18:16:45,694 - INFO - ✅ Checkpoint saved: runs/run_438/last_model.pth
2026-02-13 18:16:45,696 - INFO - Checkpoint saved (latest): runs/run_438/last_model.pth
2026-02-13 18:18:58,968 - INFO - Epoch 12/100: Train Loss: 0.531691, Val Loss: 0.552428
2026-02-13 18:19:00,255 - INFO - ✅ Checkpoint saved: runs/run_438/last_model.pth
2026-02-13 18:19:00,258 - INFO - Checkpoint saved (latest): runs/run_438/last_model.pth
2026-02-13 18:21:15,080 - INFO - Epoch 13/100: Train Loss: 0.531792, Val Loss: 0.551975
2026-02-13 18:21:16,717 - INFO - ✅ Checkpoint saved: runs/run_438/last_model.pth
2026-02-13 18:21:16,719 - INFO - Checkpoint saved (latest): runs/run_438/last_model.pth
2026-02-13 18:23:31,995 - INFO - Epoch 14/100: Train Loss: 0.531707, Val Loss: 0.551776
2026-02-13 18:23:31,997 - INFO -   → New best val loss: 0.551776
2026-02-13 18:23:33,262 - INFO - ✅ Checkpoint saved: runs/run_438/best_model.pth
2026-02-13 18:23:33,264 - INFO -   → Best model saved to runs/run_438/best_model.pth
2026-02-13 18:23:34,774 - INFO - ✅ Checkpoint saved: runs/run_438/last_model.pth
2026-02-13 18:23:34,775 - INFO - Checkpoint saved (latest): runs/run_438/last_model.pth
2026-02-13 18:25:49,276 - INFO - Epoch 15/100: Train Loss: 0.531574, Val Loss: 0.552571
2026-02-13 18:25:50,515 - INFO - ✅ Checkpoint saved: runs/run_438/last_model.pth
2026-02-13 18:25:50,517 - INFO - Checkpoint saved (latest): runs/run_438/last_model.pth
2026-02-13 18:28:04,123 - INFO - Epoch 16/100: Train Loss: 0.531556, Val Loss: 0.551846
2026-02-13 18:28:05,393 - INFO - ✅ Checkpoint saved: runs/run_438/last_model.pth
2026-02-13 18:28:05,394 - INFO - Checkpoint saved (latest): runs/run_438/last_model.pth
2026-02-13 18:30:21,248 - INFO - Epoch 17/100: Train Loss: 0.531139, Val Loss: 0.551709
2026-02-13 18:30:21,272 - INFO -   → New best val loss: 0.551709
2026-02-13 18:30:24,227 - INFO - ✅ Checkpoint saved: runs/run_438/best_model.pth
2026-02-13 18:30:24,229 - INFO -   → Best model saved to runs/run_438/best_model.pth
2026-02-13 18:30:25,593 - INFO - ✅ Checkpoint saved: runs/run_438/last_model.pth
2026-02-13 18:30:25,595 - INFO - Checkpoint saved (latest): runs/run_438/last_model.pth
2026-02-13 18:32:39,243 - INFO - Epoch 18/100: Train Loss: 0.531051, Val Loss: 0.552648
2026-02-13 18:32:41,222 - INFO - ✅ Checkpoint saved: runs/run_438/last_model.pth
2026-02-13 18:32:41,224 - INFO - Checkpoint saved (latest): runs/run_438/last_model.pth
2026-02-13 18:34:58,623 - INFO - Epoch 19/100: Train Loss: 0.531056, Val Loss: 0.552245
2026-02-13 18:34:59,943 - INFO - ✅ Checkpoint saved: runs/run_438/last_model.pth
2026-02-13 18:34:59,945 - INFO - Checkpoint saved (latest): runs/run_438/last_model.pth
2026-02-13 18:37:18,941 - INFO - Epoch 20/100: Train Loss: 0.531217, Val Loss: 0.551775
2026-02-13 18:37:20,553 - INFO - ✅ Checkpoint saved: runs/run_438/last_model.pth
2026-02-13 18:37:20,555 - INFO - Checkpoint saved (latest): runs/run_438/last_model.pth
2026-02-13 18:39:36,375 - INFO - Epoch 21/100: Train Loss: 0.531187, Val Loss: 0.551590
2026-02-13 18:39:36,377 - INFO -   → New best val loss: 0.551590
2026-02-13 18:39:40,695 - INFO - ✅ Checkpoint saved: runs/run_438/best_model.pth
2026-02-13 18:39:40,696 - INFO -   → Best model saved to runs/run_438/best_model.pth
2026-02-13 18:39:45,032 - INFO - ✅ Checkpoint saved: runs/run_438/last_model.pth
2026-02-13 18:39:45,034 - INFO - Checkpoint saved (latest): runs/run_438/last_model.pth
2026-02-13 18:41:58,182 - INFO - Epoch 22/100: Train Loss: 0.530645, Val Loss: 0.551636
2026-02-13 18:41:59,560 - INFO - ✅ Checkpoint saved: runs/run_438/last_model.pth
2026-02-13 18:41:59,562 - INFO - Checkpoint saved (latest): runs/run_438/last_model.pth
2026-02-13 18:44:18,510 - INFO - Epoch 23/100: Train Loss: 0.531528, Val Loss: 0.551622
2026-02-13 18:44:20,068 - INFO - ✅ Checkpoint saved: runs/run_438/last_model.pth
2026-02-13 18:44:20,070 - INFO - Checkpoint saved (latest): runs/run_438/last_model.pth
2026-02-13 18:46:34,912 - INFO - Epoch 24/100: Train Loss: 0.531123, Val Loss: 0.551355
2026-02-13 18:46:34,952 - INFO -   → New best val loss: 0.551355
2026-02-13 18:46:37,276 - INFO - ✅ Checkpoint saved: runs/run_438/best_model.pth
2026-02-13 18:46:37,278 - INFO -   → Best model saved to runs/run_438/best_model.pth
2026-02-13 18:46:40,072 - INFO - ✅ Checkpoint saved: runs/run_438/last_model.pth
2026-02-13 18:46:40,073 - INFO - Checkpoint saved (latest): runs/run_438/last_model.pth
2026-02-13 18:48:52,955 - INFO - Epoch 25/100: Train Loss: 0.531488, Val Loss: 0.551777
2026-02-13 18:48:55,105 - INFO - ✅ Checkpoint saved: runs/run_438/last_model.pth
2026-02-13 18:48:55,107 - INFO - Checkpoint saved (latest): runs/run_438/last_model.pth
2026-02-13 18:51:09,201 - INFO - Epoch 26/100: Train Loss: 0.530636, Val Loss: 0.551639
2026-02-13 18:51:10,885 - INFO - ✅ Checkpoint saved: runs/run_438/last_model.pth
2026-02-13 18:51:10,886 - INFO - Checkpoint saved (latest): runs/run_438/last_model.pth
2026-02-13 18:53:26,889 - INFO - Epoch 27/100: Train Loss: 0.530872, Val Loss: 0.551612
2026-02-13 18:53:28,551 - INFO - ✅ Checkpoint saved: runs/run_438/last_model.pth
2026-02-13 18:53:28,553 - INFO - Checkpoint saved (latest): runs/run_438/last_model.pth
2026-02-13 18:55:42,455 - INFO - Epoch 28/100: Train Loss: 0.530531, Val Loss: 0.551553
2026-02-13 18:55:44,142 - INFO - ✅ Checkpoint saved: runs/run_438/last_model.pth
2026-02-13 18:55:44,144 - INFO - Checkpoint saved (latest): runs/run_438/last_model.pth
2026-02-13 18:57:57,225 - INFO - Epoch 29/100: Train Loss: 0.531098, Val Loss: 0.551667
2026-02-13 18:57:58,606 - INFO - ✅ Checkpoint saved: runs/run_438/last_model.pth
2026-02-13 18:57:58,608 - INFO - Checkpoint saved (latest): runs/run_438/last_model.pth
2026-02-13 19:00:11,106 - INFO - Epoch 30/100: Train Loss: 0.531411, Val Loss: 0.551589
2026-02-13 19:00:13,436 - INFO - ✅ Checkpoint saved: runs/run_438/last_model.pth
2026-02-13 19:00:13,438 - INFO - Checkpoint saved (latest): runs/run_438/last_model.pth
2026-02-13 19:02:26,551 - INFO - Epoch 31/100: Train Loss: 0.530728, Val Loss: 0.551371
2026-02-13 19:02:28,601 - INFO - ✅ Checkpoint saved: runs/run_438/last_model.pth
2026-02-13 19:02:28,603 - INFO - Checkpoint saved (latest): runs/run_438/last_model.pth
2026-02-13 19:04:41,077 - INFO - Epoch 32/100: Train Loss: 0.531090, Val Loss: 0.551531
2026-02-13 19:04:42,303 - INFO - ✅ Checkpoint saved: runs/run_438/last_model.pth
2026-02-13 19:04:42,305 - INFO - Checkpoint saved (latest): runs/run_438/last_model.pth
2026-02-13 19:06:56,535 - INFO - Epoch 33/100: Train Loss: 0.531157, Val Loss: 0.551368
2026-02-13 19:06:58,015 - INFO - ✅ Checkpoint saved: runs/run_438/last_model.pth
2026-02-13 19:06:58,017 - INFO - Checkpoint saved (latest): runs/run_438/last_model.pth
2026-02-13 19:09:10,813 - INFO - Epoch 34/100: Train Loss: 0.530459, Val Loss: 0.551236
2026-02-13 19:09:10,840 - INFO -   → New best val loss: 0.551236
2026-02-13 19:09:13,333 - INFO - ✅ Checkpoint saved: runs/run_438/best_model.pth
2026-02-13 19:09:13,336 - INFO -   → Best model saved to runs/run_438/best_model.pth
2026-02-13 19:09:15,014 - INFO - ✅ Checkpoint saved: runs/run_438/last_model.pth
2026-02-13 19:09:15,015 - INFO - Checkpoint saved (latest): runs/run_438/last_model.pth
2026-02-13 19:11:29,717 - INFO - Epoch 35/100: Train Loss: 0.531150, Val Loss: 0.551424
2026-02-13 19:11:31,351 - INFO - ✅ Checkpoint saved: runs/run_438/last_model.pth
2026-02-13 19:11:31,353 - INFO - Checkpoint saved (latest): runs/run_438/last_model.pth
2026-02-13 19:13:44,153 - INFO - Epoch 36/100: Train Loss: 0.530785, Val Loss: 0.551308
2026-02-13 19:13:46,646 - INFO - ✅ Checkpoint saved: runs/run_438/last_model.pth
2026-02-13 19:13:46,649 - INFO - Checkpoint saved (latest): runs/run_438/last_model.pth
2026-02-13 19:15:58,782 - INFO - Epoch 37/100: Train Loss: 0.530715, Val Loss: 0.551411
2026-02-13 19:16:00,226 - INFO - ✅ Checkpoint saved: runs/run_438/last_model.pth
2026-02-13 19:16:00,228 - INFO - Checkpoint saved (latest): runs/run_438/last_model.pth
2026-02-13 19:18:12,942 - INFO - Epoch 38/100: Train Loss: 0.530806, Val Loss: 0.551216
2026-02-13 19:18:12,944 - INFO -   → New best val loss: 0.551216
2026-02-13 19:18:15,656 - INFO - ✅ Checkpoint saved: runs/run_438/best_model.pth
2026-02-13 19:18:15,658 - INFO -   → Best model saved to runs/run_438/best_model.pth
2026-02-13 19:18:16,954 - INFO - ✅ Checkpoint saved: runs/run_438/last_model.pth
2026-02-13 19:18:16,956 - INFO - Checkpoint saved (latest): runs/run_438/last_model.pth
2026-02-13 19:20:32,642 - INFO - Epoch 39/100: Train Loss: 0.530588, Val Loss: 0.551318
2026-02-13 19:20:34,158 - INFO - ✅ Checkpoint saved: runs/run_438/last_model.pth
2026-02-13 19:20:34,160 - INFO - Checkpoint saved (latest): runs/run_438/last_model.pth
2026-02-13 19:22:48,025 - INFO - Epoch 40/100: Train Loss: 0.529852, Val Loss: 0.551213
2026-02-13 19:22:48,026 - INFO -   → New best val loss: 0.551213
2026-02-13 19:22:49,422 - INFO - ✅ Checkpoint saved: runs/run_438/best_model.pth
2026-02-13 19:22:49,424 - INFO -   → Best model saved to runs/run_438/best_model.pth
2026-02-13 19:22:50,685 - INFO - ✅ Checkpoint saved: runs/run_438/last_model.pth
2026-02-13 19:22:50,687 - INFO - Checkpoint saved (latest): runs/run_438/last_model.pth
2026-02-13 19:25:04,575 - INFO - Epoch 41/100: Train Loss: 0.530649, Val Loss: 0.551088
2026-02-13 19:25:04,577 - INFO -   → New best val loss: 0.551088
2026-02-13 19:25:06,361 - INFO - ✅ Checkpoint saved: runs/run_438/best_model.pth
2026-02-13 19:25:06,364 - INFO -   → Best model saved to runs/run_438/best_model.pth
2026-02-13 19:25:07,630 - INFO - ✅ Checkpoint saved: runs/run_438/last_model.pth
2026-02-13 19:25:07,632 - INFO - Checkpoint saved (latest): runs/run_438/last_model.pth
2026-02-13 19:27:22,515 - INFO - Epoch 42/100: Train Loss: 0.530859, Val Loss: 0.551045
2026-02-13 19:27:22,517 - INFO -   → New best val loss: 0.551045
2026-02-13 19:27:24,437 - INFO - ✅ Checkpoint saved: runs/run_438/best_model.pth
2026-02-13 19:27:24,439 - INFO -   → Best model saved to runs/run_438/best_model.pth
2026-02-13 19:27:25,644 - INFO - ✅ Checkpoint saved: runs/run_438/last_model.pth
2026-02-13 19:27:25,646 - INFO - Checkpoint saved (latest): runs/run_438/last_model.pth
2026-02-13 19:29:46,532 - INFO - Epoch 43/100: Train Loss: 0.530190, Val Loss: 0.550865
2026-02-13 19:29:46,534 - INFO -   → New best val loss: 0.550865
2026-02-13 19:29:47,682 - INFO - ✅ Checkpoint saved: runs/run_438/best_model.pth
2026-02-13 19:29:47,684 - INFO -   → Best model saved to runs/run_438/best_model.pth
2026-02-13 19:29:48,903 - INFO - ✅ Checkpoint saved: runs/run_438/last_model.pth
2026-02-13 19:29:48,905 - INFO - Checkpoint saved (latest): runs/run_438/last_model.pth
2026-02-13 19:32:01,837 - INFO - Epoch 44/100: Train Loss: 0.530393, Val Loss: 0.550740
2026-02-13 19:32:01,849 - INFO -   → New best val loss: 0.550740
2026-02-13 19:32:03,063 - INFO - ✅ Checkpoint saved: runs/run_438/best_model.pth
2026-02-13 19:32:03,065 - INFO -   → Best model saved to runs/run_438/best_model.pth
2026-02-13 19:32:04,574 - INFO - ✅ Checkpoint saved: runs/run_438/last_model.pth
2026-02-13 19:32:04,576 - INFO - Checkpoint saved (latest): runs/run_438/last_model.pth
2026-02-13 19:34:17,332 - INFO - Epoch 45/100: Train Loss: 0.530373, Val Loss: 0.550615
2026-02-13 19:34:17,338 - INFO -   → New best val loss: 0.550615
2026-02-13 19:34:18,782 - INFO - ✅ Checkpoint saved: runs/run_438/best_model.pth
2026-02-13 19:34:18,784 - INFO -   → Best model saved to runs/run_438/best_model.pth
2026-02-13 19:34:19,987 - INFO - ✅ Checkpoint saved: runs/run_438/last_model.pth
2026-02-13 19:34:19,988 - INFO - Checkpoint saved (latest): runs/run_438/last_model.pth
2026-02-13 19:36:37,598 - INFO - Epoch 46/100: Train Loss: 0.530250, Val Loss: 0.550524
2026-02-13 19:36:37,619 - INFO -   → New best val loss: 0.550524
2026-02-13 19:36:40,231 - INFO - ✅ Checkpoint saved: runs/run_438/best_model.pth
2026-02-13 19:36:40,233 - INFO -   → Best model saved to runs/run_438/best_model.pth
2026-02-13 19:36:41,549 - INFO - ✅ Checkpoint saved: runs/run_438/last_model.pth
2026-02-13 19:36:41,551 - INFO - Checkpoint saved (latest): runs/run_438/last_model.pth
2026-02-13 19:38:56,653 - INFO - Epoch 47/100: Train Loss: 0.529381, Val Loss: 0.550117
2026-02-13 19:38:56,668 - INFO -   → New best val loss: 0.550117
2026-02-13 19:38:58,489 - INFO - ✅ Checkpoint saved: runs/run_438/best_model.pth
2026-02-13 19:38:58,491 - INFO -   → Best model saved to runs/run_438/best_model.pth
2026-02-13 19:38:59,796 - INFO - ✅ Checkpoint saved: runs/run_438/last_model.pth
2026-02-13 19:38:59,798 - INFO - Checkpoint saved (latest): runs/run_438/last_model.pth
2026-02-13 19:41:19,888 - INFO - Epoch 48/100: Train Loss: 0.529723, Val Loss: 0.550309
2026-02-13 19:41:21,036 - INFO - ✅ Checkpoint saved: runs/run_438/last_model.pth
2026-02-13 19:41:21,037 - INFO - Checkpoint saved (latest): runs/run_438/last_model.pth
2026-02-13 19:43:37,544 - INFO - Epoch 49/100: Train Loss: 0.529668, Val Loss: 0.550078
2026-02-13 19:43:37,546 - INFO -   → New best val loss: 0.550078
2026-02-13 19:43:39,956 - INFO - ✅ Checkpoint saved: runs/run_438/best_model.pth
2026-02-13 19:43:39,958 - INFO -   → Best model saved to runs/run_438/best_model.pth
2026-02-13 19:43:41,200 - INFO - ✅ Checkpoint saved: runs/run_438/last_model.pth
2026-02-13 19:43:41,203 - INFO - Checkpoint saved (latest): runs/run_438/last_model.pth
2026-02-13 19:45:54,018 - INFO - Epoch 50/100: Train Loss: 0.529424, Val Loss: 0.550069
2026-02-13 19:45:54,020 - INFO -   → New best val loss: 0.550069
2026-02-13 19:45:56,360 - INFO - ✅ Checkpoint saved: runs/run_438/best_model.pth
2026-02-13 19:45:56,362 - INFO -   → Best model saved to runs/run_438/best_model.pth
2026-02-13 19:45:57,587 - INFO - ✅ Checkpoint saved: runs/run_438/last_model.pth
2026-02-13 19:45:57,589 - INFO - Checkpoint saved (latest): runs/run_438/last_model.pth
2026-02-13 19:48:10,371 - INFO - Epoch 51/100: Train Loss: 0.528975, Val Loss: 0.549700
2026-02-13 19:48:10,373 - INFO -   → New best val loss: 0.549700
2026-02-13 19:48:12,040 - INFO - ✅ Checkpoint saved: runs/run_438/best_model.pth
2026-02-13 19:48:12,042 - INFO -   → Best model saved to runs/run_438/best_model.pth
2026-02-13 19:48:13,276 - INFO - ✅ Checkpoint saved: runs/run_438/last_model.pth
2026-02-13 19:48:13,278 - INFO - Checkpoint saved (latest): runs/run_438/last_model.pth
2026-02-13 19:50:26,460 - INFO - Epoch 52/100: Train Loss: 0.528866, Val Loss: 0.549531
2026-02-13 19:50:26,462 - INFO -   → New best val loss: 0.549531
2026-02-13 19:50:30,123 - INFO - ✅ Checkpoint saved: runs/run_438/best_model.pth
2026-02-13 19:50:30,125 - INFO -   → Best model saved to runs/run_438/best_model.pth
2026-02-13 19:50:31,350 - INFO - ✅ Checkpoint saved: runs/run_438/last_model.pth
2026-02-13 19:50:31,351 - INFO - Checkpoint saved (latest): runs/run_438/last_model.pth
2026-02-13 19:52:45,342 - INFO - Epoch 53/100: Train Loss: 0.528913, Val Loss: 0.549207
2026-02-13 19:52:45,371 - INFO -   → New best val loss: 0.549207
2026-02-13 19:52:46,921 - INFO - ✅ Checkpoint saved: runs/run_438/best_model.pth
2026-02-13 19:52:46,923 - INFO -   → Best model saved to runs/run_438/best_model.pth
2026-02-13 19:52:48,187 - INFO - ✅ Checkpoint saved: runs/run_438/last_model.pth
2026-02-13 19:52:48,189 - INFO - Checkpoint saved (latest): runs/run_438/last_model.pth
2026-02-13 19:55:00,700 - INFO - Epoch 54/100: Train Loss: 0.528842, Val Loss: 0.549309
2026-02-13 19:55:01,940 - INFO - ✅ Checkpoint saved: runs/run_438/last_model.pth
2026-02-13 19:55:01,942 - INFO - Checkpoint saved (latest): runs/run_438/last_model.pth
2026-02-13 19:57:16,633 - INFO - Epoch 55/100: Train Loss: 0.528382, Val Loss: 0.548801
2026-02-13 19:57:16,635 - INFO -   → New best val loss: 0.548801
2026-02-13 19:57:20,759 - INFO - ✅ Checkpoint saved: runs/run_438/best_model.pth
2026-02-13 19:57:20,761 - INFO -   → Best model saved to runs/run_438/best_model.pth
2026-02-13 19:57:22,034 - INFO - ✅ Checkpoint saved: runs/run_438/last_model.pth
2026-02-13 19:57:22,036 - INFO - Checkpoint saved (latest): runs/run_438/last_model.pth
2026-02-13 19:59:35,907 - INFO - Epoch 56/100: Train Loss: 0.528177, Val Loss: 0.548795
2026-02-13 19:59:35,909 - INFO -   → New best val loss: 0.548795
2026-02-13 19:59:37,717 - INFO - ✅ Checkpoint saved: runs/run_438/best_model.pth
2026-02-13 19:59:37,719 - INFO -   → Best model saved to runs/run_438/best_model.pth
2026-02-13 19:59:38,933 - INFO - ✅ Checkpoint saved: runs/run_438/last_model.pth
2026-02-13 19:59:38,935 - INFO - Checkpoint saved (latest): runs/run_438/last_model.pth
2026-02-13 20:01:51,630 - INFO - Epoch 57/100: Train Loss: 0.528324, Val Loss: 0.548600
2026-02-13 20:01:51,632 - INFO -   → New best val loss: 0.548600
2026-02-13 20:01:54,503 - INFO - ✅ Checkpoint saved: runs/run_438/best_model.pth
2026-02-13 20:01:54,505 - INFO -   → Best model saved to runs/run_438/best_model.pth
2026-02-13 20:01:55,729 - INFO - ✅ Checkpoint saved: runs/run_438/last_model.pth
2026-02-13 20:01:55,731 - INFO - Checkpoint saved (latest): runs/run_438/last_model.pth
2026-02-13 20:04:07,613 - INFO - Epoch 58/100: Train Loss: 0.527978, Val Loss: 0.548379
2026-02-13 20:04:07,616 - INFO -   → New best val loss: 0.548379
2026-02-13 20:04:09,391 - INFO - ✅ Checkpoint saved: runs/run_438/best_model.pth
2026-02-13 20:04:09,394 - INFO -   → Best model saved to runs/run_438/best_model.pth
2026-02-13 20:04:10,641 - INFO - ✅ Checkpoint saved: runs/run_438/last_model.pth
2026-02-13 20:04:10,643 - INFO - Checkpoint saved (latest): runs/run_438/last_model.pth
2026-02-13 20:06:24,108 - INFO - Epoch 59/100: Train Loss: 0.527124, Val Loss: 0.548284
2026-02-13 20:06:24,111 - INFO -   → New best val loss: 0.548284
2026-02-13 20:06:25,691 - INFO - ✅ Checkpoint saved: runs/run_438/best_model.pth
2026-02-13 20:06:25,693 - INFO -   → Best model saved to runs/run_438/best_model.pth
2026-02-13 20:06:26,967 - INFO - ✅ Checkpoint saved: runs/run_438/last_model.pth
2026-02-13 20:06:26,969 - INFO - Checkpoint saved (latest): runs/run_438/last_model.pth
2026-02-13 20:08:40,909 - INFO - Epoch 60/100: Train Loss: 0.527646, Val Loss: 0.548008
2026-02-13 20:08:40,911 - INFO -   → New best val loss: 0.548008
2026-02-13 20:08:42,887 - INFO - ✅ Checkpoint saved: runs/run_438/best_model.pth
2026-02-13 20:08:42,889 - INFO -   → Best model saved to runs/run_438/best_model.pth
2026-02-13 20:08:44,131 - INFO - ✅ Checkpoint saved: runs/run_438/last_model.pth
2026-02-13 20:08:44,133 - INFO - Checkpoint saved (latest): runs/run_438/last_model.pth
2026-02-13 20:10:56,524 - INFO - Epoch 61/100: Train Loss: 0.527510, Val Loss: 0.547966
2026-02-13 20:10:56,526 - INFO -   → New best val loss: 0.547966
2026-02-13 20:10:57,790 - INFO - ✅ Checkpoint saved: runs/run_438/best_model.pth
2026-02-13 20:10:57,792 - INFO -   → Best model saved to runs/run_438/best_model.pth
2026-02-13 20:10:59,005 - INFO - ✅ Checkpoint saved: runs/run_438/last_model.pth
2026-02-13 20:10:59,007 - INFO - Checkpoint saved (latest): runs/run_438/last_model.pth
2026-02-13 20:13:10,930 - INFO - Epoch 62/100: Train Loss: 0.527501, Val Loss: 0.547687
2026-02-13 20:13:10,933 - INFO -   → New best val loss: 0.547687
2026-02-13 20:13:14,384 - INFO - ✅ Checkpoint saved: runs/run_438/best_model.pth
2026-02-13 20:13:14,387 - INFO -   → Best model saved to runs/run_438/best_model.pth
2026-02-13 20:13:15,629 - INFO - ✅ Checkpoint saved: runs/run_438/last_model.pth
2026-02-13 20:13:15,631 - INFO - Checkpoint saved (latest): runs/run_438/last_model.pth
2026-02-13 20:15:27,468 - INFO - Epoch 63/100: Train Loss: 0.526949, Val Loss: 0.547386
2026-02-13 20:15:27,489 - INFO -   → New best val loss: 0.547386
2026-02-13 20:15:29,551 - INFO - ✅ Checkpoint saved: runs/run_438/best_model.pth
2026-02-13 20:15:29,553 - INFO -   → Best model saved to runs/run_438/best_model.pth
2026-02-13 20:15:31,328 - INFO - ✅ Checkpoint saved: runs/run_438/last_model.pth
2026-02-13 20:15:31,329 - INFO - Checkpoint saved (latest): runs/run_438/last_model.pth
2026-02-13 20:17:43,559 - INFO - Epoch 64/100: Train Loss: 0.526244, Val Loss: 0.547239
2026-02-13 20:17:43,561 - INFO -   → New best val loss: 0.547239
2026-02-13 20:17:46,307 - INFO - ✅ Checkpoint saved: runs/run_438/best_model.pth
2026-02-13 20:17:46,309 - INFO -   → Best model saved to runs/run_438/best_model.pth
2026-02-13 20:17:47,563 - INFO - ✅ Checkpoint saved: runs/run_438/last_model.pth
2026-02-13 20:17:47,565 - INFO - Checkpoint saved (latest): runs/run_438/last_model.pth
2026-02-13 20:20:00,468 - INFO - Epoch 65/100: Train Loss: 0.526556, Val Loss: 0.546995
2026-02-13 20:20:00,470 - INFO -   → New best val loss: 0.546995
2026-02-13 20:20:01,705 - INFO - ✅ Checkpoint saved: runs/run_438/best_model.pth
2026-02-13 20:20:01,707 - INFO -   → Best model saved to runs/run_438/best_model.pth
2026-02-13 20:20:02,955 - INFO - ✅ Checkpoint saved: runs/run_438/last_model.pth
2026-02-13 20:20:02,957 - INFO - Checkpoint saved (latest): runs/run_438/last_model.pth
2026-02-13 20:22:15,383 - INFO - Epoch 66/100: Train Loss: 0.526155, Val Loss: 0.546849
2026-02-13 20:22:15,385 - INFO -   → New best val loss: 0.546849
2026-02-13 20:22:17,426 - INFO - ✅ Checkpoint saved: runs/run_438/best_model.pth
2026-02-13 20:22:17,428 - INFO -   → Best model saved to runs/run_438/best_model.pth
2026-02-13 20:22:18,670 - INFO - ✅ Checkpoint saved: runs/run_438/last_model.pth
2026-02-13 20:22:18,672 - INFO - Checkpoint saved (latest): runs/run_438/last_model.pth
2026-02-13 20:24:31,215 - INFO - Epoch 67/100: Train Loss: 0.526827, Val Loss: 0.546590
2026-02-13 20:24:31,216 - INFO -   → New best val loss: 0.546590
2026-02-13 20:24:33,118 - INFO - ✅ Checkpoint saved: runs/run_438/best_model.pth
2026-02-13 20:24:33,120 - INFO -   → Best model saved to runs/run_438/best_model.pth
2026-02-13 20:24:34,362 - INFO - ✅ Checkpoint saved: runs/run_438/last_model.pth
2026-02-13 20:24:34,365 - INFO - Checkpoint saved (latest): runs/run_438/last_model.pth
2026-02-13 20:26:47,766 - INFO - Epoch 68/100: Train Loss: 0.525475, Val Loss: 0.546537
2026-02-13 20:26:47,794 - INFO -   → New best val loss: 0.546537
2026-02-13 20:26:49,567 - INFO - ✅ Checkpoint saved: runs/run_438/best_model.pth
2026-02-13 20:26:49,568 - INFO -   → Best model saved to runs/run_438/best_model.pth
2026-02-13 20:26:51,275 - INFO - ✅ Checkpoint saved: runs/run_438/last_model.pth
2026-02-13 20:26:51,277 - INFO - Checkpoint saved (latest): runs/run_438/last_model.pth
2026-02-13 20:29:02,741 - INFO - Epoch 69/100: Train Loss: 0.525667, Val Loss: 0.546234
2026-02-13 20:29:02,743 - INFO -   → New best val loss: 0.546234
2026-02-13 20:29:04,379 - INFO - ✅ Checkpoint saved: runs/run_438/best_model.pth
2026-02-13 20:29:04,382 - INFO -   → Best model saved to runs/run_438/best_model.pth
2026-02-13 20:29:05,594 - INFO - ✅ Checkpoint saved: runs/run_438/last_model.pth
2026-02-13 20:29:05,596 - INFO - Checkpoint saved (latest): runs/run_438/last_model.pth
2026-02-13 20:31:17,698 - INFO - Epoch 70/100: Train Loss: 0.525325, Val Loss: 0.545978
2026-02-13 20:31:17,709 - INFO -   → New best val loss: 0.545978
2026-02-13 20:31:19,244 - INFO - ✅ Checkpoint saved: runs/run_438/best_model.pth
2026-02-13 20:31:19,246 - INFO -   → Best model saved to runs/run_438/best_model.pth
2026-02-13 20:31:20,516 - INFO - ✅ Checkpoint saved: runs/run_438/last_model.pth
2026-02-13 20:31:20,518 - INFO - Checkpoint saved (latest): runs/run_438/last_model.pth
2026-02-13 20:33:33,666 - INFO - Epoch 71/100: Train Loss: 0.524886, Val Loss: 0.545763
2026-02-13 20:33:33,668 - INFO -   → New best val loss: 0.545763
2026-02-13 20:33:36,383 - INFO - ✅ Checkpoint saved: runs/run_438/best_model.pth
2026-02-13 20:33:36,385 - INFO -   → Best model saved to runs/run_438/best_model.pth
2026-02-13 20:33:37,641 - INFO - ✅ Checkpoint saved: runs/run_438/last_model.pth
2026-02-13 20:33:37,643 - INFO - Checkpoint saved (latest): runs/run_438/last_model.pth
2026-02-13 20:35:50,447 - INFO - Epoch 72/100: Train Loss: 0.525044, Val Loss: 0.545633
2026-02-13 20:35:50,449 - INFO -   → New best val loss: 0.545633
2026-02-13 20:35:51,666 - INFO - ✅ Checkpoint saved: runs/run_438/best_model.pth
2026-02-13 20:35:51,667 - INFO -   → Best model saved to runs/run_438/best_model.pth
2026-02-13 20:35:52,918 - INFO - ✅ Checkpoint saved: runs/run_438/last_model.pth
2026-02-13 20:35:52,920 - INFO - Checkpoint saved (latest): runs/run_438/last_model.pth
2026-02-13 20:38:06,915 - INFO - Epoch 73/100: Train Loss: 0.524862, Val Loss: 0.545512
2026-02-13 20:38:06,917 - INFO -   → New best val loss: 0.545512
2026-02-13 20:38:08,248 - INFO - ✅ Checkpoint saved: runs/run_438/best_model.pth
2026-02-13 20:38:08,250 - INFO -   → Best model saved to runs/run_438/best_model.pth
2026-02-13 20:38:09,431 - INFO - ✅ Checkpoint saved: runs/run_438/last_model.pth
2026-02-13 20:38:09,433 - INFO - Checkpoint saved (latest): runs/run_438/last_model.pth
2026-02-13 20:40:23,252 - INFO - Epoch 74/100: Train Loss: 0.524364, Val Loss: 0.545436
2026-02-13 20:40:23,255 - INFO -   → New best val loss: 0.545436
2026-02-13 20:40:24,443 - INFO - ✅ Checkpoint saved: runs/run_438/best_model.pth
2026-02-13 20:40:24,445 - INFO -   → Best model saved to runs/run_438/best_model.pth
2026-02-13 20:40:25,991 - INFO - ✅ Checkpoint saved: runs/run_438/last_model.pth
2026-02-13 20:40:25,992 - INFO - Checkpoint saved (latest): runs/run_438/last_model.pth
2026-02-13 20:42:39,674 - INFO - Epoch 75/100: Train Loss: 0.524874, Val Loss: 0.545365
2026-02-13 20:42:39,676 - INFO -   → New best val loss: 0.545365
2026-02-13 20:42:40,891 - INFO - ✅ Checkpoint saved: runs/run_438/best_model.pth
2026-02-13 20:42:40,892 - INFO -   → Best model saved to runs/run_438/best_model.pth
2026-02-13 20:42:42,099 - INFO - ✅ Checkpoint saved: runs/run_438/last_model.pth
2026-02-13 20:42:42,101 - INFO - Checkpoint saved (latest): runs/run_438/last_model.pth
2026-02-13 20:44:55,683 - INFO - Epoch 76/100: Train Loss: 0.524655, Val Loss: 0.545123
2026-02-13 20:44:55,685 - INFO -   → New best val loss: 0.545123
2026-02-13 20:44:57,330 - INFO - ✅ Checkpoint saved: runs/run_438/best_model.pth
2026-02-13 20:44:57,332 - INFO -   → Best model saved to runs/run_438/best_model.pth
2026-02-13 20:44:58,567 - INFO - ✅ Checkpoint saved: runs/run_438/last_model.pth
2026-02-13 20:44:58,569 - INFO - Checkpoint saved (latest): runs/run_438/last_model.pth
2026-02-13 20:47:10,707 - INFO - Epoch 77/100: Train Loss: 0.523747, Val Loss: 0.544966
2026-02-13 20:47:10,709 - INFO -   → New best val loss: 0.544966
2026-02-13 20:47:12,093 - INFO - ✅ Checkpoint saved: runs/run_438/best_model.pth
2026-02-13 20:47:12,095 - INFO -   → Best model saved to runs/run_438/best_model.pth
2026-02-13 20:47:13,328 - INFO - ✅ Checkpoint saved: runs/run_438/last_model.pth
2026-02-13 20:47:13,330 - INFO - Checkpoint saved (latest): runs/run_438/last_model.pth
2026-02-13 20:49:24,605 - INFO - Epoch 78/100: Train Loss: 0.524260, Val Loss: 0.544830
2026-02-13 20:49:24,607 - INFO -   → New best val loss: 0.544830
2026-02-13 20:49:25,974 - INFO - ✅ Checkpoint saved: runs/run_438/best_model.pth
2026-02-13 20:49:25,976 - INFO -   → Best model saved to runs/run_438/best_model.pth
2026-02-13 20:49:27,198 - INFO - ✅ Checkpoint saved: runs/run_438/last_model.pth
2026-02-13 20:49:27,200 - INFO - Checkpoint saved (latest): runs/run_438/last_model.pth
2026-02-13 20:51:39,808 - INFO - Epoch 79/100: Train Loss: 0.524160, Val Loss: 0.544811
2026-02-13 20:51:39,810 - INFO -   → New best val loss: 0.544811
2026-02-13 20:51:41,083 - INFO - ✅ Checkpoint saved: runs/run_438/best_model.pth
2026-02-13 20:51:41,085 - INFO -   → Best model saved to runs/run_438/best_model.pth
2026-02-13 20:51:42,317 - INFO - ✅ Checkpoint saved: runs/run_438/last_model.pth
2026-02-13 20:51:42,319 - INFO - Checkpoint saved (latest): runs/run_438/last_model.pth
2026-02-13 20:53:55,158 - INFO - Epoch 80/100: Train Loss: 0.523907, Val Loss: 0.544832
2026-02-13 20:53:56,434 - INFO - ✅ Checkpoint saved: runs/run_438/last_model.pth
2026-02-13 20:53:56,435 - INFO - Checkpoint saved (latest): runs/run_438/last_model.pth
2026-02-13 20:56:08,151 - INFO - Epoch 81/100: Train Loss: 0.523396, Val Loss: 0.544679
2026-02-13 20:56:08,153 - INFO -   → New best val loss: 0.544679
2026-02-13 20:56:09,595 - INFO - ✅ Checkpoint saved: runs/run_438/best_model.pth
2026-02-13 20:56:09,596 - INFO -   → Best model saved to runs/run_438/best_model.pth
2026-02-13 20:56:10,842 - INFO - ✅ Checkpoint saved: runs/run_438/last_model.pth
2026-02-13 20:56:10,844 - INFO - Checkpoint saved (latest): runs/run_438/last_model.pth
2026-02-13 20:58:23,770 - INFO - Epoch 82/100: Train Loss: 0.524174, Val Loss: 0.544679
2026-02-13 20:58:23,809 - INFO -   → New best val loss: 0.544679
2026-02-13 20:58:25,000 - INFO - ✅ Checkpoint saved: runs/run_438/best_model.pth
2026-02-13 20:58:25,001 - INFO -   → Best model saved to runs/run_438/best_model.pth
2026-02-13 20:58:26,630 - INFO - ✅ Checkpoint saved: runs/run_438/last_model.pth
2026-02-13 20:58:26,631 - INFO - Checkpoint saved (latest): runs/run_438/last_model.pth
2026-02-13 21:00:39,254 - INFO - Epoch 83/100: Train Loss: 0.523951, Val Loss: 0.544562
2026-02-13 21:00:39,256 - INFO -   → New best val loss: 0.544562
2026-02-13 21:00:40,463 - INFO - ✅ Checkpoint saved: runs/run_438/best_model.pth
2026-02-13 21:00:40,465 - INFO -   → Best model saved to runs/run_438/best_model.pth
2026-02-13 21:00:41,683 - INFO - ✅ Checkpoint saved: runs/run_438/last_model.pth
2026-02-13 21:00:41,685 - INFO - Checkpoint saved (latest): runs/run_438/last_model.pth
2026-02-13 21:02:53,898 - INFO - Epoch 84/100: Train Loss: 0.523898, Val Loss: 0.544608
2026-02-13 21:02:55,123 - INFO - ✅ Checkpoint saved: runs/run_438/last_model.pth
2026-02-13 21:02:55,124 - INFO - Checkpoint saved (latest): runs/run_438/last_model.pth
2026-02-13 21:05:08,476 - INFO - Epoch 85/100: Train Loss: 0.523655, Val Loss: 0.544387
2026-02-13 21:05:08,477 - INFO -   → New best val loss: 0.544387
2026-02-13 21:05:09,666 - INFO - ✅ Checkpoint saved: runs/run_438/best_model.pth
2026-02-13 21:05:09,668 - INFO -   → Best model saved to runs/run_438/best_model.pth
2026-02-13 21:05:10,871 - INFO - ✅ Checkpoint saved: runs/run_438/last_model.pth
2026-02-13 21:05:10,873 - INFO - Checkpoint saved (latest): runs/run_438/last_model.pth
2026-02-13 21:07:22,949 - INFO - Epoch 86/100: Train Loss: 0.523763, Val Loss: 0.544233
2026-02-13 21:07:22,952 - INFO -   → New best val loss: 0.544233
2026-02-13 21:07:24,160 - INFO - ✅ Checkpoint saved: runs/run_438/best_model.pth
2026-02-13 21:07:24,162 - INFO -   → Best model saved to runs/run_438/best_model.pth
2026-02-13 21:07:25,495 - INFO - ✅ Checkpoint saved: runs/run_438/last_model.pth
2026-02-13 21:07:25,497 - INFO - Checkpoint saved (latest): runs/run_438/last_model.pth
2026-02-13 21:09:38,153 - INFO - Epoch 87/100: Train Loss: 0.523194, Val Loss: 0.544448
2026-02-13 21:09:39,378 - INFO - ✅ Checkpoint saved: runs/run_438/last_model.pth
2026-02-13 21:09:39,379 - INFO - Checkpoint saved (latest): runs/run_438/last_model.pth
2026-02-13 21:11:52,990 - INFO - Epoch 88/100: Train Loss: 0.523265, Val Loss: 0.544326
2026-02-13 21:11:54,221 - INFO - ✅ Checkpoint saved: runs/run_438/last_model.pth
2026-02-13 21:11:54,223 - INFO - Checkpoint saved (latest): runs/run_438/last_model.pth
2026-02-13 21:14:06,849 - INFO - Epoch 89/100: Train Loss: 0.523600, Val Loss: 0.544237
2026-02-13 21:14:08,097 - INFO - ✅ Checkpoint saved: runs/run_438/last_model.pth
2026-02-13 21:14:08,099 - INFO - Checkpoint saved (latest): runs/run_438/last_model.pth
2026-02-13 21:16:20,211 - INFO - Epoch 90/100: Train Loss: 0.523529, Val Loss: 0.544207
2026-02-13 21:16:20,213 - INFO -   → New best val loss: 0.544207
2026-02-13 21:16:21,398 - INFO - ✅ Checkpoint saved: runs/run_438/best_model.pth
2026-02-13 21:16:21,400 - INFO -   → Best model saved to runs/run_438/best_model.pth
2026-02-13 21:16:22,636 - INFO - ✅ Checkpoint saved: runs/run_438/last_model.pth
2026-02-13 21:16:22,638 - INFO - Checkpoint saved (latest): runs/run_438/last_model.pth
2026-02-13 21:18:35,226 - INFO - Epoch 91/100: Train Loss: 0.523243, Val Loss: 0.544223
2026-02-13 21:18:36,524 - INFO - ✅ Checkpoint saved: runs/run_438/last_model.pth
2026-02-13 21:18:36,526 - INFO - Checkpoint saved (latest): runs/run_438/last_model.pth
2026-02-13 21:20:47,864 - INFO - Epoch 92/100: Train Loss: 0.523160, Val Loss: 0.544251
2026-02-13 21:20:49,106 - INFO - ✅ Checkpoint saved: runs/run_438/last_model.pth
2026-02-13 21:20:49,107 - INFO - Checkpoint saved (latest): runs/run_438/last_model.pth
2026-02-13 21:23:01,417 - INFO - Epoch 93/100: Train Loss: 0.522770, Val Loss: 0.544243
2026-02-13 21:23:02,652 - INFO - ✅ Checkpoint saved: runs/run_438/last_model.pth
2026-02-13 21:23:02,654 - INFO - Checkpoint saved (latest): runs/run_438/last_model.pth
2026-02-13 21:25:13,832 - INFO - Epoch 94/100: Train Loss: 0.523239, Val Loss: 0.544112
2026-02-13 21:25:13,834 - INFO -   → New best val loss: 0.544112
2026-02-13 21:25:14,997 - INFO - ✅ Checkpoint saved: runs/run_438/best_model.pth
2026-02-13 21:25:14,999 - INFO -   → Best model saved to runs/run_438/best_model.pth
2026-02-13 21:25:16,215 - INFO - ✅ Checkpoint saved: runs/run_438/last_model.pth
2026-02-13 21:25:16,218 - INFO - Checkpoint saved (latest): runs/run_438/last_model.pth
2026-02-13 21:27:28,725 - INFO - Epoch 95/100: Train Loss: 0.523027, Val Loss: 0.544095
2026-02-13 21:27:28,727 - INFO -   → New best val loss: 0.544095
2026-02-13 21:27:29,928 - INFO - ✅ Checkpoint saved: runs/run_438/best_model.pth
2026-02-13 21:27:29,930 - INFO -   → Best model saved to runs/run_438/best_model.pth
2026-02-13 21:27:31,132 - INFO - ✅ Checkpoint saved: runs/run_438/last_model.pth
2026-02-13 21:27:31,134 - INFO - Checkpoint saved (latest): runs/run_438/last_model.pth
2026-02-13 21:29:43,434 - INFO - Epoch 96/100: Train Loss: 0.523131, Val Loss: 0.544074
2026-02-13 21:29:43,436 - INFO -   → New best val loss: 0.544074
2026-02-13 21:29:44,619 - INFO - ✅ Checkpoint saved: runs/run_438/best_model.pth
2026-02-13 21:29:44,621 - INFO -   → Best model saved to runs/run_438/best_model.pth
2026-02-13 21:29:45,934 - INFO - ✅ Checkpoint saved: runs/run_438/last_model.pth
2026-02-13 21:29:45,936 - INFO - Checkpoint saved (latest): runs/run_438/last_model.pth
2026-02-13 21:31:58,785 - INFO - Epoch 97/100: Train Loss: 0.523313, Val Loss: 0.544053
2026-02-13 21:31:58,787 - INFO -   → New best val loss: 0.544053
2026-02-13 21:31:59,977 - INFO - ✅ Checkpoint saved: runs/run_438/best_model.pth
2026-02-13 21:31:59,979 - INFO -   → Best model saved to runs/run_438/best_model.pth
2026-02-13 21:32:01,199 - INFO - ✅ Checkpoint saved: runs/run_438/last_model.pth
2026-02-13 21:32:01,201 - INFO - Checkpoint saved (latest): runs/run_438/last_model.pth
2026-02-13 21:34:13,403 - INFO - Epoch 98/100: Train Loss: 0.522920, Val Loss: 0.544123
2026-02-13 21:34:14,570 - INFO - ✅ Checkpoint saved: runs/run_438/last_model.pth
2026-02-13 21:34:14,572 - INFO - Checkpoint saved (latest): runs/run_438/last_model.pth
2026-02-13 21:36:26,165 - INFO - Epoch 99/100: Train Loss: 0.522433, Val Loss: 0.544060
2026-02-13 21:36:27,845 - INFO - ✅ Checkpoint saved: runs/run_438/last_model.pth
2026-02-13 21:36:27,847 - INFO - Checkpoint saved (latest): runs/run_438/last_model.pth
2026-02-13 21:38:39,222 - INFO - Epoch 100/100: Train Loss: 0.523049, Val Loss: 0.544031
2026-02-13 21:38:39,224 - INFO -   → New best val loss: 0.544031
2026-02-13 21:38:41,105 - INFO - ✅ Checkpoint saved: runs/run_438/best_model.pth
2026-02-13 21:38:41,107 - INFO -   → Best model saved to runs/run_438/best_model.pth
2026-02-13 21:38:42,282 - INFO - ✅ Checkpoint saved: runs/run_438/last_model.pth
2026-02-13 21:38:42,284 - INFO - Checkpoint saved (latest): runs/run_438/last_model.pth
2026-02-13 21:38:42,285 - INFO - Training complete! Best val loss: 0.544031
2026-02-13 21:38:42,286 - INFO - SIMMIM pretraining complete!
2026-02-13 21:38:42,288 - INFO - Loading best model from runs/run_438/best_model.pth
2026-02-13 21:38:43,393 - INFO - Best model successfully loaded for final evaluation.
2026-02-13 21:38:43,394 - INFO - Generating reports...
2026-02-13 21:38:43,395 - INFO - Generating SimMIM training curves...
2026-02-13 21:38:44,264 - INFO - Generating LR schedule plot...
2026-02-13 21:38:45,115 - INFO - LR schedule plot saved to 'runs/run_438/lr_schedule_swin_simmim.png'
2026-02-13 21:38:45,117 - INFO - Final train loss (last epoch): 0.523049
2026-02-13 21:38:45,118 - INFO - Best val loss: 0.544031 (epoch 100)
2026-02-13 21:38:45,169 - INFO - Final metrics saved to runs/run_438/final_metrics_swin_simmim.json
2026-02-13 21:38:45,628 - INFO - ✅ Model weights saved: runs/run_438/final_model_swin_simmim_weights.pth
2026-02-13 21:38:45,698 - INFO - Final model saved: runs/run_438/final_model_swin_simmim_weights.pth
2026-02-13 21:38:45,699 - INFO - Final model metadata saved: runs/run_438/final_model_swin_simmim_metadata.json
2026-02-13 21:38:45,704 - INFO - Experiment completed. Results saved to runs/run_438/results_swin_simmim.json
2026-02-13 21:38:45,732 - INFO - Experiment completed. Metadata saved to runs/run_438/metadata_swin_simmim.json
2026-02-13 21:38:45,733 - INFO - ============================================================
2026-02-13 21:38:45,734 - INFO - SimMIM PIPELINE COMPLETE
2026-02-13 21:38:45,735 - INFO - Final train loss: 0.523049
2026-02-13 21:38:45,737 - INFO - Final val loss: 0.544031
2026-02-13 21:38:45,738 - INFO - Best val loss: 0.544031
2026-02-13 21:38:45,739 - INFO - ============================================================
2026-02-13 21:38:45,748 - INFO - ✓ Grid run 1/1 completed successfully
2026-02-13 21:38:45,750 - INFO -   Best val loss: 0.5440305918455124
2026-02-13 21:38:45,751 - INFO - ================================================================================
2026-02-13 21:38:45,753 - INFO - GRID SEARCH COMPLETE
2026-02-13 21:38:45,754 - INFO - ================================================================================
2026-02-13 21:38:45,845 - ERROR - Grid search failed with error: Object of type PosixPath is not JSON serializable
2026-02-13 21:38:45,847 - ERROR - Full traceback:
Traceback (most recent call last):
  File "/home/pml17/Machine-Learning-Project/main_simmim.py", line 213, in main
    json.dump(grid_results, f, indent=2)
  File "/usr/local/lib/python3.12/json/__init__.py", line 179, in dump
    for chunk in iterable:
                 ^^^^^^^^
  File "/usr/local/lib/python3.12/json/encoder.py", line 430, in _iterencode
    yield from _iterencode_list(o, _current_indent_level)
  File "/usr/local/lib/python3.12/json/encoder.py", line 326, in _iterencode_list
    yield from chunks
  File "/usr/local/lib/python3.12/json/encoder.py", line 406, in _iterencode_dict
    yield from chunks
  File "/usr/local/lib/python3.12/json/encoder.py", line 439, in _iterencode
    o = _default(o)
        ^^^^^^^^^^^
  File "/usr/local/lib/python3.12/json/encoder.py", line 180, in default
    raise TypeError(f'Object of type {o.__class__.__name__} '
TypeError: Object of type PosixPath is not JSON serializable
