2026-02-07 15:50:36,713 - INFO - Logging initialized. Log file: runs/run_267/training.log
2026-02-07 15:50:36,715 - INFO - ================================================================================
2026-02-07 15:50:36,716 - INFO - SWIN TRANSFORMER EXPLAINABILITY ANALYSIS
2026-02-07 15:50:36,718 - INFO - ================================================================================
2026-02-07 15:50:36,720 - INFO - Run directory: runs/run_267
2026-02-07 15:50:36,721 - INFO - Validating explainability configuration...
2026-02-07 15:50:36,723 - INFO - Configuration validation passed!
2026-02-07 15:50:36,737 - INFO - ✅ All seeds set to 42 (deterministic=True)
2026-02-07 15:50:36,738 - INFO - Random seed set to 42 (deterministic=True)
2026-02-07 15:50:36,875 - INFO - Using device: cuda
2026-02-07 15:50:36,964 - INFO - GPU: NVIDIA A100 80GB PCIe MIG 3g.40gb
2026-02-07 15:50:36,966 - INFO - CUDA version: 12.8
2026-02-07 15:50:36,967 - INFO - Loading data for explainability analysis...
2026-02-07 15:50:36,968 - INFO - Dataset: ImageNet
2026-02-07 15:50:36,970 - INFO - Data path: /
2026-02-07 15:50:36,972 - INFO - Starting ImageNet data loading from root: /
2026-02-07 15:50:36,973 - INFO - Resolved root path: /
2026-02-07 15:50:36,974 - INFO - Root path exists: True
2026-02-07 15:50:36,976 - INFO - Root path is dir: True
2026-02-07 15:50:36,981 - INFO - Contents of /: ['/.exec', '/.run', '/.shell', '/.singularity.d', '/.test', '/bin', '/boot', '/dev', '/environment', '/etc', '/home', '/lib', '/lib64', '/media', '/mnt', '/opt', '/proc', '/requirements.txt', '/root', '/run', '/sbin', '/singularity', '/srv', '/sys', '/tmp', '/usr', '/var', '/meta', '/train_set', '/train_set_small', '/val_set', '/val_set_unlabeled']
2026-02-07 15:50:36,982 - INFO - Expected train_dir: /train_set, exists: True
2026-02-07 15:50:36,983 - INFO - Expected val_dir: /val_set, exists: True
2026-02-07 15:50:43,215 - INFO - Loaded ImageNet data from /: train=1281167, val=50000
2026-02-07 15:50:43,216 - INFO - Dataset limits applied
2026-02-07 15:50:43,286 - INFO - Validation set size: 50000
2026-02-07 15:50:43,288 - INFO - Batch size: 1
2026-02-07 15:50:43,289 - INFO - Using pretrained weights: swin_tiny_patch4_window7_224
2026-02-07 15:50:43,291 - INFO - ================================================================================
2026-02-07 15:50:43,292 - INFO - EXPLAINABILITY PIPELINE: Swin Transformer Attention Analysis
2026-02-07 15:50:43,294 - INFO - ================================================================================
2026-02-07 15:50:43,295 - INFO - Creating Swin Transformer model for explainability...
2026-02-07 15:50:43,657 - INFO - Model architecture: Swin Transformer
2026-02-07 15:50:43,658 - INFO - Attention capture: ENABLED
2026-02-07 15:50:43,660 - INFO - embed_dim=96, depths=[2, 2, 6, 2], num_heads=[3, 6, 12, 24], window_size=7
2026-02-07 15:50:43,662 - INFO - Loading pretrained weights: swin_tiny_patch4_window7_224
2026-02-07 15:50:43,663 - INFO - Loading weights from TIMM pretrained model...
2026-02-07 15:50:44,084 - INFO - Loading pretrained weights from Hugging Face hub (timm/swin_tiny_patch4_window7_224.ms_in1k)
2026-02-07 15:50:44,269 - INFO - HTTP Request: HEAD https://huggingface.co/timm/swin_tiny_patch4_window7_224.ms_in1k/resolve/main/model.safetensors "HTTP/1.1 302 Found"
2026-02-07 15:50:44,289 - INFO - [timm/swin_tiny_patch4_window7_224.ms_in1k] Safe alternative available for 'pytorch_model.bin' (as 'model.safetensors'). Loading weights using safetensors.
2026-02-07 15:50:44,519 - INFO - Weight transfer: 169 layers transferred.
2026-02-07 15:50:44,521 - INFO - Weight transfer result: {'transferred': 169, 'missing': 0, 'size_mismatches': 0}
2026-02-07 15:50:44,523 - INFO - Successfully loaded TIMM pretrained weights
2026-02-07 15:50:44,525 - INFO - Total parameters: 27,517,818
2026-02-07 15:50:44,526 - INFO - Trainable parameters: 27,517,818
2026-02-07 15:50:44,783 - INFO - Extracting 5 sample images using 'first' strategy...
2026-02-07 15:50:44,978 - INFO - Extracted 5 samples (shape: torch.Size([5, 3, 224, 224]))
2026-02-07 15:50:44,986 - INFO - Visualizations will be saved to: runs/run_267/visualizations
2026-02-07 15:50:44,988 - INFO - Generating attention visualizations...
2026-02-07 15:50:45,018 - INFO - Processing sample 1/5 (dataset idx: 0, label: 0)
2026-02-07 15:50:46,153 - INFO - Extracted 12 attention maps
2026-02-07 15:50:46,870 - INFO - Saved W-MSA vs SW-MSA comparison to runs/run_267/visualizations/sample_0_label_0/wmsa_vs_swmsa_stage0_center.png
2026-02-07 15:50:46,872 - INFO -   Generated W-MSA vs SW-MSA comparison for stage 0
2026-02-07 15:50:47,393 - INFO - Saved W-MSA vs SW-MSA comparison to runs/run_267/visualizations/sample_0_label_0/wmsa_vs_swmsa_stage1_center.png
2026-02-07 15:50:47,395 - INFO -   Generated W-MSA vs SW-MSA comparison for stage 1
2026-02-07 15:50:47,944 - INFO - Saved W-MSA vs SW-MSA comparison to runs/run_267/visualizations/sample_0_label_0/wmsa_vs_swmsa_stage2_center.png
2026-02-07 15:50:47,946 - INFO -   Generated W-MSA vs SW-MSA comparison for stage 2
2026-02-07 15:50:48,837 - INFO - Saved stage evolution to runs/run_267/visualizations/sample_0_label_0/attention_evolution_across_stages.png
2026-02-07 15:50:48,839 - INFO -   Generated stage evolution visualization
2026-02-07 15:50:49,584 - INFO -   Saved attention statistics to runs/run_267/visualizations/sample_0_label_0/attention_statistics.json
2026-02-07 15:50:49,586 - INFO - Processing sample 2/5 (dataset idx: 1, label: 0)
2026-02-07 15:50:49,605 - INFO - Extracted 12 attention maps
2026-02-07 15:50:50,155 - INFO - Saved W-MSA vs SW-MSA comparison to runs/run_267/visualizations/sample_1_label_0/wmsa_vs_swmsa_stage0_center.png
2026-02-07 15:50:50,156 - INFO -   Generated W-MSA vs SW-MSA comparison for stage 0
2026-02-07 15:50:50,677 - INFO - Saved W-MSA vs SW-MSA comparison to runs/run_267/visualizations/sample_1_label_0/wmsa_vs_swmsa_stage1_center.png
2026-02-07 15:50:50,678 - INFO -   Generated W-MSA vs SW-MSA comparison for stage 1
2026-02-07 15:50:51,195 - INFO - Saved W-MSA vs SW-MSA comparison to runs/run_267/visualizations/sample_1_label_0/wmsa_vs_swmsa_stage2_center.png
2026-02-07 15:50:51,197 - INFO -   Generated W-MSA vs SW-MSA comparison for stage 2
2026-02-07 15:50:51,832 - INFO - Saved stage evolution to runs/run_267/visualizations/sample_1_label_0/attention_evolution_across_stages.png
2026-02-07 15:50:51,833 - INFO -   Generated stage evolution visualization
2026-02-07 15:50:52,364 - INFO -   Saved attention statistics to runs/run_267/visualizations/sample_1_label_0/attention_statistics.json
2026-02-07 15:50:52,365 - INFO - Processing sample 3/5 (dataset idx: 2, label: 0)
2026-02-07 15:50:52,382 - INFO - Extracted 12 attention maps
2026-02-07 15:50:52,976 - INFO - Saved W-MSA vs SW-MSA comparison to runs/run_267/visualizations/sample_2_label_0/wmsa_vs_swmsa_stage0_center.png
2026-02-07 15:50:52,978 - INFO -   Generated W-MSA vs SW-MSA comparison for stage 0
2026-02-07 15:50:53,465 - INFO - Saved W-MSA vs SW-MSA comparison to runs/run_267/visualizations/sample_2_label_0/wmsa_vs_swmsa_stage1_center.png
2026-02-07 15:50:53,466 - INFO -   Generated W-MSA vs SW-MSA comparison for stage 1
2026-02-07 15:50:53,961 - INFO - Saved W-MSA vs SW-MSA comparison to runs/run_267/visualizations/sample_2_label_0/wmsa_vs_swmsa_stage2_center.png
2026-02-07 15:50:53,962 - INFO -   Generated W-MSA vs SW-MSA comparison for stage 2
2026-02-07 15:50:54,786 - INFO - Saved stage evolution to runs/run_267/visualizations/sample_2_label_0/attention_evolution_across_stages.png
2026-02-07 15:50:54,787 - INFO -   Generated stage evolution visualization
2026-02-07 15:50:55,311 - INFO -   Saved attention statistics to runs/run_267/visualizations/sample_2_label_0/attention_statistics.json
2026-02-07 15:50:55,313 - INFO - Processing sample 4/5 (dataset idx: 3, label: 0)
2026-02-07 15:50:55,331 - INFO - Extracted 12 attention maps
2026-02-07 15:50:56,007 - INFO - Saved W-MSA vs SW-MSA comparison to runs/run_267/visualizations/sample_3_label_0/wmsa_vs_swmsa_stage0_center.png
2026-02-07 15:50:56,008 - INFO -   Generated W-MSA vs SW-MSA comparison for stage 0
2026-02-07 15:50:56,527 - INFO - Saved W-MSA vs SW-MSA comparison to runs/run_267/visualizations/sample_3_label_0/wmsa_vs_swmsa_stage1_center.png
2026-02-07 15:50:56,528 - INFO -   Generated W-MSA vs SW-MSA comparison for stage 1
2026-02-07 15:50:57,027 - INFO - Saved W-MSA vs SW-MSA comparison to runs/run_267/visualizations/sample_3_label_0/wmsa_vs_swmsa_stage2_center.png
2026-02-07 15:50:57,028 - INFO -   Generated W-MSA vs SW-MSA comparison for stage 2
2026-02-07 15:50:57,670 - INFO - Saved stage evolution to runs/run_267/visualizations/sample_3_label_0/attention_evolution_across_stages.png
2026-02-07 15:50:57,672 - INFO -   Generated stage evolution visualization
2026-02-07 15:50:58,205 - INFO -   Saved attention statistics to runs/run_267/visualizations/sample_3_label_0/attention_statistics.json
2026-02-07 15:50:58,206 - INFO - Processing sample 5/5 (dataset idx: 4, label: 0)
2026-02-07 15:50:58,225 - INFO - Extracted 12 attention maps
2026-02-07 15:50:58,775 - INFO - Saved W-MSA vs SW-MSA comparison to runs/run_267/visualizations/sample_4_label_0/wmsa_vs_swmsa_stage0_center.png
2026-02-07 15:50:58,776 - INFO -   Generated W-MSA vs SW-MSA comparison for stage 0
2026-02-07 15:50:59,264 - INFO - Saved W-MSA vs SW-MSA comparison to runs/run_267/visualizations/sample_4_label_0/wmsa_vs_swmsa_stage1_center.png
2026-02-07 15:50:59,266 - INFO -   Generated W-MSA vs SW-MSA comparison for stage 1
2026-02-07 15:50:59,753 - INFO - Saved W-MSA vs SW-MSA comparison to runs/run_267/visualizations/sample_4_label_0/wmsa_vs_swmsa_stage2_center.png
2026-02-07 15:50:59,755 - INFO -   Generated W-MSA vs SW-MSA comparison for stage 2
2026-02-07 15:51:00,636 - INFO - Saved stage evolution to runs/run_267/visualizations/sample_4_label_0/attention_evolution_across_stages.png
2026-02-07 15:51:00,637 - INFO -   Generated stage evolution visualization
2026-02-07 15:51:01,199 - INFO -   Saved attention statistics to runs/run_267/visualizations/sample_4_label_0/attention_statistics.json
2026-02-07 15:51:01,201 - INFO - Generated 20 visualizations for 5 samples
2026-02-07 15:51:01,205 - INFO - ================================================================================
2026-02-07 15:51:01,206 - INFO - EXPLAINABILITY PIPELINE COMPLETED
2026-02-07 15:51:01,207 - INFO - Generated 20 visualizations
2026-02-07 15:51:01,208 - INFO - Analyzed stages: [0, 1, 2]
2026-02-07 15:51:01,209 - INFO - Results saved to: runs/run_267
2026-02-07 15:51:01,210 - INFO - ================================================================================
2026-02-07 15:51:01,212 - INFO - ================================================================================
2026-02-07 15:51:01,213 - INFO - EXPLAINABILITY ANALYSIS COMPLETED SUCCESSFULLY
2026-02-07 15:51:01,214 - INFO - Results saved to: runs/run_267
2026-02-07 15:51:01,215 - INFO - ================================================================================
