2026-02-04 16:54:31,992 - INFO - Logging initialized. Log file: runs/run_290/training.log
2026-02-04 16:54:31,992 - INFO - Logging initialized. Log file: runs/run_290/training.log
2026-02-04 16:54:32,043 - INFO - Experiment directory: runs/run_290
2026-02-04 16:54:32,044 - INFO - Experiment directory: runs/run_290
2026-02-04 16:54:32,045 - INFO - Setting random seeds for reproducibility (seed: 42)...
2026-02-04 16:54:32,046 - INFO - Setting random seeds for reproducibility (seed: 42)...
2026-02-04 16:54:32,058 - INFO - ✅ All seeds set to 42 (deterministic=False)
2026-02-04 16:54:32,059 - INFO - ✅ All seeds set to 42 (deterministic=False)
2026-02-04 16:54:32,680 - INFO - GPU memory cleared at startup. Available: 39.2GB
2026-02-04 16:54:32,682 - INFO - Using device: cuda
2026-02-04 16:54:32,683 - INFO - Training configuration: epochs=300, warmup=30, lr=0.0002
2026-02-04 16:54:32,684 - INFO - SWIN_HYBRID configuration: {'type': 'swin_hybrid', 'variant': 'tiny', 'patch_size': 4, 'embed_dim': 96, 'depths': [2, 2, 6, 2], 'num_heads': [3, 6, 12, 24], 'window_size': 7, 'mlp_ratio': 4.0, 'dropout': 0.0, 'attention_dropout': 0.0, 'projection_dropout': 0.0, 'drop_path_rate': 0.08, 'use_shifted_window': True, 'use_relative_bias': False, 'use_absolute_pos_embed': False, 'use_hierarchical_merge': False, 'use_gradient_checkpointing': False, 'use_cnn_stem': True, 'cnn_stem_config': {'channels': [32, 64], 'kernel_size': 3, 'stride': 2, 'padding': 1, 'activation': 'gelu', 'use_batch_norm': True}}
2026-02-04 16:54:32,686 - INFO - Loading dataset...
2026-02-04 16:54:32,689 - INFO - Starting ImageNet data loading from root: /
2026-02-04 16:54:32,690 - INFO - Resolved root path: /
2026-02-04 16:54:32,692 - INFO - Root path exists: True
2026-02-04 16:54:32,694 - INFO - Root path is dir: True
2026-02-04 16:54:32,696 - INFO - GPU memory cleared at startup. Available: 39.2GB
2026-02-04 16:54:32,697 - INFO - Using device: cuda
2026-02-04 16:54:32,698 - INFO - Contents of /: ['/.exec', '/.run', '/.shell', '/.singularity.d', '/.test', '/bin', '/boot', '/dev', '/environment', '/etc', '/home', '/lib', '/lib64', '/media', '/mnt', '/opt', '/proc', '/requirements.txt', '/root', '/run', '/sbin', '/singularity', '/srv', '/sys', '/tmp', '/usr', '/var', '/meta', '/train_set', '/train_set_small', '/val_set', '/val_set_unlabeled']
2026-02-04 16:54:32,699 - INFO - Training configuration: epochs=300, warmup=30, lr=0.0002
2026-02-04 16:54:32,699 - INFO - Expected train_dir: /train_set, exists: True
2026-02-04 16:54:32,700 - INFO - SWIN_HYBRID configuration: {'type': 'swin_hybrid', 'variant': 'tiny', 'patch_size': 4, 'embed_dim': 96, 'depths': [2, 2, 6, 2], 'num_heads': [3, 6, 12, 24], 'window_size': 7, 'mlp_ratio': 4.0, 'dropout': 0.0, 'attention_dropout': 0.0, 'projection_dropout': 0.0, 'drop_path_rate': 0.08, 'use_shifted_window': True, 'use_relative_bias': False, 'use_absolute_pos_embed': False, 'use_hierarchical_merge': False, 'use_gradient_checkpointing': False, 'use_cnn_stem': True, 'cnn_stem_config': {'channels': [32, 64], 'kernel_size': 3, 'stride': 2, 'padding': 1, 'activation': 'gelu', 'use_batch_norm': True}}
2026-02-04 16:54:32,701 - INFO - Expected val_dir: /val_set, exists: True
2026-02-04 16:54:32,702 - INFO - Loading dataset...
2026-02-04 16:54:32,704 - INFO - Starting ImageNet data loading from root: /
2026-02-04 16:54:32,706 - INFO - Resolved root path: /
2026-02-04 16:54:32,707 - INFO - Root path exists: True
2026-02-04 16:54:32,708 - INFO - Root path is dir: True
2026-02-04 16:54:32,713 - INFO - Contents of /: ['/.exec', '/.run', '/.shell', '/.singularity.d', '/.test', '/bin', '/boot', '/dev', '/environment', '/etc', '/home', '/lib', '/lib64', '/media', '/mnt', '/opt', '/proc', '/requirements.txt', '/root', '/run', '/sbin', '/singularity', '/srv', '/sys', '/tmp', '/usr', '/var', '/meta', '/train_set', '/train_set_small', '/val_set', '/val_set_unlabeled']
2026-02-04 16:54:32,714 - INFO - Expected train_dir: /train_set, exists: True
2026-02-04 16:54:32,715 - INFO - Expected val_dir: /val_set, exists: True
2026-02-04 16:54:39,376 - INFO - Loaded ImageNet data from /: train=1281167, val=50000
2026-02-04 16:54:39,479 - INFO - Loaded ImageNet data from /: train=1281167, val=50000
2026-02-04 16:54:40,255 - INFO - Dataset limits applied (stratified sampling enabled)
2026-02-04 16:54:40,257 - INFO - Dataset loaded: train=100000 samples (782 batches), val=50000 samples (391 batches), test=50000 samples (391 batches)
2026-02-04 16:54:40,638 - INFO - Dataset limits applied (stratified sampling enabled)
2026-02-04 16:54:40,639 - INFO - Dataset loaded: train=100000 samples (782 batches), val=50000 samples (391 batches), test=50000 samples (391 batches)
2026-02-04 16:54:42,736 - INFO - Training SWIN_HYBRID from scratch
2026-02-04 16:54:42,737 - INFO - Initializing SWIN_HYBRID model from scratch...
2026-02-04 16:54:42,737 - INFO - Training SWIN_HYBRID from scratch
2026-02-04 16:54:42,739 - INFO - Model architecture: SWIN_HYBRID
2026-02-04 16:54:42,740 - INFO - Initializing SWIN_HYBRID model from scratch...
2026-02-04 16:54:42,740 - INFO - Model config: {'type': 'swin_hybrid', 'variant': 'tiny', 'patch_size': 4, 'embed_dim': 96, 'depths': [2, 2, 6, 2], 'num_heads': [3, 6, 12, 24], 'window_size': 7, 'mlp_ratio': 4.0, 'dropout': 0.0, 'attention_dropout': 0.0, 'projection_dropout': 0.0, 'drop_path_rate': 0.08, 'use_shifted_window': True, 'use_relative_bias': False, 'use_absolute_pos_embed': False, 'use_hierarchical_merge': False, 'use_gradient_checkpointing': False, 'use_cnn_stem': True, 'cnn_stem_config': {'channels': [32, 64], 'kernel_size': 3, 'stride': 2, 'padding': 1, 'activation': 'gelu', 'use_batch_norm': True}}
2026-02-04 16:54:42,740 - INFO - Model architecture: SWIN_HYBRID
2026-02-04 16:54:42,742 - INFO - Model config: {'type': 'swin_hybrid', 'variant': 'tiny', 'patch_size': 4, 'embed_dim': 96, 'depths': [2, 2, 6, 2], 'num_heads': [3, 6, 12, 24], 'window_size': 7, 'mlp_ratio': 4.0, 'dropout': 0.0, 'attention_dropout': 0.0, 'projection_dropout': 0.0, 'drop_path_rate': 0.08, 'use_shifted_window': True, 'use_relative_bias': False, 'use_absolute_pos_embed': False, 'use_hierarchical_merge': False, 'use_gradient_checkpointing': False, 'use_cnn_stem': True, 'cnn_stem_config': {'channels': [32, 64], 'kernel_size': 3, 'stride': 2, 'padding': 1, 'activation': 'gelu', 'use_batch_norm': True}}
2026-02-04 16:54:43,108 - INFO - Model created with random initialization
2026-02-04 16:54:43,110 - INFO - Total parameters: 28,363,522
2026-02-04 16:54:43,112 - INFO - Trainable parameters: 28,363,522
2026-02-04 16:54:43,114 - INFO - Model created with random initialization
2026-02-04 16:54:43,115 - INFO - Total parameters: 28,363,522
2026-02-04 16:54:43,117 - INFO - Trainable parameters: 28,363,522
2026-02-04 16:54:43,143 - INFO - Compiling model with torch.compile()
2026-02-04 16:54:43,148 - INFO - Compiling model with torch.compile()
2026-02-04 16:54:44,664 - INFO - Mixed precision enabled → CUDA bf16 selected (hardware supported)
2026-02-04 16:54:44,665 - INFO - Starting from-scratch training...
2026-02-04 16:54:44,667 - INFO - Optimizer: training all model parameters
2026-02-04 16:54:44,669 - INFO - LR Scheduler: cosine with 30 warmup epochs
2026-02-04 16:54:44,670 - INFO - Starting training...
2026-02-04 16:54:44,722 - INFO - Mixed precision enabled → CUDA bf16 selected (hardware supported)
2026-02-04 16:54:44,724 - INFO - Starting from-scratch training...
2026-02-04 16:54:44,725 - INFO - Optimizer: training all model parameters
2026-02-04 16:54:44,728 - INFO - LR Scheduler: cosine with 30 warmup epochs
2026-02-04 16:54:44,729 - INFO - Starting training...
2026-02-04 16:54:47,424 - INFO - Processing first batch (shape: torch.Size([128, 3, 224, 224]))
2026-02-04 16:54:47,427 - INFO - Running first forward pass (torch.compile may take time)...
2026-02-04 16:54:47,439 - INFO - Processing first batch (shape: torch.Size([128, 3, 224, 224]))
2026-02-04 16:54:47,441 - INFO - Running first forward pass (torch.compile may take time)...
2026-02-04 16:55:53,187 - INFO - First forward pass complete (output shape: torch.Size([128, 1000]))
2026-02-04 16:55:53,291 - INFO - First forward pass complete (output shape: torch.Size([128, 1000]))
2026-02-04 16:56:47,661 - INFO - First batch complete! Loss: 7.0129
2026-02-04 16:56:47,736 - INFO - First batch complete! Loss: 7.0129
2026-02-04 17:22:38,335 - INFO - Epoch 1/300: LR: 0.000009
2026-02-04 17:22:38,353 - INFO - Epoch 1/300: Train Loss: 6.9058, Val Loss: 6.8079, Val Acc: 0.45%
2026-02-04 17:22:40,225 - INFO - Processing first batch (shape: torch.Size([128, 3, 224, 224]))
2026-02-04 17:22:40,232 - INFO - Running first forward pass (torch.compile may take time)...
2026-02-04 17:22:40,314 - INFO - First forward pass complete (output shape: torch.Size([128, 1000]))
2026-02-04 17:22:40,356 - INFO - First batch complete! Loss: 6.8662
2026-02-04 17:22:41,782 - INFO - Epoch 1/300: LR: 0.000009
2026-02-04 17:22:41,798 - INFO - Epoch 1/300: Train Loss: 6.9058, Val Loss: 6.8079, Val Acc: 0.45%
2026-02-04 17:22:43,628 - INFO - Processing first batch (shape: torch.Size([128, 3, 224, 224]))
2026-02-04 17:22:43,641 - INFO - Running first forward pass (torch.compile may take time)...
2026-02-04 17:22:43,743 - INFO - First forward pass complete (output shape: torch.Size([128, 1000]))
2026-02-04 17:22:43,790 - INFO - First batch complete! Loss: 6.8660
2026-02-04 17:43:01,257 - INFO - Epoch 2/300: LR: 0.000015
2026-02-04 17:43:01,281 - INFO - Epoch 2/300: Train Loss: 6.7452, Val Loss: 6.5760, Val Acc: 1.08%
2026-02-04 17:43:02,135 - INFO - Epoch 2/300: LR: 0.000015
2026-02-04 17:43:02,164 - INFO - Epoch 2/300: Train Loss: 6.7452, Val Loss: 6.5760, Val Acc: 1.08%
2026-02-04 17:43:03,305 - INFO - Processing first batch (shape: torch.Size([128, 3, 224, 224]))
2026-02-04 17:43:03,310 - INFO - Running first forward pass (torch.compile may take time)...
2026-02-04 17:43:03,377 - INFO - First forward pass complete (output shape: torch.Size([128, 1000]))
2026-02-04 17:43:03,425 - INFO - First batch complete! Loss: 6.6509
2026-02-04 17:43:03,891 - INFO - Processing first batch (shape: torch.Size([128, 3, 224, 224]))
2026-02-04 17:43:03,895 - INFO - Running first forward pass (torch.compile may take time)...
2026-02-04 17:43:03,974 - INFO - First forward pass complete (output shape: torch.Size([128, 1000]))
2026-02-04 17:43:04,015 - INFO - First batch complete! Loss: 6.6504
2026-02-04 18:02:28,553 - INFO - Epoch 3/300: LR: 0.000022
2026-02-04 18:02:28,571 - INFO - Epoch 3/300: Train Loss: 6.5871, Val Loss: 6.3941, Val Acc: 1.49%
2026-02-04 18:02:30,330 - INFO - Processing first batch (shape: torch.Size([128, 3, 224, 224]))
2026-02-04 18:02:30,335 - INFO - Running first forward pass (torch.compile may take time)...
2026-02-04 18:02:30,374 - INFO - First forward pass complete (output shape: torch.Size([128, 1000]))
2026-02-04 18:02:30,413 - INFO - First batch complete! Loss: 6.4988
2026-02-04 18:02:34,574 - INFO - Epoch 3/300: LR: 0.000022
2026-02-04 18:02:34,575 - INFO - Epoch 3/300: Train Loss: 6.5871, Val Loss: 6.3942, Val Acc: 1.49%
2026-02-04 18:02:36,371 - INFO - Processing first batch (shape: torch.Size([128, 3, 224, 224]))
2026-02-04 18:02:36,375 - INFO - Running first forward pass (torch.compile may take time)...
2026-02-04 18:02:36,452 - INFO - First forward pass complete (output shape: torch.Size([128, 1000]))
2026-02-04 18:02:36,495 - INFO - First batch complete! Loss: 6.4983
