INFO:    gocryptfs not found, will not be able to use gocryptfs
2025-11-19 18:55:34,139 - INFO - Logging initialized. Log file: runs/run_32/training.log
2025-11-19 18:55:34,335 - INFO - Random seeds set to 42 (deterministic=False)
2025-11-19 18:55:34,336 - INFO - Using device: cuda
2025-11-19 18:55:34,337 - INFO - Loading data...
/usr/local/lib/python3.12/site-packages/torch/utils/data/dataloader.py:627: UserWarning: This DataLoader will create 4 worker processes in total. Our suggested max number of worker in current system is 2, which is smaller than what this DataLoader is going to create. Please be aware that excessive worker creation might get DataLoader running slow or even freeze, lower the worker number to avoid potential slowness/freeze if necessary.
  warnings.warn(
2025-11-19 18:55:36,746 - INFO - Visualizing first batch...
2025-11-19 18:55:36,747 - INFO - Visualizing from DataLoader with 1303 batches
2025-11-19 18:55:37,469 - INFO - Loaded 16 images from dataloader
2025-11-19 18:55:40,267 - INFO - Saved enhanced dataset visualization to runs/run_32/visualization.png
2025-11-19 18:55:40,268 - INFO - Initializing model...
2025-11-19 18:55:40,675 - INFO - Created Swin-Tiny model for validation against pretrained weights.
2025-11-19 18:55:40,678 - INFO - Total parameters: 28,288,354
2025-11-19 18:55:40,683 - INFO - Saved configuration to runs/run_32/config.json
2025-11-19 18:55:40,685 - INFO - Starting model implementation validation...
2025-11-19 18:55:41,074 - INFO - Loading pretrained weights from Hugging Face hub (timm/swin_tiny_patch4_window7_224.ms_in1k)
2025-11-19 18:55:41,296 - INFO - HTTP Request: HEAD https://huggingface.co/timm/swin_tiny_patch4_window7_224.ms_in1k/resolve/main/model.safetensors "HTTP/1.1 302 Found"
2025-11-19 18:55:41,306 - INFO - [timm/swin_tiny_patch4_window7_224.ms_in1k] Safe alternative available for 'pytorch_model.bin' (as 'model.safetensors'). Loading weights using safetensors.
2025-11-19 18:55:41,489 - INFO - Loaded pretrained model: swin_tiny_patch4_window7_224 from timm.
2025-11-19 18:55:41,516 - INFO - Transferring weights from pretrained to custom model...
2025-11-19 18:55:41,540 - INFO - Weight transfer: 173 layers transferred.
2025-11-19 18:55:41,561 - INFO - Weight transfer completed: {'transferred': 173, 'missing': 0, 'size_mismatches': 0}
2025-11-19 18:55:41,563 - INFO - Using subset of 1000 samples for validation
2025-11-19 18:55:48,174 - INFO - === MODEL COMPARISON RESULTS ===
2025-11-19 18:55:48,175 - INFO - Pretrained Model  - Top-1: 0.80%, Top-5: 1.20%
2025-11-19 18:55:48,176 - INFO - Custom Model      - Top-1: 0.80%, Top-5: 1.20%
2025-11-19 18:55:48,177 - INFO - Differences       - Top-1: 0.00%, Top-5: 0.00%
2025-11-19 18:55:48,249 - INFO - Validation results saved to runs/run_32/model_validation_results.json
2025-11-19 18:55:48,251 - INFO - Starting training...
2025-11-19 19:01:02,667 - INFO - Epoch 1/50: Train Loss: 1.5068, Val Loss: 0.9415, Val Acc: 72.12%
2025-11-19 19:06:16,130 - INFO - Epoch 2/50: Train Loss: 0.8837, Val Loss: 0.8679, Val Acc: 74.38%
2025-11-19 19:11:29,823 - INFO - Epoch 3/50: Train Loss: 0.7787, Val Loss: 0.8335, Val Acc: 75.40%
2025-11-19 19:16:42,573 - INFO - Epoch 4/50: Train Loss: 0.7169, Val Loss: 0.8184, Val Acc: 75.66%
/usr/local/lib/python3.12/site-packages/torch/utils/data/dataloader.py:627: UserWarning: This DataLoader will create 4 worker processes in total. Our suggested max number of worker in current system is 2, which is smaller than what this DataLoader is going to create. Please be aware that excessive worker creation might get DataLoader running slow or even freeze, lower the worker number to avoid potential slowness/freeze if necessary.
  warnings.warn(
2025-11-19 19:22:41,022 - INFO - Epoch 5/50: Train Loss: 0.6711, Val Loss: 0.8101, Val Acc: 76.10%, Test Loss: 0.8130, Test Acc: 76.05%
2025-11-19 19:27:55,450 - INFO - Epoch 6/50: Train Loss: 0.6350, Val Loss: 0.8181, Val Acc: 76.04%
2025-11-19 19:33:10,038 - INFO - Epoch 7/50: Train Loss: 0.6159, Val Loss: 0.8138, Val Acc: 75.98%
2025-11-19 19:38:25,071 - INFO - Epoch 8/50: Train Loss: 0.5905, Val Loss: 0.8145, Val Acc: 76.55%
2025-11-19 19:43:39,634 - INFO - Early stopping triggered at epoch 9.
2025-11-19 19:43:39,636 - INFO - Training completed!
2025-11-19 19:43:39,637 - INFO - Generating training curves...
2025-11-19 19:43:41,525 - INFO - Training curves saved as separate images with base name 'runs/run_32/training_curves'
2025-11-19 19:43:41,527 - INFO - Generating confusion matrix on test set...
2025-11-19 19:44:36,850 - INFO - Performing final evaluation on test set...
2025-11-19 19:45:21,954 - INFO - Final Test Results: Loss: 0.8147, Accuracy: 76.30%
2025-11-19 19:45:21,956 - INFO - Generating LR schedule plot...
2025-11-19 19:45:22,251 - INFO - LR schedule plot saved to 'runs/run_32/lr_schedule.png'
2025-11-19 19:45:22,252 - INFO - Generating model validation comparison plot...
Traceback (most recent call last):
  File "/home/pml04/swin_transformer/Machine-Learning-Project/main.py", line 502, in <module>
    # Generate reports and save model
    ^^^^^^
  File "/home/pml04/swin_transformer/Machine-Learning-Project/main.py", line 478, in main
    
    
  File "/home/pml04/swin_transformer/Machine-Learning-Project/main.py", line 387, in generate_reports
    device,
  File "/home/pml04/swin_transformer/Machine-Learning-Project/src/training/metrics.py", line 312, in plot_model_validation_comparison
    ax1.set_title("Top-1 Accuracy Comparison", fonsize=14, fontweight="bold")
  File "/usr/local/lib/python3.12/site-packages/matplotlib/axes/_axes.py", line 201, in set_title
    title._internal_update(kwargs)
  File "/usr/local/lib/python3.12/site-packages/matplotlib/artist.py", line 1233, in _internal_update
    return self._update_props(
           ^^^^^^^^^^^^^^^^^^^
  File "/usr/local/lib/python3.12/site-packages/matplotlib/artist.py", line 1206, in _update_props
    raise AttributeError(
AttributeError: Text.set() got an unexpected keyword argument 'fonsize'
