INFO:    gocryptfs not found, will not be able to use gocryptfs
2025-11-19 18:29:19,655 - INFO - Logging initialized. Log file: runs/run_29/training.log
2025-11-19 18:29:19,885 - INFO - Random seeds set to 42 (deterministic=False)
2025-11-19 18:29:19,886 - INFO - Using device: cuda
2025-11-19 18:29:19,888 - INFO - Loading data...
2025-11-19 18:29:23,427 - INFO - Visualizing first batch...
2025-11-19 18:29:23,429 - INFO - Visualizing from DataLoader with 1303 batches
2025-11-19 18:29:24,444 - INFO - Loaded 16 images from dataloader
2025-11-19 18:29:29,366 - INFO - Saved enhanced dataset visualization to runs/run_29/visualization.png
2025-11-19 18:29:29,368 - INFO - Initializing model...
2025-11-19 18:29:32,534 - INFO - Created SwinTransformerModel training.
2025-11-19 18:29:32,537 - INFO - Transferring weights from pretrained to custom model...
2025-11-19 18:29:35,697 - INFO - Loading pretrained weights from Hugging Face hub (timm/swin_base_patch4_window7_224.ms_in22k_ft_in1k)
2025-11-19 18:29:36,059 - INFO - HTTP Request: HEAD https://huggingface.co/timm/swin_base_patch4_window7_224.ms_in22k_ft_in1k/resolve/main/model.safetensors "HTTP/1.1 302 Found"
2025-11-19 18:29:36,112 - INFO - [timm/swin_base_patch4_window7_224.ms_in22k_ft_in1k] Safe alternative available for 'pytorch_model.bin' (as 'model.safetensors'). Loading weights using safetensors.
2025-11-19 18:29:36,641 - INFO - Loaded pretrained model: swin_base_patch4_window7_224 from timm.
2025-11-19 18:29:36,869 - INFO - Weight transfer: 325 layers transferred.
2025-11-19 18:29:36,988 - INFO - Weight transfer completed: {'transferred': 325, 'missing': 0, 'size_mismatches': 0}
2025-11-19 18:29:36,993 - INFO - Total parameters: 104,548
2025-11-19 18:29:37,012 - INFO - Saved configuration to runs/run_29/config.json
2025-11-19 18:29:37,015 - INFO - Starting training...
2025-11-19 18:32:46,707 - INFO - Epoch 1/50: Train Loss: 0.9306, Val Loss: 0.5090, Val Acc: 85.00%
2025-11-19 18:35:54,530 - INFO - Epoch 2/50: Train Loss: 0.4611, Val Loss: 0.4736, Val Acc: 85.96%
2025-11-19 18:39:02,431 - INFO - Epoch 3/50: Train Loss: 0.3847, Val Loss: 0.4545, Val Acc: 86.67%
2025-11-19 18:42:10,309 - INFO - Epoch 4/50: Train Loss: 0.3436, Val Loss: 0.4515, Val Acc: 86.37%
[2025-11-19T18:44:27.039] error: *** JOB 3641310 ON head058 CANCELLED AT 2025-11-19T18:44:27 DUE TO TIME LIMIT ***
