INFO:    gocryptfs not found, will not be able to use gocryptfs
2025-11-19 20:12:37,097 - INFO - Logging initialized. Log file: runs/run_43/training.log
2025-11-19 20:12:37,312 - INFO - Random seeds set to 42 (deterministic=False)
2025-11-19 20:12:37,313 - INFO - Using device: cuda
2025-11-19 20:12:37,314 - INFO - Loading data...
/usr/local/lib/python3.12/site-packages/torch/utils/data/dataloader.py:627: UserWarning: This DataLoader will create 4 worker processes in total. Our suggested max number of worker in current system is 2, which is smaller than what this DataLoader is going to create. Please be aware that excessive worker creation might get DataLoader running slow or even freeze, lower the worker number to avoid potential slowness/freeze if necessary.
  warnings.warn(
2025-11-19 20:12:39,707 - INFO - Visualizing first batch...
2025-11-19 20:12:39,709 - INFO - Visualizing from DataLoader with 1303 batches
2025-11-19 20:12:40,433 - INFO - Loaded 16 images from dataloader
2025-11-19 20:12:43,221 - INFO - Saved enhanced dataset visualization to runs/run_43/visualization.png
2025-11-19 20:12:43,222 - INFO - Initializing model...
2025-11-19 20:12:43,634 - INFO - Created SwinTransformerModel for CIFAR-100 training.
2025-11-19 20:12:43,663 - INFO - Model moved to device: cuda
2025-11-19 20:12:43,665 - INFO - Patch embed proj device: cuda:0
2025-11-19 20:12:43,666 - INFO - Encoder first layer device: cuda:0
2025-11-19 20:12:43,668 - INFO - Head device: cuda:0
2025-11-19 20:12:43,669 - INFO - Transferring weights from pretrained to custom model...
2025-11-19 20:12:44,035 - INFO - Loading pretrained weights from Hugging Face hub (timm/swin_tiny_patch4_window7_224.ms_in1k)
2025-11-19 20:12:44,253 - INFO - HTTP Request: HEAD https://huggingface.co/timm/swin_tiny_patch4_window7_224.ms_in1k/resolve/main/model.safetensors "HTTP/1.1 302 Found"
2025-11-19 20:12:44,270 - INFO - [timm/swin_tiny_patch4_window7_224.ms_in1k] Safe alternative available for 'pytorch_model.bin' (as 'model.safetensors'). Loading weights using safetensors.
2025-11-19 20:12:44,430 - INFO - Loaded pretrained model: swin_tiny_patch4_window7_224 from timm.
2025-11-19 20:12:44,454 - INFO - Weight transfer: 169 layers transferred.
2025-11-19 20:12:44,458 - INFO - Weight transfer completed: {'transferred': 169, 'missing': 0, 'size_mismatches': 0}
2025-11-19 20:12:44,459 - INFO - After transfer - Patch embed proj device: cuda:0
2025-11-19 20:12:44,461 - INFO - After transfer - Encoder first layer device: cuda:0
2025-11-19 20:12:44,463 - INFO - Total parameters: 78,436
2025-11-19 20:12:44,485 - INFO - Saved configuration to runs/run_43/config.json
2025-11-19 20:12:44,487 - INFO - Starting training...
2025-11-19 20:15:01,484 - INFO - Epoch 1/50: Train Loss: 1.5417, Val Loss: 0.9531, Val Acc: 72.07%
2025-11-19 20:17:18,207 - INFO - Epoch 2/50: Train Loss: 0.8872, Val Loss: 0.8548, Val Acc: 74.76%
2025-11-19 20:19:34,512 - INFO - Epoch 3/50: Train Loss: 0.7777, Val Loss: 0.8224, Val Acc: 75.72%
2025-11-19 20:21:52,228 - INFO - Epoch 4/50: Train Loss: 0.7146, Val Loss: 0.8113, Val Acc: 76.08%
/usr/local/lib/python3.12/site-packages/torch/utils/data/dataloader.py:627: UserWarning: This DataLoader will create 4 worker processes in total. Our suggested max number of worker in current system is 2, which is smaller than what this DataLoader is going to create. Please be aware that excessive worker creation might get DataLoader running slow or even freeze, lower the worker number to avoid potential slowness/freeze if necessary.
  warnings.warn(
2025-11-19 20:24:55,655 - INFO - Epoch 5/50: Train Loss: 0.6756, Val Loss: 0.7987, Val Acc: 76.58%, Test Loss: 0.7973, Test Acc: 76.57%
2025-11-19 20:27:07,625 - INFO - Epoch 6/50: Train Loss: 0.6437, Val Loss: 0.8022, Val Acc: 76.36%
2025-11-19 20:29:24,606 - INFO - Epoch 7/50: Train Loss: 0.6133, Val Loss: 0.8059, Val Acc: 76.30%
2025-11-19 20:31:43,216 - INFO - Epoch 8/50: Train Loss: 0.5967, Val Loss: 0.7949, Val Acc: 76.50%
2025-11-19 20:34:00,394 - INFO - Epoch 9/50: Train Loss: 0.5771, Val Loss: 0.7971, Val Acc: 76.54%
2025-11-19 20:36:17,113 - INFO - Early stopping triggered at epoch 10.
2025-11-19 20:36:17,115 - INFO - Training completed!
2025-11-19 20:36:17,117 - INFO - Starting model implementation validation...
2025-11-19 20:36:17,497 - INFO - Loading pretrained weights from Hugging Face hub (timm/swin_tiny_patch4_window7_224.ms_in1k)
2025-11-19 20:36:17,641 - INFO - HTTP Request: HEAD https://huggingface.co/timm/swin_tiny_patch4_window7_224.ms_in1k/resolve/main/model.safetensors "HTTP/1.1 302 Found"
2025-11-19 20:36:17,659 - INFO - [timm/swin_tiny_patch4_window7_224.ms_in1k] Safe alternative available for 'pytorch_model.bin' (as 'model.safetensors'). Loading weights using safetensors.
2025-11-19 20:36:17,825 - INFO - Loaded pretrained model: swin_tiny_patch4_window7_224 from timm.
2025-11-19 20:36:17,846 - INFO - Transferring weights from pretrained to custom model...
2025-11-19 20:36:17,851 - INFO - Weight transfer: 171 layers transferred.
2025-11-19 20:36:17,852 - WARNING - Size mismatches: ['head.fc.weight: torch.Size([100, 768]) vs torch.Size([1000, 768])', 'head.fc.bias: torch.Size([100]) vs torch.Size([1000])']
2025-11-19 20:36:17,855 - INFO - Weight transfer completed: {'transferred': 171, 'missing': 0, 'size_mismatches': 2}
2025-11-19 20:36:17,857 - INFO - Using subset of 1000 samples for validation
/usr/local/lib/python3.12/site-packages/torch/utils/data/dataloader.py:627: UserWarning: This DataLoader will create 4 worker processes in total. Our suggested max number of worker in current system is 2, which is smaller than what this DataLoader is going to create. Please be aware that excessive worker creation might get DataLoader running slow or even freeze, lower the worker number to avoid potential slowness/freeze if necessary.
  warnings.warn(
2025-11-19 20:36:23,409 - INFO - === MODEL COMPARISON RESULTS ===
2025-11-19 20:36:23,411 - INFO - Pretrained Model  - Top-1: 0.80%, Top-5: 1.20%
2025-11-19 20:36:23,412 - INFO - Custom Model      - Top-1: 70.50%, Top-5: 94.40%
2025-11-19 20:36:23,413 - INFO - Differences       - Top-1: -69.70%, Top-5: -93.20%
2025-11-19 20:36:23,456 - INFO - Validation results saved to runs/run_43/model_validation_results.json
2025-11-19 20:36:23,459 - INFO - Generating training curves...
2025-11-19 20:36:25,284 - INFO - Training curves saved as separate images with base name 'runs/run_43/training_curves'
2025-11-19 20:36:25,286 - INFO - Generating confusion matrix on test set...
2025-11-19 20:37:22,984 - INFO - Performing final evaluation on test set...
2025-11-19 20:38:09,363 - INFO - Final Test Results: Loss: 0.9986, Accuracy: 74.43%
2025-11-19 20:38:09,365 - INFO - Generating LR schedule plot...
2025-11-19 20:38:09,666 - INFO - LR schedule plot saved to 'runs/run_43/lr_schedule.png'
2025-11-19 20:38:09,668 - INFO - Generating model validation comparison plot...
Traceback (most recent call last):
  File "/home/pml04/swin_transformer/Machine-Learning-Project/main.py", line 527, in <module>
    metrics_history,
^^^^^^
  File "/home/pml04/swin_transformer/Machine-Learning-Project/main.py", line 503, in main
    model,
          
  File "/home/pml04/swin_transformer/Machine-Learning-Project/main.py", line 412, in generate_reports
    save_path=str(run_dir / "confusion_matrix.png"),
  File "/home/pml04/swin_transformer/Machine-Learning-Project/src/training/metrics.py", line 312, in plot_model_validation_comparison
    ax1.set_title("Top-1 Accuracy Comparison", fontsize=14, fontweight="bold")
    ^^^^^^^^^^^^^^^^^^^^^^^^^^^^^^^^^^^^^^^^^^^^^^^^^^^^^^^^^^^^^^^^^^^^^^^^^
  File "/usr/local/lib/python3.12/site-packages/matplotlib/axes/_axes.py", line 201, in set_title
    title._internal_update(kwargs)
  File "/usr/local/lib/python3.12/site-packages/matplotlib/artist.py", line 1233, in _internal_update
    return self._update_props(
           ^^^^^^^^^^^^^^^^^^^
  File "/usr/local/lib/python3.12/site-packages/matplotlib/artist.py", line 1206, in _update_props
    raise AttributeError(
AttributeError: Text.set() got an unexpected keyword argument 'fonsize'
