INFO:    gocryptfs not found, will not be able to use gocryptfs
2025-11-19 20:34:33,160 - INFO - Logging initialized. Log file: runs/run_46/training.log
2025-11-19 20:34:33,382 - INFO - Random seeds set to 42 (deterministic=False)
2025-11-19 20:34:33,384 - INFO - Using device: cuda
2025-11-19 20:34:33,386 - INFO - Loading data...
/usr/local/lib/python3.12/site-packages/torch/utils/data/dataloader.py:627: UserWarning: This DataLoader will create 4 worker processes in total. Our suggested max number of worker in current system is 2, which is smaller than what this DataLoader is going to create. Please be aware that excessive worker creation might get DataLoader running slow or even freeze, lower the worker number to avoid potential slowness/freeze if necessary.
  warnings.warn(
2025-11-19 20:34:36,917 - INFO - Visualizing first batch...
2025-11-19 20:34:36,919 - INFO - Visualizing from DataLoader with 1303 batches
2025-11-19 20:34:38,105 - INFO - Loaded 16 images from dataloader
2025-11-19 20:34:43,199 - INFO - Saved enhanced dataset visualization to runs/run_46/visualization.png
2025-11-19 20:34:43,201 - INFO - Initializing model...
2025-11-19 20:34:44,206 - INFO - Created SwinTransformerModel for CIFAR-100 training.
2025-11-19 20:34:44,252 - INFO - Model moved to device: cuda
2025-11-19 20:34:44,253 - INFO - Patch embed proj device: cuda:0
2025-11-19 20:34:44,255 - INFO - Encoder first layer device: cuda:0
2025-11-19 20:34:44,257 - INFO - Head device: cuda:0
2025-11-19 20:34:44,258 - INFO - Transferring weights from pretrained to custom model...
2025-11-19 20:34:45,102 - INFO - Loading pretrained weights from Hugging Face hub (timm/swin_tiny_patch4_window7_224.ms_in1k)
2025-11-19 20:34:45,454 - INFO - HTTP Request: HEAD https://huggingface.co/timm/swin_tiny_patch4_window7_224.ms_in1k/resolve/main/model.safetensors "HTTP/1.1 302 Found"
2025-11-19 20:34:45,484 - INFO - [timm/swin_tiny_patch4_window7_224.ms_in1k] Safe alternative available for 'pytorch_model.bin' (as 'model.safetensors'). Loading weights using safetensors.
2025-11-19 20:34:45,729 - INFO - Loaded pretrained model: swin_tiny_patch4_window7_224 from timm.
2025-11-19 20:34:45,781 - INFO - Weight transfer: 169 layers transferred.
2025-11-19 20:34:45,790 - INFO - Weight transfer completed: {'transferred': 169, 'missing': 0, 'size_mismatches': 0}
2025-11-19 20:34:45,792 - INFO - After transfer - Patch embed proj device: cuda:0
2025-11-19 20:34:45,793 - INFO - After transfer - Encoder first layer device: cuda:0
2025-11-19 20:34:45,796 - INFO - Total parameters: 78,436
2025-11-19 20:34:45,842 - INFO - Saved configuration to runs/run_46/config.json
2025-11-19 20:34:45,845 - INFO - Starting training...
2025-11-19 20:37:02,356 - INFO - Epoch 1/50: Train Loss: 1.5417, Val Loss: 0.9531, Val Acc: 72.07%
2025-11-19 20:39:15,965 - INFO - Epoch 2/50: Train Loss: 0.8872, Val Loss: 0.8548, Val Acc: 74.76%
2025-11-19 20:41:29,456 - INFO - Epoch 3/50: Train Loss: 0.7777, Val Loss: 0.8224, Val Acc: 75.72%
2025-11-19 20:43:43,009 - INFO - Epoch 4/50: Train Loss: 0.7146, Val Loss: 0.8113, Val Acc: 76.08%
/usr/local/lib/python3.12/site-packages/torch/utils/data/dataloader.py:627: UserWarning: This DataLoader will create 4 worker processes in total. Our suggested max number of worker in current system is 2, which is smaller than what this DataLoader is going to create. Please be aware that excessive worker creation might get DataLoader running slow or even freeze, lower the worker number to avoid potential slowness/freeze if necessary.
  warnings.warn(
2025-11-19 20:46:41,904 - INFO - Epoch 5/50: Train Loss: 0.6756, Val Loss: 0.7987, Val Acc: 76.58%, Test Loss: 0.7973, Test Acc: 76.57%
2025-11-19 20:48:55,428 - INFO - Epoch 6/50: Train Loss: 0.6437, Val Loss: 0.8022, Val Acc: 76.36%
2025-11-19 20:51:08,960 - INFO - Epoch 7/50: Train Loss: 0.6133, Val Loss: 0.8059, Val Acc: 76.30%
2025-11-19 20:53:22,468 - INFO - Epoch 8/50: Train Loss: 0.5967, Val Loss: 0.7949, Val Acc: 76.50%
2025-11-19 20:55:35,965 - INFO - Epoch 9/50: Train Loss: 0.5771, Val Loss: 0.7971, Val Acc: 76.54%
2025-11-19 20:57:49,510 - INFO - Early stopping triggered at epoch 10.
2025-11-19 20:57:49,511 - INFO - Training completed!
2025-11-19 20:57:49,513 - INFO - Starting model implementation validation...
2025-11-19 20:57:50,517 - INFO - Loading pretrained weights from Hugging Face hub (timm/swin_tiny_patch4_window7_224.ms_in1k)
2025-11-19 20:57:50,666 - INFO - HTTP Request: HEAD https://huggingface.co/timm/swin_tiny_patch4_window7_224.ms_in1k/resolve/main/model.safetensors "HTTP/1.1 302 Found"
2025-11-19 20:57:50,695 - INFO - [timm/swin_tiny_patch4_window7_224.ms_in1k] Safe alternative available for 'pytorch_model.bin' (as 'model.safetensors'). Loading weights using safetensors.
2025-11-19 20:57:50,974 - INFO - Loaded pretrained model: swin_tiny_patch4_window7_224 from timm.
2025-11-19 20:57:51,017 - INFO - Replaced TIMM classification head: 768 -> 100 classes
2025-11-19 20:57:51,019 - INFO - Transferring encoder weights from pretrained to custom model...
2025-11-19 20:57:51,030 - INFO - Weight transfer: 169 layers transferred.
2025-11-19 20:57:51,038 - INFO - Weight transfer completed: {'transferred': 169, 'missing': 0, 'size_mismatches': 0}
2025-11-19 20:57:51,039 - INFO - Training TIMM model's linear head...
2025-11-19 20:57:51,040 - INFO - Training linear head for 10 epochs...
2025-11-19 20:57:51,045 - INFO - Training 76,900 parameters in linear head
Traceback (most recent call last):
  File "/home/pml04/swin_transformer/Machine-Learning-Project/main.py", line 546, in <module>
    main()
  File "/home/pml04/swin_transformer/Machine-Learning-Project/main.py", line 517, in main
    validation_results = validate_model_if_enabled(
                         ^^^^^^^^^^^^^^^^^^^^^^^^^^
  File "/home/pml04/swin_transformer/Machine-Learning-Project/main.py", line 458, in validate_model_if_enabled
    return validator.validate_model_implementation(
           ^^^^^^^^^^^^^^^^^^^^^^^^^^^^^^^^^^^^^^^^
  File "/home/pml04/swin_transformer/Machine-Learning-Project/src/utils/model_validation.py", line 229, in validate_model_implementation
    
    
  File "/home/pml04/swin_transformer/Machine-Learning-Project/src/utils/model_validation.py", line 74, in train_linear_head
    
    
  File "/home/pml04/swin_transformer/Machine-Learning-Project/src/training/trainer.py", line 64, in train_one_epoch
    loss = criterion(outputs, labels)
           ^^^^^^^^^^^^^^^^^^^^^^^^^^
  File "/usr/local/lib/python3.12/site-packages/torch/nn/modules/module.py", line 1775, in _wrapped_call_impl
    return self._call_impl(*args, **kwargs)
           ^^^^^^^^^^^^^^^^^^^^^^^^^^^^^^^^
  File "/usr/local/lib/python3.12/site-packages/torch/nn/modules/module.py", line 1786, in _call_impl
    return forward_call(*args, **kwargs)
           ^^^^^^^^^^^^^^^^^^^^^^^^^^^^^
  File "/usr/local/lib/python3.12/site-packages/torch/nn/modules/loss.py", line 1385, in forward
    return F.cross_entropy(
           ^^^^^^^^^^^^^^^^
  File "/usr/local/lib/python3.12/site-packages/torch/nn/functional.py", line 3458, in cross_entropy
    return torch._C._nn.cross_entropy_loss(
           ^^^^^^^^^^^^^^^^^^^^^^^^^^^^^^^^
RuntimeError: only batches of spatial targets supported (3D tensors) but got targets of size: : [32]
