INFO:    gocryptfs not found, will not be able to use gocryptfs
2025-12-08 18:56:14,103 - INFO - Logging initialized. Log file: runs/run_129/training.log
2025-12-08 18:56:14,135 - INFO - Experiment directory: runs/run_129
2025-12-08 18:56:14,137 - INFO - Setting random seeds for reproducibility (seed: 42)...
2025-12-08 18:56:14,308 - INFO - Random seeds set to 42 (deterministic=False)
2025-12-08 18:56:14,309 - INFO - Using device: cuda
2025-12-08 18:56:14,310 - INFO - Training configuration: epochs=20, warmup=3, lr=0.0005
2025-12-08 18:56:14,311 - INFO - SWIN configuration: variant=tiny, use_shifted_window=True, use_relative_bias=True, use_absolute_pos_embed=True, use_hierarchical_merge=False
2025-12-08 18:56:14,313 - INFO - SWIN details: embed_dim=96, depths=[2, 2, 6, 2], num_heads=[3, 6, 12, 24], window_size=7
2025-12-08 18:56:14,314 - INFO - Loading dataset...
2025-12-08 18:56:14,316 - INFO - Starting ImageNet data loading from root: /
2025-12-08 18:56:14,316 - INFO - Resolved root path: /
2025-12-08 18:56:14,317 - INFO - Root path exists: True
2025-12-08 18:56:14,318 - INFO - Root path is dir: True
2025-12-08 18:56:14,424 - INFO - Contents of /: ['/.exec', '/.run', '/.shell', '/.singularity.d', '/.test', '/bin', '/boot', '/dev', '/environment', '/etc', '/home', '/lib', '/lib64', '/media', '/mnt', '/opt', '/proc', '/requirements.txt', '/root', '/run', '/sbin', '/singularity', '/srv', '/sys', '/tmp', '/usr', '/var', '/meta', '/train_set', '/train_set_small', '/val_set', '/val_set_unlabeled']
2025-12-08 18:56:14,426 - INFO - Expected train_dir: /train_set, exists: True
2025-12-08 18:56:14,427 - INFO - Expected val_dir: /val_set, exists: True
2025-12-08 18:56:20,908 - INFO - Loaded ImageNet data from /: train=1281167, val=50000
2025-12-08 18:56:21,027 - INFO - Dataset loaded: train=50000 samples (391 batches), val=5000 samples (40 batches), test=5000 samples (40 batches)
2025-12-08 18:56:24,039 - INFO - Training Swin-Tiny from scratch
2025-12-08 18:56:24,042 - INFO - Initializing model from scratch...
2025-12-08 18:56:24,044 - INFO - Model architecture: Swin-Tiny
2025-12-08 18:56:24,045 - INFO - Model config: embed_dim=96, depths=[2, 2, 6, 2], num_heads=[3, 6, 12, 24], window_size=7, use_shifted_window=True, use_relative_bias=True, use_absolute_pos_embed=True, use_hierarchical_merge=False
2025-12-08 18:56:24,549 - INFO - Model created with random initialization
2025-12-08 18:56:24,550 - INFO - Total parameters: 28,589,410
2025-12-08 18:56:24,551 - INFO - Trainable parameters: 28,589,410
2025-12-08 18:56:24,853 - INFO - Starting from-scratch training...
2025-12-08 18:56:24,854 - INFO - Optimizer: training all model parameters
2025-12-08 18:56:24,856 - INFO - Starting training...
2025-12-08 19:23:35,968 - INFO - Epoch 1/20: LR: 0.000170
2025-12-08 19:23:35,969 - INFO - Epoch 1/20: Train Loss: 6.9038, Val Loss: 6.8299, Val Acc: 0.34%
2025-12-08 19:37:58,604 - INFO - Epoch 2/20: LR: 0.000335
2025-12-08 19:37:58,605 - INFO - Epoch 2/20: Train Loss: 6.8209, Val Loss: 6.7064, Val Acc: 0.64%
2025-12-08 19:52:31,291 - INFO - Epoch 3/20: LR: 0.000500
2025-12-08 19:52:31,310 - INFO - Epoch 3/20: Train Loss: 6.7500, Val Loss: 6.6338, Val Acc: 0.54%
2025-12-08 20:06:27,912 - INFO - Epoch 4/20: LR: 0.000496
2025-12-08 20:06:27,920 - INFO - Epoch 4/20: Train Loss: 6.6670, Val Loss: 6.5102, Val Acc: 0.62%
2025-12-08 20:20:11,919 - INFO - Epoch 5/20: LR: 0.000483
2025-12-08 20:21:31,774 - INFO - Epoch 5/20: Train Loss: 6.5955, Val Loss: 6.5955, Val Acc: 1.06%, Test Loss: 6.5955, Test Acc: 1.06%
2025-12-08 20:35:15,911 - INFO - Epoch 6/20: LR: 0.000463
2025-12-08 20:35:15,932 - INFO - Epoch 6/20: Train Loss: 6.7839, Val Loss: 6.9949, Val Acc: 0.10%
2025-12-08 20:48:58,586 - INFO - Epoch 7/20: LR: 0.000435
2025-12-08 20:48:58,597 - INFO - Epoch 7/20: Train Loss: 6.8870, Val Loss: 6.8860, Val Acc: 0.24%
2025-12-08 21:02:42,047 - INFO - Epoch 8/20: LR: 0.000401
2025-12-08 21:02:42,081 - INFO - Epoch 8/20: Train Loss: 6.9065, Val Loss: 6.9080, Val Acc: 0.06%
2025-12-08 21:16:22,010 - INFO - Epoch 9/20: LR: 0.000362
2025-12-08 21:16:22,036 - INFO - Epoch 9/20: Train Loss: 6.8868, Val Loss: 6.8680, Val Acc: 0.14%
2025-12-08 21:30:05,444 - INFO - Epoch 10/20: LR: 0.000319
2025-12-08 21:31:24,849 - INFO - Epoch 10/20: Train Loss: 6.8814, Val Loss: 6.8799, Val Acc: 0.16%, Test Loss: 6.8799, Test Acc: 0.16%
2025-12-08 21:31:24,851 - INFO - Saving checkpoint for epoch 10...
2025-12-08 21:31:25,641 - INFO - ✅ Checkpoint saved: runs/run_129/checkpoint_epoch_10.pth
2025-12-08 21:45:19,962 - INFO - Epoch 11/20: LR: 0.000274
2025-12-08 21:45:19,978 - INFO - Epoch 11/20: Train Loss: 6.8700, Val Loss: 6.8701, Val Acc: 0.28%
2025-12-08 21:59:08,547 - INFO - Epoch 12/20: LR: 0.000227
2025-12-08 21:59:08,585 - INFO - Epoch 12/20: Train Loss: 6.8743, Val Loss: 6.8834, Val Acc: 0.26%
2025-12-08 22:12:47,788 - INFO - Epoch 13/20: LR: 0.000182
2025-12-08 22:12:47,828 - INFO - Epoch 13/20: Train Loss: 6.8883, Val Loss: 6.8929, Val Acc: 0.18%
2025-12-08 22:26:26,897 - INFO - Epoch 14/20: LR: 0.000139
2025-12-08 22:26:26,914 - INFO - Epoch 14/20: Train Loss: 6.8743, Val Loss: 6.8730, Val Acc: 0.06%
2025-12-08 22:39:59,700 - INFO - Epoch 15/20: LR: 0.000100
2025-12-08 22:41:18,531 - INFO - Epoch 15/20: Train Loss: 6.8642, Val Loss: 6.8659, Val Acc: 0.30%, Test Loss: 6.8659, Test Acc: 0.30%
2025-12-08 22:54:49,228 - INFO - Epoch 16/20: LR: 0.000066
2025-12-08 22:54:49,230 - INFO - Epoch 16/20: Train Loss: 6.8746, Val Loss: 6.8891, Val Acc: 0.10%
2025-12-08 23:08:24,898 - INFO - Epoch 17/20: LR: 0.000038
2025-12-08 23:08:24,901 - INFO - Epoch 17/20: Train Loss: 6.8821, Val Loss: 6.8914, Val Acc: 0.08%
2025-12-08 23:22:08,373 - INFO - Epoch 18/20: LR: 0.000018
2025-12-08 23:22:08,387 - INFO - Epoch 18/20: Train Loss: 6.8788, Val Loss: 6.8876, Val Acc: 0.16%
2025-12-08 23:47:50,161 - INFO - Epoch 19/20: LR: 0.000005
2025-12-08 23:47:50,174 - INFO - Epoch 19/20: Train Loss: 6.8765, Val Loss: 6.8884, Val Acc: 0.14%
[2025-12-08T23:56:11.032] error: *** JOB 3736170 ON head022 CANCELLED AT 2025-12-08T23:56:11 DUE TO TIME LIMIT ***
