INFO:    gocryptfs not found, will not be able to use gocryptfs
2025-12-08 19:02:09,086 - INFO - Logging initialized. Log file: runs/run_130/training.log
2025-12-08 19:02:09,087 - INFO - Experiment directory: runs/run_130
2025-12-08 19:02:09,089 - INFO - Setting random seeds for reproducibility (seed: 42)...
2025-12-08 19:02:09,247 - INFO - Random seeds set to 42 (deterministic=False)
2025-12-08 19:02:09,249 - INFO - Using device: cuda
2025-12-08 19:02:09,251 - INFO - Training configuration: epochs=20, warmup=3, lr=0.0005
2025-12-08 19:02:09,252 - INFO - SWIN configuration: variant=tiny, use_shifted_window=True, use_relative_bias=True, use_absolute_pos_embed=False, use_hierarchical_merge=False
2025-12-08 19:02:09,253 - INFO - SWIN details: embed_dim=96, depths=[2, 2, 6, 2], num_heads=[3, 6, 12, 24], window_size=7
2025-12-08 19:02:09,254 - INFO - Loading dataset...
2025-12-08 19:02:09,256 - INFO - Starting ImageNet data loading from root: /
2025-12-08 19:02:09,257 - INFO - Resolved root path: /
2025-12-08 19:02:09,258 - INFO - Root path exists: True
2025-12-08 19:02:09,260 - INFO - Root path is dir: True
2025-12-08 19:02:09,265 - INFO - Contents of /: ['/.exec', '/.run', '/.shell', '/.singularity.d', '/.test', '/bin', '/boot', '/dev', '/environment', '/etc', '/home', '/lib', '/lib64', '/media', '/mnt', '/opt', '/proc', '/requirements.txt', '/root', '/run', '/sbin', '/singularity', '/srv', '/sys', '/tmp', '/usr', '/var', '/meta', '/train_set', '/train_set_small', '/val_set', '/val_set_unlabeled']
2025-12-08 19:02:09,266 - INFO - Expected train_dir: /train_set, exists: True
2025-12-08 19:02:09,267 - INFO - Expected val_dir: /val_set, exists: True
2025-12-08 19:02:15,318 - INFO - Loaded ImageNet data from /: train=1281167, val=50000
2025-12-08 19:02:15,456 - INFO - Dataset loaded: train=50000 samples (391 batches), val=5000 samples (40 batches), test=5000 samples (40 batches)
2025-12-08 19:02:17,256 - INFO - Training Swin-Tiny from scratch
2025-12-08 19:02:17,257 - INFO - Initializing model from scratch...
2025-12-08 19:02:17,259 - INFO - Model architecture: Swin-Tiny
2025-12-08 19:02:17,260 - INFO - Model config: embed_dim=96, depths=[2, 2, 6, 2], num_heads=[3, 6, 12, 24], window_size=7, use_shifted_window=True, use_relative_bias=True, use_absolute_pos_embed=False, use_hierarchical_merge=False
2025-12-08 19:02:17,759 - INFO - Model created with random initialization
2025-12-08 19:02:17,760 - INFO - Total parameters: 28,288,354
2025-12-08 19:02:17,761 - INFO - Trainable parameters: 28,288,354
2025-12-08 19:02:18,031 - INFO - Starting from-scratch training...
2025-12-08 19:02:18,032 - INFO - Optimizer: training all model parameters
2025-12-08 19:02:18,034 - INFO - Starting training...
2025-12-08 19:23:29,537 - INFO - Epoch 1/20: LR: 0.000170
2025-12-08 19:23:29,538 - INFO - Epoch 1/20: Train Loss: 6.9086, Val Loss: 6.8331, Val Acc: 0.40%
2025-12-08 19:35:02,496 - INFO - Epoch 2/20: LR: 0.000335
2025-12-08 19:35:02,498 - INFO - Epoch 2/20: Train Loss: 6.8193, Val Loss: 6.6907, Val Acc: 0.42%
2025-12-08 19:46:49,986 - INFO - Epoch 3/20: LR: 0.000500
2025-12-08 19:46:49,988 - INFO - Epoch 3/20: Train Loss: 6.7567, Val Loss: 6.6488, Val Acc: 0.56%
2025-12-08 19:58:21,108 - INFO - Epoch 4/20: LR: 0.000496
2025-12-08 19:58:21,109 - INFO - Epoch 4/20: Train Loss: 6.7665, Val Loss: 6.8262, Val Acc: 0.30%
2025-12-08 20:09:51,436 - INFO - Epoch 5/20: LR: 0.000483
2025-12-08 20:11:03,163 - INFO - Epoch 5/20: Train Loss: 6.8842, Val Loss: 6.8722, Val Acc: 0.26%, Test Loss: 6.8722, Test Acc: 0.26%
2025-12-08 20:22:33,001 - INFO - Epoch 6/20: LR: 0.000463
2025-12-08 20:22:33,003 - INFO - Epoch 6/20: Train Loss: 6.9376, Val Loss: 6.9293, Val Acc: 0.12%
2025-12-08 20:34:04,655 - INFO - Epoch 7/20: LR: 0.000435
2025-12-08 20:34:04,656 - INFO - Epoch 7/20: Train Loss: 6.9229, Val Loss: 6.9286, Val Acc: 0.08%
2025-12-08 20:45:32,098 - INFO - Epoch 8/20: LR: 0.000401
2025-12-08 20:45:32,100 - INFO - Epoch 8/20: Train Loss: 6.9122, Val Loss: 6.9174, Val Acc: 0.10%
2025-12-08 20:56:59,991 - INFO - Epoch 9/20: LR: 0.000362
2025-12-08 20:56:59,993 - INFO - Epoch 9/20: Train Loss: 6.9077, Val Loss: 6.9201, Val Acc: 0.12%
2025-12-08 21:08:33,260 - INFO - Epoch 10/20: LR: 0.000319
2025-12-08 21:09:43,811 - INFO - Epoch 10/20: Train Loss: 6.9084, Val Loss: 6.9256, Val Acc: 0.10%, Test Loss: 6.9256, Test Acc: 0.10%
2025-12-08 21:09:43,813 - INFO - Saving checkpoint for epoch 10...
2025-12-08 21:09:44,885 - INFO - ✅ Checkpoint saved: runs/run_130/checkpoint_epoch_10.pth
2025-12-08 21:21:20,602 - INFO - Epoch 11/20: LR: 0.000274
2025-12-08 21:21:20,604 - INFO - Epoch 11/20: Train Loss: 6.9018, Val Loss: 6.9237, Val Acc: 0.10%
2025-12-08 21:32:49,228 - INFO - Epoch 12/20: LR: 0.000227
2025-12-08 21:32:49,229 - INFO - Epoch 12/20: Train Loss: 6.9045, Val Loss: 6.9226, Val Acc: 0.10%
2025-12-08 21:44:19,203 - INFO - Epoch 13/20: LR: 0.000182
2025-12-08 21:44:19,204 - INFO - Epoch 13/20: Train Loss: 6.9044, Val Loss: 6.9194, Val Acc: 0.08%
2025-12-08 21:55:47,625 - INFO - Epoch 14/20: LR: 0.000139
2025-12-08 21:55:47,627 - INFO - Epoch 14/20: Train Loss: 6.9032, Val Loss: 6.9176, Val Acc: 0.14%
2025-12-08 22:07:14,251 - INFO - Epoch 15/20: LR: 0.000100
2025-12-08 22:08:24,888 - INFO - Epoch 15/20: Train Loss: 6.9017, Val Loss: 6.9195, Val Acc: 0.12%, Test Loss: 6.9195, Test Acc: 0.12%
2025-12-08 22:19:54,498 - INFO - Epoch 16/20: LR: 0.000066
2025-12-08 22:19:54,501 - INFO - Epoch 16/20: Train Loss: 6.9011, Val Loss: 6.9201, Val Acc: 0.14%
2025-12-08 22:31:28,504 - INFO - Epoch 17/20: LR: 0.000038
2025-12-08 22:31:28,505 - INFO - Epoch 17/20: Train Loss: 6.9002, Val Loss: 6.9209, Val Acc: 0.08%
2025-12-08 22:43:05,796 - INFO - Epoch 18/20: LR: 0.000018
2025-12-08 22:43:05,798 - INFO - Epoch 18/20: Train Loss: 6.8992, Val Loss: 6.9201, Val Acc: 0.08%
2025-12-08 22:54:39,437 - INFO - Epoch 19/20: LR: 0.000005
2025-12-08 22:54:39,465 - INFO - Epoch 19/20: Train Loss: 6.8979, Val Loss: 6.9210, Val Acc: 0.08%
2025-12-08 23:06:11,002 - INFO - Epoch 20/20: LR: 0.000001
2025-12-08 23:07:21,814 - INFO - Epoch 20/20: Train Loss: 6.8974, Val Loss: 6.9212, Val Acc: 0.08%, Test Loss: 6.9212, Test Acc: 0.08%
2025-12-08 23:07:21,816 - INFO - Saving checkpoint for epoch 20...
2025-12-08 23:07:22,716 - INFO - ✅ Checkpoint saved: runs/run_130/checkpoint_epoch_20.pth
2025-12-08 23:07:22,718 - INFO - Training completed!
2025-12-08 23:07:22,720 - INFO - Training completed!
2025-12-08 23:07:22,722 - INFO - Generating training curves...
2025-12-08 23:07:24,525 - WARNING - Inhomogeneous shapes in per-class F1 data: [(996,), (997,), (996,), (998,), (996,), (996,), (996,), (996,), (996,), (996,), (996,), (996,), (996,), (996,), (996,), (996,), (996,), (996,), (996,), (996,)]. Skipping per-class plotting.
2025-12-08 23:07:24,527 - INFO - Training curves saved as separate images with base name 'runs/run_130/training_curves_from_scratch'
2025-12-08 23:07:24,529 - INFO - Generating confusion matrix on test set...
/var/spool/slurmd/spool/job3736172/slurm_script: line 12: 1204004 Killed                  apptainer run --nv --overlay /home/space/datasets-sqfs/imagenet2012.sqfs pml.sif python main.py
[2025-12-08T23:11:20.068] error: Detected 1 oom_kill event in StepId=3736172.batch. Some of the step tasks have been OOM Killed.
