INFO:    gocryptfs not found, will not be able to use gocryptfs
2025-12-09 21:39:45,041 - INFO - Logging initialized. Log file: runs/run_141/training.log
2025-12-09 21:39:45,043 - INFO - Experiment directory: runs/run_141
2025-12-09 21:39:45,045 - INFO - Setting random seeds for reproducibility (seed: 42)...
2025-12-09 21:39:45,177 - INFO - Random seeds set to 42 (deterministic=False)
2025-12-09 21:39:45,179 - INFO - Using device: cuda
2025-12-09 21:39:45,180 - INFO - Training configuration: epochs=100, warmup=3, lr=0.0005
2025-12-09 21:39:45,181 - INFO - SWIN configuration: variant=tiny, use_shifted_window=True, use_relative_bias=True, use_absolute_pos_embed=False, use_hierarchical_merge=False
2025-12-09 21:39:45,183 - INFO - SWIN details: embed_dim=96, depths=[2, 2, 6, 2], num_heads=[3, 6, 12, 24], window_size=7
2025-12-09 21:39:45,184 - INFO - Loading dataset...
2025-12-09 21:39:45,186 - INFO - Starting ImageNet data loading from root: /
2025-12-09 21:39:45,187 - INFO - Resolved root path: /
2025-12-09 21:39:45,189 - INFO - Root path exists: True
2025-12-09 21:39:45,191 - INFO - Root path is dir: True
2025-12-09 21:39:45,196 - INFO - Contents of /: ['/.exec', '/.run', '/.shell', '/.singularity.d', '/.test', '/bin', '/boot', '/dev', '/environment', '/etc', '/home', '/lib', '/lib64', '/media', '/mnt', '/opt', '/proc', '/requirements.txt', '/root', '/run', '/sbin', '/singularity', '/srv', '/sys', '/tmp', '/usr', '/var', '/meta', '/train_set', '/train_set_small', '/val_set', '/val_set_unlabeled']
2025-12-09 21:39:45,198 - INFO - Expected train_dir: /train_set, exists: True
2025-12-09 21:39:45,199 - INFO - Expected val_dir: /val_set, exists: True
2025-12-09 21:39:51,939 - INFO - Loaded ImageNet data from /: train=1281167, val=50000
2025-12-09 21:39:52,055 - INFO - Dataset loaded: train=50000 samples (391 batches), val=5000 samples (40 batches), test=5000 samples (40 batches)
2025-12-09 21:39:53,862 - INFO - Training Swin-Tiny from scratch
2025-12-09 21:39:53,863 - INFO - Initializing model from scratch...
2025-12-09 21:39:53,865 - INFO - Model architecture: Swin-Tiny
2025-12-09 21:39:53,866 - INFO - Model config: embed_dim=96, depths=[2, 2, 6, 2], num_heads=[3, 6, 12, 24], window_size=7, use_shifted_window=True, use_relative_bias=True, use_absolute_pos_embed=False, use_hierarchical_merge=False
2025-12-09 21:39:54,363 - INFO - Model created with random initialization
2025-12-09 21:39:54,365 - INFO - Total parameters: 28,288,354
2025-12-09 21:39:54,366 - INFO - Trainable parameters: 28,288,354
2025-12-09 21:39:54,715 - INFO - Starting from-scratch training...
2025-12-09 21:39:54,716 - INFO - Optimizer: training all model parameters
2025-12-09 21:39:54,718 - INFO - Starting training...
2025-12-09 21:54:56,844 - INFO - Epoch 1/100: LR: 0.000170
2025-12-09 21:54:56,845 - INFO - Epoch 1/100: Train Loss: 6.9086, Val Loss: 6.8331, Val Acc: 0.40%
2025-12-09 22:09:02,325 - INFO - Epoch 2/100: LR: 0.000335
2025-12-09 22:09:02,327 - INFO - Epoch 2/100: Train Loss: 6.8191, Val Loss: 6.6931, Val Acc: 0.32%
2025-12-09 22:23:24,694 - INFO - Epoch 3/100: LR: 0.000500
2025-12-09 22:23:24,709 - INFO - Epoch 3/100: Train Loss: 6.7566, Val Loss: 6.6551, Val Acc: 0.52%
2025-12-09 22:37:33,708 - INFO - Epoch 4/100: LR: 0.000500
2025-12-09 22:37:33,727 - INFO - Epoch 4/100: Train Loss: 6.6824, Val Loss: 6.5408, Val Acc: 0.88%
2025-12-09 22:51:38,909 - INFO - Epoch 5/100: LR: 0.000499
2025-12-09 22:53:02,410 - INFO - Epoch 5/100: Train Loss: 6.5336, Val Loss: 6.3844, Val Acc: 0.96%, Test Loss: 6.3844, Test Acc: 0.96%
2025-12-09 23:07:06,023 - INFO - Epoch 6/100: LR: 0.000499
2025-12-09 23:07:06,025 - INFO - Epoch 6/100: Train Loss: 6.4051, Val Loss: 6.2223, Val Acc: 1.90%
2025-12-09 23:21:09,917 - INFO - Epoch 7/100: LR: 0.000498
2025-12-09 23:21:09,919 - INFO - Epoch 7/100: Train Loss: 6.3226, Val Loss: 6.1452, Val Acc: 1.86%
2025-12-09 23:35:11,385 - INFO - Epoch 8/100: LR: 0.000497
2025-12-09 23:35:11,387 - INFO - Epoch 8/100: Train Loss: 6.2530, Val Loss: 6.0697, Val Acc: 1.86%
2025-12-09 23:48:57,971 - INFO - Epoch 9/100: LR: 0.000495
2025-12-09 23:48:57,973 - INFO - Epoch 9/100: Train Loss: 6.2011, Val Loss: 6.0663, Val Acc: 2.62%
2025-12-10 00:02:46,844 - INFO - Epoch 10/100: LR: 0.000494
2025-12-10 00:04:06,978 - INFO - Epoch 10/100: Train Loss: 6.1505, Val Loss: 5.9905, Val Acc: 2.60%, Test Loss: 5.9905, Test Acc: 2.60%
2025-12-10 00:04:06,980 - INFO - Saving checkpoint for epoch 10...
2025-12-10 00:04:07,829 - INFO - ✅ Checkpoint saved: runs/run_141/checkpoint_epoch_10.pth
2025-12-10 00:17:54,149 - INFO - Epoch 11/100: LR: 0.000492
2025-12-10 00:17:54,168 - INFO - Epoch 11/100: Train Loss: 6.0993, Val Loss: 5.8813, Val Acc: 3.02%
2025-12-10 00:31:38,288 - INFO - Epoch 12/100: LR: 0.000489
2025-12-10 00:31:38,290 - INFO - Epoch 12/100: Train Loss: 6.0472, Val Loss: 5.8641, Val Acc: 3.88%
2025-12-10 00:45:22,256 - INFO - Epoch 13/100: LR: 0.000487
2025-12-10 00:45:22,277 - INFO - Epoch 13/100: Train Loss: 5.9974, Val Loss: 5.7573, Val Acc: 4.40%
2025-12-10 00:59:02,528 - INFO - Epoch 14/100: LR: 0.000484
2025-12-10 00:59:02,554 - INFO - Epoch 14/100: Train Loss: 5.9336, Val Loss: 5.7081, Val Acc: 4.34%
2025-12-10 01:12:45,794 - INFO - Epoch 15/100: LR: 0.000481
2025-12-10 01:14:06,216 - INFO - Epoch 15/100: Train Loss: 5.8938, Val Loss: 5.6932, Val Acc: 4.02%, Test Loss: 5.6932, Test Acc: 4.02%
2025-12-10 01:27:49,949 - INFO - Epoch 16/100: LR: 0.000478
2025-12-10 01:27:49,962 - INFO - Epoch 16/100: Train Loss: 5.8217, Val Loss: 5.5905, Val Acc: 4.56%
2025-12-10 01:41:33,840 - INFO - Epoch 17/100: LR: 0.000475
2025-12-10 01:41:33,875 - INFO - Epoch 17/100: Train Loss: 5.7648, Val Loss: 5.5825, Val Acc: 4.70%
2025-12-10 01:55:19,586 - INFO - Epoch 18/100: LR: 0.000471
2025-12-10 01:55:19,599 - INFO - Epoch 18/100: Train Loss: 5.7297, Val Loss: 5.5096, Val Acc: 5.02%
2025-12-10 02:09:03,913 - INFO - Epoch 19/100: LR: 0.000467
2025-12-10 02:09:03,929 - INFO - Epoch 19/100: Train Loss: 5.6745, Val Loss: 5.4659, Val Acc: 5.90%
2025-12-10 02:22:49,075 - INFO - Epoch 20/100: LR: 0.000463
2025-12-10 02:24:07,088 - INFO - Epoch 20/100: Train Loss: 5.6322, Val Loss: 5.4083, Val Acc: 6.08%, Test Loss: 5.4083, Test Acc: 6.08%
2025-12-10 02:24:07,089 - INFO - Saving checkpoint for epoch 20...
2025-12-10 02:24:07,868 - INFO - ✅ Checkpoint saved: runs/run_141/checkpoint_epoch_20.pth
2025-12-10 02:37:40,865 - INFO - Epoch 21/100: LR: 0.000459
2025-12-10 02:37:40,881 - INFO - Epoch 21/100: Train Loss: 5.5728, Val Loss: 5.3920, Val Acc: 6.22%
2025-12-10 02:51:12,749 - INFO - Epoch 22/100: LR: 0.000454
2025-12-10 02:51:12,757 - INFO - Epoch 22/100: Train Loss: 5.5284, Val Loss: 5.3046, Val Acc: 6.94%
2025-12-10 03:04:40,221 - INFO - Epoch 23/100: LR: 0.000449
2025-12-10 03:04:40,232 - INFO - Epoch 23/100: Train Loss: 5.4898, Val Loss: 5.3077, Val Acc: 7.34%
2025-12-10 03:18:06,536 - INFO - Epoch 24/100: LR: 0.000444
2025-12-10 03:18:06,538 - INFO - Epoch 24/100: Train Loss: 5.4400, Val Loss: 5.2438, Val Acc: 7.50%
2025-12-10 03:31:40,509 - INFO - Epoch 25/100: LR: 0.000439
2025-12-10 03:32:59,528 - INFO - Epoch 25/100: Train Loss: 5.3932, Val Loss: 5.2326, Val Acc: 7.48%, Test Loss: 5.2326, Test Acc: 7.48%
2025-12-10 03:46:34,306 - INFO - Epoch 26/100: LR: 0.000434
2025-12-10 03:46:34,317 - INFO - Epoch 26/100: Train Loss: 5.3508, Val Loss: 5.1841, Val Acc: 8.12%
2025-12-10 04:00:05,605 - INFO - Epoch 27/100: LR: 0.000428
2025-12-10 04:00:05,619 - INFO - Epoch 27/100: Train Loss: 5.3091, Val Loss: 5.1468, Val Acc: 8.56%
2025-12-10 04:13:36,181 - INFO - Epoch 28/100: LR: 0.000423
2025-12-10 04:13:36,183 - INFO - Epoch 28/100: Train Loss: 5.2551, Val Loss: 5.0956, Val Acc: 8.94%
2025-12-10 04:27:09,000 - INFO - Epoch 29/100: LR: 0.000417
2025-12-10 04:27:09,031 - INFO - Epoch 29/100: Train Loss: 5.2099, Val Loss: 5.0883, Val Acc: 8.92%
2025-12-10 04:40:35,099 - INFO - Epoch 30/100: LR: 0.000411
2025-12-10 04:41:52,811 - INFO - Epoch 30/100: Train Loss: 5.1703, Val Loss: 5.0631, Val Acc: 9.28%, Test Loss: 5.0631, Test Acc: 9.28%
2025-12-10 04:41:52,813 - INFO - Saving checkpoint for epoch 30...
2025-12-10 04:41:53,566 - INFO - ✅ Checkpoint saved: runs/run_141/checkpoint_epoch_30.pth
2025-12-10 04:55:19,603 - INFO - Epoch 31/100: LR: 0.000404
2025-12-10 04:55:19,605 - INFO - Epoch 31/100: Train Loss: 5.1243, Val Loss: 5.0282, Val Acc: 9.58%
2025-12-10 05:08:46,863 - INFO - Epoch 32/100: LR: 0.000398
2025-12-10 05:08:46,865 - INFO - Epoch 32/100: Train Loss: 5.0910, Val Loss: 4.9730, Val Acc: 9.76%
2025-12-10 05:22:14,953 - INFO - Epoch 33/100: LR: 0.000391
2025-12-10 05:22:14,958 - INFO - Epoch 33/100: Train Loss: 5.0456, Val Loss: 4.9408, Val Acc: 10.24%
2025-12-10 05:35:44,260 - INFO - Epoch 34/100: LR: 0.000384
2025-12-10 05:35:44,262 - INFO - Epoch 34/100: Train Loss: 4.9936, Val Loss: 4.9076, Val Acc: 10.96%
2025-12-10 05:49:15,632 - INFO - Epoch 35/100: LR: 0.000378
2025-12-10 05:50:34,304 - INFO - Epoch 35/100: Train Loss: 4.9663, Val Loss: 4.9228, Val Acc: 10.82%, Test Loss: 4.9228, Test Acc: 10.82%
2025-12-10 06:04:05,271 - INFO - Epoch 36/100: LR: 0.000371
2025-12-10 06:04:05,285 - INFO - Epoch 36/100: Train Loss: 4.9168, Val Loss: 4.8715, Val Acc: 11.30%
2025-12-10 06:17:35,123 - INFO - Epoch 37/100: LR: 0.000363
2025-12-10 06:17:35,125 - INFO - Epoch 37/100: Train Loss: 4.8544, Val Loss: 4.8132, Val Acc: 11.88%
2025-12-10 06:31:01,190 - INFO - Epoch 38/100: LR: 0.000356
2025-12-10 06:31:01,192 - INFO - Epoch 38/100: Train Loss: 4.8065, Val Loss: 4.7331, Val Acc: 12.74%
2025-12-10 06:44:26,802 - INFO - Epoch 39/100: LR: 0.000349
2025-12-10 06:44:26,804 - INFO - Epoch 39/100: Train Loss: 4.7643, Val Loss: 4.7376, Val Acc: 12.26%
2025-12-10 06:57:53,901 - INFO - Epoch 40/100: LR: 0.000341
2025-12-10 06:59:11,652 - INFO - Epoch 40/100: Train Loss: 4.7207, Val Loss: 4.6957, Val Acc: 13.12%, Test Loss: 4.6957, Test Acc: 13.12%
2025-12-10 06:59:11,654 - INFO - Saving checkpoint for epoch 40...
2025-12-10 06:59:12,395 - INFO - ✅ Checkpoint saved: runs/run_141/checkpoint_epoch_40.pth
2025-12-10 07:12:39,165 - INFO - Epoch 41/100: LR: 0.000334
2025-12-10 07:12:39,167 - INFO - Epoch 41/100: Train Loss: 4.6628, Val Loss: 4.6398, Val Acc: 13.92%
2025-12-10 07:26:10,025 - INFO - Epoch 42/100: LR: 0.000326
2025-12-10 07:26:10,026 - INFO - Epoch 42/100: Train Loss: 4.6151, Val Loss: 4.6594, Val Acc: 13.44%
2025-12-10 07:39:40,979 - INFO - Epoch 43/100: LR: 0.000318
2025-12-10 07:39:40,982 - INFO - Epoch 43/100: Train Loss: 4.5822, Val Loss: 4.6280, Val Acc: 13.82%
2025-12-10 07:53:14,019 - INFO - Epoch 44/100: LR: 0.000311
2025-12-10 07:53:14,021 - INFO - Epoch 44/100: Train Loss: 4.5326, Val Loss: 4.5752, Val Acc: 14.26%
2025-12-10 08:06:48,336 - INFO - Epoch 45/100: LR: 0.000303
2025-12-10 08:08:07,071 - INFO - Epoch 45/100: Train Loss: 4.4817, Val Loss: 4.5861, Val Acc: 14.74%, Test Loss: 4.5861, Test Acc: 14.74%
2025-12-10 08:21:38,341 - INFO - Epoch 46/100: LR: 0.000295
2025-12-10 08:21:38,342 - INFO - Epoch 46/100: Train Loss: 4.4337, Val Loss: 4.5627, Val Acc: 15.00%
2025-12-10 08:35:03,212 - INFO - Epoch 47/100: LR: 0.000287
2025-12-10 08:35:03,215 - INFO - Epoch 47/100: Train Loss: 4.3971, Val Loss: 4.5380, Val Acc: 15.70%
2025-12-10 08:48:27,149 - INFO - Epoch 48/100: LR: 0.000279
2025-12-10 08:48:27,151 - INFO - Epoch 48/100: Train Loss: 4.3361, Val Loss: 4.4928, Val Acc: 16.02%
2025-12-10 09:01:56,464 - INFO - Epoch 49/100: LR: 0.000271
2025-12-10 09:01:56,465 - INFO - Epoch 49/100: Train Loss: 4.2882, Val Loss: 4.5042, Val Acc: 16.30%
2025-12-10 09:15:34,935 - INFO - Epoch 50/100: LR: 0.000263
2025-12-10 09:16:54,165 - INFO - Epoch 50/100: Train Loss: 4.2681, Val Loss: 4.4926, Val Acc: 16.28%, Test Loss: 4.4926, Test Acc: 16.28%
2025-12-10 09:16:54,166 - INFO - Saving checkpoint for epoch 50...
2025-12-10 09:16:54,932 - INFO - ✅ Checkpoint saved: runs/run_141/checkpoint_epoch_50.pth
2025-12-10 09:30:35,171 - INFO - Epoch 51/100: LR: 0.000255
2025-12-10 09:30:35,172 - INFO - Epoch 51/100: Train Loss: 4.2106, Val Loss: 4.4608, Val Acc: 15.74%
2025-12-10 09:44:17,218 - INFO - Epoch 52/100: LR: 0.000246
2025-12-10 09:44:17,231 - INFO - Epoch 52/100: Train Loss: 4.1659, Val Loss: 4.4609, Val Acc: 17.18%
2025-12-10 09:57:57,908 - INFO - Epoch 53/100: LR: 0.000238
2025-12-10 09:57:57,910 - INFO - Epoch 53/100: Train Loss: 4.1163, Val Loss: 4.4296, Val Acc: 16.18%
2025-12-10 10:11:35,928 - INFO - Epoch 54/100: LR: 0.000230
2025-12-10 10:11:35,930 - INFO - Epoch 54/100: Train Loss: 4.0779, Val Loss: 4.4171, Val Acc: 17.26%
2025-12-10 10:25:14,472 - INFO - Epoch 55/100: LR: 0.000222
2025-12-10 10:26:33,545 - INFO - Epoch 55/100: Train Loss: 4.0322, Val Loss: 4.3721, Val Acc: 17.28%, Test Loss: 4.3721, Test Acc: 17.28%
2025-12-10 10:40:11,285 - INFO - Epoch 56/100: LR: 0.000214
2025-12-10 10:40:11,286 - INFO - Epoch 56/100: Train Loss: 3.9891, Val Loss: 4.3831, Val Acc: 17.24%
2025-12-10 10:53:51,349 - INFO - Epoch 57/100: LR: 0.000206
2025-12-10 10:53:51,401 - INFO - Epoch 57/100: Train Loss: 3.9316, Val Loss: 4.3838, Val Acc: 17.52%
2025-12-10 11:07:45,167 - INFO - Epoch 58/100: LR: 0.000198
2025-12-10 11:07:45,184 - INFO - Epoch 58/100: Train Loss: 3.9081, Val Loss: 4.3641, Val Acc: 17.64%
2025-12-10 11:21:46,096 - INFO - Epoch 59/100: LR: 0.000190
2025-12-10 11:21:46,129 - INFO - Epoch 59/100: Train Loss: 3.8570, Val Loss: 4.3792, Val Acc: 17.88%
2025-12-10 11:35:42,500 - INFO - Epoch 60/100: LR: 0.000183
2025-12-10 11:37:02,651 - INFO - Epoch 60/100: Train Loss: 3.8075, Val Loss: 4.3624, Val Acc: 18.04%, Test Loss: 4.3624, Test Acc: 18.04%
2025-12-10 11:37:02,653 - INFO - Saving checkpoint for epoch 60...
2025-12-10 11:37:03,422 - INFO - ✅ Checkpoint saved: runs/run_141/checkpoint_epoch_60.pth
2025-12-10 11:51:01,270 - INFO - Epoch 61/100: LR: 0.000175
2025-12-10 11:51:01,272 - INFO - Epoch 61/100: Train Loss: 3.7767, Val Loss: 4.3510, Val Acc: 17.48%
2025-12-10 12:05:09,971 - INFO - Epoch 62/100: LR: 0.000167
2025-12-10 12:05:09,994 - INFO - Epoch 62/100: Train Loss: 3.7227, Val Loss: 4.3370, Val Acc: 18.44%
2025-12-10 12:19:10,273 - INFO - Epoch 63/100: LR: 0.000160
2025-12-10 12:19:10,288 - INFO - Epoch 63/100: Train Loss: 3.6792, Val Loss: 4.3260, Val Acc: 18.98%
2025-12-10 12:33:01,516 - INFO - Epoch 64/100: LR: 0.000152
2025-12-10 12:33:01,639 - INFO - Epoch 64/100: Train Loss: 3.6422, Val Loss: 4.3059, Val Acc: 18.74%
2025-12-10 12:46:49,575 - INFO - Epoch 65/100: LR: 0.000145
2025-12-10 12:48:10,199 - INFO - Epoch 65/100: Train Loss: 3.5880, Val Loss: 4.3066, Val Acc: 19.02%, Test Loss: 4.3066, Test Acc: 19.02%
2025-12-10 13:01:59,884 - INFO - Epoch 66/100: LR: 0.000138
2025-12-10 13:01:59,928 - INFO - Epoch 66/100: Train Loss: 3.5558, Val Loss: 4.2631, Val Acc: 19.56%
2025-12-10 13:16:04,041 - INFO - Epoch 67/100: LR: 0.000130
2025-12-10 13:16:04,082 - INFO - Epoch 67/100: Train Loss: 3.5084, Val Loss: 4.2515, Val Acc: 19.44%
2025-12-10 13:30:03,170 - INFO - Epoch 68/100: LR: 0.000123
2025-12-10 13:30:03,184 - INFO - Epoch 68/100: Train Loss: 3.4769, Val Loss: 4.2473, Val Acc: 19.34%
2025-12-10 13:43:59,533 - INFO - Epoch 69/100: LR: 0.000117
2025-12-10 13:43:59,535 - INFO - Epoch 69/100: Train Loss: 3.4443, Val Loss: 4.2830, Val Acc: 19.50%
2025-12-10 13:57:48,983 - INFO - Epoch 70/100: LR: 0.000110
2025-12-10 13:59:08,433 - INFO - Epoch 70/100: Train Loss: 3.3960, Val Loss: 4.2546, Val Acc: 20.04%, Test Loss: 4.2546, Test Acc: 20.04%
2025-12-10 13:59:08,435 - INFO - Saving checkpoint for epoch 70...
2025-12-10 13:59:09,191 - INFO - ✅ Checkpoint saved: runs/run_141/checkpoint_epoch_70.pth
2025-12-10 14:12:54,817 - INFO - Epoch 71/100: LR: 0.000103
2025-12-10 14:12:54,831 - INFO - Epoch 71/100: Train Loss: 3.3560, Val Loss: 4.2386, Val Acc: 20.44%
2025-12-10 14:26:26,524 - INFO - Epoch 72/100: LR: 0.000097
2025-12-10 14:26:26,542 - INFO - Epoch 72/100: Train Loss: 3.3360, Val Loss: 4.2664, Val Acc: 19.62%
2025-12-10 14:40:00,921 - INFO - Epoch 73/100: LR: 0.000090
2025-12-10 14:40:00,946 - INFO - Epoch 73/100: Train Loss: 3.2814, Val Loss: 4.2465, Val Acc: 20.56%
2025-12-10 14:53:37,587 - INFO - Epoch 74/100: LR: 0.000084
2025-12-10 14:53:37,630 - INFO - Epoch 74/100: Train Loss: 3.2558, Val Loss: 4.2482, Val Acc: 20.30%
2025-12-10 15:07:20,615 - INFO - Epoch 75/100: LR: 0.000078
2025-12-10 15:08:40,029 - INFO - Epoch 75/100: Train Loss: 3.2162, Val Loss: 4.2609, Val Acc: 20.20%, Test Loss: 4.2609, Test Acc: 20.20%
2025-12-10 15:22:22,766 - INFO - Epoch 76/100: LR: 0.000073
2025-12-10 15:22:22,780 - INFO - Epoch 76/100: Train Loss: 3.1881, Val Loss: 4.2449, Val Acc: 20.18%
2025-12-10 15:36:02,781 - INFO - Epoch 77/100: LR: 0.000067
2025-12-10 15:36:02,790 - INFO - Epoch 77/100: Train Loss: 3.1543, Val Loss: 4.2541, Val Acc: 20.44%
2025-12-10 15:49:48,810 - INFO - Epoch 78/100: LR: 0.000062
2025-12-10 15:49:48,828 - INFO - Epoch 78/100: Train Loss: 3.1353, Val Loss: 4.2261, Val Acc: 20.94%
2025-12-10 16:03:30,987 - INFO - Epoch 79/100: LR: 0.000057
2025-12-10 16:03:31,057 - INFO - Epoch 79/100: Train Loss: 3.0931, Val Loss: 4.2332, Val Acc: 21.00%
2025-12-10 16:17:35,225 - INFO - Epoch 80/100: LR: 0.000052
2025-12-10 16:18:59,674 - INFO - Epoch 80/100: Train Loss: 3.0635, Val Loss: 4.2372, Val Acc: 21.06%, Test Loss: 4.2372, Test Acc: 21.06%
2025-12-10 16:18:59,693 - INFO - Saving checkpoint for epoch 80...
2025-12-10 16:19:00,738 - INFO - ✅ Checkpoint saved: runs/run_141/checkpoint_epoch_80.pth
2025-12-10 16:33:02,881 - INFO - Epoch 81/100: LR: 0.000047
2025-12-10 16:33:02,913 - INFO - Epoch 81/100: Train Loss: 3.0357, Val Loss: 4.2428, Val Acc: 20.68%
2025-12-10 16:46:47,852 - INFO - Epoch 82/100: LR: 0.000042
2025-12-10 16:46:47,861 - INFO - Epoch 82/100: Train Loss: 3.0175, Val Loss: 4.2281, Val Acc: 21.28%
2025-12-10 17:00:37,955 - INFO - Epoch 83/100: LR: 0.000038
2025-12-10 17:00:37,968 - INFO - Epoch 83/100: Train Loss: 3.0000, Val Loss: 4.2436, Val Acc: 21.08%
2025-12-10 17:14:24,464 - INFO - Epoch 84/100: LR: 0.000034
2025-12-10 17:14:24,473 - INFO - Epoch 84/100: Train Loss: 2.9952, Val Loss: 4.2280, Val Acc: 20.66%
2025-12-10 17:28:11,362 - INFO - Epoch 85/100: LR: 0.000030
2025-12-10 17:29:30,656 - INFO - Epoch 85/100: Train Loss: 2.9877, Val Loss: 4.2329, Val Acc: 20.82%, Test Loss: 4.2329, Test Acc: 20.82%
2025-12-10 17:43:14,790 - INFO - Epoch 86/100: LR: 0.000026
2025-12-10 17:43:14,809 - INFO - Epoch 86/100: Train Loss: 2.9439, Val Loss: 4.2327, Val Acc: 21.12%
2025-12-10 17:57:02,461 - INFO - Epoch 87/100: LR: 0.000023
2025-12-10 17:57:02,934 - INFO - Epoch 87/100: Train Loss: 2.9345, Val Loss: 4.2363, Val Acc: 21.38%
2025-12-10 18:11:32,791 - INFO - Epoch 88/100: LR: 0.000020
2025-12-10 18:11:32,881 - INFO - Epoch 88/100: Train Loss: 2.9214, Val Loss: 4.2416, Val Acc: 20.88%
2025-12-10 18:26:30,920 - INFO - Epoch 89/100: LR: 0.000017
2025-12-10 18:26:30,950 - INFO - Epoch 89/100: Train Loss: 2.8932, Val Loss: 4.2403, Val Acc: 21.00%
2025-12-10 18:43:07,230 - INFO - Epoch 90/100: LR: 0.000014
2025-12-10 18:44:27,129 - INFO - Epoch 90/100: Train Loss: 2.8944, Val Loss: 4.2301, Val Acc: 21.08%, Test Loss: 4.2301, Test Acc: 21.08%
2025-12-10 18:44:27,130 - INFO - Saving checkpoint for epoch 90...
2025-12-10 18:44:28,372 - INFO - ✅ Checkpoint saved: runs/run_141/checkpoint_epoch_90.pth
2025-12-10 19:04:39,397 - INFO - Epoch 91/100: LR: 0.000012
2025-12-10 19:04:39,471 - INFO - Epoch 91/100: Train Loss: 2.8820, Val Loss: 4.2336, Val Acc: 20.86%
2025-12-10 19:29:21,833 - INFO - Epoch 92/100: LR: 0.000009
2025-12-10 19:29:22,012 - INFO - Epoch 92/100: Train Loss: 2.8639, Val Loss: 4.2295, Val Acc: 21.00%
2025-12-10 19:49:24,386 - INFO - Epoch 93/100: LR: 0.000007
2025-12-10 19:49:24,475 - INFO - Epoch 93/100: Train Loss: 2.8460, Val Loss: 4.2348, Val Acc: 21.06%
2025-12-10 20:07:05,521 - INFO - Epoch 94/100: LR: 0.000006
2025-12-10 20:07:05,580 - INFO - Epoch 94/100: Train Loss: 2.8581, Val Loss: 4.2339, Val Acc: 21.04%
2025-12-10 20:23:02,364 - INFO - Epoch 95/100: LR: 0.000004
2025-12-10 20:24:22,120 - INFO - Epoch 95/100: Train Loss: 2.8439, Val Loss: 4.2333, Val Acc: 21.18%, Test Loss: 4.2333, Test Acc: 21.18%
2025-12-10 20:39:32,097 - INFO - Epoch 96/100: LR: 0.000003
2025-12-10 20:39:32,125 - INFO - Epoch 96/100: Train Loss: 2.8383, Val Loss: 4.2326, Val Acc: 20.98%
2025-12-10 20:54:45,488 - INFO - Epoch 97/100: LR: 0.000002
2025-12-10 20:54:45,780 - INFO - Epoch 97/100: Train Loss: 2.8359, Val Loss: 4.2362, Val Acc: 20.90%
2025-12-10 21:16:13,898 - INFO - Epoch 98/100: LR: 0.000002
2025-12-10 21:16:13,987 - INFO - Epoch 98/100: Train Loss: 2.8377, Val Loss: 4.2312, Val Acc: 21.04%
2025-12-10 21:36:29,351 - INFO - Epoch 99/100: LR: 0.000001
2025-12-10 21:36:29,439 - INFO - Epoch 99/100: Train Loss: 2.8272, Val Loss: 4.2310, Val Acc: 20.94%
[2025-12-10T21:41:15.193] error: *** JOB 3743943 ON head022 CANCELLED AT 2025-12-10T21:41:15 DUE to SIGNAL Terminated ***
