INFO:    gocryptfs not found, will not be able to use gocryptfs
2025-12-10 22:28:48,030 - INFO - Logging initialized. Log file: runs/run_146/training.log
2025-12-10 22:28:48,278 - INFO - Experiment directory: runs/run_146
2025-12-10 22:28:48,310 - INFO - Setting random seeds for reproducibility (seed: 42)...
2025-12-10 22:28:48,452 - INFO - Random seeds set to 42 (deterministic=False)
2025-12-10 22:28:48,479 - INFO - Using device: cuda
2025-12-10 22:28:48,482 - INFO - Training configuration: epochs=50, warmup=3, lr=0.00025
2025-12-10 22:28:48,567 - INFO - SWIN configuration: variant=tiny, use_shifted_window=True, use_relative_bias=True, use_absolute_pos_embed=False, use_hierarchical_merge=False
2025-12-10 22:28:48,584 - INFO - SWIN details: embed_dim=96, depths=[2, 2, 6, 2], num_heads=[3, 6, 12, 24], window_size=7
2025-12-10 22:28:48,590 - INFO - Loading dataset...
2025-12-10 22:28:48,592 - INFO - Starting ImageNet data loading from root: /
2025-12-10 22:28:48,595 - INFO - Resolved root path: /
2025-12-10 22:28:48,597 - INFO - Root path exists: True
2025-12-10 22:28:48,601 - INFO - Root path is dir: True
2025-12-10 22:28:48,606 - INFO - Contents of /: ['/.exec', '/.run', '/.shell', '/.singularity.d', '/.test', '/bin', '/boot', '/dev', '/environment', '/etc', '/home', '/lib', '/lib64', '/media', '/mnt', '/opt', '/proc', '/requirements.txt', '/root', '/run', '/sbin', '/singularity', '/srv', '/sys', '/tmp', '/usr', '/var', '/meta', '/train_set', '/train_set_small', '/val_set', '/val_set_unlabeled']
2025-12-10 22:28:48,608 - INFO - Expected train_dir: /train_set, exists: True
2025-12-10 22:28:48,610 - INFO - Expected val_dir: /val_set, exists: True
2025-12-10 22:28:55,046 - INFO - Loaded ImageNet data from /: train=1281167, val=50000
2025-12-10 22:28:55,185 - INFO - Dataset loaded: train=50000 samples (196 batches), val=50000 samples (196 batches), test=50000 samples (196 batches)
2025-12-10 22:28:57,095 - INFO - Training Swin-Tiny from scratch
2025-12-10 22:28:57,112 - INFO - Initializing model from scratch...
2025-12-10 22:28:57,122 - INFO - Model architecture: Swin-Tiny
2025-12-10 22:28:57,129 - INFO - Model config: embed_dim=96, depths=[2, 2, 6, 2], num_heads=[3, 6, 12, 24], window_size=7, use_shifted_window=True, use_relative_bias=True, use_absolute_pos_embed=False, use_hierarchical_merge=False
2025-12-10 22:28:57,607 - INFO - Model created with random initialization
2025-12-10 22:28:57,675 - INFO - Total parameters: 28,288,354
2025-12-10 22:28:57,678 - INFO - Trainable parameters: 28,288,354
2025-12-10 22:28:57,984 - INFO - Starting from-scratch training...
2025-12-10 22:28:58,002 - INFO - Optimizer: training all model parameters
2025-12-10 22:28:58,029 - INFO - LR Scheduler: cosine with 3 warmup epochs
2025-12-10 22:28:58,039 - INFO - Starting training...
2025-12-10 23:17:05,253 - INFO - Epoch 1/50: LR: 0.000085
2025-12-10 23:17:05,425 - INFO - Epoch 1/50: Train Loss: 6.9385, Val Loss: 6.8894, Val Acc: 0.25%
2025-12-11 00:03:22,821 - INFO - Epoch 2/50: LR: 0.000168
2025-12-11 00:03:22,862 - INFO - Epoch 2/50: Train Loss: 6.8292, Val Loss: 6.6987, Val Acc: 0.53%
2025-12-11 00:32:37,097 - INFO - Epoch 3/50: LR: 0.000250
2025-12-11 00:32:37,128 - INFO - Epoch 3/50: Train Loss: 6.7417, Val Loss: 6.6067, Val Acc: 0.74%
2025-12-11 00:59:31,066 - INFO - Epoch 4/50: LR: 0.000250
2025-12-11 00:59:31,093 - INFO - Epoch 4/50: Train Loss: 6.6079, Val Loss: 6.4267, Val Acc: 1.08%
2025-12-11 01:26:00,296 - INFO - Epoch 5/50: LR: 0.000249
2025-12-11 01:50:30,653 - INFO - Epoch 5/50: Train Loss: 6.3999, Val Loss: 6.1961, Val Acc: 1.75%, Test Loss: 6.1961, Test Acc: 1.75%
2025-12-11 02:55:17,340 - INFO - Epoch 6/50: LR: 0.000248
2025-12-11 02:55:17,560 - INFO - Epoch 6/50: Train Loss: 6.2358, Val Loss: 6.0266, Val Acc: 2.37%
2025-12-11 03:42:18,736 - INFO - Epoch 7/50: LR: 0.000246
2025-12-11 03:42:19,023 - INFO - Epoch 7/50: Train Loss: 6.1127, Val Loss: 5.9018, Val Acc: 2.95%
2025-12-11 04:35:07,311 - INFO - Epoch 8/50: LR: 0.000244
2025-12-11 04:35:07,387 - INFO - Epoch 8/50: Train Loss: 6.0148, Val Loss: 5.8161, Val Acc: 3.34%
2025-12-11 05:45:49,205 - INFO - Epoch 9/50: LR: 0.000242
2025-12-11 05:45:49,481 - INFO - Epoch 9/50: Train Loss: 5.9165, Val Loss: 5.6738, Val Acc: 4.04%
2025-12-11 06:46:41,386 - INFO - Epoch 10/50: LR: 0.000239
2025-12-11 07:03:01,529 - INFO - Epoch 10/50: Train Loss: 5.8323, Val Loss: 5.5907, Val Acc: 4.51%, Test Loss: 5.5907, Test Acc: 4.51%
2025-12-11 07:03:01,617 - INFO - Saving checkpoint for epoch 10...
2025-12-11 07:03:06,797 - INFO - ✅ Checkpoint saved: runs/run_146/checkpoint_epoch_10.pth
2025-12-11 08:07:05,002 - INFO - Epoch 11/50: LR: 0.000236
2025-12-11 08:07:05,245 - INFO - Epoch 11/50: Train Loss: 5.7503, Val Loss: 5.4799, Val Acc: 5.04%
2025-12-11 08:47:38,539 - INFO - Epoch 12/50: LR: 0.000232
2025-12-11 08:47:38,596 - INFO - Epoch 12/50: Train Loss: 5.6519, Val Loss: 5.4179, Val Acc: 5.57%
2025-12-11 09:15:30,682 - INFO - Epoch 13/50: LR: 0.000228
2025-12-11 09:15:30,720 - INFO - Epoch 13/50: Train Loss: 5.5815, Val Loss: 5.3306, Val Acc: 6.24%
2025-12-11 09:42:12,180 - INFO - Epoch 14/50: LR: 0.000224
2025-12-11 09:42:12,202 - INFO - Epoch 14/50: Train Loss: 5.5024, Val Loss: 5.2599, Val Acc: 6.79%
2025-12-11 10:09:45,603 - INFO - Epoch 15/50: LR: 0.000220
2025-12-11 10:23:25,992 - INFO - Epoch 15/50: Train Loss: 5.4262, Val Loss: 5.2065, Val Acc: 7.55%, Test Loss: 5.2065, Test Acc: 7.55%
2025-12-11 10:49:56,420 - INFO - Epoch 16/50: LR: 0.000215
2025-12-11 10:49:56,454 - INFO - Epoch 16/50: Train Loss: 5.3492, Val Loss: 5.1650, Val Acc: 7.67%
2025-12-11 11:18:38,264 - INFO - Epoch 17/50: LR: 0.000209
2025-12-11 11:18:38,317 - INFO - Epoch 17/50: Train Loss: 5.2677, Val Loss: 5.0940, Val Acc: 8.44%
2025-12-11 11:46:57,929 - INFO - Epoch 18/50: LR: 0.000204
2025-12-11 11:46:57,958 - INFO - Epoch 18/50: Train Loss: 5.2142, Val Loss: 5.0246, Val Acc: 8.97%
2025-12-11 12:14:28,134 - INFO - Epoch 19/50: LR: 0.000198
2025-12-11 12:14:28,161 - INFO - Epoch 19/50: Train Loss: 5.1402, Val Loss: 4.9670, Val Acc: 9.59%
2025-12-11 12:40:56,867 - INFO - Epoch 20/50: LR: 0.000192
2025-12-11 12:54:37,367 - INFO - Epoch 20/50: Train Loss: 5.0793, Val Loss: 4.9557, Val Acc: 9.68%, Test Loss: 4.9557, Test Acc: 9.68%
2025-12-11 12:54:37,396 - INFO - Saving checkpoint for epoch 20...
2025-12-11 12:54:38,223 - INFO - ✅ Checkpoint saved: runs/run_146/checkpoint_epoch_20.pth
2025-12-11 13:21:42,705 - INFO - Epoch 21/50: LR: 0.000186
2025-12-11 13:21:42,780 - INFO - Epoch 21/50: Train Loss: 5.0000, Val Loss: 4.8794, Val Acc: 10.23%
2025-12-11 13:48:31,689 - INFO - Epoch 22/50: LR: 0.000180
2025-12-11 13:48:31,870 - INFO - Epoch 22/50: Train Loss: 4.9299, Val Loss: 4.8078, Val Acc: 11.14%
2025-12-11 14:15:18,278 - INFO - Epoch 23/50: LR: 0.000173
2025-12-11 14:15:18,308 - INFO - Epoch 23/50: Train Loss: 4.8798, Val Loss: 4.7678, Val Acc: 11.45%
2025-12-11 14:41:54,472 - INFO - Epoch 24/50: LR: 0.000167
2025-12-11 14:41:54,527 - INFO - Epoch 24/50: Train Loss: 4.8206, Val Loss: 4.7634, Val Acc: 11.78%
2025-12-11 15:11:42,280 - INFO - Epoch 25/50: LR: 0.000160
2025-12-11 15:25:37,428 - INFO - Epoch 25/50: Train Loss: 4.7507, Val Loss: 4.7303, Val Acc: 12.36%, Test Loss: 4.7303, Test Acc: 12.36%
2025-12-11 15:53:38,520 - INFO - Epoch 26/50: LR: 0.000153
2025-12-11 15:53:38,645 - INFO - Epoch 26/50: Train Loss: 4.6835, Val Loss: 4.6563, Val Acc: 12.93%
2025-12-11 16:21:13,589 - INFO - Epoch 27/50: LR: 0.000147
2025-12-11 16:21:13,612 - INFO - Epoch 27/50: Train Loss: 4.6331, Val Loss: 4.6300, Val Acc: 13.15%
2025-12-11 16:48:30,618 - INFO - Epoch 28/50: LR: 0.000140
2025-12-11 16:48:30,658 - INFO - Epoch 28/50: Train Loss: 4.5707, Val Loss: 4.5861, Val Acc: 13.61%
2025-12-11 17:16:20,299 - INFO - Epoch 29/50: LR: 0.000133
2025-12-11 17:16:20,329 - INFO - Epoch 29/50: Train Loss: 4.5081, Val Loss: 4.5445, Val Acc: 14.22%
2025-12-11 17:45:33,768 - INFO - Epoch 30/50: LR: 0.000127
2025-12-11 18:00:06,489 - INFO - Epoch 30/50: Train Loss: 4.4409, Val Loss: 4.5346, Val Acc: 14.37%, Test Loss: 4.5346, Test Acc: 14.37%
2025-12-11 18:00:07,948 - INFO - Saving checkpoint for epoch 30...
2025-12-11 18:00:08,673 - INFO - ✅ Checkpoint saved: runs/run_146/checkpoint_epoch_30.pth
2025-12-11 18:28:07,779 - INFO - Epoch 31/50: LR: 0.000120
2025-12-11 18:28:07,801 - INFO - Epoch 31/50: Train Loss: 4.3831, Val Loss: 4.4809, Val Acc: 15.30%
2025-12-11 18:56:03,609 - INFO - Epoch 32/50: LR: 0.000114
2025-12-11 18:56:03,632 - INFO - Epoch 32/50: Train Loss: 4.3276, Val Loss: 4.4717, Val Acc: 15.22%
2025-12-11 19:23:08,192 - INFO - Epoch 33/50: LR: 0.000108
2025-12-11 19:23:08,248 - INFO - Epoch 33/50: Train Loss: 4.2698, Val Loss: 4.4107, Val Acc: 16.00%
2025-12-11 19:50:08,888 - INFO - Epoch 34/50: LR: 0.000102
2025-12-11 19:50:08,929 - INFO - Epoch 34/50: Train Loss: 4.2084, Val Loss: 4.4003, Val Acc: 16.20%
2025-12-11 20:16:58,564 - INFO - Epoch 35/50: LR: 0.000096
2025-12-11 20:30:47,942 - INFO - Epoch 35/50: Train Loss: 4.1647, Val Loss: 4.3857, Val Acc: 16.48%, Test Loss: 4.3857, Test Acc: 16.48%
2025-12-11 20:57:48,718 - INFO - Epoch 36/50: LR: 0.000091
2025-12-11 20:57:48,775 - INFO - Epoch 36/50: Train Loss: 4.1002, Val Loss: 4.3356, Val Acc: 16.93%
2025-12-11 21:24:48,783 - INFO - Epoch 37/50: LR: 0.000085
2025-12-11 21:24:48,808 - INFO - Epoch 37/50: Train Loss: 4.0411, Val Loss: 4.3303, Val Acc: 17.02%
2025-12-11 21:52:44,218 - INFO - Epoch 38/50: LR: 0.000080
2025-12-11 21:52:44,273 - INFO - Epoch 38/50: Train Loss: 3.9959, Val Loss: 4.2865, Val Acc: 17.69%
2025-12-11 22:20:08,788 - INFO - Epoch 39/50: LR: 0.000076
2025-12-11 22:20:08,817 - INFO - Epoch 39/50: Train Loss: 3.9479, Val Loss: 4.3041, Val Acc: 17.29%
2025-12-11 22:47:45,745 - INFO - Epoch 40/50: LR: 0.000072
2025-12-11 23:02:14,570 - INFO - Epoch 40/50: Train Loss: 3.8979, Val Loss: 4.2582, Val Acc: 18.02%, Test Loss: 4.2582, Test Acc: 18.02%
2025-12-11 23:02:14,571 - INFO - Saving checkpoint for epoch 40...
2025-12-11 23:02:15,369 - INFO - ✅ Checkpoint saved: runs/run_146/checkpoint_epoch_40.pth
2025-12-11 23:29:20,942 - INFO - Epoch 41/50: LR: 0.000068
2025-12-11 23:29:21,026 - INFO - Epoch 41/50: Train Loss: 3.8378, Val Loss: 4.2354, Val Acc: 18.49%
2025-12-11 23:55:49,327 - INFO - Epoch 42/50: LR: 0.000064
2025-12-11 23:55:49,787 - INFO - Epoch 42/50: Train Loss: 3.8060, Val Loss: 4.2164, Val Acc: 18.68%
2025-12-12 00:22:37,512 - INFO - Epoch 43/50: LR: 0.000061
2025-12-12 00:22:37,541 - INFO - Epoch 43/50: Train Loss: 3.7701, Val Loss: 4.1792, Val Acc: 19.00%
2025-12-12 00:49:26,529 - INFO - Epoch 44/50: LR: 0.000058
2025-12-12 00:49:26,531 - INFO - Epoch 44/50: Train Loss: 3.7242, Val Loss: 4.1857, Val Acc: 19.08%
2025-12-12 01:16:23,275 - INFO - Epoch 45/50: LR: 0.000056
2025-12-12 01:30:23,322 - INFO - Epoch 45/50: Train Loss: 3.6870, Val Loss: 4.1756, Val Acc: 19.08%, Test Loss: 4.1756, Test Acc: 19.08%
2025-12-12 01:58:38,941 - INFO - Epoch 46/50: LR: 0.000054
2025-12-12 01:58:38,943 - INFO - Epoch 46/50: Train Loss: 3.6434, Val Loss: 4.1708, Val Acc: 19.31%
2025-12-12 02:26:37,970 - INFO - Epoch 47/50: LR: 0.000052
2025-12-12 02:26:37,971 - INFO - Epoch 47/50: Train Loss: 3.6230, Val Loss: 4.1530, Val Acc: 19.43%
2025-12-12 02:54:42,036 - INFO - Epoch 48/50: LR: 0.000051
2025-12-12 02:54:42,038 - INFO - Epoch 48/50: Train Loss: 3.5849, Val Loss: 4.1195, Val Acc: 19.99%
2025-12-12 03:22:56,480 - INFO - Epoch 49/50: LR: 0.000050
2025-12-12 03:22:56,513 - INFO - Epoch 49/50: Train Loss: 3.5422, Val Loss: 4.1239, Val Acc: 19.86%
2025-12-12 03:51:02,050 - INFO - Epoch 50/50: LR: 0.000050
2025-12-12 04:05:44,693 - INFO - Epoch 50/50: Train Loss: 3.5347, Val Loss: 4.1375, Val Acc: 19.77%, Test Loss: 4.1375, Test Acc: 19.77%
2025-12-12 04:05:44,731 - INFO - Saving checkpoint for epoch 50...
2025-12-12 04:05:45,584 - INFO - ✅ Checkpoint saved: runs/run_146/checkpoint_epoch_50.pth
2025-12-12 04:05:45,586 - INFO - Training completed!
2025-12-12 04:05:45,587 - INFO - Training completed!
2025-12-12 04:05:45,588 - INFO - Generating training curves...
2025-12-12 04:05:47,304 - INFO - Too many classes (1000) for per-class plotting, skipping
2025-12-12 04:05:47,305 - INFO - Training curves saved as separate images with base name 'runs/run_146/training_curves_from_scratch'
2025-12-12 04:05:47,307 - INFO - Generating confusion matrix on test set...
/var/spool/slurmd/spool/job3751254/slurm_script: line 12: 382239 Killed                  apptainer run --nv --overlay /home/space/datasets-sqfs/imagenet2012.sqfs pml.sif python main.py
[2025-12-12T04:23:22.713] error: Detected 1 oom_kill event in StepId=3751254.batch. Some of the step tasks have been OOM Killed.
