INFO:    gocryptfs not found, will not be able to use gocryptfs
2025-12-10 23:11:56,677 - INFO - Logging initialized. Log file: runs/run_156/training.log
2025-12-10 23:11:56,693 - INFO - Experiment directory: runs/run_156
2025-12-10 23:11:56,695 - INFO - Setting random seeds for reproducibility (seed: 42)...
2025-12-10 23:11:56,918 - INFO - Random seeds set to 42 (deterministic=False)
2025-12-10 23:11:56,919 - INFO - Using device: cuda
2025-12-10 23:11:56,921 - INFO - Training configuration: epochs=30, warmup=2, lr=0.000125
2025-12-10 23:11:56,923 - INFO - SWIN configuration: variant=tiny, use_shifted_window=True, use_relative_bias=True, use_absolute_pos_embed=False, use_hierarchical_merge=False
2025-12-10 23:11:56,924 - INFO - SWIN details: embed_dim=96, depths=[2, 2, 6, 2], num_heads=[3, 6, 12, 24], window_size=7
2025-12-10 23:11:56,926 - INFO - Loading dataset...
2025-12-10 23:11:56,931 - INFO - Starting ImageNet data loading from root: /
2025-12-10 23:11:56,934 - INFO - Resolved root path: /
2025-12-10 23:11:56,936 - INFO - Root path exists: True
2025-12-10 23:11:56,937 - INFO - Root path is dir: True
2025-12-10 23:11:56,943 - INFO - Contents of /: ['/.exec', '/.run', '/.shell', '/.singularity.d', '/.test', '/bin', '/boot', '/dev', '/environment', '/etc', '/home', '/lib', '/lib64', '/media', '/mnt', '/opt', '/proc', '/requirements.txt', '/root', '/run', '/sbin', '/singularity', '/srv', '/sys', '/tmp', '/usr', '/var']
2025-12-10 23:11:56,945 - INFO - Expected train_dir: /train_set, exists: False
2025-12-10 23:11:56,947 - INFO - Expected val_dir: /val_set, exists: False
2025-12-10 23:11:56,949 - ERROR - Experiment failed with error: ImageNet data not found in /. Expected 'train_set' and 'val_set' subfolders.
2025-12-10 23:11:56,950 - ERROR - Full traceback:
Traceback (most recent call last):
  File "/home/pml04/swin_transformer/Machine-Learning-Project/main.py", line 175, in main
    train_generator, val_generator, test_generator = load_data(
                                                     ^^^^^^^^^^
  File "/home/pml04/swin_transformer/Machine-Learning-Project/src/data/dataloader.py", line 344, in load_data
    train_dataset, val_dataset, test_dataset = _load_imagenet_data(
                                               ^^^^^^^^^^^^^^^^^^^^
  File "/home/pml04/swin_transformer/Machine-Learning-Project/src/data/dataloader.py", line 185, in _load_imagenet_data
    raise FileNotFoundError(
FileNotFoundError: ImageNet data not found in /. Expected 'train_set' and 'val_set' subfolders.
Traceback (most recent call last):
  File "/home/pml04/swin_transformer/Machine-Learning-Project/main.py", line 175, in main
    train_generator, val_generator, test_generator = load_data(
                                                     ^^^^^^^^^^
  File "/home/pml04/swin_transformer/Machine-Learning-Project/src/data/dataloader.py", line 344, in load_data
    train_dataset, val_dataset, test_dataset = _load_imagenet_data(
                                               ^^^^^^^^^^^^^^^^^^^^
  File "/home/pml04/swin_transformer/Machine-Learning-Project/src/data/dataloader.py", line 185, in _load_imagenet_data
    raise FileNotFoundError(
FileNotFoundError: ImageNet data not found in /. Expected 'train_set' and 'val_set' subfolders.

The above exception was the direct cause of the following exception:

Traceback (most recent call last):
  File "/home/pml04/swin_transformer/Machine-Learning-Project/main.py", line 237, in <module>
    main()
  File "/home/pml04/swin_transformer/Machine-Learning-Project/main.py", line 233, in main
    raise RuntimeError(f"Experiment failed: {e}") from e
RuntimeError: Experiment failed: ImageNet data not found in /. Expected 'train_set' and 'val_set' subfolders.
[W1210 23:11:59.967164485 AllocatorConfig.cpp:28] Warning: PYTORCH_CUDA_ALLOC_CONF is deprecated, use PYTORCH_ALLOC_CONF instead (function operator())
