/var/spool/slurmd/spool/job3755898/slurm_script: line 18: python: command not found
INFO:    gocryptfs not found, will not be able to use gocryptfs
2025-12-11 13:51:00,345 - INFO - Logging initialized. Log file: runs/run_154/training.log
2025-12-11 13:51:00,437 - INFO - Experiment directory: runs/run_154
2025-12-11 13:51:00,439 - INFO - Setting random seeds for reproducibility (seed: 42)...
2025-12-11 13:51:00,577 - INFO - Random seeds set to 42 (deterministic=False)
2025-12-11 13:51:00,770 - INFO - GPU memory cleared at startup. Available: 11.6GB
2025-12-11 13:51:00,772 - INFO - Using device: cuda
2025-12-11 13:51:00,774 - INFO - Training configuration: epochs=20, warmup=3, lr=0.0005
2025-12-11 13:51:00,776 - INFO - SWIN configuration: variant=tiny, use_shifted_window=True, use_relative_bias=True, use_absolute_pos_embed=False, use_hierarchical_merge=False
2025-12-11 13:51:00,778 - INFO - SWIN details: embed_dim=96, depths=[2, 2, 6, 2], num_heads=[3, 6, 12, 24], window_size=7
2025-12-11 13:51:00,780 - INFO - Loading dataset...
2025-12-11 13:51:00,784 - INFO - Starting ImageNet data loading from root: /
2025-12-11 13:51:00,786 - INFO - Resolved root path: /
2025-12-11 13:51:00,788 - INFO - Root path exists: True
2025-12-11 13:51:00,790 - INFO - Root path is dir: True
2025-12-11 13:51:00,802 - INFO - Contents of /: ['/.exec', '/.run', '/.shell', '/.singularity.d', '/.test', '/bin', '/boot', '/dev', '/environment', '/etc', '/home', '/lib', '/lib64', '/media', '/mnt', '/opt', '/proc', '/requirements.txt', '/root', '/run', '/sbin', '/singularity', '/srv', '/sys', '/tmp', '/usr', '/var', '/meta', '/train_set', '/train_set_small', '/val_set', '/val_set_unlabeled']
2025-12-11 13:51:00,803 - INFO - Expected train_dir: /train_set, exists: True
2025-12-11 13:51:00,805 - INFO - Expected val_dir: /val_set, exists: True
2025-12-11 13:51:15,684 - INFO - Loaded ImageNet data from /: train=1281167, val=50000
2025-12-11 13:51:16,009 - INFO - Dataset loaded: train=50000 samples (391 batches), val=5000 samples (40 batches), test=5000 samples (40 batches)
2025-12-11 13:51:20,144 - INFO - Training Swin-Tiny from scratch
2025-12-11 13:51:20,146 - INFO - Initializing model from scratch...
2025-12-11 13:51:20,148 - INFO - Model architecture: Swin-Tiny
2025-12-11 13:51:20,150 - INFO - Model config: embed_dim=96, depths=[2, 2, 6, 2], num_heads=[3, 6, 12, 24], window_size=7, use_shifted_window=True, use_relative_bias=True, use_absolute_pos_embed=False, use_hierarchical_merge=False
2025-12-11 13:51:21,528 - INFO - Model created with random initialization
2025-12-11 13:51:21,530 - INFO - Total parameters: 28,288,354
2025-12-11 13:51:21,531 - INFO - Trainable parameters: 28,288,354
2025-12-11 13:51:21,594 - INFO - Starting from-scratch training...
2025-12-11 13:51:21,596 - INFO - Optimizer: training all model parameters
2025-12-11 13:51:21,601 - INFO - Starting training...
2025-12-11 13:51:26,288 - ERROR - Experiment failed with error: CUDA out of memory. Tried to allocate 58.00 MiB. GPU 0 has a total capacity of 11.60 GiB of which 60.31 MiB is free. Including non-PyTorch memory, this process has 11.53 GiB memory in use. Of the allocated memory 11.21 GiB is allocated by PyTorch, and 140.09 MiB is reserved by PyTorch but unallocated. If reserved but unallocated memory is large try setting PYTORCH_CUDA_ALLOC_CONF=expandable_segments:True to avoid fragmentation.  See documentation for Memory Management  (https://pytorch.org/docs/stable/notes/cuda.html#environment-variables)
2025-12-11 13:51:26,290 - ERROR - Full traceback:
Traceback (most recent call last):
  File "/home/pml04/swin_transformer/Machine-Learning-Project/main.py", line 221, in main
    run_from_scratch(
  File "/home/pml04/swin_transformer/Machine-Learning-Project/src/pipelines/from_scratch.py", line 235, in run_from_scratch
    criterion, lr_history, metrics_history = _train_single_model(
                                             ^^^^^^^^^^^^^^^^^^^^
  File "/home/pml04/swin_transformer/Machine-Learning-Project/src/pipelines/from_scratch.py", line 135, in _train_single_model
    run_training_loop(
  File "/home/pml04/swin_transformer/Machine-Learning-Project/src/training/trainer.py", line 165, in run_training_loop
    train_loss = train_one_epoch(
                 ^^^^^^^^^^^^^^^^
  File "/home/pml04/swin_transformer/Machine-Learning-Project/src/training/trainer.py", line 64, in train_one_epoch
    outputs = model(inputs)
              ^^^^^^^^^^^^^
  File "/usr/local/lib/python3.12/site-packages/torch/nn/modules/module.py", line 1775, in _wrapped_call_impl
    return self._call_impl(*args, **kwargs)
           ^^^^^^^^^^^^^^^^^^^^^^^^^^^^^^^^
  File "/usr/local/lib/python3.12/site-packages/torch/nn/modules/module.py", line 1786, in _call_impl
    return forward_call(*args, **kwargs)
           ^^^^^^^^^^^^^^^^^^^^^^^^^^^^^
  File "/home/pml04/swin_transformer/Machine-Learning-Project/src/models/model_wrapper.py", line 35, in forward
    features = self.encoder(x)
               ^^^^^^^^^^^^^^^
  File "/usr/local/lib/python3.12/site-packages/torch/nn/modules/module.py", line 1775, in _wrapped_call_impl
    return self._call_impl(*args, **kwargs)
           ^^^^^^^^^^^^^^^^^^^^^^^^^^^^^^^^
  File "/usr/local/lib/python3.12/site-packages/torch/nn/modules/module.py", line 1786, in _call_impl
    return forward_call(*args, **kwargs)
           ^^^^^^^^^^^^^^^^^^^^^^^^^^^^^
  File "/home/pml04/swin_transformer/Machine-Learning-Project/src/models/swin/swin_transformer_model.py", line 177, in forward
    x = self.forward_features(x)
        ^^^^^^^^^^^^^^^^^^^^^^^^
  File "/home/pml04/swin_transformer/Machine-Learning-Project/src/models/swin/swin_transformer_model.py", line 171, in forward_features
    x = layer(x)
        ^^^^^^^^
  File "/usr/local/lib/python3.12/site-packages/torch/nn/modules/module.py", line 1775, in _wrapped_call_impl
    return self._call_impl(*args, **kwargs)
           ^^^^^^^^^^^^^^^^^^^^^^^^^^^^^^^^
  File "/usr/local/lib/python3.12/site-packages/torch/nn/modules/module.py", line 1786, in _call_impl
    return forward_call(*args, **kwargs)
           ^^^^^^^^^^^^^^^^^^^^^^^^^^^^^
  File "/home/pml04/swin_transformer/Machine-Learning-Project/src/models/swin/basic_layer.py", line 201, in forward
    x = block(x)
        ^^^^^^^^
  File "/usr/local/lib/python3.12/site-packages/torch/nn/modules/module.py", line 1775, in _wrapped_call_impl
    return self._call_impl(*args, **kwargs)
           ^^^^^^^^^^^^^^^^^^^^^^^^^^^^^^^^
  File "/usr/local/lib/python3.12/site-packages/torch/nn/modules/module.py", line 1786, in _call_impl
    return forward_call(*args, **kwargs)
           ^^^^^^^^^^^^^^^^^^^^^^^^^^^^^
  File "/home/pml04/swin_transformer/Machine-Learning-Project/src/models/swin/swin_transformer_block.py", line 223, in forward
    attn_windows = self.attn(x_windows, attn_mask)
                   ^^^^^^^^^^^^^^^^^^^^^^^^^^^^^^^
  File "/usr/local/lib/python3.12/site-packages/torch/nn/modules/module.py", line 1775, in _wrapped_call_impl
    return self._call_impl(*args, **kwargs)
           ^^^^^^^^^^^^^^^^^^^^^^^^^^^^^^^^
  File "/usr/local/lib/python3.12/site-packages/torch/nn/modules/module.py", line 1786, in _call_impl
    return forward_call(*args, **kwargs)
           ^^^^^^^^^^^^^^^^^^^^^^^^^^^^^
  File "/home/pml04/swin_transformer/Machine-Learning-Project/src/models/swin/window_attention.py", line 132, in forward
    scores = torch.matmul(q, k.transpose(-2, -1)) * (self.head_dim**-0.5)
             ^^^^^^^^^^^^^^^^^^^^^^^^^^^^^^^^^^^^
torch.OutOfMemoryError: CUDA out of memory. Tried to allocate 58.00 MiB. GPU 0 has a total capacity of 11.60 GiB of which 60.31 MiB is free. Including non-PyTorch memory, this process has 11.53 GiB memory in use. Of the allocated memory 11.21 GiB is allocated by PyTorch, and 140.09 MiB is reserved by PyTorch but unallocated. If reserved but unallocated memory is large try setting PYTORCH_CUDA_ALLOC_CONF=expandable_segments:True to avoid fragmentation.  See documentation for Memory Management  (https://pytorch.org/docs/stable/notes/cuda.html#environment-variables)
Traceback (most recent call last):
  File "/home/pml04/swin_transformer/Machine-Learning-Project/main.py", line 221, in main
    run_from_scratch(
  File "/home/pml04/swin_transformer/Machine-Learning-Project/src/pipelines/from_scratch.py", line 235, in run_from_scratch
    criterion, lr_history, metrics_history = _train_single_model(
                                             ^^^^^^^^^^^^^^^^^^^^
  File "/home/pml04/swin_transformer/Machine-Learning-Project/src/pipelines/from_scratch.py", line 135, in _train_single_model
    run_training_loop(
  File "/home/pml04/swin_transformer/Machine-Learning-Project/src/training/trainer.py", line 165, in run_training_loop
    train_loss = train_one_epoch(
                 ^^^^^^^^^^^^^^^^
  File "/home/pml04/swin_transformer/Machine-Learning-Project/src/training/trainer.py", line 64, in train_one_epoch
    outputs = model(inputs)
              ^^^^^^^^^^^^^
  File "/usr/local/lib/python3.12/site-packages/torch/nn/modules/module.py", line 1775, in _wrapped_call_impl
    return self._call_impl(*args, **kwargs)
           ^^^^^^^^^^^^^^^^^^^^^^^^^^^^^^^^
  File "/usr/local/lib/python3.12/site-packages/torch/nn/modules/module.py", line 1786, in _call_impl
    return forward_call(*args, **kwargs)
           ^^^^^^^^^^^^^^^^^^^^^^^^^^^^^
  File "/home/pml04/swin_transformer/Machine-Learning-Project/src/models/model_wrapper.py", line 35, in forward
    features = self.encoder(x)
               ^^^^^^^^^^^^^^^
  File "/usr/local/lib/python3.12/site-packages/torch/nn/modules/module.py", line 1775, in _wrapped_call_impl
    return self._call_impl(*args, **kwargs)
           ^^^^^^^^^^^^^^^^^^^^^^^^^^^^^^^^
  File "/usr/local/lib/python3.12/site-packages/torch/nn/modules/module.py", line 1786, in _call_impl
    return forward_call(*args, **kwargs)
           ^^^^^^^^^^^^^^^^^^^^^^^^^^^^^
  File "/home/pml04/swin_transformer/Machine-Learning-Project/src/models/swin/swin_transformer_model.py", line 177, in forward
    x = self.forward_features(x)
        ^^^^^^^^^^^^^^^^^^^^^^^^
  File "/home/pml04/swin_transformer/Machine-Learning-Project/src/models/swin/swin_transformer_model.py", line 171, in forward_features
    x = layer(x)
        ^^^^^^^^
  File "/usr/local/lib/python3.12/site-packages/torch/nn/modules/module.py", line 1775, in _wrapped_call_impl
    return self._call_impl(*args, **kwargs)
           ^^^^^^^^^^^^^^^^^^^^^^^^^^^^^^^^
  File "/usr/local/lib/python3.12/site-packages/torch/nn/modules/module.py", line 1786, in _call_impl
    return forward_call(*args, **kwargs)
           ^^^^^^^^^^^^^^^^^^^^^^^^^^^^^
  File "/home/pml04/swin_transformer/Machine-Learning-Project/src/models/swin/basic_layer.py", line 201, in forward
    x = block(x)
        ^^^^^^^^
  File "/usr/local/lib/python3.12/site-packages/torch/nn/modules/module.py", line 1775, in _wrapped_call_impl
    return self._call_impl(*args, **kwargs)
           ^^^^^^^^^^^^^^^^^^^^^^^^^^^^^^^^
  File "/usr/local/lib/python3.12/site-packages/torch/nn/modules/module.py", line 1786, in _call_impl
    return forward_call(*args, **kwargs)
           ^^^^^^^^^^^^^^^^^^^^^^^^^^^^^
  File "/home/pml04/swin_transformer/Machine-Learning-Project/src/models/swin/swin_transformer_block.py", line 223, in forward
    attn_windows = self.attn(x_windows, attn_mask)
                   ^^^^^^^^^^^^^^^^^^^^^^^^^^^^^^^
  File "/usr/local/lib/python3.12/site-packages/torch/nn/modules/module.py", line 1775, in _wrapped_call_impl
    return self._call_impl(*args, **kwargs)
           ^^^^^^^^^^^^^^^^^^^^^^^^^^^^^^^^
  File "/usr/local/lib/python3.12/site-packages/torch/nn/modules/module.py", line 1786, in _call_impl
    return forward_call(*args, **kwargs)
           ^^^^^^^^^^^^^^^^^^^^^^^^^^^^^
  File "/home/pml04/swin_transformer/Machine-Learning-Project/src/models/swin/window_attention.py", line 132, in forward
    scores = torch.matmul(q, k.transpose(-2, -1)) * (self.head_dim**-0.5)
             ^^^^^^^^^^^^^^^^^^^^^^^^^^^^^^^^^^^^
torch.OutOfMemoryError: CUDA out of memory. Tried to allocate 58.00 MiB. GPU 0 has a total capacity of 11.60 GiB of which 60.31 MiB is free. Including non-PyTorch memory, this process has 11.53 GiB memory in use. Of the allocated memory 11.21 GiB is allocated by PyTorch, and 140.09 MiB is reserved by PyTorch but unallocated. If reserved but unallocated memory is large try setting PYTORCH_CUDA_ALLOC_CONF=expandable_segments:True to avoid fragmentation.  See documentation for Memory Management  (https://pytorch.org/docs/stable/notes/cuda.html#environment-variables)

The above exception was the direct cause of the following exception:

Traceback (most recent call last):
  File "/home/pml04/swin_transformer/Machine-Learning-Project/main.py", line 246, in <module>
    main()
  File "/home/pml04/swin_transformer/Machine-Learning-Project/main.py", line 242, in main
    raise RuntimeError(f"Experiment failed: {e}") from e
RuntimeError: Experiment failed: CUDA out of memory. Tried to allocate 58.00 MiB. GPU 0 has a total capacity of 11.60 GiB of which 60.31 MiB is free. Including non-PyTorch memory, this process has 11.53 GiB memory in use. Of the allocated memory 11.21 GiB is allocated by PyTorch, and 140.09 MiB is reserved by PyTorch but unallocated. If reserved but unallocated memory is large try setting PYTORCH_CUDA_ALLOC_CONF=expandable_segments:True to avoid fragmentation.  See documentation for Memory Management  (https://pytorch.org/docs/stable/notes/cuda.html#environment-variables)
[W1211 13:51:28.050168939 AllocatorConfig.cpp:28] Warning: PYTORCH_CUDA_ALLOC_CONF is deprecated, use PYTORCH_ALLOC_CONF instead (function operator())
