/var/spool/slurmd/spool/job3755844/slurm_script: line 18: python: command not found
INFO:    gocryptfs not found, will not be able to use gocryptfs
2025-12-11 13:34:15,250 - INFO - Logging initialized. Log file: runs/run_148/training.log
2025-12-11 13:34:15,270 - INFO - Experiment directory: runs/run_148
2025-12-11 13:34:15,272 - INFO - Setting random seeds for reproducibility (seed: 42)...
2025-12-11 13:34:15,420 - INFO - Random seeds set to 42 (deterministic=False)
2025-12-11 13:34:15,695 - INFO - GPU memory cleared at startup. Available: 39.2GB
2025-12-11 13:34:15,697 - INFO - Using device: cuda
2025-12-11 13:34:15,698 - INFO - Training configuration: epochs=20, warmup=3, lr=0.0005
2025-12-11 13:34:15,700 - INFO - SWIN configuration: variant=tiny, use_shifted_window=True, use_relative_bias=True, use_absolute_pos_embed=False, use_hierarchical_merge=False
2025-12-11 13:34:15,702 - INFO - SWIN details: embed_dim=96, depths=[2, 2, 6, 2], num_heads=[3, 6, 12, 24], window_size=7
2025-12-11 13:34:15,703 - INFO - Loading dataset...
2025-12-11 13:34:15,706 - INFO - Starting ImageNet data loading from root: /
2025-12-11 13:34:15,707 - INFO - Resolved root path: /
2025-12-11 13:34:15,709 - INFO - Root path exists: True
2025-12-11 13:34:15,710 - INFO - Root path is dir: True
2025-12-11 13:34:15,715 - INFO - Contents of /: ['/.exec', '/.run', '/.shell', '/.singularity.d', '/.test', '/bin', '/boot', '/dev', '/environment', '/etc', '/home', '/lib', '/lib64', '/media', '/mnt', '/opt', '/proc', '/requirements.txt', '/root', '/run', '/sbin', '/singularity', '/srv', '/sys', '/tmp', '/usr', '/var', '/meta', '/train_set', '/train_set_small', '/val_set', '/val_set_unlabeled']
2025-12-11 13:34:15,717 - INFO - Expected train_dir: /train_set, exists: True
2025-12-11 13:34:15,718 - INFO - Expected val_dir: /val_set, exists: True
2025-12-11 13:34:22,076 - INFO - Loaded ImageNet data from /: train=1281167, val=50000
2025-12-11 13:34:22,195 - INFO - Dataset loaded: train=50000 samples (391 batches), val=5000 samples (40 batches), test=5000 samples (40 batches)
2025-12-11 13:34:23,995 - INFO - Training Swin-Tiny from scratch
2025-12-11 13:34:23,997 - INFO - Initializing model from scratch...
2025-12-11 13:34:23,998 - INFO - Model architecture: Swin-Tiny
2025-12-11 13:34:23,999 - INFO - Model config: embed_dim=96, depths=[2, 2, 6, 2], num_heads=[3, 6, 12, 24], window_size=7, use_shifted_window=True, use_relative_bias=True, use_absolute_pos_embed=False, use_hierarchical_merge=False
2025-12-11 13:34:24,504 - INFO - Model created with random initialization
2025-12-11 13:34:24,506 - INFO - Total parameters: 28,288,354
2025-12-11 13:34:24,507 - INFO - Trainable parameters: 28,288,354
2025-12-11 13:34:24,536 - INFO - Starting from-scratch training...
2025-12-11 13:34:24,537 - INFO - Optimizer: training all model parameters
2025-12-11 13:34:24,539 - INFO - Starting training...
2025-12-11 13:49:29,041 - INFO - Epoch 1/20: LR: 0.000170
2025-12-11 13:49:29,055 - INFO - Epoch 1/20: Train Loss: 6.9086, Val Loss: 6.8331, Val Acc: 0.40%
2025-12-11 14:03:16,643 - INFO - Epoch 2/20: LR: 0.000335
2025-12-11 14:03:16,661 - INFO - Epoch 2/20: Train Loss: 6.8191, Val Loss: 6.6931, Val Acc: 0.32%
2025-12-11 14:17:12,974 - INFO - Epoch 3/20: LR: 0.000500
2025-12-11 14:17:12,995 - INFO - Epoch 3/20: Train Loss: 6.7566, Val Loss: 6.6551, Val Acc: 0.52%
2025-12-11 14:30:52,400 - INFO - Epoch 4/20: LR: 0.000496
2025-12-11 14:30:52,415 - INFO - Epoch 4/20: Train Loss: 6.6824, Val Loss: 6.5408, Val Acc: 0.88%
2025-12-11 14:44:36,430 - INFO - Epoch 5/20: LR: 0.000483
2025-12-11 14:45:55,730 - INFO - Epoch 5/20: Train Loss: 6.5465, Val Loss: 6.3902, Val Acc: 1.04%, Test Loss: 6.3902, Test Acc: 1.04%
2025-12-11 14:59:46,484 - INFO - Epoch 6/20: LR: 0.000463
2025-12-11 14:59:46,500 - INFO - Epoch 6/20: Train Loss: 6.4270, Val Loss: 6.2581, Val Acc: 1.64%
2025-12-11 15:13:29,915 - INFO - Epoch 7/20: LR: 0.000435
2025-12-11 15:13:29,931 - INFO - Epoch 7/20: Train Loss: 6.3309, Val Loss: 6.1265, Val Acc: 1.88%
2025-12-11 15:27:21,799 - INFO - Epoch 8/20: LR: 0.000401
2025-12-11 15:27:21,814 - INFO - Epoch 8/20: Train Loss: 6.2531, Val Loss: 6.0519, Val Acc: 2.06%
2025-12-11 15:41:04,635 - INFO - Epoch 9/20: LR: 0.000362
2025-12-11 15:41:04,667 - INFO - Epoch 9/20: Train Loss: 6.1673, Val Loss: 5.9933, Val Acc: 2.54%
2025-12-11 15:54:56,754 - INFO - Epoch 10/20: LR: 0.000319
2025-12-11 15:56:16,626 - INFO - Epoch 10/20: Train Loss: 6.1081, Val Loss: 5.8854, Val Acc: 3.38%, Test Loss: 5.8854, Test Acc: 3.38%
2025-12-11 15:56:16,641 - INFO - Saving checkpoint for epoch 10...
2025-12-11 15:56:17,645 - INFO - ✅ Checkpoint saved: runs/run_148/checkpoint_epoch_10.pth
2025-12-11 16:10:19,303 - INFO - Epoch 11/20: LR: 0.000274
2025-12-11 16:10:19,535 - INFO - Epoch 11/20: Train Loss: 6.0191, Val Loss: 5.8127, Val Acc: 3.14%
2025-12-11 16:24:19,782 - INFO - Epoch 12/20: LR: 0.000227
2025-12-11 16:24:19,795 - INFO - Epoch 12/20: Train Loss: 5.9236, Val Loss: 5.6683, Val Acc: 4.14%
2025-12-11 16:38:05,818 - INFO - Epoch 13/20: LR: 0.000182
2025-12-11 16:38:05,833 - INFO - Epoch 13/20: Train Loss: 5.8358, Val Loss: 5.6006, Val Acc: 5.00%
2025-12-11 16:51:54,604 - INFO - Epoch 14/20: LR: 0.000139
2025-12-11 16:51:54,622 - INFO - Epoch 14/20: Train Loss: 5.7451, Val Loss: 5.5186, Val Acc: 5.40%
2025-12-11 17:05:40,891 - INFO - Epoch 15/20: LR: 0.000100
2025-12-11 17:07:02,190 - INFO - Epoch 15/20: Train Loss: 5.6653, Val Loss: 5.4618, Val Acc: 6.08%, Test Loss: 5.4618, Test Acc: 6.08%
2025-12-11 17:21:14,222 - INFO - Epoch 16/20: LR: 0.000066
2025-12-11 17:21:14,649 - INFO - Epoch 16/20: Train Loss: 5.5791, Val Loss: 5.4102, Val Acc: 6.72%
2025-12-11 17:35:25,211 - INFO - Epoch 17/20: LR: 0.000038
2025-12-11 17:35:25,220 - INFO - Epoch 17/20: Train Loss: 5.5247, Val Loss: 5.3494, Val Acc: 6.92%
2025-12-11 17:49:39,301 - INFO - Epoch 18/20: LR: 0.000018
2025-12-11 17:49:39,318 - INFO - Epoch 18/20: Train Loss: 5.4786, Val Loss: 5.3179, Val Acc: 6.98%
2025-12-11 18:03:52,201 - INFO - Epoch 19/20: LR: 0.000005
2025-12-11 18:03:52,227 - INFO - Epoch 19/20: Train Loss: 5.4382, Val Loss: 5.2939, Val Acc: 7.42%
2025-12-11 18:17:57,823 - INFO - Epoch 20/20: LR: 0.000001
2025-12-11 18:19:18,935 - INFO - Epoch 20/20: Train Loss: 5.4275, Val Loss: 5.2934, Val Acc: 7.58%, Test Loss: 5.2934, Test Acc: 7.58%
2025-12-11 18:19:18,937 - INFO - Saving checkpoint for epoch 20...
2025-12-11 18:19:19,744 - INFO - ✅ Checkpoint saved: runs/run_148/checkpoint_epoch_20.pth
2025-12-11 18:19:19,746 - INFO - Training completed!
2025-12-11 18:19:19,748 - INFO - Training completed!
2025-12-11 18:19:19,749 - INFO - Generating training curves...
2025-12-11 18:19:23,868 - WARNING - Inhomogeneous shapes in per-class F1 data: [(996,), (997,), (996,), (998,), (998,), (996,), (998,), (998,), (998,), (998,), (998,), (998,), (998,), (999,), (998,), (999,), (999,), (999,), (999,), (999,)]. Skipping per-class plotting.
2025-12-11 18:19:23,870 - INFO - Training curves saved as separate images with base name 'runs/run_148/training_curves_from_scratch'
2025-12-11 18:19:23,871 - INFO - Generating confusion matrix on test set...
/var/spool/slurmd/spool/job3755844/slurm_script: line 20: 1782602 Killed                  apptainer run --nv --overlay /home/space/datasets-sqfs/imagenet2012.sqfs pml.sif python main.py
[2025-12-11T18:23:44.147] error: Detected 1 oom_kill event in StepId=3755844.batch. Some of the step tasks have been OOM Killed.
