/var/spool/slurmd/spool/job3762608/slurm_script: line 23: python: command not found
INFO:    gocryptfs not found, will not be able to use gocryptfs
2025-12-13 13:58:35,212 - INFO - Logging initialized. Log file: runs/run_184/training.log
2025-12-13 13:58:35,215 - INFO - Experiment directory: runs/run_184
2025-12-13 13:58:35,216 - INFO - Setting random seeds for reproducibility (seed: 42)...
2025-12-13 13:58:35,358 - INFO - Random seeds set to 42 (deterministic=False)
2025-12-13 13:58:35,584 - INFO - GPU memory cleared at startup. Available: 11.6GB
2025-12-13 13:58:35,585 - INFO - Using device: cuda
2025-12-13 13:58:35,587 - INFO - Training configuration: epochs=50, warmup=3, lr=0.0002
2025-12-13 13:58:35,588 - ERROR - Experiment failed with error: 'use_hierarchical_merge'
2025-12-13 13:58:35,590 - ERROR - Full traceback:
Traceback (most recent call last):
  File "/home/pml04/swin_transformer/Machine-Learning-Project/main.py", line 165, in main
    f"SWIN configuration: variant={SWIN_CONFIG['variant']}, use_shifted_window={SWIN_CONFIG['use_shifted_window']}, use_relative_bias={SWIN_CONFIG['use_relative_bias']}, use_absolute_pos_embed={SWIN_CONFIG['use_absolute_pos_embed']}, use_hierarchical_merge={SWIN_CONFIG['use_hierarchical_merge']}, use_gradient_checkpointing={SWIN_CONFIG.get('use_gradient_checkpointing', False)}"
                                                                                                                                                                                                                                                                  ~~~~~~~~~~~^^^^^^^^^^^^^^^^^^^^^^^^^^
KeyError: 'use_hierarchical_merge'
Traceback (most recent call last):
  File "/home/pml04/swin_transformer/Machine-Learning-Project/main.py", line 165, in main
    f"SWIN configuration: variant={SWIN_CONFIG['variant']}, use_shifted_window={SWIN_CONFIG['use_shifted_window']}, use_relative_bias={SWIN_CONFIG['use_relative_bias']}, use_absolute_pos_embed={SWIN_CONFIG['use_absolute_pos_embed']}, use_hierarchical_merge={SWIN_CONFIG['use_hierarchical_merge']}, use_gradient_checkpointing={SWIN_CONFIG.get('use_gradient_checkpointing', False)}"
                                                                                                                                                                                                                                                                  ~~~~~~~~~~~^^^^^^^^^^^^^^^^^^^^^^^^^^
KeyError: 'use_hierarchical_merge'

The above exception was the direct cause of the following exception:

Traceback (most recent call last):
  File "/home/pml04/swin_transformer/Machine-Learning-Project/main.py", line 246, in <module>
    main()
  File "/home/pml04/swin_transformer/Machine-Learning-Project/main.py", line 242, in main
    raise RuntimeError(f"Experiment failed: {e}") from e
RuntimeError: Experiment failed: 'use_hierarchical_merge'
[W1213 13:58:36.184666792 AllocatorConfig.cpp:28] Warning: PYTORCH_CUDA_ALLOC_CONF is deprecated, use PYTORCH_ALLOC_CONF instead (function operator())
