/var/spool/slurmd/spool/job3763549/slurm_script: line 21: python: command not found
INFO:    gocryptfs not found, will not be able to use gocryptfs
2025-12-14 20:21:26,378 - INFO - Logging initialized. Log file: runs/run_208/training.log
2025-12-14 20:21:26,396 - INFO - Experiment directory: runs/run_208
2025-12-14 20:21:26,398 - INFO - Setting random seeds for reproducibility (seed: 42)...
2025-12-14 20:21:26,422 - INFO - ✅ All seeds set to 42 (deterministic=False)
2025-12-14 20:21:26,759 - INFO - GPU memory cleared at startup. Available: 11.6GB
2025-12-14 20:21:26,761 - INFO - Using device: cuda
2025-12-14 20:21:26,763 - INFO - Training configuration: epochs=15, warmup=1, lr=0.0015
2025-12-14 20:21:26,765 - INFO - RESNET configuration: {'type': 'resnet', 'layers': [3, 4, 6, 3], 'num_classes': 1000, 'use_gradient_checkpointing': True}
2025-12-14 20:21:26,767 - INFO - Loading dataset...
2025-12-14 20:21:26,771 - INFO - Starting ImageNet data loading from root: /
2025-12-14 20:21:26,773 - INFO - Resolved root path: /
2025-12-14 20:21:26,775 - INFO - Root path exists: True
2025-12-14 20:21:26,777 - INFO - Root path is dir: True
2025-12-14 20:21:26,788 - INFO - Contents of /: ['/.exec', '/.run', '/.shell', '/.singularity.d', '/.test', '/bin', '/boot', '/dev', '/environment', '/etc', '/home', '/lib', '/lib64', '/media', '/mnt', '/opt', '/proc', '/requirements.txt', '/root', '/run', '/sbin', '/singularity', '/srv', '/sys', '/tmp', '/usr', '/var', '/meta', '/train_set', '/train_set_small', '/val_set', '/val_set_unlabeled']
2025-12-14 20:21:26,790 - INFO - Expected train_dir: /train_set, exists: True
2025-12-14 20:21:26,792 - INFO - Expected val_dir: /val_set, exists: True
2025-12-14 20:21:41,188 - INFO - Loaded ImageNet data from /: train=1281167, val=50000
2025-12-14 20:21:41,531 - INFO - Dataset loaded: train=100000 samples (447 batches), val=50000 samples (224 batches), test=50000 samples (224 batches)
2025-12-14 20:21:46,053 - INFO - Training RESNET from scratch
2025-12-14 20:21:46,059 - INFO - Initializing RESNET model from scratch...
2025-12-14 20:21:46,061 - INFO - Model architecture: RESNET
2025-12-14 20:21:46,062 - INFO - Model config: {'type': 'resnet', 'layers': [3, 4, 6, 3], 'num_classes': 1000, 'use_gradient_checkpointing': True}
/usr/local/lib/python3.12/site-packages/torchvision/models/_utils.py:208: UserWarning: The parameter 'pretrained' is deprecated since 0.13 and may be removed in the future, please use 'weights' instead.
  warnings.warn(
/usr/local/lib/python3.12/site-packages/torchvision/models/_utils.py:223: UserWarning: Arguments other than a weight enum or `None` for 'weights' are deprecated since 0.13 and may be removed in the future. The current behavior is equivalent to passing `weights=None`.
  warnings.warn(msg)
2025-12-14 20:21:47,314 - INFO - Model created with random initialization
2025-12-14 20:21:47,316 - INFO - Total parameters: 25,557,032
2025-12-14 20:21:47,318 - INFO - Trainable parameters: 25,557,032
2025-12-14 20:21:47,402 - INFO - Starting from-scratch training...
2025-12-14 20:21:47,404 - INFO - Optimizer: training all model parameters
2025-12-14 20:21:47,412 - INFO - LR Scheduler: cosine with 1 warmup epochs
2025-12-14 20:21:47,414 - INFO - Starting training...
2025-12-14 21:15:05,043 - INFO - Epoch 1/15: LR: 0.001500
2025-12-14 21:15:05,046 - INFO - Epoch 1/15: Train Loss: 6.9268, Val Loss: 6.8784, Val Acc: 0.20%
2025-12-14 22:02:37,049 - INFO - Epoch 2/15: LR: 0.001482
2025-12-14 22:02:37,086 - INFO - Epoch 2/15: Train Loss: 6.8875, Val Loss: 6.7683, Val Acc: 0.56%
2025-12-14 22:49:55,467 - INFO - Epoch 3/15: LR: 0.001431
2025-12-14 22:49:55,491 - INFO - Epoch 3/15: Train Loss: 6.5340, Val Loss: 6.4592, Val Acc: 1.10%
2025-12-14 23:36:54,672 - INFO - Epoch 4/15: LR: 0.001347
2025-12-14 23:36:54,718 - INFO - Epoch 4/15: Train Loss: 6.2069, Val Loss: 5.8462, Val Acc: 2.97%
2025-12-15 00:29:19,263 - INFO - Epoch 5/15: LR: 0.001236
2025-12-15 00:43:25,524 - INFO - Epoch 5/15: Train Loss: 5.9275, Val Loss: 5.7238, Val Acc: 3.82%, Test Loss: 5.7238, Test Acc: 3.82%
[2025-12-15T01:21:35.032] error: *** JOB 3763549 ON head058 CANCELLED AT 2025-12-15T01:21:35 DUE TO TIME LIMIT ***
