/var/spool/slurmd/spool/job3763550/slurm_script: line 21: python: command not found
INFO:    gocryptfs not found, will not be able to use gocryptfs
2025-12-14 20:52:23,936 - INFO - Logging initialized. Log file: runs/run_209/training.log
2025-12-14 20:52:23,952 - INFO - Experiment directory: runs/run_209
2025-12-14 20:52:23,954 - INFO - Setting random seeds for reproducibility (seed: 42)...
2025-12-14 20:52:23,976 - INFO - ✅ All seeds set to 42 (deterministic=False)
2025-12-14 20:52:24,410 - INFO - GPU memory cleared at startup. Available: 23.6GB
2025-12-14 20:52:24,412 - INFO - Using device: cuda
2025-12-14 20:52:24,414 - INFO - Training configuration: epochs=15, warmup=1, lr=0.0015
2025-12-14 20:52:24,415 - INFO - RESNET configuration: {'type': 'resnet', 'layers': [3, 4, 6, 3], 'num_classes': 1000, 'use_gradient_checkpointing': True}
2025-12-14 20:52:24,417 - INFO - Loading dataset...
2025-12-14 20:52:24,420 - INFO - Starting ImageNet data loading from root: /
2025-12-14 20:52:24,422 - INFO - Resolved root path: /
2025-12-14 20:52:24,423 - INFO - Root path exists: True
2025-12-14 20:52:24,425 - INFO - Root path is dir: True
2025-12-14 20:52:24,436 - INFO - Contents of /: ['/.exec', '/.run', '/.shell', '/.singularity.d', '/.test', '/bin', '/boot', '/dev', '/environment', '/etc', '/home', '/lib', '/lib64', '/media', '/mnt', '/opt', '/proc', '/requirements.txt', '/root', '/run', '/sbin', '/singularity', '/srv', '/sys', '/tmp', '/usr', '/var', '/meta', '/train_set', '/train_set_small', '/val_set', '/val_set_unlabeled']
2025-12-14 20:52:24,437 - INFO - Expected train_dir: /train_set, exists: True
2025-12-14 20:52:24,439 - INFO - Expected val_dir: /val_set, exists: True
2025-12-14 20:52:38,851 - INFO - Loaded ImageNet data from /: train=1281167, val=50000
2025-12-14 20:52:39,191 - INFO - Dataset loaded: train=100000 samples (447 batches), val=50000 samples (224 batches), test=50000 samples (224 batches)
2025-12-14 20:52:43,349 - INFO - Training RESNET from scratch
2025-12-14 20:52:43,355 - INFO - Initializing RESNET model from scratch...
2025-12-14 20:52:43,357 - INFO - Model architecture: RESNET
2025-12-14 20:52:43,359 - INFO - Model config: {'type': 'resnet', 'layers': [3, 4, 6, 3], 'num_classes': 1000, 'use_gradient_checkpointing': True}
/usr/local/lib/python3.12/site-packages/torchvision/models/_utils.py:208: UserWarning: The parameter 'pretrained' is deprecated since 0.13 and may be removed in the future, please use 'weights' instead.
  warnings.warn(
/usr/local/lib/python3.12/site-packages/torchvision/models/_utils.py:223: UserWarning: Arguments other than a weight enum or `None` for 'weights' are deprecated since 0.13 and may be removed in the future. The current behavior is equivalent to passing `weights=None`.
  warnings.warn(msg)
2025-12-14 20:52:44,615 - INFO - Model created with random initialization
2025-12-14 20:52:44,617 - INFO - Total parameters: 25,557,032
2025-12-14 20:52:44,619 - INFO - Trainable parameters: 25,557,032
2025-12-14 20:52:44,754 - INFO - Starting from-scratch training...
2025-12-14 20:52:44,757 - INFO - Optimizer: training all model parameters
2025-12-14 20:52:44,760 - INFO - LR Scheduler: cosine with 1 warmup epochs
2025-12-14 20:52:44,762 - INFO - Starting training...
2025-12-14 21:40:43,737 - INFO - Epoch 1/15: LR: 0.001500
2025-12-14 21:40:43,768 - INFO - Epoch 1/15: Train Loss: 6.9265, Val Loss: 6.8795, Val Acc: 0.20%
2025-12-14 22:27:13,340 - INFO - Epoch 2/15: LR: 0.001482
2025-12-14 22:27:13,388 - INFO - Epoch 2/15: Train Loss: 6.8923, Val Loss: 6.6821, Val Acc: 0.46%
2025-12-14 23:11:55,624 - INFO - Epoch 3/15: LR: 0.001431
2025-12-14 23:11:55,712 - INFO - Epoch 3/15: Train Loss: 6.5771, Val Loss: 6.2926, Val Acc: 1.06%
2025-12-14 23:53:23,631 - INFO - Epoch 4/15: LR: 0.001347
2025-12-14 23:53:23,679 - INFO - Epoch 4/15: Train Loss: 6.2256, Val Loss: 5.9047, Val Acc: 2.52%
2025-12-15 00:39:00,959 - INFO - Epoch 5/15: LR: 0.001236
2025-12-15 00:52:31,370 - INFO - Epoch 5/15: Train Loss: 5.9325, Val Loss: 5.5974, Val Acc: 3.96%, Test Loss: 5.5974, Test Acc: 3.96%
2025-12-15 01:33:15,151 - INFO - Epoch 6/15: LR: 0.001104
2025-12-15 01:33:15,173 - INFO - Epoch 6/15: Train Loss: 5.7006, Val Loss: 5.4496, Val Acc: 5.13%
[2025-12-15T01:52:35.031] error: *** JOB 3763550 ON head055 CANCELLED AT 2025-12-15T01:52:35 DUE TO TIME LIMIT ***
