/var/spool/slurmd/spool/job3782866/slurm_script: line 23: python: command not found
INFO:    gocryptfs not found, will not be able to use gocryptfs
2025-12-22 11:18:13,772 - INFO - Logging initialized. Log file: runs/run_234/training.log
2025-12-22 11:18:13,824 - INFO - Experiment directory: runs/run_234
2025-12-22 11:18:13,825 - INFO - Setting random seeds for reproducibility (seed: 42)...
2025-12-22 11:18:13,851 - INFO - ✅ All seeds set to 42 (deterministic=False)
2025-12-22 11:18:14,340 - INFO - GPU memory cleared at startup. Available: 23.6GB
2025-12-22 11:18:14,342 - INFO - Using device: cuda
2025-12-22 11:18:14,344 - INFO - Training configuration: epochs=40, warmup=3, lr=0.0005
2025-12-22 11:18:14,345 - INFO - SWIN configuration: variant=tiny, use_shifted_window=True, use_relative_bias=True, use_absolute_pos_embed=False, use_hierarchical_merge=False, use_gradient_checkpointing=True
2025-12-22 11:18:14,347 - INFO - SWIN details: embed_dim=96, depths=[2, 2, 6, 2], num_heads=[3, 6, 12, 24], window_size=7
2025-12-22 11:18:14,348 - INFO - Loading dataset...
2025-12-22 11:18:14,351 - INFO - Starting ImageNet data loading from root: /
2025-12-22 11:18:14,353 - INFO - Resolved root path: /
2025-12-22 11:18:14,355 - INFO - Root path exists: True
2025-12-22 11:18:14,356 - INFO - Root path is dir: True
2025-12-22 11:18:14,360 - INFO - Contents of /: ['/.exec', '/.run', '/.shell', '/.singularity.d', '/.test', '/bin', '/boot', '/dev', '/environment', '/etc', '/home', '/lib', '/lib64', '/media', '/mnt', '/opt', '/proc', '/requirements.txt', '/root', '/run', '/sbin', '/singularity', '/srv', '/sys', '/tmp', '/usr', '/var']
2025-12-22 11:18:14,362 - INFO - Expected train_dir: /train_set, exists: False
2025-12-22 11:18:14,364 - INFO - Expected val_dir: /val_set, exists: False
2025-12-22 11:18:14,365 - ERROR - Experiment failed with error: ImageNet data not found in /. Expected 'train_set' and 'val_set' subfolders.
2025-12-22 11:18:14,367 - ERROR - Full traceback:
Traceback (most recent call last):
  File "/home/pml04/swin_transformer/Machine-Learning-Project/main.py", line 193, in main
    train_generator, val_generator, test_generator = load_data(
                                                     ^^^^^^^^^^
  File "/home/pml04/swin_transformer/Machine-Learning-Project/src/data/dataloader.py", line 345, in load_data
    train_dataset, val_dataset, test_dataset = _load_imagenet_data(
                                               ^^^^^^^^^^^^^^^^^^^^
  File "/home/pml04/swin_transformer/Machine-Learning-Project/src/data/dataloader.py", line 186, in _load_imagenet_data
    raise FileNotFoundError(
FileNotFoundError: ImageNet data not found in /. Expected 'train_set' and 'val_set' subfolders.
Traceback (most recent call last):
  File "/home/pml04/swin_transformer/Machine-Learning-Project/main.py", line 193, in main
    train_generator, val_generator, test_generator = load_data(
                                                     ^^^^^^^^^^
  File "/home/pml04/swin_transformer/Machine-Learning-Project/src/data/dataloader.py", line 345, in load_data
    train_dataset, val_dataset, test_dataset = _load_imagenet_data(
                                               ^^^^^^^^^^^^^^^^^^^^
  File "/home/pml04/swin_transformer/Machine-Learning-Project/src/data/dataloader.py", line 186, in _load_imagenet_data
    raise FileNotFoundError(
FileNotFoundError: ImageNet data not found in /. Expected 'train_set' and 'val_set' subfolders.

The above exception was the direct cause of the following exception:

Traceback (most recent call last):
  File "/home/pml04/swin_transformer/Machine-Learning-Project/main.py", line 255, in <module>
    main()
  File "/home/pml04/swin_transformer/Machine-Learning-Project/main.py", line 251, in main
    raise RuntimeError(f"Experiment failed: {e}") from e
RuntimeError: Experiment failed: ImageNet data not found in /. Expected 'train_set' and 'val_set' subfolders.
[W1222 11:18:15.993443538 AllocatorConfig.cpp:28] Warning: PYTORCH_CUDA_ALLOC_CONF is deprecated, use PYTORCH_ALLOC_CONF instead (function operator())
