/var/spool/slurmd/spool/job3799539/slurm_script: line 21: python: command not found
INFO:    gocryptfs not found, will not be able to use gocryptfs
2025-12-30 12:25:51,070 - INFO - Logging initialized. Log file: runs/run_244/training.log
2025-12-30 12:25:51,072 - INFO - Experiment directory: runs/run_244
2025-12-30 12:25:51,073 - INFO - Setting random seeds for reproducibility (seed: 42)...
2025-12-30 12:25:51,093 - INFO - ✅ All seeds set to 42 (deterministic=False)
2025-12-30 12:25:51,523 - INFO - GPU memory cleared at startup. Available: 23.5GB
2025-12-30 12:25:51,525 - INFO - Using device: cuda
2025-12-30 12:25:51,526 - INFO - Training configuration: epochs=50, warmup=3, lr=0.0003
2025-12-30 12:25:51,527 - INFO - RESNET configuration: {'type': 'resnet', 'layers': [3, 4, 6, 3], 'num_classes': 1000, 'use_gradient_checkpointing': False}
2025-12-30 12:25:51,529 - INFO - Loading dataset...
2025-12-30 12:25:51,531 - INFO - Starting ImageNet data loading from root: /
2025-12-30 12:25:51,533 - INFO - Resolved root path: /
2025-12-30 12:25:51,534 - INFO - Root path exists: True
2025-12-30 12:25:51,535 - INFO - Root path is dir: True
2025-12-30 12:25:51,544 - INFO - Contents of /: ['/.exec', '/.run', '/.shell', '/.singularity.d', '/.test', '/bin', '/boot', '/dev', '/environment', '/etc', '/home', '/lib', '/lib64', '/media', '/mnt', '/opt', '/proc', '/requirements.txt', '/root', '/run', '/sbin', '/singularity', '/srv', '/sys', '/tmp', '/usr', '/var', '/meta', '/train_set', '/train_set_small', '/val_set', '/val_set_unlabeled']
2025-12-30 12:25:51,545 - INFO - Expected train_dir: /train_set, exists: True
2025-12-30 12:25:51,546 - INFO - Expected val_dir: /val_set, exists: True
2025-12-30 12:26:02,634 - INFO - Loaded ImageNet data from /: train=1281167, val=50000
2025-12-30 12:26:03,434 - INFO - Dataset limits applied (stratified sampling enabled)
2025-12-30 12:26:03,437 - INFO - Dataset loaded: train=100000 samples (782 batches), val=50000 samples (391 batches), test=50000 samples (391 batches)
2025-12-30 12:26:04,508 - INFO - Training RESNET from scratch
2025-12-30 12:26:04,510 - INFO - Initializing RESNET model from scratch...
2025-12-30 12:26:04,512 - INFO - Model architecture: RESNET
2025-12-30 12:26:04,513 - INFO - Model config: {'type': 'resnet', 'layers': [3, 4, 6, 3], 'num_classes': 1000, 'use_gradient_checkpointing': False}
/usr/local/lib/python3.12/site-packages/torchvision/models/_utils.py:208: UserWarning: The parameter 'pretrained' is deprecated since 0.13 and may be removed in the future, please use 'weights' instead.
  warnings.warn(
/usr/local/lib/python3.12/site-packages/torchvision/models/_utils.py:223: UserWarning: Arguments other than a weight enum or `None` for 'weights' are deprecated since 0.13 and may be removed in the future. The current behavior is equivalent to passing `weights=None`.
  warnings.warn(msg)
2025-12-30 12:26:04,958 - INFO - Model created with random initialization
2025-12-30 12:26:04,959 - INFO - Total parameters: 25,557,032
2025-12-30 12:26:04,961 - INFO - Trainable parameters: 25,557,032
2025-12-30 12:26:05,058 - INFO - Compiling model with torch.compile()
2025-12-30 12:26:06,983 - INFO - Mixed precision enabled → CUDA bf16 selected (hardware supported)
2025-12-30 12:26:06,985 - INFO - Starting from-scratch training...
2025-12-30 12:26:06,987 - INFO - Optimizer: training all model parameters
2025-12-30 12:26:06,989 - INFO - LR Scheduler: cosine with 3 warmup epochs
2025-12-30 12:26:06,991 - INFO - Starting training...
/usr/local/lib/python3.12/site-packages/torch/_inductor/compile_fx.py:2772: UserWarning: Quadro RTX 6000 does not support bfloat16 compilation natively, skipping
  warnings.warn(
/usr/local/lib/python3.12/site-packages/torch/_inductor/compile_fx.py:2772: UserWarning: Quadro RTX 6000 does not support bfloat16 compilation natively, skipping
  warnings.warn(
/usr/local/lib/python3.12/site-packages/torch/_inductor/compile_fx.py:2772: UserWarning: Quadro RTX 6000 does not support bfloat16 compilation natively, skipping
  warnings.warn(
2025-12-30 13:06:40,768 - INFO - Epoch 1/50: LR: 0.000102
2025-12-30 13:06:40,797 - INFO - Epoch 1/50: Train Loss: 6.9714, Val Loss: 6.9015, Val Acc: 0.16%
2025-12-30 13:46:38,620 - INFO - Epoch 2/50: LR: 0.000201
2025-12-30 13:46:38,622 - INFO - Epoch 2/50: Train Loss: 6.8807, Val Loss: 6.6234, Val Acc: 0.68%
[2025-12-30T14:25:41.034] error: *** JOB 3799539 ON head034 CANCELLED AT 2025-12-30T14:25:41 DUE TO TIME LIMIT ***
