/var/spool/slurmd/spool/job3802123/slurm_script: line 21: python: command not found
INFO:    gocryptfs not found, will not be able to use gocryptfs
2025-12-31 12:24:02,715 - INFO - Logging initialized. Log file: runs/run_250/training.log
2025-12-31 12:24:02,741 - INFO - Experiment directory: runs/run_250
2025-12-31 12:24:02,743 - INFO - Setting random seeds for reproducibility (seed: 42)...
2025-12-31 12:24:02,768 - INFO - ✅ All seeds set to 42 (deterministic=False)
2025-12-31 12:24:03,243 - INFO - GPU memory cleared at startup. Available: 23.6GB
2025-12-31 12:24:03,245 - INFO - Using device: cuda
2025-12-31 12:24:03,247 - INFO - Training configuration: epochs=2, warmup=1, lr=0.0003
2025-12-31 12:24:03,248 - INFO - SWIN configuration: variant=tiny, use_shifted_window=True, use_relative_bias=False, use_absolute_pos_embed=False, use_hierarchical_merge=False, use_gradient_checkpointing=False
2025-12-31 12:24:03,250 - INFO - SWIN details: embed_dim=96, depths=[2, 2, 6, 2], num_heads=[3, 6, 12, 24], window_size=7
2025-12-31 12:24:03,252 - INFO - Loading dataset...
2025-12-31 12:24:03,255 - INFO - Starting ImageNet data loading from root: /
2025-12-31 12:24:03,257 - INFO - Resolved root path: /
2025-12-31 12:24:03,259 - INFO - Root path exists: True
2025-12-31 12:24:03,261 - INFO - Root path is dir: True
2025-12-31 12:24:03,269 - INFO - Contents of /: ['/.exec', '/.run', '/.shell', '/.singularity.d', '/.test', '/bin', '/boot', '/dev', '/environment', '/etc', '/home', '/lib', '/lib64', '/media', '/mnt', '/opt', '/proc', '/requirements.txt', '/root', '/run', '/sbin', '/singularity', '/srv', '/sys', '/tmp', '/usr', '/var', '/meta', '/train_set', '/train_set_small', '/val_set', '/val_set_unlabeled']
2025-12-31 12:24:03,271 - INFO - Expected train_dir: /train_set, exists: True
2025-12-31 12:24:03,273 - INFO - Expected val_dir: /val_set, exists: True
2025-12-31 12:24:25,998 - INFO - Loaded ImageNet data from /: train=1281167, val=50000
2025-12-31 12:24:29,021 - INFO - Dataset limits applied (stratified sampling enabled)
2025-12-31 12:24:29,025 - INFO - Dataset loaded: train=100000 samples (782 batches), val=50000 samples (391 batches), test=50000 samples (391 batches)
2025-12-31 12:24:30,718 - INFO - Training SWIN from scratch
2025-12-31 12:24:30,719 - INFO - Initializing SWIN model from scratch...
2025-12-31 12:24:30,721 - INFO - Model architecture: SWIN
2025-12-31 12:24:30,723 - INFO - Model config: {'type': 'swin', 'variant': 'tiny', 'patch_size': 4, 'embed_dim': 96, 'depths': [2, 2, 6, 2], 'num_heads': [3, 6, 12, 24], 'window_size': 7, 'mlp_ratio': 4.0, 'dropout': 0.0, 'attention_dropout': 0.0, 'projection_dropout': 0.0, 'drop_path_rate': 0.08, 'use_shifted_window': True, 'use_relative_bias': False, 'use_absolute_pos_embed': False, 'use_hierarchical_merge': False, 'use_gradient_checkpointing': False}
2025-12-31 12:24:31,772 - INFO - Model created with random initialization
2025-12-31 12:24:31,774 - INFO - Total parameters: 28,288,354
2025-12-31 12:24:31,776 - INFO - Trainable parameters: 28,288,354
2025-12-31 12:24:31,885 - INFO - Compiling model with torch.compile()
2025-12-31 12:24:35,862 - INFO - Mixed precision enabled → CUDA bf16 selected (hardware supported)
2025-12-31 12:24:35,864 - INFO - Starting from-scratch training...
2025-12-31 12:24:35,866 - INFO - Optimizer: training all model parameters
2025-12-31 12:24:35,870 - INFO - LR Scheduler: cosine with 1 warmup epochs
2025-12-31 12:24:35,872 - INFO - Starting training...
/usr/local/lib/python3.12/site-packages/torch/backends/cuda/__init__.py:131: UserWarning: Please use the new API settings to control TF32 behavior, such as torch.backends.cudnn.conv.fp32_precision = 'tf32' or torch.backends.cuda.matmul.fp32_precision = 'ieee'. Old settings, e.g, torch.backends.cuda.matmul.allow_tf32 = True, torch.backends.cudnn.allow_tf32 = True, allowTF32CuDNN() and allowTF32CuBLAS() will be deprecated after Pytorch 2.9. Please see https://pytorch.org/docs/main/notes/cuda.html#tensorfloat-32-tf32-on-ampere-and-later-devices (Triggered internally at /pytorch/aten/src/ATen/Context.cpp:80.)
  return torch._C._get_cublas_allow_tf32()
2025-12-31 12:41:01,264 - INFO - Epoch 1/2: LR: 0.000300
2025-12-31 12:41:01,266 - INFO - Epoch 1/2: Train Loss: 6.9076, Val Loss: 6.8046, Val Acc: 0.43%
2025-12-31 12:46:35,576 - INFO - Epoch 2/2: LR: 0.000050
2025-12-31 12:46:35,579 - INFO - Epoch 2/2: Train Loss: 6.8010, Val Loss: 6.6389, Val Acc: 0.49%
2025-12-31 12:46:35,586 - INFO - Training completed!
2025-12-31 12:46:35,589 - INFO - Generating training curves...
2025-12-31 12:46:38,871 - INFO - Too many classes (1000) for per-class plotting, skipping
2025-12-31 12:46:38,873 - INFO - Training curves saved as separate images with base name 'runs/run_250/training_curves_from_scratch'
2025-12-31 12:46:38,875 - INFO - Generating confusion matrix on test set...
INFO:    Terminating squashfuse_ll after timeout
INFO:    Timeouts can be caused by a running background process
INFO:    Terminating squashfuse_ll after timeout
INFO:    Timeouts can be caused by a running background process
/var/spool/slurmd/spool/job3802123/slurm_script: line 64: 2762477 Killed                  apptainer run --nv --overlay /home/space/datasets-sqfs/imagenet2012.sqfs pml.sif python main.py
[2025-12-31T12:53:46.628] error: Detected 1 oom_kill event in StepId=3802123.batch. Some of the step tasks have been OOM Killed.
