/var/spool/slurmd/spool/job3802124/slurm_script: line 21: python: command not found
INFO:    gocryptfs not found, will not be able to use gocryptfs
2025-12-31 12:54:09,805 - INFO - Logging initialized. Log file: runs/run_251/training.log
2025-12-31 12:54:09,840 - INFO - Experiment directory: runs/run_251
2025-12-31 12:54:09,841 - INFO - Setting random seeds for reproducibility (seed: 42)...
2025-12-31 12:54:09,865 - INFO - ✅ All seeds set to 42 (deterministic=False)
2025-12-31 12:54:10,338 - INFO - GPU memory cleared at startup. Available: 23.6GB
2025-12-31 12:54:10,340 - INFO - Using device: cuda
2025-12-31 12:54:10,342 - INFO - Training configuration: epochs=2, warmup=1, lr=0.0003
2025-12-31 12:54:10,343 - INFO - SWIN configuration: variant=tiny, use_shifted_window=True, use_relative_bias=False, use_absolute_pos_embed=False, use_hierarchical_merge=False, use_gradient_checkpointing=False
2025-12-31 12:54:10,344 - INFO - SWIN details: embed_dim=96, depths=[2, 2, 6, 2], num_heads=[3, 6, 12, 24], window_size=7
2025-12-31 12:54:10,345 - INFO - Loading dataset...
2025-12-31 12:54:10,348 - INFO - Starting ImageNet data loading from root: /
2025-12-31 12:54:10,350 - INFO - Resolved root path: /
2025-12-31 12:54:10,351 - INFO - Root path exists: True
2025-12-31 12:54:10,352 - INFO - Root path is dir: True
2025-12-31 12:54:10,361 - INFO - Contents of /: ['/.exec', '/.run', '/.shell', '/.singularity.d', '/.test', '/bin', '/boot', '/dev', '/environment', '/etc', '/home', '/lib', '/lib64', '/media', '/mnt', '/opt', '/proc', '/requirements.txt', '/root', '/run', '/sbin', '/singularity', '/srv', '/sys', '/tmp', '/usr', '/var', '/meta', '/train_set', '/train_set_small', '/val_set', '/val_set_unlabeled']
2025-12-31 12:54:10,362 - INFO - Expected train_dir: /train_set, exists: True
2025-12-31 12:54:10,364 - INFO - Expected val_dir: /val_set, exists: True
2025-12-31 12:54:32,076 - INFO - Loaded ImageNet data from /: train=1281167, val=50000
2025-12-31 12:54:35,034 - INFO - Dataset limits applied (stratified sampling enabled)
2025-12-31 12:54:35,038 - INFO - Dataset loaded: train=100000 samples (782 batches), val=50000 samples (391 batches), test=50000 samples (391 batches)
2025-12-31 12:54:36,706 - INFO - Training SWIN from scratch
2025-12-31 12:54:36,707 - INFO - Initializing SWIN model from scratch...
2025-12-31 12:54:36,709 - INFO - Model architecture: SWIN
2025-12-31 12:54:36,710 - INFO - Model config: {'type': 'swin', 'variant': 'tiny', 'patch_size': 4, 'embed_dim': 96, 'depths': [2, 2, 6, 2], 'num_heads': [3, 6, 12, 24], 'window_size': 7, 'mlp_ratio': 4.0, 'dropout': 0.0, 'attention_dropout': 0.0, 'projection_dropout': 0.0, 'drop_path_rate': 0.08, 'use_shifted_window': True, 'use_relative_bias': False, 'use_absolute_pos_embed': False, 'use_hierarchical_merge': False, 'use_gradient_checkpointing': False}
2025-12-31 12:54:37,718 - INFO - Model created with random initialization
2025-12-31 12:54:37,720 - INFO - Total parameters: 28,288,354
2025-12-31 12:54:37,721 - INFO - Trainable parameters: 28,288,354
2025-12-31 12:54:37,817 - INFO - Compiling model with torch.compile()
2025-12-31 12:54:41,624 - INFO - Mixed precision enabled → CUDA bf16 selected (hardware supported)
2025-12-31 12:54:41,626 - INFO - Starting from-scratch training...
2025-12-31 12:54:41,628 - INFO - Optimizer: training all model parameters
2025-12-31 12:54:41,632 - INFO - LR Scheduler: cosine with 1 warmup epochs
2025-12-31 12:54:41,633 - INFO - Starting training...
/usr/local/lib/python3.12/site-packages/torch/backends/cuda/__init__.py:131: UserWarning: Please use the new API settings to control TF32 behavior, such as torch.backends.cudnn.conv.fp32_precision = 'tf32' or torch.backends.cuda.matmul.fp32_precision = 'ieee'. Old settings, e.g, torch.backends.cuda.matmul.allow_tf32 = True, torch.backends.cudnn.allow_tf32 = True, allowTF32CuDNN() and allowTF32CuBLAS() will be deprecated after Pytorch 2.9. Please see https://pytorch.org/docs/main/notes/cuda.html#tensorfloat-32-tf32-on-ampere-and-later-devices (Triggered internally at /pytorch/aten/src/ATen/Context.cpp:80.)
  return torch._C._get_cublas_allow_tf32()
2025-12-31 13:11:00,700 - INFO - Epoch 1/2: LR: 0.000300
2025-12-31 13:11:00,734 - INFO - Epoch 1/2: Train Loss: 6.9076, Val Loss: 6.8047, Val Acc: 0.43%
2025-12-31 13:16:36,487 - INFO - Epoch 2/2: LR: 0.000050
2025-12-31 13:16:36,502 - INFO - Epoch 2/2: Train Loss: 6.8015, Val Loss: 6.6319, Val Acc: 0.53%
2025-12-31 13:16:36,510 - INFO - Training completed!
2025-12-31 13:16:36,511 - INFO - Generating training curves...
2025-12-31 13:16:39,909 - INFO - Too many classes (1000) for per-class plotting, skipping
2025-12-31 13:16:39,911 - INFO - Training curves saved as separate images with base name 'runs/run_251/training_curves_from_scratch'
2025-12-31 13:16:39,912 - INFO - Generating confusion matrix on test set...
INFO:    Terminating squashfuse_ll after timeout
INFO:    Timeouts can be caused by a running background process
INFO:    Terminating squashfuse_ll after timeout
INFO:    Timeouts can be caused by a running background process
/var/spool/slurmd/spool/job3802124/slurm_script: line 64: 2777161 Killed                  apptainer run --nv --overlay /home/space/datasets-sqfs/imagenet2012.sqfs pml.sif python main.py
[2025-12-31T13:23:57.110] error: Detected 1 oom_kill event in StepId=3802124.batch. Some of the step tasks have been OOM Killed.
