/var/spool/slurmd/spool/job3966818/slurm_script: line 21: python: command not found
INFO:    gocryptfs not found, will not be able to use gocryptfs
2026-01-25 12:37:24,253 - INFO - Logging initialized. Log file: runs/run_261/training.log
2026-01-25 12:37:24,263 - INFO - Experiment directory: runs/run_261
2026-01-25 12:37:24,265 - INFO - Setting random seeds for reproducibility (seed: 42)...
2026-01-25 12:37:24,286 - INFO - ✅ All seeds set to 42 (deterministic=False)
2026-01-25 12:37:24,781 - INFO - GPU memory cleared at startup. Available: 23.6GB
2026-01-25 12:37:24,783 - INFO - Using device: cuda
2026-01-25 12:37:24,785 - INFO - Training configuration: epochs=20, warmup=4, lr=0.0002
2026-01-25 12:37:24,787 - INFO - SWIN_HYBRID configuration: {'type': 'swin_hybrid', 'variant': 'tiny', 'patch_size': 4, 'embed_dim': 96, 'depths': [2, 2, 6, 2], 'num_heads': [3, 6, 12, 24], 'window_size': 7, 'mlp_ratio': 4.0, 'dropout': 0.0, 'attention_dropout': 0.0, 'projection_dropout': 0.0, 'drop_path_rate': 0.08, 'use_shifted_window': True, 'use_relative_bias': False, 'use_absolute_pos_embed': False, 'use_hierarchical_merge': False, 'use_gradient_checkpointing': True, 'use_cnn_stem': True, 'cnn_stem_config': {'channels': [32, 64], 'kernel_size': 3, 'stride': 2, 'padding': 1, 'activation': 'gelu', 'use_batch_norm': True}}
2026-01-25 12:37:24,788 - INFO - Loading dataset...
2026-01-25 12:37:24,796 - INFO - Starting ImageNet data loading from root: /
2026-01-25 12:37:24,798 - INFO - Resolved root path: /
2026-01-25 12:37:24,800 - INFO - Root path exists: True
2026-01-25 12:37:24,802 - INFO - Root path is dir: True
2026-01-25 12:37:24,810 - INFO - Contents of /: ['/.exec', '/.run', '/.shell', '/.singularity.d', '/.test', '/bin', '/boot', '/dev', '/environment', '/etc', '/home', '/lib', '/lib64', '/media', '/mnt', '/opt', '/proc', '/requirements.txt', '/root', '/run', '/sbin', '/singularity', '/srv', '/sys', '/tmp', '/usr', '/var', '/meta', '/train_set', '/train_set_small', '/val_set', '/val_set_unlabeled']
2026-01-25 12:37:24,812 - INFO - Expected train_dir: /train_set, exists: True
2026-01-25 12:37:24,813 - INFO - Expected val_dir: /val_set, exists: True
2026-01-25 12:37:39,035 - INFO - Loaded ImageNet data from /: train=1281167, val=50000
2026-01-25 12:37:41,996 - INFO - Dataset limits applied (stratified sampling enabled)
2026-01-25 12:37:41,999 - INFO - Dataset loaded: train=100000 samples (782 batches), val=50000 samples (391 batches), test=50000 samples (391 batches)
2026-01-25 12:37:43,732 - INFO - Training SWIN_HYBRID from scratch
2026-01-25 12:37:43,734 - INFO - Initializing SWIN_HYBRID model from scratch...
2026-01-25 12:37:43,736 - INFO - Model architecture: SWIN_HYBRID
2026-01-25 12:37:43,737 - INFO - Model config: {'type': 'swin_hybrid', 'variant': 'tiny', 'patch_size': 4, 'embed_dim': 96, 'depths': [2, 2, 6, 2], 'num_heads': [3, 6, 12, 24], 'window_size': 7, 'mlp_ratio': 4.0, 'dropout': 0.0, 'attention_dropout': 0.0, 'projection_dropout': 0.0, 'drop_path_rate': 0.08, 'use_shifted_window': True, 'use_relative_bias': False, 'use_absolute_pos_embed': False, 'use_hierarchical_merge': False, 'use_gradient_checkpointing': True, 'use_cnn_stem': True, 'cnn_stem_config': {'channels': [32, 64], 'kernel_size': 3, 'stride': 2, 'padding': 1, 'activation': 'gelu', 'use_batch_norm': True}}
2026-01-25 12:37:44,790 - INFO - Model created with random initialization
2026-01-25 12:37:44,792 - INFO - Total parameters: 28,363,522
2026-01-25 12:37:44,793 - INFO - Trainable parameters: 28,363,522
2026-01-25 12:37:44,879 - INFO - Compiling model with torch.compile()
2026-01-25 12:37:48,783 - INFO - Mixed precision enabled → CUDA bf16 selected (hardware supported)
2026-01-25 12:37:48,784 - INFO - Starting from-scratch training...
2026-01-25 12:37:48,786 - INFO - Optimizer: training all model parameters
2026-01-25 12:37:48,791 - INFO - LR Scheduler: cosine with 4 warmup epochs
2026-01-25 12:37:48,793 - INFO - Starting training...
/usr/local/lib/python3.12/site-packages/torch/backends/cuda/__init__.py:131: UserWarning: Please use the new API settings to control TF32 behavior, such as torch.backends.cudnn.conv.fp32_precision = 'tf32' or torch.backends.cuda.matmul.fp32_precision = 'ieee'. Old settings, e.g, torch.backends.cuda.matmul.allow_tf32 = True, torch.backends.cudnn.allow_tf32 = True, allowTF32CuDNN() and allowTF32CuBLAS() will be deprecated after Pytorch 2.9. Please see https://pytorch.org/docs/main/notes/cuda.html#tensorfloat-32-tf32-on-ampere-and-later-devices (Triggered internally at /pytorch/aten/src/ATen/Context.cpp:80.)
  return torch._C._get_cublas_allow_tf32()
W0125 12:46:24.434000 3887974 site-packages/torch/utils/_sympy/interp.py:176] [2/2_1] failed while executing pow_by_natural([VR[1, 4611686018427387910], VR[-1, -1]])
W0125 12:46:24.497000 3887974 site-packages/torch/utils/_sympy/interp.py:176] [2/2_1] failed while executing pow_by_natural([VR[1, 4611686018427387910], VR[-1, -1]])
W0125 12:46:24.506000 3887974 site-packages/torch/utils/_sympy/interp.py:176] [2/2_1] failed while executing pow_by_natural([VR[1, 4611686018427387910], VR[-1, -1]])
W0125 12:46:24.523000 3887974 site-packages/torch/utils/_sympy/interp.py:176] [2/2_1] failed while executing pow_by_natural([VR[1, 4611686018427387910], VR[-1, -1]])
W0125 12:46:24.548000 3887974 site-packages/torch/utils/_sympy/interp.py:176] [2/2_1] failed while executing pow_by_natural([VR[1, 4611686018427387910], VR[-1, -1]])
W0125 12:46:24.558000 3887974 site-packages/torch/utils/_sympy/interp.py:176] [2/2_1] failed while executing pow_by_natural([VR[1, 4611686018427387910], VR[-1, -1]])
W0125 12:46:27.497000 3887974 site-packages/torch/utils/_sympy/interp.py:176] [2/2_1] failed while executing pow_by_natural([VR[1, 4611686018427387910], VR[-1, -1]])
W0125 12:46:27.558000 3887974 site-packages/torch/utils/_sympy/interp.py:176] [2/2_1] failed while executing pow_by_natural([VR[1, 4611686018427387910], VR[-1, -1]])
W0125 12:46:27.568000 3887974 site-packages/torch/utils/_sympy/interp.py:176] [2/2_1] failed while executing pow_by_natural([VR[1, 4611686018427387910], VR[-1, -1]])
W0125 12:46:28.298000 3887974 site-packages/torch/utils/_sympy/interp.py:176] [2/2_1] failed while executing pow_by_natural([VR[1, 4611686018427387910], VR[-1, -1]])
W0125 12:46:28.359000 3887974 site-packages/torch/utils/_sympy/interp.py:176] [2/2_1] failed while executing pow_by_natural([VR[1, 4611686018427387910], VR[-1, -1]])
W0125 12:46:28.369000 3887974 site-packages/torch/utils/_sympy/interp.py:176] [2/2_1] failed while executing pow_by_natural([VR[1, 4611686018427387910], VR[-1, -1]])
W0125 12:46:28.929000 3887974 site-packages/torch/utils/_sympy/interp.py:176] [2/2_1] failed while executing pow_by_natural([VR[1, 4611686018427387910], VR[-1, -1]])
W0125 12:46:28.990000 3887974 site-packages/torch/utils/_sympy/interp.py:176] [2/2_1] failed while executing pow_by_natural([VR[1, 4611686018427387910], VR[-1, -1]])
W0125 12:46:29.000000 3887974 site-packages/torch/utils/_sympy/interp.py:176] [2/2_1] failed while executing pow_by_natural([VR[1, 4611686018427387910], VR[-1, -1]])
W0125 12:46:29.013000 3887974 site-packages/torch/utils/_sympy/interp.py:176] [2/2_1] failed while executing pow_by_natural([VR[1, 4611686018427387910], VR[-1, -1]])
W0125 12:46:29.037000 3887974 site-packages/torch/utils/_sympy/interp.py:176] [2/2_1] failed while executing pow_by_natural([VR[1, 4611686018427387910], VR[-1, -1]])
W0125 12:46:29.047000 3887974 site-packages/torch/utils/_sympy/interp.py:176] [2/2_1] failed while executing pow_by_natural([VR[1, 4611686018427387910], VR[-1, -1]])
W0125 12:46:29.108000 3887974 site-packages/torch/utils/_sympy/interp.py:176] [2/2_1] failed while executing pow_by_natural([VR[1, 4611686018427387910], VR[-1, -1]])
W0125 12:46:29.169000 3887974 site-packages/torch/utils/_sympy/interp.py:176] [2/2_1] failed while executing pow_by_natural([VR[1, 4611686018427387910], VR[-1, -1]])
W0125 12:46:29.179000 3887974 site-packages/torch/utils/_sympy/interp.py:176] [2/2_1] failed while executing pow_by_natural([VR[1, 4611686018427387910], VR[-1, -1]])
W0125 12:46:29.239000 3887974 site-packages/torch/utils/_sympy/interp.py:176] [2/2_1] failed while executing pow_by_natural([VR[1, 4611686018427387910], VR[-1, -1]])
W0125 12:46:29.300000 3887974 site-packages/torch/utils/_sympy/interp.py:176] [2/2_1] failed while executing pow_by_natural([VR[1, 4611686018427387910], VR[-1, -1]])
W0125 12:46:29.310000 3887974 site-packages/torch/utils/_sympy/interp.py:176] [2/2_1] failed while executing pow_by_natural([VR[1, 4611686018427387910], VR[-1, -1]])
W0125 12:46:40.586000 3887974 site-packages/torch/utils/_sympy/interp.py:176] [2/2_1] failed while executing pow_by_natural([VR[1, 4611686018427387910], VR[-1, -1]])
W0125 12:48:13.592000 3887974 site-packages/torch/utils/_sympy/interp.py:176] [2/2_1] failed while executing pow_by_natural([VR[1, 4611686018427387910], VR[-1, -1]])
W0125 12:51:22.712000 3887974 site-packages/torch/utils/_sympy/interp.py:176] [2/2_1] failed while executing pow_by_natural([VR[1, 4611686018427387910], VR[-1, -1]])
W0125 12:53:55.493000 3887974 site-packages/torch/utils/_sympy/interp.py:176] [2/2_1] failed while executing pow_by_natural([VR[1, 4611686018427387910], VR[-1, -1]])
W0125 13:11:50.290000 3887974 site-packages/torch/fx/experimental/symbolic_shapes.py:5807] [2/2_1] Failing guard allocated at (_inductor/ir.py:3426 in clamp)
W0125 13:16:50.619000 3887974 site-packages/torch/utils/_sympy/interp.py:176] [2/3] failed while executing pow_by_natural([VR[0, int_oo], VR[-1, -1]])
W0125 13:16:50.691000 3887974 site-packages/torch/utils/_sympy/interp.py:176] [2/3] failed while executing pow_by_natural([VR[0, int_oo], VR[-1, -1]])
W0125 13:16:50.701000 3887974 site-packages/torch/utils/_sympy/interp.py:176] [2/3] failed while executing pow_by_natural([VR[0, int_oo], VR[-1, -1]])
W0125 13:16:50.719000 3887974 site-packages/torch/utils/_sympy/interp.py:176] [2/3] failed while executing pow_by_natural([VR[0, int_oo], VR[-1, -1]])
W0125 13:16:50.750000 3887974 site-packages/torch/utils/_sympy/interp.py:176] [2/3] failed while executing pow_by_natural([VR[0, int_oo], VR[-1, -1]])
W0125 13:16:50.760000 3887974 site-packages/torch/utils/_sympy/interp.py:176] [2/3] failed while executing pow_by_natural([VR[0, int_oo], VR[-1, -1]])
W0125 13:16:54.772000 3887974 site-packages/torch/utils/_sympy/interp.py:176] [2/3] failed while executing pow_by_natural([VR[0, int_oo], VR[-1, -1]])
W0125 13:16:54.782000 3887974 site-packages/torch/utils/_sympy/interp.py:176] [2/3] failed while executing pow_by_natural([VR[0, int_oo], VR[-1, -1]])
W0125 13:16:54.792000 3887974 site-packages/torch/utils/_sympy/interp.py:176] [2/3] failed while executing pow_by_natural([VR[0, int_oo], VR[-1, -1]])
W0125 13:16:54.806000 3887974 site-packages/torch/utils/_sympy/interp.py:176] [2/3] failed while executing pow_by_natural([VR[0, int_oo], VR[-1, -1]])
W0125 13:16:54.816000 3887974 site-packages/torch/utils/_sympy/interp.py:176] [2/3] failed while executing pow_by_natural([VR[0, int_oo], VR[-1, -1]])
W0125 13:16:54.826000 3887974 site-packages/torch/utils/_sympy/interp.py:176] [2/3] failed while executing pow_by_natural([VR[0, int_oo], VR[-1, -1]])
W0125 13:17:07.289000 3887974 site-packages/torch/utils/_sympy/interp.py:176] [2/3] failed while executing pow_by_natural([VR[0, int_oo], VR[-1, -1]])
W0125 13:19:50.411000 3887974 site-packages/torch/utils/_sympy/interp.py:176] [2/3] failed while executing pow_by_natural([VR[0, int_oo], VR[-1, -1]])
W0125 13:38:08.434000 3887974 site-packages/torch/utils/_sympy/interp.py:176] [2/3] failed while executing pow_by_natural([VR[3, int_oo], VR[-1, -1]])
W0125 13:39:08.928000 3887974 site-packages/torch/fx/experimental/symbolic_shapes.py:5807] [2/3] Failing guard allocated at (_inductor/ir.py:3426 in clamp)
2026-01-25 13:39:19,808 - ERROR - Experiment failed with error: 'SwinTransformerModel' object has no attribute 'norm'
2026-01-25 13:39:19,831 - ERROR - Full traceback:
Traceback (most recent call last):
  File "/home/pml04/swin_transformer/Machine-Learning-Project/main.py", line 237, in main
    run_from_scratch(
  File "/home/pml04/swin_transformer/Machine-Learning-Project/src/pipelines/from_scratch.py", line 261, in run_from_scratch
    criterion, lr_history, metrics_history = _train_single_model(
                                             ^^^^^^^^^^^^^^^^^^^^
  File "/home/pml04/swin_transformer/Machine-Learning-Project/src/pipelines/from_scratch.py", line 155, in _train_single_model
    run_training_loop(
  File "/home/pml04/swin_transformer/Machine-Learning-Project/src/training/trainer.py", line 187, in run_training_loop
    train_loss = train_one_epoch(
                 ^^^^^^^^^^^^^^^^
  File "/home/pml04/swin_transformer/Machine-Learning-Project/src/training/trainer.py", line 72, in train_one_epoch
    outputs = model(inputs)
              ^^^^^^^^^^^^^
  File "/usr/local/lib/python3.12/site-packages/torch/_dynamo/eval_frame.py", line 414, in __call__
    return super().__call__(*args, **kwargs)
           ^^^^^^^^^^^^^^^^^^^^^^^^^^^^^^^^^
  File "/usr/local/lib/python3.12/site-packages/torch/nn/modules/module.py", line 1775, in _wrapped_call_impl
    return self._call_impl(*args, **kwargs)
           ^^^^^^^^^^^^^^^^^^^^^^^^^^^^^^^^
  File "/usr/local/lib/python3.12/site-packages/torch/nn/modules/module.py", line 1786, in _call_impl
    return forward_call(*args, **kwargs)
           ^^^^^^^^^^^^^^^^^^^^^^^^^^^^^
  File "/usr/local/lib/python3.12/site-packages/torch/_dynamo/eval_frame.py", line 832, in compile_wrapper
    return fn(*args, **kwargs)
           ^^^^^^^^^^^^^^^^^^^
  File "/usr/local/lib/python3.12/site-packages/torch/nn/modules/module.py", line 1775, in _wrapped_call_impl
    return self._call_impl(*args, **kwargs)
           ^^^^^^^^^^^^^^^^^^^^^^^^^^^^^^^^
  File "/usr/local/lib/python3.12/site-packages/torch/nn/modules/module.py", line 1786, in _call_impl
    return forward_call(*args, **kwargs)
           ^^^^^^^^^^^^^^^^^^^^^^^^^^^^^
  File "/home/pml04/swin_transformer/Machine-Learning-Project/src/models/model_wrapper.py", line 35, in forward
    features = self.encoder(x)
               ^^^^^^^^^^^^^^^
  File "/usr/local/lib/python3.12/site-packages/torch/nn/modules/module.py", line 1775, in _wrapped_call_impl
    return self._call_impl(*args, **kwargs)
           ^^^^^^^^^^^^^^^^^^^^^^^^^^^^^^^^
  File "/usr/local/lib/python3.12/site-packages/torch/nn/modules/module.py", line 1786, in _call_impl
    return forward_call(*args, **kwargs)
           ^^^^^^^^^^^^^^^^^^^^^^^^^^^^^
  File "/home/pml04/swin_transformer/Machine-Learning-Project/src/models/model_factory.py", line 231, in forward
    x = self.swin_model.norm(x)
        ^^^^^^^^^^^^^^^^^^^^
  File "/usr/local/lib/python3.12/site-packages/torch/nn/modules/module.py", line 1964, in __getattr__
    raise AttributeError(
AttributeError: 'SwinTransformerModel' object has no attribute 'norm'
Traceback (most recent call last):
  File "/home/pml04/swin_transformer/Machine-Learning-Project/main.py", line 237, in main
    run_from_scratch(
  File "/home/pml04/swin_transformer/Machine-Learning-Project/src/pipelines/from_scratch.py", line 261, in run_from_scratch
    criterion, lr_history, metrics_history = _train_single_model(
                                             ^^^^^^^^^^^^^^^^^^^^
  File "/home/pml04/swin_transformer/Machine-Learning-Project/src/pipelines/from_scratch.py", line 155, in _train_single_model
    run_training_loop(
  File "/home/pml04/swin_transformer/Machine-Learning-Project/src/training/trainer.py", line 187, in run_training_loop
    train_loss = train_one_epoch(
                 ^^^^^^^^^^^^^^^^
  File "/home/pml04/swin_transformer/Machine-Learning-Project/src/training/trainer.py", line 72, in train_one_epoch
    outputs = model(inputs)
              ^^^^^^^^^^^^^
  File "/usr/local/lib/python3.12/site-packages/torch/_dynamo/eval_frame.py", line 414, in __call__
    return super().__call__(*args, **kwargs)
           ^^^^^^^^^^^^^^^^^^^^^^^^^^^^^^^^^
  File "/usr/local/lib/python3.12/site-packages/torch/nn/modules/module.py", line 1775, in _wrapped_call_impl
    return self._call_impl(*args, **kwargs)
           ^^^^^^^^^^^^^^^^^^^^^^^^^^^^^^^^
  File "/usr/local/lib/python3.12/site-packages/torch/nn/modules/module.py", line 1786, in _call_impl
    return forward_call(*args, **kwargs)
           ^^^^^^^^^^^^^^^^^^^^^^^^^^^^^
  File "/usr/local/lib/python3.12/site-packages/torch/_dynamo/eval_frame.py", line 832, in compile_wrapper
    return fn(*args, **kwargs)
           ^^^^^^^^^^^^^^^^^^^
  File "/usr/local/lib/python3.12/site-packages/torch/nn/modules/module.py", line 1775, in _wrapped_call_impl
    return self._call_impl(*args, **kwargs)
           ^^^^^^^^^^^^^^^^^^^^^^^^^^^^^^^^
  File "/usr/local/lib/python3.12/site-packages/torch/nn/modules/module.py", line 1786, in _call_impl
    return forward_call(*args, **kwargs)
           ^^^^^^^^^^^^^^^^^^^^^^^^^^^^^
  File "/home/pml04/swin_transformer/Machine-Learning-Project/src/models/model_wrapper.py", line 35, in forward
    features = self.encoder(x)
               ^^^^^^^^^^^^^^^
  File "/usr/local/lib/python3.12/site-packages/torch/nn/modules/module.py", line 1775, in _wrapped_call_impl
    return self._call_impl(*args, **kwargs)
           ^^^^^^^^^^^^^^^^^^^^^^^^^^^^^^^^
  File "/usr/local/lib/python3.12/site-packages/torch/nn/modules/module.py", line 1786, in _call_impl
    return forward_call(*args, **kwargs)
           ^^^^^^^^^^^^^^^^^^^^^^^^^^^^^
  File "/home/pml04/swin_transformer/Machine-Learning-Project/src/models/model_factory.py", line 231, in forward
    x = self.swin_model.norm(x)
        ^^^^^^^^^^^^^^^^^^^^
  File "/usr/local/lib/python3.12/site-packages/torch/nn/modules/module.py", line 1964, in __getattr__
    raise AttributeError(
AttributeError: 'SwinTransformerModel' object has no attribute 'norm'

The above exception was the direct cause of the following exception:

Traceback (most recent call last):
  File "/home/pml04/swin_transformer/Machine-Learning-Project/main.py", line 262, in <module>
    main()
  File "/home/pml04/swin_transformer/Machine-Learning-Project/main.py", line 258, in main
    raise RuntimeError(f"Experiment failed: {e}") from e
RuntimeError: Experiment failed: 'SwinTransformerModel' object has no attribute 'norm'
[W125 13:40:05.445302673 AllocatorConfig.cpp:28] Warning: PYTORCH_CUDA_ALLOC_CONF is deprecated, use PYTORCH_ALLOC_CONF instead (function operator())
