Job started on node: head022
Allocated GPU(s): 0
Starting training at Tue Jan 27 19:03:33 CET 2026
GPU Memory before training:
43771, 37383, 81920
9999, 71155, 81920
9979, 71175, 81920
4425, 76729, 81920
213, 80940, 81920
213, 80940, 81920
3558, 77596, 81920
213, 80940, 81920
Training completed at Tue Jan 27 19:21:06 CET 2026
GPU Memory after training:
38794, 42359, 81920
5658, 75496, 81920
213, 80940, 81920
216, 80937, 81920
1262, 79892, 81920
213, 80940, 81920
3558, 77596, 81920
213, 80940, 81920
Job finished
