Job started on node: head022
Allocated GPU(s): 0
Starting training at Tue Jan 27 21:34:59 CET 2026
GPU Memory before training:
76889, 4265, 81920
10047, 71107, 81920
7083, 74071, 81920
4637, 76517, 81920
213, 80940, 81920
213, 80940, 81920
3558, 77596, 81920
213, 80940, 81920
Training completed at Tue Jan 27 21:52:30 CET 2026
GPU Memory after training:
76889, 4265, 81920
9783, 71371, 81920
7083, 74071, 81920
4341, 76813, 81920
1262, 79892, 81920
6133, 75021, 81920
3558, 77596, 81920
213, 80940, 81920
Job finished
