/var/spool/slurmd/spool/job3989384/slurm_script: line 19: python: command not found
INFO:    gocryptfs not found, will not be able to use gocryptfs
2026-01-27 21:42:13,058 - INFO - Logging initialized. Log file: runs/run_267/training.log
2026-01-27 21:42:13,060 - INFO - Experiment directory: runs/run_267
2026-01-27 21:42:13,061 - INFO - Setting random seeds for reproducibility (seed: 42)...
2026-01-27 21:42:13,072 - INFO - ✅ All seeds set to 42 (deterministic=False)
2026-01-27 21:42:13,427 - INFO - GPU memory cleared at startup. Available: 39.2GB
2026-01-27 21:42:13,428 - INFO - Using device: cuda
2026-01-27 21:42:13,429 - INFO - Training configuration: epochs=20, warmup=4, lr=0.0002
2026-01-27 21:42:13,431 - INFO - SWIN_IMPROVED configuration: {'type': 'swin_improved', 'variant': 'tiny', 'patch_size': 4, 'embed_dim': 96, 'depths': [2, 2, 6, 2], 'num_heads': [3, 6, 12, 24], 'window_size': 7, 'mlp_ratio': 4.0, 'dropout': 0.0, 'attention_dropout': 0.0, 'projection_dropout': 0.0, 'drop_path_rate': 0.08, 'use_shifted_window': True, 'use_relative_bias': False, 'use_absolute_pos_embed': False, 'use_hierarchical_merge': False, 'use_gradient_checkpointing': True, 'use_conv_stem': True, 'conv_stem_config': {'channels': [48, 96], 'kernel_sizes': [4, 3], 'strides': [4, 2], 'paddings': [0, 1], 'activation': 'gelu', 'use_batch_norm': True}, 'use_inverted_ffn': True, 'ffn_config': {'expand_ratio': 4, 'use_depthwise_conv': True, 'activation': 'gelu'}}
2026-01-27 21:42:13,433 - INFO - Loading dataset...
2026-01-27 21:42:13,435 - INFO - Starting ImageNet data loading from root: /
2026-01-27 21:42:13,436 - INFO - Resolved root path: /
2026-01-27 21:42:13,438 - INFO - Root path exists: True
2026-01-27 21:42:13,440 - INFO - Root path is dir: True
2026-01-27 21:42:13,445 - INFO - Contents of /: ['/.exec', '/.run', '/.shell', '/.singularity.d', '/.test', '/bin', '/boot', '/dev', '/environment', '/etc', '/home', '/lib', '/lib64', '/media', '/mnt', '/opt', '/proc', '/requirements.txt', '/root', '/run', '/sbin', '/singularity', '/srv', '/sys', '/tmp', '/usr', '/var', '/meta', '/train_set', '/train_set_small', '/val_set', '/val_set_unlabeled']
2026-01-27 21:42:13,447 - INFO - Expected train_dir: /train_set, exists: True
2026-01-27 21:42:13,448 - INFO - Expected val_dir: /val_set, exists: True
2026-01-27 21:42:19,378 - INFO - Loaded ImageNet data from /: train=1281167, val=50000
2026-01-27 21:42:20,135 - INFO - Dataset limits applied (stratified sampling enabled)
/usr/local/lib/python3.12/site-packages/torch/utils/data/dataloader.py:627: UserWarning: This DataLoader will create 8 worker processes in total. Our suggested max number of worker in current system is 2, which is smaller than what this DataLoader is going to create. Please be aware that excessive worker creation might get DataLoader running slow or even freeze, lower the worker number to avoid potential slowness/freeze if necessary.
  warnings.warn(
2026-01-27 21:42:20,139 - INFO - Dataset loaded: train=100000 samples (782 batches), val=50000 samples (391 batches), test=50000 samples (391 batches)
2026-01-27 21:42:20,869 - INFO - Training SWIN_IMPROVED from scratch
2026-01-27 21:42:20,871 - INFO - Initializing SWIN_IMPROVED model from scratch...
2026-01-27 21:42:20,872 - INFO - Model architecture: SWIN_IMPROVED
2026-01-27 21:42:20,874 - INFO - Model config: {'type': 'swin_improved', 'variant': 'tiny', 'patch_size': 4, 'embed_dim': 96, 'depths': [2, 2, 6, 2], 'num_heads': [3, 6, 12, 24], 'window_size': 7, 'mlp_ratio': 4.0, 'dropout': 0.0, 'attention_dropout': 0.0, 'projection_dropout': 0.0, 'drop_path_rate': 0.08, 'use_shifted_window': True, 'use_relative_bias': False, 'use_absolute_pos_embed': False, 'use_hierarchical_merge': False, 'use_gradient_checkpointing': True, 'use_conv_stem': True, 'conv_stem_config': {'channels': [48, 96], 'kernel_sizes': [4, 3], 'strides': [4, 2], 'paddings': [0, 1], 'activation': 'gelu', 'use_batch_norm': True}, 'use_inverted_ffn': True, 'ffn_config': {'expand_ratio': 4, 'use_depthwise_conv': True, 'activation': 'gelu'}}
2026-01-27 21:42:21,270 - INFO - Model created with random initialization
2026-01-27 21:42:21,272 - INFO - Total parameters: 28,518,706
2026-01-27 21:42:21,274 - INFO - Trainable parameters: 28,518,706
2026-01-27 21:42:21,306 - INFO - Compiling model with torch.compile()
2026-01-27 21:42:22,741 - INFO - Mixed precision enabled → CUDA bf16 selected (hardware supported)
2026-01-27 21:42:22,743 - INFO - Starting from-scratch training...
2026-01-27 21:42:22,744 - INFO - Optimizer: training all model parameters
2026-01-27 21:42:22,747 - INFO - LR Scheduler: cosine with 4 warmup epochs
2026-01-27 21:42:22,748 - INFO - Starting training...
/usr/local/lib/python3.12/site-packages/torch/utils/data/dataloader.py:627: UserWarning: This DataLoader will create 8 worker processes in total. Our suggested max number of worker in current system is 2, which is smaller than what this DataLoader is going to create. Please be aware that excessive worker creation might get DataLoader running slow or even freeze, lower the worker number to avoid potential slowness/freeze if necessary.
  warnings.warn(
/usr/local/lib/python3.12/site-packages/torch/backends/cuda/__init__.py:131: UserWarning: Please use the new API settings to control TF32 behavior, such as torch.backends.cudnn.conv.fp32_precision = 'tf32' or torch.backends.cuda.matmul.fp32_precision = 'ieee'. Old settings, e.g, torch.backends.cuda.matmul.allow_tf32 = True, torch.backends.cudnn.allow_tf32 = True, allowTF32CuDNN() and allowTF32CuBLAS() will be deprecated after Pytorch 2.9. Please see https://pytorch.org/docs/main/notes/cuda.html#tensorfloat-32-tf32-on-ampere-and-later-devices (Triggered internally at /pytorch/aten/src/ATen/Context.cpp:80.)
  return torch._C._get_cublas_allow_tf32()
W0127 21:42:57.438000 3390352 site-packages/torch/_inductor/utils.py:1558] [0/0] Not enough SMs to use max_autotune_gemm mode
/usr/local/lib/python3.12/site-packages/torch/utils/data/dataloader.py:627: UserWarning: This DataLoader will create 8 worker processes in total. Our suggested max number of worker in current system is 2, which is smaller than what this DataLoader is going to create. Please be aware that excessive worker creation might get DataLoader running slow or even freeze, lower the worker number to avoid potential slowness/freeze if necessary.
  warnings.warn(
INFO:    Terminating squashfuse_ll after timeout
INFO:    Timeouts can be caused by a running background process
INFO:    Terminating squashfuse_ll after timeout
INFO:    Timeouts can be caused by a running background process
/var/spool/slurmd/spool/job3989384/slurm_script: line 62: 3390334 Killed                  apptainer run --nv --overlay /home/space/datasets-sqfs/imagenet2012.sqfs pml.sif python main.py
[2026-01-27T21:59:13.548] error: Detected 1 oom_kill event in StepId=3989384.batch. Some of the step tasks have been OOM Killed.
