Job started on node: head022
Allocated GPU(s): 0
Starting training at Tue Jan 27 22:12:29 CET 2026
GPU Memory before training:
76889, 4265, 81920
10175, 70979, 81920
7147, 74007, 81920
4749, 76405, 81920
36116, 45038, 81920
36116, 45038, 81920
3558, 77596, 81920
213, 80940, 81920
Training completed at Tue Jan 27 22:29:09 CET 2026
GPU Memory after training:
76889, 4265, 81920
9783, 71371, 81920
7147, 74007, 81920
4341, 76813, 81920
3550, 77604, 81920
1254, 79900, 81920
3558, 77596, 81920
213, 80940, 81920
Job finished
