Job started on node: head022
Allocated GPU(s): 0
Starting training at Tue Jan 27 23:01:34 CET 2026
GPU Memory before training:
62695, 18459, 81920
9783, 71371, 81920
7147, 74007, 81920
4341, 76813, 81920
3550, 77604, 81920
213, 80940, 81920
3558, 77596, 81920
213, 80940, 81920
Training completed at Tue Jan 27 23:18:23 CET 2026
GPU Memory after training:
65493, 15661, 81920
14903, 66251, 81920
7147, 74007, 81920
4341, 76813, 81920
3550, 77604, 81920
1262, 79892, 81920
3558, 77596, 81920
213, 80940, 81920
Job finished
