Job started on node: head022
Allocated GPU(s): 0
Starting training at Tue Jan 27 23:18:24 CET 2026
GPU Memory before training:
65493, 15661, 81920
14903, 66251, 81920
7147, 74007, 81920
4341, 76813, 81920
3550, 77604, 81920
213, 80940, 81920
3558, 77596, 81920
213, 80940, 81920
Training completed at Tue Jan 27 23:33:58 CET 2026
GPU Memory after training:
70485, 10669, 81920
9783, 71371, 81920
7147, 74007, 81920
4341, 76813, 81920
4493, 76661, 81920
213, 80940, 81920
3558, 77596, 81920
213, 80940, 81920
Job finished
