Job started on node: head022
Allocated GPU(s): 0
Starting training at Tue Jan 27 21:42:04 CET 2026
GPU Memory before training:
76889, 4265, 81920
9783, 71371, 81920
7083, 74071, 81920
4343, 76811, 81920
5084, 76070, 81920
5084, 76070, 81920
3558, 77596, 81920
213, 80940, 81920
Training completed at Tue Jan 27 21:59:13 CET 2026
GPU Memory after training:
76889, 4265, 81920
9783, 71371, 81920
7331, 73823, 81920
4341, 76813, 81920
30274, 50880, 81920
35403, 45751, 81920
3558, 77596, 81920
213, 80940, 81920
Job finished
