Job started on node: head022
Allocated GPU(s): 0
Starting training at Tue Jan 27 21:56:10 CET 2026
GPU Memory before training:
76889, 4265, 81920
9783, 71371, 81920
7083, 74071, 81920
4341, 76813, 81920
213, 80940, 81920
5084, 76070, 81920
3558, 77596, 81920
213, 80940, 81920
Training completed at Tue Jan 27 22:13:30 CET 2026
GPU Memory after training:
76889, 4265, 81920
10111, 71043, 81920
7539, 73615, 81920
4701, 76453, 81920
213, 80940, 81920
2619, 78535, 81920
3558, 77596, 81920
213, 80940, 81920
Job finished
