/var/spool/slurmd/spool/job3994923/slurm_script: line 21: python: command not found
INFO:    gocryptfs not found, will not be able to use gocryptfs
2026-01-28 20:54:54,756 - INFO - Logging initialized. Log file: runs/run_257/training.log
2026-01-28 20:54:54,757 - INFO - Experiment directory: runs/run_257
2026-01-28 20:54:54,758 - INFO - Setting random seeds for reproducibility (seed: 42)...
2026-01-28 20:54:54,800 - INFO - ✅ All seeds set to 42 (deterministic=False)
2026-01-28 20:54:55,241 - INFO - GPU memory cleared at startup. Available: 23.5GB
2026-01-28 20:54:55,242 - INFO - Using device: cuda
2026-01-28 20:54:55,243 - INFO - Training configuration: epochs=2, warmup=1, lr=0.0003
2026-01-28 20:54:55,244 - INFO - SWIN configuration: variant=tiny, use_shifted_window=True, use_relative_bias=False, use_absolute_pos_embed=False, use_hierarchical_merge=False, use_gradient_checkpointing=False
2026-01-28 20:54:55,245 - INFO - SWIN details: embed_dim=96, depths=[2, 2, 6, 2], num_heads=[3, 6, 12, 24], window_size=7
2026-01-28 20:54:55,245 - INFO - Loading dataset...
2026-01-28 20:54:55,247 - INFO - Starting ImageNet data loading from root: /
2026-01-28 20:54:55,248 - INFO - Resolved root path: /
2026-01-28 20:54:55,249 - INFO - Root path exists: True
2026-01-28 20:54:55,250 - INFO - Root path is dir: True
2026-01-28 20:54:55,403 - INFO - Contents of /: ['/.exec', '/.run', '/.shell', '/.singularity.d', '/.test', '/bin', '/boot', '/dev', '/environment', '/etc', '/home', '/lib', '/lib64', '/media', '/mnt', '/opt', '/proc', '/requirements.txt', '/root', '/run', '/sbin', '/singularity', '/srv', '/sys', '/tmp', '/usr', '/var', '/meta', '/train_set', '/train_set_small', '/val_set', '/val_set_unlabeled']
2026-01-28 20:54:55,404 - INFO - Expected train_dir: /train_set, exists: True
2026-01-28 20:54:55,405 - INFO - Expected val_dir: /val_set, exists: True
2026-01-28 20:55:07,090 - INFO - Loaded ImageNet data from /: train=1281167, val=50000
2026-01-28 20:55:07,875 - INFO - Dataset limits applied (stratified sampling enabled)
2026-01-28 20:55:07,876 - INFO - Dataset loaded: train=100000 samples (782 batches), val=50000 samples (391 batches), test=50000 samples (391 batches)
2026-01-28 20:55:10,537 - INFO - Training SWIN from scratch
2026-01-28 20:55:10,538 - INFO - Initializing SWIN model from scratch...
2026-01-28 20:55:10,539 - INFO - Model architecture: SWIN
2026-01-28 20:55:10,540 - INFO - Model config: {'type': 'swin', 'variant': 'tiny', 'patch_size': 4, 'embed_dim': 96, 'depths': [2, 2, 6, 2], 'num_heads': [3, 6, 12, 24], 'window_size': 7, 'mlp_ratio': 4.0, 'dropout': 0.0, 'attention_dropout': 0.0, 'projection_dropout': 0.0, 'drop_path_rate': 0.08, 'use_shifted_window': True, 'use_relative_bias': False, 'use_absolute_pos_embed': False, 'use_hierarchical_merge': False, 'use_gradient_checkpointing': False}
2026-01-28 20:55:11,088 - INFO - Model created with random initialization
2026-01-28 20:55:11,089 - INFO - Total parameters: 28,288,354
2026-01-28 20:55:11,090 - INFO - Trainable parameters: 28,288,354
2026-01-28 20:55:11,144 - INFO - Compiling model with torch.compile()
2026-01-28 20:55:13,345 - INFO - Mixed precision enabled → CUDA bf16 selected (hardware supported)
2026-01-28 20:55:13,346 - INFO - Starting from-scratch training...
2026-01-28 20:55:13,347 - INFO - Optimizer: training all model parameters
2026-01-28 20:55:13,349 - INFO - LR Scheduler: cosine with 1 warmup epochs
2026-01-28 20:55:13,349 - INFO - Starting training...
/usr/local/lib/python3.12/site-packages/torch/backends/cuda/__init__.py:131: UserWarning: Please use the new API settings to control TF32 behavior, such as torch.backends.cudnn.conv.fp32_precision = 'tf32' or torch.backends.cuda.matmul.fp32_precision = 'ieee'. Old settings, e.g, torch.backends.cuda.matmul.allow_tf32 = True, torch.backends.cudnn.allow_tf32 = True, allowTF32CuDNN() and allowTF32CuBLAS() will be deprecated after Pytorch 2.9. Please see https://pytorch.org/docs/main/notes/cuda.html#tensorfloat-32-tf32-on-ampere-and-later-devices (Triggered internally at /pytorch/aten/src/ATen/Context.cpp:80.)
  return torch._C._get_cublas_allow_tf32()
/usr/local/lib/python3.12/site-packages/torch/_inductor/compile_fx.py:2772: UserWarning: Quadro RTX 6000 does not support bfloat16 compilation natively, skipping
  warnings.warn(
/usr/local/lib/python3.12/site-packages/torch/_inductor/compile_fx.py:2772: UserWarning: Quadro RTX 6000 does not support bfloat16 compilation natively, skipping
  warnings.warn(
/usr/local/lib/python3.12/site-packages/torch/_inductor/compile_fx.py:2772: UserWarning: Quadro RTX 6000 does not support bfloat16 compilation natively, skipping
  warnings.warn(
/usr/local/lib/python3.12/site-packages/torch/_inductor/compile_fx.py:2772: UserWarning: Quadro RTX 6000 does not support bfloat16 compilation natively, skipping
  warnings.warn(
/usr/local/lib/python3.12/site-packages/torch/_inductor/compile_fx.py:2772: UserWarning: Quadro RTX 6000 does not support bfloat16 compilation natively, skipping
  warnings.warn(
/usr/local/lib/python3.12/site-packages/torch/_inductor/compile_fx.py:2772: UserWarning: Quadro RTX 6000 does not support bfloat16 compilation natively, skipping
  warnings.warn(
/usr/local/lib/python3.12/site-packages/torch/_inductor/compile_fx.py:2772: UserWarning: Quadro RTX 6000 does not support bfloat16 compilation natively, skipping
  warnings.warn(
/usr/local/lib/python3.12/site-packages/torch/_inductor/compile_fx.py:2772: UserWarning: Quadro RTX 6000 does not support bfloat16 compilation natively, skipping
  warnings.warn(
/usr/local/lib/python3.12/site-packages/torch/_inductor/compile_fx.py:2772: UserWarning: Quadro RTX 6000 does not support bfloat16 compilation natively, skipping
  warnings.warn(
/usr/local/lib/python3.12/site-packages/torch/_inductor/compile_fx.py:2772: UserWarning: Quadro RTX 6000 does not support bfloat16 compilation natively, skipping
  warnings.warn(
/usr/local/lib/python3.12/site-packages/torch/_inductor/compile_fx.py:2772: UserWarning: Quadro RTX 6000 does not support bfloat16 compilation natively, skipping
  warnings.warn(
/usr/local/lib/python3.12/site-packages/torch/_inductor/compile_fx.py:2772: UserWarning: Quadro RTX 6000 does not support bfloat16 compilation natively, skipping
  warnings.warn(
W0128 21:10:38.276000 1356827 site-packages/torch/_dynamo/convert_frame.py:1358] [6/8] torch._dynamo hit config.recompile_limit (8)
W0128 21:10:38.276000 1356827 site-packages/torch/_dynamo/convert_frame.py:1358] [6/8]    function: 'window_partition' (/home/pml04/swin_transformer/Machine-Learning-Project/src/models/swin/window_utils.py:45)
W0128 21:10:38.276000 1356827 site-packages/torch/_dynamo/convert_frame.py:1358] [6/8]    last reason: 6/6: (x.size()[3]*x.size()[2]) != (x.size()[3]*(x.size()[2] // (x.size()[2] // 7)))  # x = x.permute(0, 1, 3, 2, 4, 5).contiguous()  # ome/pml04/swin_transformer/Machine-Learning-Project/src/models/swin/window_utils.py:68 in window_partition (_dynamo/utils.py:3557 in run_node)
W0128 21:10:38.276000 1356827 site-packages/torch/_dynamo/convert_frame.py:1358] [6/8] To log all recompilation reasons, use TORCH_LOGS="recompiles".
W0128 21:10:38.276000 1356827 site-packages/torch/_dynamo/convert_frame.py:1358] [6/8] To diagnose recompilation issues, see https://pytorch.org/docs/main/torch.compiler_troubleshooting.html
2026-01-28 21:13:37,546 - INFO - Epoch 1/2: LR: 0.000300
2026-01-28 21:13:37,559 - INFO - Epoch 1/2: Train Loss: 6.9067, Val Loss: 6.8041, Val Acc: 0.40%
2026-01-28 21:29:47,968 - INFO - Epoch 2/2: LR: 0.000050
2026-01-28 21:29:48,023 - INFO - Epoch 2/2: Train Loss: 6.7943, Val Loss: 6.6352, Val Acc: 0.55%
2026-01-28 21:29:48,031 - INFO - Training completed!
2026-01-28 21:29:48,033 - INFO - Generating training curves...
2026-01-28 21:29:50,651 - INFO - Too many classes (1000) for per-class plotting, skipping
2026-01-28 21:29:50,651 - INFO - Training curves saved as separate images with base name 'runs/run_257/training_curves_from_scratch'
2026-01-28 21:29:50,652 - INFO - Generating confusion matrix on test set...
INFO:    Terminating squashfuse_ll after timeout
INFO:    Timeouts can be caused by a running background process
INFO:    Terminating squashfuse_ll after timeout
INFO:    Timeouts can be caused by a running background process
/var/spool/slurmd/spool/job3994923/slurm_script: line 64: 1356800 Killed                  apptainer run --nv --overlay /home/space/datasets-sqfs/imagenet2012.sqfs pml.sif python main.py
[2026-01-28T21:36:04.187] error: Detected 1 oom_kill event in StepId=3994923.batch. Some of the step tasks have been OOM Killed.
