Job started on node: head022
Allocated GPU(s): 0
Starting training at Wed Jan 28 23:18:49 CET 2026
GPU Memory before training:
38794, 42359, 81920
5658, 75496, 81920
3891, 77263, 81920
16759, 64395, 81920
7498, 73656, 81920
7498, 73656, 81920
213, 80940, 81920
213, 80940, 81920
Training completed at Thu Jan 29 17:25:57 CET 2026
GPU Memory after training:
5110, 76044, 81920
14537, 66617, 81920
3712, 77442, 81920
56039, 25115, 81920
213, 80940, 81920
13291, 67863, 81920
33852, 47302, 81920
1710, 79444, 81920
Job finished
