Job started on node: head022
Allocated GPU(s): 0
Starting training at Wed Jan 28 21:41:30 CET 2026
GPU Memory before training:
38794, 42359, 81920
10778, 70376, 81920
3706, 77448, 81920
16759, 64395, 81920
7498, 73656, 81920
7498, 73656, 81920
213, 80940, 81920
213, 80940, 81920
Training completed at Wed Jan 28 22:49:47 CET 2026
GPU Memory after training:
38794, 42359, 81920
12201, 68953, 81920
3706, 77448, 81920
16759, 64395, 81920
7498, 73656, 81920
7498, 73656, 81920
213, 80940, 81920
213, 80940, 81920
Job finished
