/var/spool/slurmd/spool/job3997419/slurm_script: line 19: python: command not found
INFO:    gocryptfs not found, will not be able to use gocryptfs
2026-01-29 13:53:34,960 - INFO - Logging initialized. Log file: runs/run_284/training.log
2026-01-29 13:53:35,003 - INFO - Experiment directory: runs/run_284
2026-01-29 13:53:35,005 - INFO - Setting random seeds for reproducibility (seed: 42)...
2026-01-29 13:53:35,038 - INFO - ✅ All seeds set to 42 (deterministic=False)
2026-01-29 13:53:35,443 - INFO - GPU memory cleared at startup. Available: 39.2GB
2026-01-29 13:53:35,444 - INFO - Using device: cuda
2026-01-29 13:53:35,446 - INFO - Training configuration: epochs=10, warmup=2, lr=0.0002
2026-01-29 13:53:35,447 - INFO - SWIN_IMPROVED configuration: {'type': 'swin_improved', 'variant': 'tiny', 'patch_size': 4, 'embed_dim': 96, 'depths': [2, 2, 6, 2], 'num_heads': [3, 6, 12, 24], 'window_size': 7, 'mlp_ratio': 4.0, 'dropout': 0.0, 'attention_dropout': 0.0, 'projection_dropout': 0.0, 'drop_path_rate': 0.08, 'use_shifted_window': True, 'use_relative_bias': False, 'use_absolute_pos_embed': False, 'use_hierarchical_merge': False, 'use_gradient_checkpointing': True, 'use_conv_stem': True, 'conv_stem_config': {'channels': [48, 96], 'kernel_sizes': [4, 3], 'strides': [4, 2], 'paddings': [0, 1], 'activation': 'gelu', 'use_batch_norm': True}, 'use_inverted_ffn': True, 'ffn_config': {'expand_ratio': 4, 'use_depthwise_conv': True, 'activation': 'gelu'}}
2026-01-29 13:53:35,449 - INFO - Loading dataset...
2026-01-29 13:53:35,451 - INFO - Starting ImageNet data loading from root: /
2026-01-29 13:53:35,452 - INFO - Resolved root path: /
2026-01-29 13:53:35,454 - INFO - Root path exists: True
2026-01-29 13:53:35,455 - INFO - Root path is dir: True
2026-01-29 13:53:35,459 - INFO - Contents of /: ['/.exec', '/.run', '/.shell', '/.singularity.d', '/.test', '/bin', '/boot', '/dev', '/environment', '/etc', '/home', '/lib', '/lib64', '/media', '/mnt', '/opt', '/proc', '/requirements.txt', '/root', '/run', '/sbin', '/singularity', '/srv', '/sys', '/tmp', '/usr', '/var', '/meta', '/train_set', '/train_set_small', '/val_set', '/val_set_unlabeled']
2026-01-29 13:53:35,460 - INFO - Expected train_dir: /train_set, exists: True
2026-01-29 13:53:35,461 - INFO - Expected val_dir: /val_set, exists: True
2026-01-29 13:53:40,502 - INFO - Loaded ImageNet data from /: train=1281167, val=50000
2026-01-29 13:53:41,240 - INFO - Dataset limits applied (stratified sampling enabled)
2026-01-29 13:53:41,242 - INFO - Dataset loaded: train=100000 samples (782 batches), val=50000 samples (391 batches), test=50000 samples (391 batches)
2026-01-29 13:53:43,316 - INFO - Training SWIN_IMPROVED from scratch
2026-01-29 13:53:43,317 - INFO - Initializing SWIN_IMPROVED model from scratch...
2026-01-29 13:53:43,318 - INFO - Model architecture: SWIN_IMPROVED
2026-01-29 13:53:43,319 - INFO - Model config: {'type': 'swin_improved', 'variant': 'tiny', 'patch_size': 4, 'embed_dim': 96, 'depths': [2, 2, 6, 2], 'num_heads': [3, 6, 12, 24], 'window_size': 7, 'mlp_ratio': 4.0, 'dropout': 0.0, 'attention_dropout': 0.0, 'projection_dropout': 0.0, 'drop_path_rate': 0.08, 'use_shifted_window': True, 'use_relative_bias': False, 'use_absolute_pos_embed': False, 'use_hierarchical_merge': False, 'use_gradient_checkpointing': True, 'use_conv_stem': True, 'conv_stem_config': {'channels': [48, 96], 'kernel_sizes': [4, 3], 'strides': [4, 2], 'paddings': [0, 1], 'activation': 'gelu', 'use_batch_norm': True}, 'use_inverted_ffn': True, 'ffn_config': {'expand_ratio': 4, 'use_depthwise_conv': True, 'activation': 'gelu'}}
2026-01-29 13:53:43,698 - INFO - Model created with random initialization
2026-01-29 13:53:43,700 - INFO - Total parameters: 28,518,706
2026-01-29 13:53:43,700 - INFO - Trainable parameters: 28,518,706
2026-01-29 13:53:43,731 - INFO - Mixed precision enabled → CUDA bf16 selected (hardware supported)
2026-01-29 13:53:43,733 - INFO - Starting from-scratch training...
2026-01-29 13:53:43,734 - INFO - Optimizer: training all model parameters
2026-01-29 13:53:43,735 - INFO - LR Scheduler: cosine with 2 warmup epochs
2026-01-29 13:53:43,736 - INFO - Starting training...
2026-01-29 13:53:45,998 - INFO - Processing first batch (shape: torch.Size([128, 3, 224, 224]))
2026-01-29 13:53:46,002 - INFO - Running first forward pass (torch.compile may take time)...
2026-01-29 13:53:56,961 - INFO - First forward pass complete (output shape: torch.Size([128, 1000]))
2026-01-29 13:54:02,258 - INFO - First batch complete! Loss: 7.0366
2026-01-29 14:15:01,833 - INFO - Epoch 1/10: LR: 0.000101
2026-01-29 14:15:01,889 - INFO - Epoch 1/10: Train Loss: 6.9422, Val Loss: 6.8701, Val Acc: 0.39%
2026-01-29 14:15:03,804 - INFO - Processing first batch (shape: torch.Size([128, 3, 224, 224]))
2026-01-29 14:15:03,816 - INFO - Running first forward pass (torch.compile may take time)...
2026-01-29 14:15:03,885 - INFO - First forward pass complete (output shape: torch.Size([128, 1000]))
2026-01-29 14:15:03,951 - INFO - First batch complete! Loss: 6.9561
2026-01-29 14:35:21,511 - INFO - Epoch 2/10: LR: 0.000200
2026-01-29 14:35:21,534 - INFO - Epoch 2/10: Train Loss: 6.6637, Val Loss: 6.3545, Val Acc: 1.16%
2026-01-29 14:35:23,100 - INFO - Processing first batch (shape: torch.Size([128, 3, 224, 224]))
2026-01-29 14:35:23,104 - INFO - Running first forward pass (torch.compile may take time)...
2026-01-29 14:35:23,222 - INFO - First forward pass complete (output shape: torch.Size([128, 1000]))
2026-01-29 14:35:23,285 - INFO - First batch complete! Loss: 6.4828
2026-01-29 14:56:45,312 - INFO - Epoch 3/10: LR: 0.000193
2026-01-29 14:56:45,360 - INFO - Epoch 3/10: Train Loss: 6.3598, Val Loss: 6.0767, Val Acc: 2.03%
2026-01-29 14:56:46,904 - INFO - Processing first batch (shape: torch.Size([128, 3, 224, 224]))
2026-01-29 14:56:46,908 - INFO - Running first forward pass (torch.compile may take time)...
2026-01-29 14:56:46,998 - INFO - First forward pass complete (output shape: torch.Size([128, 1000]))
2026-01-29 14:56:47,069 - INFO - First batch complete! Loss: 6.2521
2026-01-29 15:18:11,676 - INFO - Epoch 4/10: LR: 0.000172
2026-01-29 15:18:11,691 - INFO - Epoch 4/10: Train Loss: 6.0713, Val Loss: 5.7148, Val Acc: 3.83%
2026-01-29 15:18:13,408 - INFO - Processing first batch (shape: torch.Size([128, 3, 224, 224]))
2026-01-29 15:18:13,415 - INFO - Running first forward pass (torch.compile may take time)...
2026-01-29 15:18:13,475 - INFO - First forward pass complete (output shape: torch.Size([128, 1000]))
2026-01-29 15:18:13,541 - INFO - First batch complete! Loss: 6.0414
2026-01-29 15:38:11,006 - INFO - Epoch 5/10: LR: 0.000141
2026-01-29 15:46:07,554 - INFO - Epoch 5/10: Train Loss: 5.8418, Val Loss: 5.4549, Val Acc: 5.09%, Test Loss: 5.4549, Test Acc: 5.09%
2026-01-29 15:46:10,065 - INFO - Processing first batch (shape: torch.Size([128, 3, 224, 224]))
2026-01-29 15:46:10,068 - INFO - Running first forward pass (torch.compile may take time)...
2026-01-29 15:46:10,136 - INFO - First forward pass complete (output shape: torch.Size([128, 1000]))
2026-01-29 15:46:10,225 - INFO - First batch complete! Loss: 5.8783
2026-01-29 16:06:11,215 - INFO - Epoch 6/10: LR: 0.000105
2026-01-29 16:06:11,245 - INFO - Epoch 6/10: Train Loss: 5.6473, Val Loss: 5.2566, Val Acc: 6.61%
2026-01-29 16:06:15,441 - INFO - Processing first batch (shape: torch.Size([128, 3, 224, 224]))
2026-01-29 16:06:15,445 - INFO - Running first forward pass (torch.compile may take time)...
2026-01-29 16:06:15,491 - INFO - First forward pass complete (output shape: torch.Size([128, 1000]))
2026-01-29 16:06:15,554 - INFO - First batch complete! Loss: 5.4305
2026-01-29 16:26:11,685 - INFO - Epoch 7/10: LR: 0.000069
2026-01-29 16:26:11,710 - INFO - Epoch 7/10: Train Loss: 5.4557, Val Loss: 5.0580, Val Acc: 8.69%
2026-01-29 16:26:13,489 - INFO - Processing first batch (shape: torch.Size([128, 3, 224, 224]))
2026-01-29 16:26:13,494 - INFO - Running first forward pass (torch.compile may take time)...
2026-01-29 16:26:13,541 - INFO - First forward pass complete (output shape: torch.Size([128, 1000]))
2026-01-29 16:26:13,604 - INFO - First batch complete! Loss: 5.3171
2026-01-29 16:46:06,907 - INFO - Epoch 8/10: LR: 0.000038
2026-01-29 16:46:06,936 - INFO - Epoch 8/10: Train Loss: 5.2860, Val Loss: 4.9132, Val Acc: 10.02%
2026-01-29 16:46:08,441 - INFO - Processing first batch (shape: torch.Size([128, 3, 224, 224]))
2026-01-29 16:46:08,446 - INFO - Running first forward pass (torch.compile may take time)...
2026-01-29 16:46:08,494 - INFO - First forward pass complete (output shape: torch.Size([128, 1000]))
2026-01-29 16:46:08,556 - INFO - First batch complete! Loss: 5.1654
2026-01-29 17:06:28,211 - INFO - Epoch 9/10: LR: 0.000017
2026-01-29 17:06:28,229 - INFO - Epoch 9/10: Train Loss: 5.1467, Val Loss: 4.7735, Val Acc: 11.72%
2026-01-29 17:06:29,959 - INFO - Processing first batch (shape: torch.Size([128, 3, 224, 224]))
2026-01-29 17:06:29,963 - INFO - Running first forward pass (torch.compile may take time)...
2026-01-29 17:06:30,045 - INFO - First forward pass complete (output shape: torch.Size([128, 1000]))
2026-01-29 17:06:30,108 - INFO - First batch complete! Loss: 5.1131
2026-01-29 17:27:06,809 - INFO - Epoch 10/10: LR: 0.000010
2026-01-29 17:35:14,978 - INFO - Epoch 10/10: Train Loss: 5.0483, Val Loss: 4.7050, Val Acc: 12.34%, Test Loss: 4.7050, Test Acc: 12.34%
2026-01-29 17:35:15,000 - INFO - Saving checkpoint for epoch 10...
2026-01-29 17:35:15,742 - INFO - ✅ Checkpoint saved: runs/run_284/checkpoint_epoch_10.pth
2026-01-29 17:35:15,745 - INFO - Training completed!
2026-01-29 17:35:15,745 - INFO - Generating training curves...
2026-01-29 17:35:17,145 - INFO - Too many classes (1000) for per-class plotting, skipping
2026-01-29 17:35:17,146 - INFO - Training curves saved as separate images with base name 'runs/run_284/training_curves_from_scratch'
2026-01-29 17:35:17,147 - INFO - Generating confusion matrix on test set...
INFO:    Terminating squashfuse_ll after timeout
INFO:    Timeouts can be caused by a running background process
INFO:    Terminating squashfuse_ll after timeout
INFO:    Timeouts can be caused by a running background process
/var/spool/slurmd/spool/job3997419/slurm_script: line 62: 3833383 Killed                  apptainer run --nv --overlay /home/space/datasets-sqfs/imagenet2012.sqfs pml.sif python main.py
[2026-01-29T17:44:53.998] error: Detected 1 oom_kill event in StepId=3997419.batch. Some of the step tasks have been OOM Killed.
