Job started on node: head022
Allocated GPU(s): 0
Starting training at Thu Jan 29 13:53:53 CET 2026
GPU Memory before training:
43691, 37463, 81920
15747, 65407, 81920
3712, 77442, 81920
16759, 64395, 81920
213, 80940, 81920
2584, 78570, 81920
213, 80940, 81920
213, 80940, 81920
Training completed at Thu Jan 29 17:45:20 CET 2026
GPU Memory after training:
5110, 76044, 81920
14717, 66437, 81920
3712, 77442, 81920
56063, 25091, 81920
213, 80940, 81920
2712, 78442, 81920
33852, 47302, 81920
213, 80940, 81920
Job finished
