/var/spool/slurmd/spool/job4050289/slurm_script: line 19: python: command not found
INFO:    gocryptfs not found, will not be able to use gocryptfs
2026-02-04 16:54:31,992 - INFO - Logging initialized. Log file: runs/run_290/training.log
2026-02-04 16:54:32,044 - INFO - Experiment directory: runs/run_290
2026-02-04 16:54:32,046 - INFO - Setting random seeds for reproducibility (seed: 42)...
2026-02-04 16:54:32,059 - INFO - ✅ All seeds set to 42 (deterministic=False)
2026-02-04 16:54:32,680 - INFO - GPU memory cleared at startup. Available: 39.2GB
2026-02-04 16:54:32,682 - INFO - Using device: cuda
2026-02-04 16:54:32,683 - INFO - Training configuration: epochs=300, warmup=30, lr=0.0002
2026-02-04 16:54:32,684 - INFO - SWIN_HYBRID configuration: {'type': 'swin_hybrid', 'variant': 'tiny', 'patch_size': 4, 'embed_dim': 96, 'depths': [2, 2, 6, 2], 'num_heads': [3, 6, 12, 24], 'window_size': 7, 'mlp_ratio': 4.0, 'dropout': 0.0, 'attention_dropout': 0.0, 'projection_dropout': 0.0, 'drop_path_rate': 0.08, 'use_shifted_window': True, 'use_relative_bias': False, 'use_absolute_pos_embed': False, 'use_hierarchical_merge': False, 'use_gradient_checkpointing': False, 'use_cnn_stem': True, 'cnn_stem_config': {'channels': [32, 64], 'kernel_size': 3, 'stride': 2, 'padding': 1, 'activation': 'gelu', 'use_batch_norm': True}}
2026-02-04 16:54:32,686 - INFO - Loading dataset...
2026-02-04 16:54:32,689 - INFO - Starting ImageNet data loading from root: /
2026-02-04 16:54:32,690 - INFO - Resolved root path: /
2026-02-04 16:54:32,692 - INFO - Root path exists: True
2026-02-04 16:54:32,694 - INFO - Root path is dir: True
2026-02-04 16:54:32,698 - INFO - Contents of /: ['/.exec', '/.run', '/.shell', '/.singularity.d', '/.test', '/bin', '/boot', '/dev', '/environment', '/etc', '/home', '/lib', '/lib64', '/media', '/mnt', '/opt', '/proc', '/requirements.txt', '/root', '/run', '/sbin', '/singularity', '/srv', '/sys', '/tmp', '/usr', '/var', '/meta', '/train_set', '/train_set_small', '/val_set', '/val_set_unlabeled']
2026-02-04 16:54:32,699 - INFO - Expected train_dir: /train_set, exists: True
2026-02-04 16:54:32,701 - INFO - Expected val_dir: /val_set, exists: True
2026-02-04 16:54:39,479 - INFO - Loaded ImageNet data from /: train=1281167, val=50000
2026-02-04 16:54:40,638 - INFO - Dataset limits applied (stratified sampling enabled)
2026-02-04 16:54:40,639 - INFO - Dataset loaded: train=100000 samples (782 batches), val=50000 samples (391 batches), test=50000 samples (391 batches)
2026-02-04 16:54:42,736 - INFO - Training SWIN_HYBRID from scratch
2026-02-04 16:54:42,737 - INFO - Initializing SWIN_HYBRID model from scratch...
2026-02-04 16:54:42,739 - INFO - Model architecture: SWIN_HYBRID
2026-02-04 16:54:42,740 - INFO - Model config: {'type': 'swin_hybrid', 'variant': 'tiny', 'patch_size': 4, 'embed_dim': 96, 'depths': [2, 2, 6, 2], 'num_heads': [3, 6, 12, 24], 'window_size': 7, 'mlp_ratio': 4.0, 'dropout': 0.0, 'attention_dropout': 0.0, 'projection_dropout': 0.0, 'drop_path_rate': 0.08, 'use_shifted_window': True, 'use_relative_bias': False, 'use_absolute_pos_embed': False, 'use_hierarchical_merge': False, 'use_gradient_checkpointing': False, 'use_cnn_stem': True, 'cnn_stem_config': {'channels': [32, 64], 'kernel_size': 3, 'stride': 2, 'padding': 1, 'activation': 'gelu', 'use_batch_norm': True}}
2026-02-04 16:54:43,114 - INFO - Model created with random initialization
2026-02-04 16:54:43,115 - INFO - Total parameters: 28,363,522
2026-02-04 16:54:43,117 - INFO - Trainable parameters: 28,363,522
2026-02-04 16:54:43,148 - INFO - Compiling model with torch.compile()
2026-02-04 16:54:44,722 - INFO - Mixed precision enabled → CUDA bf16 selected (hardware supported)
2026-02-04 16:54:44,724 - INFO - Starting from-scratch training...
2026-02-04 16:54:44,725 - INFO - Optimizer: training all model parameters
2026-02-04 16:54:44,728 - INFO - LR Scheduler: cosine with 30 warmup epochs
2026-02-04 16:54:44,729 - INFO - Starting training...
2026-02-04 16:54:47,424 - INFO - Processing first batch (shape: torch.Size([128, 3, 224, 224]))
2026-02-04 16:54:47,427 - INFO - Running first forward pass (torch.compile may take time)...
/usr/local/lib/python3.12/site-packages/torch/backends/cuda/__init__.py:131: UserWarning: Please use the new API settings to control TF32 behavior, such as torch.backends.cudnn.conv.fp32_precision = 'tf32' or torch.backends.cuda.matmul.fp32_precision = 'ieee'. Old settings, e.g, torch.backends.cuda.matmul.allow_tf32 = True, torch.backends.cudnn.allow_tf32 = True, allowTF32CuDNN() and allowTF32CuBLAS() will be deprecated after Pytorch 2.9. Please see https://pytorch.org/docs/main/notes/cuda.html#tensorfloat-32-tf32-on-ampere-and-later-devices (Triggered internally at /pytorch/aten/src/ATen/Context.cpp:80.)
  return torch._C._get_cublas_allow_tf32()
W0204 16:55:09.502000 337996 site-packages/torch/_inductor/utils.py:1558] [0/0] Not enough SMs to use max_autotune_gemm mode
2026-02-04 16:55:53,291 - INFO - First forward pass complete (output shape: torch.Size([128, 1000]))
2026-02-04 16:56:47,736 - INFO - First batch complete! Loss: 7.0129
2026-02-04 17:22:41,782 - INFO - Epoch 1/300: LR: 0.000009
2026-02-04 17:22:41,798 - INFO - Epoch 1/300: Train Loss: 6.9058, Val Loss: 6.8079, Val Acc: 0.45%
2026-02-04 17:22:43,628 - INFO - Processing first batch (shape: torch.Size([128, 3, 224, 224]))
2026-02-04 17:22:43,641 - INFO - Running first forward pass (torch.compile may take time)...
2026-02-04 17:22:43,743 - INFO - First forward pass complete (output shape: torch.Size([128, 1000]))
2026-02-04 17:22:43,790 - INFO - First batch complete! Loss: 6.8660
2026-02-04 17:43:02,135 - INFO - Epoch 2/300: LR: 0.000015
2026-02-04 17:43:02,164 - INFO - Epoch 2/300: Train Loss: 6.7452, Val Loss: 6.5760, Val Acc: 1.08%
2026-02-04 17:43:03,891 - INFO - Processing first batch (shape: torch.Size([128, 3, 224, 224]))
2026-02-04 17:43:03,895 - INFO - Running first forward pass (torch.compile may take time)...
2026-02-04 17:43:03,974 - INFO - First forward pass complete (output shape: torch.Size([128, 1000]))
2026-02-04 17:43:04,015 - INFO - First batch complete! Loss: 6.6504
2026-02-04 18:02:34,574 - INFO - Epoch 3/300: LR: 0.000022
2026-02-04 18:02:34,575 - INFO - Epoch 3/300: Train Loss: 6.5871, Val Loss: 6.3942, Val Acc: 1.49%
2026-02-04 18:02:36,371 - INFO - Processing first batch (shape: torch.Size([128, 3, 224, 224]))
2026-02-04 18:02:36,375 - INFO - Running first forward pass (torch.compile may take time)...
2026-02-04 18:02:36,452 - INFO - First forward pass complete (output shape: torch.Size([128, 1000]))
2026-02-04 18:02:36,495 - INFO - First batch complete! Loss: 6.4983
2026-02-04 18:21:53,112 - INFO - Epoch 4/300: LR: 0.000028
2026-02-04 18:21:53,142 - INFO - Epoch 4/300: Train Loss: 6.4251, Val Loss: 6.1948, Val Acc: 2.15%
2026-02-04 18:21:54,919 - INFO - Processing first batch (shape: torch.Size([128, 3, 224, 224]))
2026-02-04 18:21:54,933 - INFO - Running first forward pass (torch.compile may take time)...
2026-02-04 18:21:55,036 - INFO - First forward pass complete (output shape: torch.Size([128, 1000]))
2026-02-04 18:21:55,082 - INFO - First batch complete! Loss: 6.3730
2026-02-04 18:41:10,435 - INFO - Epoch 5/300: LR: 0.000035
2026-02-04 18:49:13,971 - INFO - Epoch 5/300: Train Loss: 6.2689, Val Loss: 6.0116, Val Acc: 2.86%, Test Loss: 6.0116, Test Acc: 2.86%
2026-02-04 18:49:15,685 - INFO - Processing first batch (shape: torch.Size([128, 3, 224, 224]))
2026-02-04 18:49:15,690 - INFO - Running first forward pass (torch.compile may take time)...
2026-02-04 18:49:15,780 - INFO - First forward pass complete (output shape: torch.Size([128, 1000]))
2026-02-04 18:49:15,832 - INFO - First batch complete! Loss: 6.2772
2026-02-04 19:08:49,817 - INFO - Epoch 6/300: LR: 0.000042
2026-02-04 19:08:49,835 - INFO - Epoch 6/300: Train Loss: 6.1338, Val Loss: 5.8368, Val Acc: 3.77%
2026-02-04 19:08:51,575 - INFO - Processing first batch (shape: torch.Size([128, 3, 224, 224]))
2026-02-04 19:08:51,580 - INFO - Running first forward pass (torch.compile may take time)...
2026-02-04 19:08:51,666 - INFO - First forward pass complete (output shape: torch.Size([128, 1000]))
2026-02-04 19:08:51,720 - INFO - First batch complete! Loss: 6.1963
2026-02-04 19:28:55,110 - INFO - Epoch 7/300: LR: 0.000048
2026-02-04 19:28:55,120 - INFO - Epoch 7/300: Train Loss: 5.9990, Val Loss: 5.6865, Val Acc: 4.47%
2026-02-04 19:28:56,881 - INFO - Processing first batch (shape: torch.Size([128, 3, 224, 224]))
2026-02-04 19:28:56,885 - INFO - Running first forward pass (torch.compile may take time)...
2026-02-04 19:28:56,937 - INFO - First forward pass complete (output shape: torch.Size([128, 1000]))
2026-02-04 19:28:56,975 - INFO - First batch complete! Loss: 5.9431
2026-02-04 19:51:06,909 - INFO - Epoch 8/300: LR: 0.000055
2026-02-04 19:51:06,935 - INFO - Epoch 8/300: Train Loss: 5.8807, Val Loss: 5.5122, Val Acc: 5.69%
2026-02-04 19:51:08,646 - INFO - Processing first batch (shape: torch.Size([128, 3, 224, 224]))
2026-02-04 19:51:08,651 - INFO - Running first forward pass (torch.compile may take time)...
2026-02-04 19:51:08,738 - INFO - First forward pass complete (output shape: torch.Size([128, 1000]))
2026-02-04 19:51:08,776 - INFO - First batch complete! Loss: 5.8607
2026-02-04 20:12:43,913 - INFO - Epoch 9/300: LR: 0.000061
2026-02-04 20:12:43,948 - INFO - Epoch 9/300: Train Loss: 5.7564, Val Loss: 5.3955, Val Acc: 6.31%
2026-02-04 20:12:45,735 - INFO - Processing first batch (shape: torch.Size([128, 3, 224, 224]))
2026-02-04 20:12:45,741 - INFO - Running first forward pass (torch.compile may take time)...
2026-02-04 20:12:45,807 - INFO - First forward pass complete (output shape: torch.Size([128, 1000]))
2026-02-04 20:12:45,864 - INFO - First batch complete! Loss: 5.4272
2026-02-04 20:35:44,118 - INFO - Epoch 10/300: LR: 0.000068
2026-02-04 20:44:06,110 - INFO - Epoch 10/300: Train Loss: 5.6486, Val Loss: 5.2653, Val Acc: 7.30%, Test Loss: 5.2653, Test Acc: 7.30%
2026-02-04 20:44:06,127 - INFO - Saving checkpoint for epoch 10...
2026-02-04 20:44:06,926 - INFO - ✅ Checkpoint saved: runs/run_290/checkpoint_epoch_10.pth
2026-02-04 20:44:08,910 - INFO - Processing first batch (shape: torch.Size([128, 3, 224, 224]))
2026-02-04 20:44:08,913 - INFO - Running first forward pass (torch.compile may take time)...
2026-02-04 20:44:08,952 - INFO - First forward pass complete (output shape: torch.Size([128, 1000]))
2026-02-04 20:44:08,998 - INFO - First batch complete! Loss: 5.4275
2026-02-04 21:05:03,166 - INFO - Epoch 11/300: LR: 0.000075
2026-02-04 21:05:03,191 - INFO - Epoch 11/300: Train Loss: 5.5371, Val Loss: 5.1681, Val Acc: 8.04%
2026-02-04 21:05:05,005 - INFO - Processing first batch (shape: torch.Size([128, 3, 224, 224]))
2026-02-04 21:05:05,010 - INFO - Running first forward pass (torch.compile may take time)...
2026-02-04 21:05:05,089 - INFO - First forward pass complete (output shape: torch.Size([128, 1000]))
2026-02-04 21:05:05,128 - INFO - First batch complete! Loss: 5.6079
2026-02-04 21:25:29,650 - INFO - Epoch 12/300: LR: 0.000081
2026-02-04 21:25:29,665 - INFO - Epoch 12/300: Train Loss: 5.4315, Val Loss: 5.0779, Val Acc: 8.32%
2026-02-04 21:25:31,545 - INFO - Processing first batch (shape: torch.Size([128, 3, 224, 224]))
2026-02-04 21:25:31,550 - INFO - Running first forward pass (torch.compile may take time)...
2026-02-04 21:25:31,627 - INFO - First forward pass complete (output shape: torch.Size([128, 1000]))
2026-02-04 21:25:31,670 - INFO - First batch complete! Loss: 5.4288
2026-02-04 21:45:56,850 - INFO - Epoch 13/300: LR: 0.000088
2026-02-04 21:45:56,851 - INFO - Epoch 13/300: Train Loss: 5.3339, Val Loss: 4.9038, Val Acc: 9.90%
2026-02-04 21:45:58,709 - INFO - Processing first batch (shape: torch.Size([128, 3, 224, 224]))
2026-02-04 21:45:58,714 - INFO - Running first forward pass (torch.compile may take time)...
2026-02-04 21:45:58,755 - INFO - First forward pass complete (output shape: torch.Size([128, 1000]))
2026-02-04 21:45:58,804 - INFO - First batch complete! Loss: 4.9465
[2026-02-04T21:54:47.043] error: *** JOB 4050289 ON head022 CANCELLED AT 2026-02-04T21:54:47 DUE TO TIME LIMIT ***
