/var/spool/slurmd/spool/job4050280/slurm_script: line 19: python: command not found
INFO:    gocryptfs not found, will not be able to use gocryptfs
2026-02-04 16:54:22,489 - INFO - Logging initialized. Log file: runs/run_289/training.log
2026-02-04 16:54:22,491 - INFO - Experiment directory: runs/run_289
2026-02-04 16:54:22,493 - INFO - Setting random seeds for reproducibility (seed: 42)...
2026-02-04 16:54:22,541 - INFO - ✅ All seeds set to 42 (deterministic=False)
2026-02-04 16:54:22,915 - INFO - GPU memory cleared at startup. Available: 79.3GB
2026-02-04 16:54:22,917 - INFO - Using device: cuda
2026-02-04 16:54:22,918 - INFO - Training configuration: epochs=300, warmup=30, lr=0.0002
2026-02-04 16:54:22,919 - INFO - SWIN_HYBRID configuration: {'type': 'swin_hybrid', 'variant': 'tiny', 'patch_size': 4, 'embed_dim': 96, 'depths': [2, 2, 6, 2], 'num_heads': [3, 6, 12, 24], 'window_size': 7, 'mlp_ratio': 4.0, 'dropout': 0.0, 'attention_dropout': 0.0, 'projection_dropout': 0.0, 'drop_path_rate': 0.08, 'use_shifted_window': True, 'use_relative_bias': False, 'use_absolute_pos_embed': False, 'use_hierarchical_merge': False, 'use_gradient_checkpointing': False, 'use_cnn_stem': True, 'cnn_stem_config': {'channels': [32, 64], 'kernel_size': 3, 'stride': 2, 'padding': 1, 'activation': 'gelu', 'use_batch_norm': True}}
2026-02-04 16:54:22,920 - INFO - Loading dataset...
2026-02-04 16:54:22,921 - INFO - Starting ImageNet data loading from root: /
2026-02-04 16:54:22,922 - INFO - Resolved root path: /
2026-02-04 16:54:22,923 - INFO - Root path exists: True
2026-02-04 16:54:22,924 - INFO - Root path is dir: True
2026-02-04 16:54:22,929 - INFO - Contents of /: ['/.exec', '/.run', '/.shell', '/.singularity.d', '/.test', '/bin', '/boot', '/dev', '/environment', '/etc', '/home', '/lib', '/lib64', '/media', '/mnt', '/opt', '/proc', '/requirements.txt', '/root', '/run', '/sbin', '/singularity', '/srv', '/sys', '/tmp', '/usr', '/var', '/meta', '/train_set', '/train_set_small', '/val_set', '/val_set_unlabeled']
2026-02-04 16:54:22,930 - INFO - Expected train_dir: /train_set, exists: True
2026-02-04 16:54:22,931 - INFO - Expected val_dir: /val_set, exists: True
2026-02-04 16:54:39,591 - INFO - Loaded ImageNet data from /: train=1281167, val=50000
2026-02-04 16:54:40,622 - INFO - Dataset limits applied (stratified sampling enabled)
2026-02-04 16:54:40,624 - INFO - Dataset loaded: train=100000 samples (782 batches), val=50000 samples (391 batches), test=50000 samples (391 batches)
2026-02-04 16:54:42,737 - INFO - Training SWIN_HYBRID from scratch
2026-02-04 16:54:42,739 - INFO - Initializing SWIN_HYBRID model from scratch...
2026-02-04 16:54:42,740 - INFO - Model architecture: SWIN_HYBRID
2026-02-04 16:54:42,742 - INFO - Model config: {'type': 'swin_hybrid', 'variant': 'tiny', 'patch_size': 4, 'embed_dim': 96, 'depths': [2, 2, 6, 2], 'num_heads': [3, 6, 12, 24], 'window_size': 7, 'mlp_ratio': 4.0, 'dropout': 0.0, 'attention_dropout': 0.0, 'projection_dropout': 0.0, 'drop_path_rate': 0.08, 'use_shifted_window': True, 'use_relative_bias': False, 'use_absolute_pos_embed': False, 'use_hierarchical_merge': False, 'use_gradient_checkpointing': False, 'use_cnn_stem': True, 'cnn_stem_config': {'channels': [32, 64], 'kernel_size': 3, 'stride': 2, 'padding': 1, 'activation': 'gelu', 'use_batch_norm': True}}
2026-02-04 16:54:43,217 - INFO - Model created with random initialization
2026-02-04 16:54:43,218 - INFO - Total parameters: 28,363,522
2026-02-04 16:54:43,220 - INFO - Trainable parameters: 28,363,522
2026-02-04 16:54:43,272 - INFO - Compiling model with torch.compile()
2026-02-04 16:54:45,158 - INFO - Mixed precision enabled → CUDA bf16 selected (hardware supported)
2026-02-04 16:54:45,159 - INFO - Starting from-scratch training...
2026-02-04 16:54:45,161 - INFO - Optimizer: training all model parameters
2026-02-04 16:54:45,163 - INFO - LR Scheduler: cosine with 30 warmup epochs
2026-02-04 16:54:45,164 - INFO - Starting training...
2026-02-04 16:54:47,776 - INFO - Processing first batch (shape: torch.Size([128, 3, 224, 224]))
2026-02-04 16:54:47,780 - INFO - Running first forward pass (torch.compile may take time)...
/usr/local/lib/python3.12/site-packages/torch/backends/cuda/__init__.py:131: UserWarning: Please use the new API settings to control TF32 behavior, such as torch.backends.cudnn.conv.fp32_precision = 'tf32' or torch.backends.cuda.matmul.fp32_precision = 'ieee'. Old settings, e.g, torch.backends.cuda.matmul.allow_tf32 = True, torch.backends.cudnn.allow_tf32 = True, allowTF32CuDNN() and allowTF32CuBLAS() will be deprecated after Pytorch 2.9. Please see https://pytorch.org/docs/main/notes/cuda.html#tensorfloat-32-tf32-on-ampere-and-later-devices (Triggered internally at /pytorch/aten/src/ATen/Context.cpp:80.)
  return torch._C._get_cublas_allow_tf32()
2026-02-04 16:55:50,551 - INFO - First forward pass complete (output shape: torch.Size([128, 1000]))
2026-02-04 16:56:43,256 - INFO - First batch complete! Loss: 7.0125
2026-02-04 17:21:50,661 - INFO - Epoch 1/300: LR: 0.000009
2026-02-04 17:21:50,663 - INFO - Epoch 1/300: Train Loss: 6.9059, Val Loss: 6.8079, Val Acc: 0.45%
2026-02-04 17:21:52,379 - INFO - Processing first batch (shape: torch.Size([128, 3, 224, 224]))
2026-02-04 17:21:52,384 - INFO - Running first forward pass (torch.compile may take time)...
2026-02-04 17:21:52,426 - INFO - First forward pass complete (output shape: torch.Size([128, 1000]))
2026-02-04 17:21:52,454 - INFO - First batch complete! Loss: 6.8667
2026-02-04 17:40:20,485 - INFO - Epoch 2/300: LR: 0.000015
2026-02-04 17:40:20,515 - INFO - Epoch 2/300: Train Loss: 6.7452, Val Loss: 6.5761, Val Acc: 1.08%
2026-02-04 17:40:22,254 - INFO - Processing first batch (shape: torch.Size([128, 3, 224, 224]))
2026-02-04 17:40:22,258 - INFO - Running first forward pass (torch.compile may take time)...
2026-02-04 17:40:22,303 - INFO - First forward pass complete (output shape: torch.Size([128, 1000]))
2026-02-04 17:40:22,346 - INFO - First batch complete! Loss: 6.6514
2026-02-04 17:59:51,955 - INFO - Epoch 3/300: LR: 0.000022
2026-02-04 17:59:51,984 - INFO - Epoch 3/300: Train Loss: 6.5871, Val Loss: 6.3939, Val Acc: 1.49%
2026-02-04 17:59:53,611 - INFO - Processing first batch (shape: torch.Size([128, 3, 224, 224]))
2026-02-04 17:59:53,615 - INFO - Running first forward pass (torch.compile may take time)...
2026-02-04 17:59:53,652 - INFO - First forward pass complete (output shape: torch.Size([128, 1000]))
2026-02-04 17:59:53,677 - INFO - First batch complete! Loss: 6.4993
2026-02-04 18:17:34,509 - INFO - Epoch 4/300: LR: 0.000028
2026-02-04 18:17:34,539 - INFO - Epoch 4/300: Train Loss: 6.4252, Val Loss: 6.1939, Val Acc: 2.17%
2026-02-04 18:17:36,209 - INFO - Processing first batch (shape: torch.Size([128, 3, 224, 224]))
2026-02-04 18:17:36,213 - INFO - Running first forward pass (torch.compile may take time)...
2026-02-04 18:17:36,266 - INFO - First forward pass complete (output shape: torch.Size([128, 1000]))
2026-02-04 18:17:36,306 - INFO - First batch complete! Loss: 6.3728
2026-02-04 18:35:19,001 - INFO - Epoch 5/300: LR: 0.000035
2026-02-04 18:42:37,799 - INFO - Epoch 5/300: Train Loss: 6.2689, Val Loss: 6.0111, Val Acc: 2.85%, Test Loss: 6.0111, Test Acc: 2.85%
2026-02-04 18:42:39,480 - INFO - Processing first batch (shape: torch.Size([128, 3, 224, 224]))
2026-02-04 18:42:39,484 - INFO - Running first forward pass (torch.compile may take time)...
2026-02-04 18:42:39,546 - INFO - First forward pass complete (output shape: torch.Size([128, 1000]))
2026-02-04 18:42:39,599 - INFO - First batch complete! Loss: 6.2783
2026-02-04 19:00:58,030 - INFO - Epoch 6/300: LR: 0.000042
2026-02-04 19:00:58,055 - INFO - Epoch 6/300: Train Loss: 6.1338, Val Loss: 5.8376, Val Acc: 3.77%
2026-02-04 19:00:59,645 - INFO - Processing first batch (shape: torch.Size([128, 3, 224, 224]))
2026-02-04 19:00:59,655 - INFO - Running first forward pass (torch.compile may take time)...
2026-02-04 19:00:59,738 - INFO - First forward pass complete (output shape: torch.Size([128, 1000]))
2026-02-04 19:00:59,775 - INFO - First batch complete! Loss: 6.1946
2026-02-04 19:18:57,853 - INFO - Epoch 7/300: LR: 0.000048
2026-02-04 19:18:57,882 - INFO - Epoch 7/300: Train Loss: 5.9990, Val Loss: 5.6861, Val Acc: 4.46%
2026-02-04 19:18:59,529 - INFO - Processing first batch (shape: torch.Size([128, 3, 224, 224]))
2026-02-04 19:18:59,533 - INFO - Running first forward pass (torch.compile may take time)...
2026-02-04 19:18:59,590 - INFO - First forward pass complete (output shape: torch.Size([128, 1000]))
2026-02-04 19:18:59,626 - INFO - First batch complete! Loss: 5.9418
2026-02-04 19:37:11,611 - INFO - Epoch 8/300: LR: 0.000055
2026-02-04 19:37:11,648 - INFO - Epoch 8/300: Train Loss: 5.8807, Val Loss: 5.5115, Val Acc: 5.67%
2026-02-04 19:37:13,278 - INFO - Processing first batch (shape: torch.Size([128, 3, 224, 224]))
2026-02-04 19:37:13,282 - INFO - Running first forward pass (torch.compile may take time)...
2026-02-04 19:37:13,319 - INFO - First forward pass complete (output shape: torch.Size([128, 1000]))
2026-02-04 19:37:13,350 - INFO - First batch complete! Loss: 5.8611
2026-02-04 19:57:19,020 - INFO - Epoch 9/300: LR: 0.000061
2026-02-04 19:57:19,072 - INFO - Epoch 9/300: Train Loss: 5.7565, Val Loss: 5.3962, Val Acc: 6.31%
2026-02-04 19:57:20,975 - INFO - Processing first batch (shape: torch.Size([128, 3, 224, 224]))
2026-02-04 19:57:20,979 - INFO - Running first forward pass (torch.compile may take time)...
2026-02-04 19:57:21,013 - INFO - First forward pass complete (output shape: torch.Size([128, 1000]))
2026-02-04 19:57:21,036 - INFO - First batch complete! Loss: 5.4269
2026-02-04 20:18:39,643 - INFO - Epoch 10/300: LR: 0.000068
2026-02-04 20:26:01,652 - INFO - Epoch 10/300: Train Loss: 5.6486, Val Loss: 5.2665, Val Acc: 7.31%, Test Loss: 5.2665, Test Acc: 7.31%
2026-02-04 20:26:01,685 - INFO - Saving checkpoint for epoch 10...
2026-02-04 20:26:02,351 - INFO - ✅ Checkpoint saved: runs/run_289/checkpoint_epoch_10.pth
2026-02-04 20:26:04,346 - INFO - Processing first batch (shape: torch.Size([128, 3, 224, 224]))
2026-02-04 20:26:04,348 - INFO - Running first forward pass (torch.compile may take time)...
2026-02-04 20:26:04,410 - INFO - First forward pass complete (output shape: torch.Size([128, 1000]))
2026-02-04 20:26:04,441 - INFO - First batch complete! Loss: 5.4274
2026-02-04 20:45:47,945 - INFO - Epoch 11/300: LR: 0.000075
2026-02-04 20:45:47,983 - INFO - Epoch 11/300: Train Loss: 5.5371, Val Loss: 5.1692, Val Acc: 8.03%
2026-02-04 20:45:49,616 - INFO - Processing first batch (shape: torch.Size([128, 3, 224, 224]))
2026-02-04 20:45:49,621 - INFO - Running first forward pass (torch.compile may take time)...
2026-02-04 20:45:49,665 - INFO - First forward pass complete (output shape: torch.Size([128, 1000]))
2026-02-04 20:45:49,698 - INFO - First batch complete! Loss: 5.6056
2026-02-04 21:04:12,029 - INFO - Epoch 12/300: LR: 0.000081
2026-02-04 21:04:12,057 - INFO - Epoch 12/300: Train Loss: 5.4315, Val Loss: 5.0778, Val Acc: 8.31%
2026-02-04 21:04:13,636 - INFO - Processing first batch (shape: torch.Size([128, 3, 224, 224]))
2026-02-04 21:04:13,640 - INFO - Running first forward pass (torch.compile may take time)...
2026-02-04 21:04:13,710 - INFO - First forward pass complete (output shape: torch.Size([128, 1000]))
2026-02-04 21:04:13,759 - INFO - First batch complete! Loss: 5.4297
2026-02-04 21:22:11,938 - INFO - Epoch 13/300: LR: 0.000088
2026-02-04 21:22:11,984 - INFO - Epoch 13/300: Train Loss: 5.3339, Val Loss: 4.9050, Val Acc: 9.91%
2026-02-04 21:22:13,684 - INFO - Processing first batch (shape: torch.Size([128, 3, 224, 224]))
2026-02-04 21:22:13,688 - INFO - Running first forward pass (torch.compile may take time)...
2026-02-04 21:22:13,738 - INFO - First forward pass complete (output shape: torch.Size([128, 1000]))
2026-02-04 21:22:13,770 - INFO - First batch complete! Loss: 4.9492
2026-02-04 21:40:09,459 - INFO - Epoch 14/300: LR: 0.000094
2026-02-04 21:40:09,487 - INFO - Epoch 14/300: Train Loss: 5.2172, Val Loss: 4.7930, Val Acc: 11.20%
2026-02-04 21:40:11,023 - INFO - Processing first batch (shape: torch.Size([128, 3, 224, 224]))
2026-02-04 21:40:11,027 - INFO - Running first forward pass (torch.compile may take time)...
2026-02-04 21:40:11,104 - INFO - First forward pass complete (output shape: torch.Size([128, 1000]))
2026-02-04 21:40:11,145 - INFO - First batch complete! Loss: 5.0672
2026-02-04 21:57:53,001 - INFO - Epoch 15/300: LR: 0.000101
2026-02-04 22:04:59,466 - INFO - Epoch 15/300: Train Loss: 5.1082, Val Loss: 4.6984, Val Acc: 11.88%, Test Loss: 4.6984, Test Acc: 11.88%
2026-02-04 22:05:01,191 - INFO - Processing first batch (shape: torch.Size([128, 3, 224, 224]))
2026-02-04 22:05:01,193 - INFO - Running first forward pass (torch.compile may take time)...
2026-02-04 22:05:01,228 - INFO - First forward pass complete (output shape: torch.Size([128, 1000]))
2026-02-04 22:05:01,253 - INFO - First batch complete! Loss: 5.3502
2026-02-04 22:22:44,264 - INFO - Epoch 16/300: LR: 0.000108
2026-02-04 22:22:44,265 - INFO - Epoch 16/300: Train Loss: 5.0113, Val Loss: 4.6380, Val Acc: 12.97%
2026-02-04 22:22:45,920 - INFO - Processing first batch (shape: torch.Size([128, 3, 224, 224]))
2026-02-04 22:22:45,924 - INFO - Running first forward pass (torch.compile may take time)...
2026-02-04 22:22:45,980 - INFO - First forward pass complete (output shape: torch.Size([128, 1000]))
2026-02-04 22:22:46,005 - INFO - First batch complete! Loss: 4.9756
2026-02-04 22:40:50,017 - INFO - Epoch 17/300: LR: 0.000114
2026-02-04 22:40:50,018 - INFO - Epoch 17/300: Train Loss: 4.9008, Val Loss: 4.5655, Val Acc: 13.55%
2026-02-04 22:40:51,553 - INFO - Processing first batch (shape: torch.Size([128, 3, 224, 224]))
2026-02-04 22:40:51,557 - INFO - Running first forward pass (torch.compile may take time)...
2026-02-04 22:40:51,638 - INFO - First forward pass complete (output shape: torch.Size([128, 1000]))
2026-02-04 22:40:51,668 - INFO - First batch complete! Loss: 4.6768
2026-02-04 22:58:44,947 - INFO - Epoch 18/300: LR: 0.000121
2026-02-04 22:58:44,975 - INFO - Epoch 18/300: Train Loss: 4.8067, Val Loss: 4.4577, Val Acc: 14.89%
2026-02-04 22:58:46,598 - INFO - Processing first batch (shape: torch.Size([128, 3, 224, 224]))
2026-02-04 22:58:46,602 - INFO - Running first forward pass (torch.compile may take time)...
2026-02-04 22:58:46,653 - INFO - First forward pass complete (output shape: torch.Size([128, 1000]))
2026-02-04 22:58:46,680 - INFO - First batch complete! Loss: 4.6676
2026-02-04 23:17:27,522 - INFO - Epoch 19/300: LR: 0.000127
2026-02-04 23:17:27,550 - INFO - Epoch 19/300: Train Loss: 4.7135, Val Loss: 4.3170, Val Acc: 16.30%
2026-02-04 23:17:29,177 - INFO - Processing first batch (shape: torch.Size([128, 3, 224, 224]))
2026-02-04 23:17:29,182 - INFO - Running first forward pass (torch.compile may take time)...
2026-02-04 23:17:29,218 - INFO - First forward pass complete (output shape: torch.Size([128, 1000]))
2026-02-04 23:17:29,244 - INFO - First batch complete! Loss: 4.4206
2026-02-04 23:35:31,208 - INFO - Epoch 20/300: LR: 0.000134
2026-02-04 23:42:42,121 - INFO - Epoch 20/300: Train Loss: 4.6086, Val Loss: 4.2816, Val Acc: 16.83%, Test Loss: 4.2816, Test Acc: 16.83%
2026-02-04 23:42:42,122 - INFO - Saving checkpoint for epoch 20...
2026-02-04 23:42:43,163 - INFO - ✅ Checkpoint saved: runs/run_289/checkpoint_epoch_20.pth
2026-02-04 23:42:44,840 - INFO - Processing first batch (shape: torch.Size([128, 3, 224, 224]))
2026-02-04 23:42:44,842 - INFO - Running first forward pass (torch.compile may take time)...
2026-02-04 23:42:44,876 - INFO - First forward pass complete (output shape: torch.Size([128, 1000]))
2026-02-04 23:42:44,908 - INFO - First batch complete! Loss: 4.6025
2026-02-05 00:00:44,084 - INFO - Epoch 21/300: LR: 0.000141
2026-02-05 00:00:44,111 - INFO - Epoch 21/300: Train Loss: 4.5037, Val Loss: 4.1980, Val Acc: 17.61%
2026-02-05 00:00:46,015 - INFO - Processing first batch (shape: torch.Size([128, 3, 224, 224]))
2026-02-05 00:00:46,019 - INFO - Running first forward pass (torch.compile may take time)...
2026-02-05 00:00:46,085 - INFO - First forward pass complete (output shape: torch.Size([128, 1000]))
2026-02-05 00:00:46,111 - INFO - First batch complete! Loss: 4.4657
2026-02-05 00:19:24,397 - INFO - Epoch 22/300: LR: 0.000147
2026-02-05 00:19:24,399 - INFO - Epoch 22/300: Train Loss: 4.4248, Val Loss: 4.1523, Val Acc: 18.47%
2026-02-05 00:19:26,000 - INFO - Processing first batch (shape: torch.Size([128, 3, 224, 224]))
2026-02-05 00:19:26,005 - INFO - Running first forward pass (torch.compile may take time)...
2026-02-05 00:19:26,078 - INFO - First forward pass complete (output shape: torch.Size([128, 1000]))
2026-02-05 00:19:26,125 - INFO - First batch complete! Loss: 4.1906
2026-02-05 00:37:30,521 - INFO - Epoch 23/300: LR: 0.000154
2026-02-05 00:37:30,547 - INFO - Epoch 23/300: Train Loss: 4.3241, Val Loss: 4.0581, Val Acc: 19.73%
2026-02-05 00:37:32,181 - INFO - Processing first batch (shape: torch.Size([128, 3, 224, 224]))
2026-02-05 00:37:32,185 - INFO - Running first forward pass (torch.compile may take time)...
2026-02-05 00:37:32,260 - INFO - First forward pass complete (output shape: torch.Size([128, 1000]))
2026-02-05 00:37:32,302 - INFO - First batch complete! Loss: 4.3061
2026-02-05 00:55:37,727 - INFO - Epoch 24/300: LR: 0.000160
2026-02-05 00:55:37,728 - INFO - Epoch 24/300: Train Loss: 4.2442, Val Loss: 3.9820, Val Acc: 20.73%
2026-02-05 00:55:39,539 - INFO - Processing first batch (shape: torch.Size([128, 3, 224, 224]))
2026-02-05 00:55:39,543 - INFO - Running first forward pass (torch.compile may take time)...
2026-02-05 00:55:39,619 - INFO - First forward pass complete (output shape: torch.Size([128, 1000]))
2026-02-05 00:55:39,651 - INFO - First batch complete! Loss: 4.0428
2026-02-05 01:13:31,097 - INFO - Epoch 25/300: LR: 0.000167
2026-02-05 01:20:37,809 - INFO - Epoch 25/300: Train Loss: 4.1583, Val Loss: 3.9686, Val Acc: 20.65%, Test Loss: 3.9686, Test Acc: 20.65%
2026-02-05 01:20:39,411 - INFO - Processing first batch (shape: torch.Size([128, 3, 224, 224]))
2026-02-05 01:20:39,414 - INFO - Running first forward pass (torch.compile may take time)...
2026-02-05 01:20:39,473 - INFO - First forward pass complete (output shape: torch.Size([128, 1000]))
2026-02-05 01:20:39,502 - INFO - First batch complete! Loss: 3.7308
2026-02-05 01:38:13,702 - INFO - Epoch 26/300: LR: 0.000174
2026-02-05 01:38:13,703 - INFO - Epoch 26/300: Train Loss: 4.0837, Val Loss: 3.8739, Val Acc: 21.95%
2026-02-05 01:38:15,256 - INFO - Processing first batch (shape: torch.Size([128, 3, 224, 224]))
2026-02-05 01:38:15,260 - INFO - Running first forward pass (torch.compile may take time)...
2026-02-05 01:38:15,299 - INFO - First forward pass complete (output shape: torch.Size([128, 1000]))
2026-02-05 01:38:15,333 - INFO - First batch complete! Loss: 3.9306
2026-02-05 01:55:50,663 - INFO - Epoch 27/300: LR: 0.000180
2026-02-05 01:55:50,664 - INFO - Epoch 27/300: Train Loss: 3.9968, Val Loss: 3.8435, Val Acc: 22.64%
2026-02-05 01:55:52,205 - INFO - Processing first batch (shape: torch.Size([128, 3, 224, 224]))
2026-02-05 01:55:52,210 - INFO - Running first forward pass (torch.compile may take time)...
2026-02-05 01:55:52,369 - INFO - First forward pass complete (output shape: torch.Size([128, 1000]))
2026-02-05 01:55:52,404 - INFO - First batch complete! Loss: 3.9248
2026-02-05 02:13:23,528 - INFO - Epoch 28/300: LR: 0.000187
2026-02-05 02:13:23,529 - INFO - Epoch 28/300: Train Loss: 3.9127, Val Loss: 3.8551, Val Acc: 22.36%
2026-02-05 02:13:25,090 - INFO - Processing first batch (shape: torch.Size([128, 3, 224, 224]))
2026-02-05 02:13:25,110 - INFO - Running first forward pass (torch.compile may take time)...
2026-02-05 02:13:25,237 - INFO - First forward pass complete (output shape: torch.Size([128, 1000]))
2026-02-05 02:13:25,305 - INFO - First batch complete! Loss: 3.6914
2026-02-05 02:30:57,800 - INFO - Epoch 29/300: LR: 0.000193
2026-02-05 02:30:57,821 - INFO - Epoch 29/300: Train Loss: 3.8363, Val Loss: 3.8018, Val Acc: 23.13%
2026-02-05 02:30:59,433 - INFO - Processing first batch (shape: torch.Size([128, 3, 224, 224]))
2026-02-05 02:30:59,438 - INFO - Running first forward pass (torch.compile may take time)...
2026-02-05 02:30:59,527 - INFO - First forward pass complete (output shape: torch.Size([128, 1000]))
2026-02-05 02:30:59,553 - INFO - First batch complete! Loss: 3.8381
2026-02-05 02:48:31,539 - INFO - Epoch 30/300: LR: 0.000200
2026-02-05 02:55:36,548 - INFO - Epoch 30/300: Train Loss: 3.7540, Val Loss: 3.7521, Val Acc: 23.80%, Test Loss: 3.7521, Test Acc: 23.80%
2026-02-05 02:55:36,550 - INFO - Saving checkpoint for epoch 30...
2026-02-05 02:55:37,594 - INFO - ✅ Checkpoint saved: runs/run_289/checkpoint_epoch_30.pth
2026-02-05 02:55:39,155 - INFO - Processing first batch (shape: torch.Size([128, 3, 224, 224]))
2026-02-05 02:55:39,157 - INFO - Running first forward pass (torch.compile may take time)...
2026-02-05 02:55:39,221 - INFO - First forward pass complete (output shape: torch.Size([128, 1000]))
2026-02-05 02:55:39,245 - INFO - First batch complete! Loss: 3.3870
2026-02-05 03:13:13,435 - INFO - Epoch 31/300: LR: 0.000200
2026-02-05 03:13:13,436 - INFO - Epoch 31/300: Train Loss: 3.6903, Val Loss: 3.7035, Val Acc: 24.84%
2026-02-05 03:13:15,045 - INFO - Processing first batch (shape: torch.Size([128, 3, 224, 224]))
2026-02-05 03:13:15,075 - INFO - Running first forward pass (torch.compile may take time)...
2026-02-05 03:13:15,171 - INFO - First forward pass complete (output shape: torch.Size([128, 1000]))
2026-02-05 03:13:15,252 - INFO - First batch complete! Loss: 3.5880
2026-02-05 03:30:50,190 - INFO - Epoch 32/300: LR: 0.000200
2026-02-05 03:30:50,191 - INFO - Epoch 32/300: Train Loss: 3.5918, Val Loss: 3.6747, Val Acc: 25.08%
2026-02-05 03:30:51,763 - INFO - Processing first batch (shape: torch.Size([128, 3, 224, 224]))
2026-02-05 03:30:51,767 - INFO - Running first forward pass (torch.compile may take time)...
2026-02-05 03:30:51,922 - INFO - First forward pass complete (output shape: torch.Size([128, 1000]))
2026-02-05 03:30:51,947 - INFO - First batch complete! Loss: 3.2885
2026-02-05 03:48:27,213 - INFO - Epoch 33/300: LR: 0.000200
2026-02-05 03:48:27,215 - INFO - Epoch 33/300: Train Loss: 3.5077, Val Loss: 3.6408, Val Acc: 25.89%
2026-02-05 03:48:28,780 - INFO - Processing first batch (shape: torch.Size([128, 3, 224, 224]))
2026-02-05 03:48:28,816 - INFO - Running first forward pass (torch.compile may take time)...
2026-02-05 03:48:28,905 - INFO - First forward pass complete (output shape: torch.Size([128, 1000]))
2026-02-05 03:48:28,992 - INFO - First batch complete! Loss: 3.2413
2026-02-05 04:06:09,515 - INFO - Epoch 34/300: LR: 0.000200
2026-02-05 04:06:09,516 - INFO - Epoch 34/300: Train Loss: 3.4058, Val Loss: 3.5936, Val Acc: 26.75%
2026-02-05 04:06:11,084 - INFO - Processing first batch (shape: torch.Size([128, 3, 224, 224]))
2026-02-05 04:06:11,088 - INFO - Running first forward pass (torch.compile may take time)...
2026-02-05 04:06:11,222 - INFO - First forward pass complete (output shape: torch.Size([128, 1000]))
2026-02-05 04:06:11,247 - INFO - First batch complete! Loss: 3.1006
2026-02-05 04:23:42,040 - INFO - Epoch 35/300: LR: 0.000200
2026-02-05 04:30:43,891 - INFO - Epoch 35/300: Train Loss: 3.3228, Val Loss: 3.6284, Val Acc: 26.59%, Test Loss: 3.6284, Test Acc: 26.59%
2026-02-05 04:30:45,476 - INFO - Processing first batch (shape: torch.Size([128, 3, 224, 224]))
2026-02-05 04:30:45,479 - INFO - Running first forward pass (torch.compile may take time)...
2026-02-05 04:30:45,536 - INFO - First forward pass complete (output shape: torch.Size([128, 1000]))
2026-02-05 04:30:45,561 - INFO - First batch complete! Loss: 2.8644
2026-02-05 04:48:14,029 - INFO - Epoch 36/300: LR: 0.000200
2026-02-05 04:48:14,031 - INFO - Epoch 36/300: Train Loss: 3.2356, Val Loss: 3.5785, Val Acc: 27.50%
2026-02-05 04:48:15,596 - INFO - Processing first batch (shape: torch.Size([128, 3, 224, 224]))
2026-02-05 04:48:15,601 - INFO - Running first forward pass (torch.compile may take time)...
2026-02-05 04:48:15,685 - INFO - First forward pass complete (output shape: torch.Size([128, 1000]))
2026-02-05 04:48:15,726 - INFO - First batch complete! Loss: 2.8559
2026-02-05 05:05:46,787 - INFO - Epoch 37/300: LR: 0.000200
2026-02-05 05:05:46,789 - INFO - Epoch 37/300: Train Loss: 3.1422, Val Loss: 3.5783, Val Acc: 27.57%
2026-02-05 05:05:48,349 - INFO - Processing first batch (shape: torch.Size([128, 3, 224, 224]))
2026-02-05 05:05:48,353 - INFO - Running first forward pass (torch.compile may take time)...
2026-02-05 05:05:48,391 - INFO - First forward pass complete (output shape: torch.Size([128, 1000]))
2026-02-05 05:05:48,414 - INFO - First batch complete! Loss: 2.4901
2026-02-05 05:23:16,939 - INFO - Epoch 38/300: LR: 0.000200
2026-02-05 05:23:16,941 - INFO - Epoch 38/300: Train Loss: 3.0627, Val Loss: 3.5372, Val Acc: 28.15%
2026-02-05 05:23:18,727 - INFO - Processing first batch (shape: torch.Size([128, 3, 224, 224]))
2026-02-05 05:23:18,734 - INFO - Running first forward pass (torch.compile may take time)...
2026-02-05 05:23:18,795 - INFO - First forward pass complete (output shape: torch.Size([128, 1000]))
2026-02-05 05:23:18,822 - INFO - First batch complete! Loss: 3.0008
2026-02-05 05:40:52,734 - INFO - Epoch 39/300: LR: 0.000199
2026-02-05 05:40:52,735 - INFO - Epoch 39/300: Train Loss: 2.9828, Val Loss: 3.5281, Val Acc: 28.79%
2026-02-05 05:40:54,303 - INFO - Processing first batch (shape: torch.Size([128, 3, 224, 224]))
2026-02-05 05:40:54,307 - INFO - Running first forward pass (torch.compile may take time)...
2026-02-05 05:40:54,394 - INFO - First forward pass complete (output shape: torch.Size([128, 1000]))
2026-02-05 05:40:54,426 - INFO - First batch complete! Loss: 2.5822
2026-02-05 05:58:23,392 - INFO - Epoch 40/300: LR: 0.000199
2026-02-05 06:05:25,392 - INFO - Epoch 40/300: Train Loss: 2.8903, Val Loss: 3.5013, Val Acc: 29.40%, Test Loss: 3.5013, Test Acc: 29.40%
2026-02-05 06:05:25,394 - INFO - Saving checkpoint for epoch 40...
2026-02-05 06:05:26,363 - INFO - ✅ Checkpoint saved: runs/run_289/checkpoint_epoch_40.pth
2026-02-05 06:05:28,067 - INFO - Processing first batch (shape: torch.Size([128, 3, 224, 224]))
2026-02-05 06:05:28,070 - INFO - Running first forward pass (torch.compile may take time)...
2026-02-05 06:05:28,137 - INFO - First forward pass complete (output shape: torch.Size([128, 1000]))
2026-02-05 06:05:28,168 - INFO - First batch complete! Loss: 2.6788
2026-02-05 06:22:57,985 - INFO - Epoch 41/300: LR: 0.000199
2026-02-05 06:22:57,987 - INFO - Epoch 41/300: Train Loss: 2.8228, Val Loss: 3.5498, Val Acc: 29.14%
2026-02-05 06:22:59,567 - INFO - Processing first batch (shape: torch.Size([128, 3, 224, 224]))
2026-02-05 06:22:59,571 - INFO - Running first forward pass (torch.compile may take time)...
2026-02-05 06:22:59,644 - INFO - First forward pass complete (output shape: torch.Size([128, 1000]))
2026-02-05 06:22:59,679 - INFO - First batch complete! Loss: 2.8032
2026-02-05 06:40:31,003 - INFO - Epoch 42/300: LR: 0.000199
2026-02-05 06:40:31,031 - INFO - Epoch 42/300: Train Loss: 2.7392, Val Loss: 3.5335, Val Acc: 29.40%
2026-02-05 06:40:32,616 - INFO - Processing first batch (shape: torch.Size([128, 3, 224, 224]))
2026-02-05 06:40:32,621 - INFO - Running first forward pass (torch.compile may take time)...
2026-02-05 06:40:32,661 - INFO - First forward pass complete (output shape: torch.Size([128, 1000]))
2026-02-05 06:40:32,686 - INFO - First batch complete! Loss: 2.3743
2026-02-05 06:57:59,268 - INFO - Epoch 43/300: LR: 0.000199
2026-02-05 06:57:59,270 - INFO - Epoch 43/300: Train Loss: 2.6559, Val Loss: 3.5399, Val Acc: 29.45%
2026-02-05 06:58:00,895 - INFO - Processing first batch (shape: torch.Size([128, 3, 224, 224]))
2026-02-05 06:58:00,899 - INFO - Running first forward pass (torch.compile may take time)...
2026-02-05 06:58:00,958 - INFO - First forward pass complete (output shape: torch.Size([128, 1000]))
2026-02-05 06:58:01,013 - INFO - First batch complete! Loss: 2.2685
2026-02-05 07:15:33,229 - INFO - Epoch 44/300: LR: 0.000199
2026-02-05 07:15:33,230 - INFO - Epoch 44/300: Train Loss: 2.5864, Val Loss: 3.5518, Val Acc: 29.47%
2026-02-05 07:15:34,874 - INFO - Processing first batch (shape: torch.Size([128, 3, 224, 224]))
2026-02-05 07:15:34,879 - INFO - Running first forward pass (torch.compile may take time)...
2026-02-05 07:15:34,950 - INFO - First forward pass complete (output shape: torch.Size([128, 1000]))
2026-02-05 07:15:34,980 - INFO - First batch complete! Loss: 2.0834
2026-02-05 07:33:05,345 - INFO - Epoch 45/300: LR: 0.000199
2026-02-05 07:40:06,597 - INFO - Epoch 45/300: Train Loss: 2.5109, Val Loss: 3.5521, Val Acc: 29.72%, Test Loss: 3.5521, Test Acc: 29.72%
2026-02-05 07:40:08,094 - INFO - Processing first batch (shape: torch.Size([128, 3, 224, 224]))
2026-02-05 07:40:08,100 - INFO - Running first forward pass (torch.compile may take time)...
2026-02-05 07:40:08,154 - INFO - First forward pass complete (output shape: torch.Size([128, 1000]))
2026-02-05 07:40:08,204 - INFO - First batch complete! Loss: 1.9928
2026-02-05 07:57:36,340 - INFO - Epoch 46/300: LR: 0.000198
2026-02-05 07:57:36,342 - INFO - Epoch 46/300: Train Loss: 2.4355, Val Loss: 3.5981, Val Acc: 29.90%
2026-02-05 07:57:37,898 - INFO - Processing first batch (shape: torch.Size([128, 3, 224, 224]))
2026-02-05 07:57:37,902 - INFO - Running first forward pass (torch.compile may take time)...
2026-02-05 07:57:37,954 - INFO - First forward pass complete (output shape: torch.Size([128, 1000]))
2026-02-05 07:57:37,993 - INFO - First batch complete! Loss: 2.3664
2026-02-05 08:15:07,070 - INFO - Epoch 47/300: LR: 0.000198
2026-02-05 08:15:07,072 - INFO - Epoch 47/300: Train Loss: 2.3734, Val Loss: 3.5991, Val Acc: 29.87%
2026-02-05 08:15:08,689 - INFO - Processing first batch (shape: torch.Size([128, 3, 224, 224]))
2026-02-05 08:15:08,694 - INFO - Running first forward pass (torch.compile may take time)...
2026-02-05 08:15:08,735 - INFO - First forward pass complete (output shape: torch.Size([128, 1000]))
2026-02-05 08:15:08,771 - INFO - First batch complete! Loss: 2.0694
2026-02-05 08:32:34,019 - INFO - Epoch 48/300: LR: 0.000198
2026-02-05 08:32:34,021 - INFO - Epoch 48/300: Train Loss: 2.3037, Val Loss: 3.6063, Val Acc: 30.03%
2026-02-05 08:32:35,690 - INFO - Processing first batch (shape: torch.Size([128, 3, 224, 224]))
2026-02-05 08:32:35,694 - INFO - Running first forward pass (torch.compile may take time)...
2026-02-05 08:32:35,746 - INFO - First forward pass complete (output shape: torch.Size([128, 1000]))
2026-02-05 08:32:35,790 - INFO - First batch complete! Loss: 2.2494
2026-02-05 08:50:12,889 - INFO - Epoch 49/300: LR: 0.000198
2026-02-05 08:50:12,890 - INFO - Epoch 49/300: Train Loss: 2.2368, Val Loss: 3.6067, Val Acc: 30.25%
2026-02-05 08:50:14,534 - INFO - Processing first batch (shape: torch.Size([128, 3, 224, 224]))
2026-02-05 08:50:14,538 - INFO - Running first forward pass (torch.compile may take time)...
2026-02-05 08:50:14,596 - INFO - First forward pass complete (output shape: torch.Size([128, 1000]))
2026-02-05 08:50:14,633 - INFO - First batch complete! Loss: 2.1225
2026-02-05 09:07:55,434 - INFO - Epoch 50/300: LR: 0.000197
2026-02-05 09:15:04,532 - INFO - Epoch 50/300: Train Loss: 2.1826, Val Loss: 3.6768, Val Acc: 29.53%, Test Loss: 3.6768, Test Acc: 29.53%
2026-02-05 09:15:04,533 - INFO - Saving checkpoint for epoch 50...
2026-02-05 09:15:05,641 - INFO - ✅ Checkpoint saved: runs/run_289/checkpoint_epoch_50.pth
2026-02-05 09:15:07,347 - INFO - Processing first batch (shape: torch.Size([128, 3, 224, 224]))
2026-02-05 09:15:07,357 - INFO - Running first forward pass (torch.compile may take time)...
2026-02-05 09:15:07,429 - INFO - First forward pass complete (output shape: torch.Size([128, 1000]))
2026-02-05 09:15:07,454 - INFO - First batch complete! Loss: 2.0817
2026-02-05 09:33:14,194 - INFO - Epoch 51/300: LR: 0.000197
2026-02-05 09:33:14,196 - INFO - Epoch 51/300: Train Loss: 2.1307, Val Loss: 3.6830, Val Acc: 30.02%
2026-02-05 09:33:15,769 - INFO - Processing first batch (shape: torch.Size([128, 3, 224, 224]))
2026-02-05 09:33:15,774 - INFO - Running first forward pass (torch.compile may take time)...
2026-02-05 09:33:15,849 - INFO - First forward pass complete (output shape: torch.Size([128, 1000]))
2026-02-05 09:33:15,881 - INFO - First batch complete! Loss: 1.8265
2026-02-05 09:51:02,616 - INFO - Epoch 52/300: LR: 0.000197
2026-02-05 09:51:02,618 - INFO - Epoch 52/300: Train Loss: 2.0696, Val Loss: 3.6977, Val Acc: 30.01%
2026-02-05 09:51:04,232 - INFO - Processing first batch (shape: torch.Size([128, 3, 224, 224]))
2026-02-05 09:51:04,249 - INFO - Running first forward pass (torch.compile may take time)...
2026-02-05 09:51:04,326 - INFO - First forward pass complete (output shape: torch.Size([128, 1000]))
2026-02-05 09:51:04,351 - INFO - First batch complete! Loss: 2.0514
2026-02-05 10:09:01,292 - INFO - Epoch 53/300: LR: 0.000197
2026-02-05 10:09:01,325 - INFO - Epoch 53/300: Train Loss: 2.0212, Val Loss: 3.7167, Val Acc: 29.79%
2026-02-05 10:09:02,903 - INFO - Processing first batch (shape: torch.Size([128, 3, 224, 224]))
2026-02-05 10:09:02,907 - INFO - Running first forward pass (torch.compile may take time)...
2026-02-05 10:09:02,969 - INFO - First forward pass complete (output shape: torch.Size([128, 1000]))
2026-02-05 10:09:03,036 - INFO - First batch complete! Loss: 1.7241
2026-02-05 10:26:55,691 - INFO - Epoch 54/300: LR: 0.000196
2026-02-05 10:26:55,693 - INFO - Epoch 54/300: Train Loss: 1.9543, Val Loss: 3.7446, Val Acc: 30.12%
2026-02-05 10:26:57,319 - INFO - Processing first batch (shape: torch.Size([128, 3, 224, 224]))
2026-02-05 10:26:57,332 - INFO - Running first forward pass (torch.compile may take time)...
2026-02-05 10:26:57,404 - INFO - First forward pass complete (output shape: torch.Size([128, 1000]))
2026-02-05 10:26:57,446 - INFO - First batch complete! Loss: 1.5740
2026-02-05 10:45:26,516 - INFO - Epoch 55/300: LR: 0.000196
2026-02-05 10:52:40,632 - INFO - Epoch 55/300: Train Loss: 1.9100, Val Loss: 3.7336, Val Acc: 30.43%, Test Loss: 3.7336, Test Acc: 30.43%
2026-02-05 10:52:42,392 - INFO - Processing first batch (shape: torch.Size([128, 3, 224, 224]))
2026-02-05 10:52:42,394 - INFO - Running first forward pass (torch.compile may take time)...
2026-02-05 10:52:42,432 - INFO - First forward pass complete (output shape: torch.Size([128, 1000]))
2026-02-05 10:52:42,463 - INFO - First batch complete! Loss: 1.9595
2026-02-05 11:10:59,134 - INFO - Epoch 56/300: LR: 0.000196
2026-02-05 11:10:59,135 - INFO - Epoch 56/300: Train Loss: 1.8626, Val Loss: 3.7752, Val Acc: 30.01%
2026-02-05 11:11:00,704 - INFO - Processing first batch (shape: torch.Size([128, 3, 224, 224]))
2026-02-05 11:11:00,708 - INFO - Running first forward pass (torch.compile may take time)...
2026-02-05 11:11:00,775 - INFO - First forward pass complete (output shape: torch.Size([128, 1000]))
2026-02-05 11:11:00,800 - INFO - First batch complete! Loss: 1.6129
2026-02-05 11:28:55,155 - INFO - Epoch 57/300: LR: 0.000195
2026-02-05 11:28:55,156 - INFO - Epoch 57/300: Train Loss: 1.8189, Val Loss: 3.7628, Val Acc: 30.45%
2026-02-05 11:28:56,752 - INFO - Processing first batch (shape: torch.Size([128, 3, 224, 224]))
2026-02-05 11:28:56,756 - INFO - Running first forward pass (torch.compile may take time)...
2026-02-05 11:28:56,843 - INFO - First forward pass complete (output shape: torch.Size([128, 1000]))
2026-02-05 11:28:56,879 - INFO - First batch complete! Loss: 1.4909
2026-02-05 11:46:44,382 - INFO - Epoch 58/300: LR: 0.000195
2026-02-05 11:46:44,384 - INFO - Epoch 58/300: Train Loss: 1.7790, Val Loss: 3.7747, Val Acc: 30.66%
2026-02-05 11:46:45,928 - INFO - Processing first batch (shape: torch.Size([128, 3, 224, 224]))
2026-02-05 11:46:45,937 - INFO - Running first forward pass (torch.compile may take time)...
2026-02-05 11:46:46,028 - INFO - First forward pass complete (output shape: torch.Size([128, 1000]))
2026-02-05 11:46:46,057 - INFO - First batch complete! Loss: 1.8702
2026-02-05 12:04:41,327 - INFO - Epoch 59/300: LR: 0.000195
2026-02-05 12:04:41,328 - INFO - Epoch 59/300: Train Loss: 1.7352, Val Loss: 3.7884, Val Acc: 30.82%
2026-02-05 12:04:43,017 - INFO - Processing first batch (shape: torch.Size([128, 3, 224, 224]))
2026-02-05 12:04:43,021 - INFO - Running first forward pass (torch.compile may take time)...
2026-02-05 12:04:43,082 - INFO - First forward pass complete (output shape: torch.Size([128, 1000]))
2026-02-05 12:04:43,117 - INFO - First batch complete! Loss: 1.6275
2026-02-05 12:22:41,327 - INFO - Epoch 60/300: LR: 0.000194
2026-02-05 12:29:57,212 - INFO - Epoch 60/300: Train Loss: 1.6915, Val Loss: 3.8393, Val Acc: 30.35%, Test Loss: 3.8393, Test Acc: 30.35%
2026-02-05 12:29:57,214 - INFO - Saving checkpoint for epoch 60...
2026-02-05 12:29:58,285 - INFO - ✅ Checkpoint saved: runs/run_289/checkpoint_epoch_60.pth
2026-02-05 12:29:59,907 - INFO - Processing first batch (shape: torch.Size([128, 3, 224, 224]))
2026-02-05 12:29:59,909 - INFO - Running first forward pass (torch.compile may take time)...
2026-02-05 12:29:59,968 - INFO - First forward pass complete (output shape: torch.Size([128, 1000]))
2026-02-05 12:30:00,014 - INFO - First batch complete! Loss: 1.7045
2026-02-05 12:47:55,552 - INFO - Epoch 61/300: LR: 0.000194
2026-02-05 12:47:55,554 - INFO - Epoch 61/300: Train Loss: 1.6573, Val Loss: 3.8696, Val Acc: 30.28%
2026-02-05 12:47:57,152 - INFO - Processing first batch (shape: torch.Size([128, 3, 224, 224]))
2026-02-05 12:47:57,159 - INFO - Running first forward pass (torch.compile may take time)...
2026-02-05 12:47:57,248 - INFO - First forward pass complete (output shape: torch.Size([128, 1000]))
2026-02-05 12:47:57,275 - INFO - First batch complete! Loss: 1.6666
2026-02-05 13:05:51,833 - INFO - Epoch 62/300: LR: 0.000193
2026-02-05 13:05:51,835 - INFO - Epoch 62/300: Train Loss: 1.6326, Val Loss: 3.8813, Val Acc: 30.30%
2026-02-05 13:05:53,489 - INFO - Processing first batch (shape: torch.Size([128, 3, 224, 224]))
2026-02-05 13:05:53,493 - INFO - Running first forward pass (torch.compile may take time)...
2026-02-05 13:05:53,572 - INFO - First forward pass complete (output shape: torch.Size([128, 1000]))
2026-02-05 13:05:53,610 - INFO - First batch complete! Loss: 1.5916
2026-02-05 13:23:49,945 - INFO - Epoch 63/300: LR: 0.000193
2026-02-05 13:23:49,947 - INFO - Epoch 63/300: Train Loss: 1.6128, Val Loss: 3.9169, Val Acc: 30.15%
2026-02-05 13:23:51,515 - INFO - Processing first batch (shape: torch.Size([128, 3, 224, 224]))
2026-02-05 13:23:51,519 - INFO - Running first forward pass (torch.compile may take time)...
2026-02-05 13:23:51,582 - INFO - First forward pass complete (output shape: torch.Size([128, 1000]))
2026-02-05 13:23:51,619 - INFO - First batch complete! Loss: 1.2773
2026-02-05 13:41:40,273 - INFO - Epoch 64/300: LR: 0.000193
2026-02-05 13:41:40,274 - INFO - Epoch 64/300: Train Loss: 1.5682, Val Loss: 3.9088, Val Acc: 30.66%
2026-02-05 13:41:41,754 - INFO - Processing first batch (shape: torch.Size([128, 3, 224, 224]))
2026-02-05 13:41:41,761 - INFO - Running first forward pass (torch.compile may take time)...
2026-02-05 13:41:41,843 - INFO - First forward pass complete (output shape: torch.Size([128, 1000]))
2026-02-05 13:41:41,874 - INFO - First batch complete! Loss: 1.5727
2026-02-05 13:59:25,824 - INFO - Epoch 65/300: LR: 0.000192
2026-02-05 14:06:35,339 - INFO - Epoch 65/300: Train Loss: 1.5378, Val Loss: 3.9142, Val Acc: 30.47%, Test Loss: 3.9142, Test Acc: 30.47%
2026-02-05 14:06:37,039 - INFO - Processing first batch (shape: torch.Size([128, 3, 224, 224]))
2026-02-05 14:06:37,041 - INFO - Running first forward pass (torch.compile may take time)...
2026-02-05 14:06:37,087 - INFO - First forward pass complete (output shape: torch.Size([128, 1000]))
2026-02-05 14:06:37,112 - INFO - First batch complete! Loss: 1.2370
2026-02-05 14:24:24,027 - INFO - Epoch 66/300: LR: 0.000192
2026-02-05 14:24:24,028 - INFO - Epoch 66/300: Train Loss: 1.5122, Val Loss: 3.9387, Val Acc: 30.40%
2026-02-05 14:24:25,630 - INFO - Processing first batch (shape: torch.Size([128, 3, 224, 224]))
2026-02-05 14:24:25,634 - INFO - Running first forward pass (torch.compile may take time)...
2026-02-05 14:24:25,704 - INFO - First forward pass complete (output shape: torch.Size([128, 1000]))
2026-02-05 14:24:25,730 - INFO - First batch complete! Loss: 1.4267
2026-02-05 14:42:13,981 - INFO - Epoch 67/300: LR: 0.000191
2026-02-05 14:42:13,982 - INFO - Epoch 67/300: Train Loss: 1.4905, Val Loss: 3.9586, Val Acc: 30.63%
2026-02-05 14:42:15,603 - INFO - Processing first batch (shape: torch.Size([128, 3, 224, 224]))
2026-02-05 14:42:15,607 - INFO - Running first forward pass (torch.compile may take time)...
2026-02-05 14:42:15,667 - INFO - First forward pass complete (output shape: torch.Size([128, 1000]))
2026-02-05 14:42:15,700 - INFO - First batch complete! Loss: 1.3565
2026-02-05 15:00:04,457 - INFO - Epoch 68/300: LR: 0.000191
2026-02-05 15:00:04,459 - INFO - Epoch 68/300: Train Loss: 1.4591, Val Loss: 3.9776, Val Acc: 30.44%
2026-02-05 15:00:05,974 - INFO - Processing first batch (shape: torch.Size([128, 3, 224, 224]))
2026-02-05 15:00:05,978 - INFO - Running first forward pass (torch.compile may take time)...
2026-02-05 15:00:06,045 - INFO - First forward pass complete (output shape: torch.Size([128, 1000]))
2026-02-05 15:00:06,075 - INFO - First batch complete! Loss: 1.4224
2026-02-05 15:17:50,687 - INFO - Epoch 69/300: LR: 0.000190
2026-02-05 15:17:50,688 - INFO - Epoch 69/300: Train Loss: 1.4279, Val Loss: 3.9438, Val Acc: 31.17%
2026-02-05 15:17:52,248 - INFO - Processing first batch (shape: torch.Size([128, 3, 224, 224]))
2026-02-05 15:17:52,252 - INFO - Running first forward pass (torch.compile may take time)...
2026-02-05 15:17:52,301 - INFO - First forward pass complete (output shape: torch.Size([128, 1000]))
2026-02-05 15:17:52,327 - INFO - First batch complete! Loss: 1.3459
2026-02-05 15:36:28,128 - INFO - Epoch 70/300: LR: 0.000190
2026-02-05 15:43:38,636 - INFO - Epoch 70/300: Train Loss: 1.3965, Val Loss: 3.9717, Val Acc: 30.93%, Test Loss: 3.9717, Test Acc: 30.93%
2026-02-05 15:43:38,637 - INFO - Saving checkpoint for epoch 70...
2026-02-05 15:43:39,619 - INFO - ✅ Checkpoint saved: runs/run_289/checkpoint_epoch_70.pth
2026-02-05 15:43:41,184 - INFO - Processing first batch (shape: torch.Size([128, 3, 224, 224]))
2026-02-05 15:43:41,187 - INFO - Running first forward pass (torch.compile may take time)...
2026-02-05 15:43:41,268 - INFO - First forward pass complete (output shape: torch.Size([128, 1000]))
2026-02-05 15:43:41,293 - INFO - First batch complete! Loss: 1.4399
2026-02-05 16:01:26,212 - INFO - Epoch 71/300: LR: 0.000189
2026-02-05 16:01:26,243 - INFO - Epoch 71/300: Train Loss: 1.3760, Val Loss: 4.0109, Val Acc: 30.62%
2026-02-05 16:01:27,861 - INFO - Processing first batch (shape: torch.Size([128, 3, 224, 224]))
2026-02-05 16:01:27,865 - INFO - Running first forward pass (torch.compile may take time)...
2026-02-05 16:01:27,924 - INFO - First forward pass complete (output shape: torch.Size([128, 1000]))
2026-02-05 16:01:27,956 - INFO - First batch complete! Loss: 1.3648
2026-02-05 16:19:35,637 - INFO - Epoch 72/300: LR: 0.000189
2026-02-05 16:19:35,681 - INFO - Epoch 72/300: Train Loss: 1.3527, Val Loss: 4.0100, Val Acc: 30.70%
2026-02-05 16:19:37,338 - INFO - Processing first batch (shape: torch.Size([128, 3, 224, 224]))
2026-02-05 16:19:37,342 - INFO - Running first forward pass (torch.compile may take time)...
2026-02-05 16:19:37,421 - INFO - First forward pass complete (output shape: torch.Size([128, 1000]))
2026-02-05 16:19:37,468 - INFO - First batch complete! Loss: 1.0020
2026-02-05 16:37:46,552 - INFO - Epoch 73/300: LR: 0.000188
2026-02-05 16:37:46,582 - INFO - Epoch 73/300: Train Loss: 1.3385, Val Loss: 3.9982, Val Acc: 30.91%
2026-02-05 16:37:48,182 - INFO - Processing first batch (shape: torch.Size([128, 3, 224, 224]))
2026-02-05 16:37:48,185 - INFO - Running first forward pass (torch.compile may take time)...
2026-02-05 16:37:48,251 - INFO - First forward pass complete (output shape: torch.Size([128, 1000]))
2026-02-05 16:37:48,277 - INFO - First batch complete! Loss: 1.3596
2026-02-05 16:55:28,489 - INFO - Epoch 74/300: LR: 0.000188
2026-02-05 16:55:28,490 - INFO - Epoch 74/300: Train Loss: 1.3268, Val Loss: 4.0057, Val Acc: 31.15%
2026-02-05 16:55:30,214 - INFO - Processing first batch (shape: torch.Size([128, 3, 224, 224]))
2026-02-05 16:55:30,219 - INFO - Running first forward pass (torch.compile may take time)...
2026-02-05 16:55:30,262 - INFO - First forward pass complete (output shape: torch.Size([128, 1000]))
2026-02-05 16:55:30,301 - INFO - First batch complete! Loss: 1.3653
2026-02-05 17:13:31,243 - INFO - Epoch 75/300: LR: 0.000187
2026-02-05 17:20:40,770 - INFO - Epoch 75/300: Train Loss: 1.2912, Val Loss: 4.0209, Val Acc: 30.92%, Test Loss: 4.0209, Test Acc: 30.92%
2026-02-05 17:20:42,281 - INFO - Processing first batch (shape: torch.Size([128, 3, 224, 224]))
2026-02-05 17:20:42,292 - INFO - Running first forward pass (torch.compile may take time)...
2026-02-05 17:20:42,344 - INFO - First forward pass complete (output shape: torch.Size([128, 1000]))
2026-02-05 17:20:42,382 - INFO - First batch complete! Loss: 0.9909
2026-02-05 17:38:18,796 - INFO - Epoch 76/300: LR: 0.000187
2026-02-05 17:38:18,798 - INFO - Epoch 76/300: Train Loss: 1.2696, Val Loss: 4.0585, Val Acc: 30.74%
2026-02-05 17:38:20,282 - INFO - Processing first batch (shape: torch.Size([128, 3, 224, 224]))
2026-02-05 17:38:20,286 - INFO - Running first forward pass (torch.compile may take time)...
2026-02-05 17:38:20,353 - INFO - First forward pass complete (output shape: torch.Size([128, 1000]))
2026-02-05 17:38:20,410 - INFO - First batch complete! Loss: 1.1398
2026-02-05 17:56:04,222 - INFO - Epoch 77/300: LR: 0.000186
2026-02-05 17:56:04,223 - INFO - Epoch 77/300: Train Loss: 1.2642, Val Loss: 4.0590, Val Acc: 31.03%
2026-02-05 17:56:05,924 - INFO - Processing first batch (shape: torch.Size([128, 3, 224, 224]))
2026-02-05 17:56:05,929 - INFO - Running first forward pass (torch.compile may take time)...
2026-02-05 17:56:05,983 - INFO - First forward pass complete (output shape: torch.Size([128, 1000]))
2026-02-05 17:56:06,018 - INFO - First batch complete! Loss: 0.9780
2026-02-05 18:14:04,105 - INFO - Epoch 78/300: LR: 0.000186
2026-02-05 18:14:04,106 - INFO - Epoch 78/300: Train Loss: 1.2419, Val Loss: 4.0364, Val Acc: 31.38%
2026-02-05 18:14:05,796 - INFO - Processing first batch (shape: torch.Size([128, 3, 224, 224]))
2026-02-05 18:14:05,800 - INFO - Running first forward pass (torch.compile may take time)...
2026-02-05 18:14:05,902 - INFO - First forward pass complete (output shape: torch.Size([128, 1000]))
2026-02-05 18:14:05,939 - INFO - First batch complete! Loss: 1.2451
2026-02-05 18:31:38,310 - INFO - Epoch 79/300: LR: 0.000185
2026-02-05 18:31:38,310 - INFO - Epoch 79/300: Train Loss: 1.2295, Val Loss: 4.0525, Val Acc: 31.25%
2026-02-05 18:31:39,883 - INFO - Processing first batch (shape: torch.Size([128, 3, 224, 224]))
2026-02-05 18:31:39,888 - INFO - Running first forward pass (torch.compile may take time)...
2026-02-05 18:31:39,985 - INFO - First forward pass complete (output shape: torch.Size([128, 1000]))
2026-02-05 18:31:40,008 - INFO - First batch complete! Loss: 0.9905
2026-02-05 18:49:11,680 - INFO - Epoch 80/300: LR: 0.000184
2026-02-05 18:56:19,032 - INFO - Epoch 80/300: Train Loss: 1.2131, Val Loss: 4.0659, Val Acc: 31.30%, Test Loss: 4.0659, Test Acc: 31.30%
2026-02-05 18:56:19,032 - INFO - Saving checkpoint for epoch 80...
2026-02-05 18:56:19,945 - INFO - ✅ Checkpoint saved: runs/run_289/checkpoint_epoch_80.pth
2026-02-05 18:56:21,691 - INFO - Processing first batch (shape: torch.Size([128, 3, 224, 224]))
2026-02-05 18:56:21,700 - INFO - Running first forward pass (torch.compile may take time)...
2026-02-05 18:56:21,755 - INFO - First forward pass complete (output shape: torch.Size([128, 1000]))
2026-02-05 18:56:21,790 - INFO - First batch complete! Loss: 1.1402
2026-02-05 19:14:24,951 - INFO - Epoch 81/300: LR: 0.000184
2026-02-05 19:14:24,953 - INFO - Epoch 81/300: Train Loss: 1.1957, Val Loss: 4.0738, Val Acc: 31.25%
2026-02-05 19:14:26,581 - INFO - Processing first batch (shape: torch.Size([128, 3, 224, 224]))
2026-02-05 19:14:26,585 - INFO - Running first forward pass (torch.compile may take time)...
2026-02-05 19:14:26,620 - INFO - First forward pass complete (output shape: torch.Size([128, 1000]))
2026-02-05 19:14:26,646 - INFO - First batch complete! Loss: 0.8767
2026-02-05 19:31:57,328 - INFO - Epoch 82/300: LR: 0.000183
2026-02-05 19:31:57,329 - INFO - Epoch 82/300: Train Loss: 1.1688, Val Loss: 4.0840, Val Acc: 31.33%
2026-02-05 19:31:58,842 - INFO - Processing first batch (shape: torch.Size([128, 3, 224, 224]))
2026-02-05 19:31:58,845 - INFO - Running first forward pass (torch.compile may take time)...
2026-02-05 19:31:58,902 - INFO - First forward pass complete (output shape: torch.Size([128, 1000]))
2026-02-05 19:31:58,948 - INFO - First batch complete! Loss: 1.1260
2026-02-05 19:49:16,374 - INFO - Epoch 83/300: LR: 0.000183
2026-02-05 19:49:16,375 - INFO - Epoch 83/300: Train Loss: 1.1521, Val Loss: 4.1171, Val Acc: 31.09%
2026-02-05 19:49:17,898 - INFO - Processing first batch (shape: torch.Size([128, 3, 224, 224]))
2026-02-05 19:49:17,902 - INFO - Running first forward pass (torch.compile may take time)...
2026-02-05 19:49:17,976 - INFO - First forward pass complete (output shape: torch.Size([128, 1000]))
2026-02-05 19:49:18,002 - INFO - First batch complete! Loss: 1.2567
2026-02-05 20:06:44,546 - INFO - Epoch 84/300: LR: 0.000182
2026-02-05 20:06:44,547 - INFO - Epoch 84/300: Train Loss: 1.1456, Val Loss: 4.1091, Val Acc: 31.16%
2026-02-05 20:06:46,066 - INFO - Processing first batch (shape: torch.Size([128, 3, 224, 224]))
2026-02-05 20:06:46,070 - INFO - Running first forward pass (torch.compile may take time)...
2026-02-05 20:06:46,125 - INFO - First forward pass complete (output shape: torch.Size([128, 1000]))
2026-02-05 20:06:46,169 - INFO - First batch complete! Loss: 0.8534
2026-02-05 20:24:08,715 - INFO - Epoch 85/300: LR: 0.000181
2026-02-05 20:31:14,102 - INFO - Epoch 85/300: Train Loss: 1.1297, Val Loss: 4.1364, Val Acc: 31.24%, Test Loss: 4.1364, Test Acc: 31.24%
2026-02-05 20:31:15,679 - INFO - Processing first batch (shape: torch.Size([128, 3, 224, 224]))
2026-02-05 20:31:15,681 - INFO - Running first forward pass (torch.compile may take time)...
2026-02-05 20:31:15,743 - INFO - First forward pass complete (output shape: torch.Size([128, 1000]))
2026-02-05 20:31:15,768 - INFO - First batch complete! Loss: 0.8653
2026-02-05 20:48:38,681 - INFO - Epoch 86/300: LR: 0.000181
2026-02-05 20:48:38,706 - INFO - Epoch 86/300: Train Loss: 1.1114, Val Loss: 4.1667, Val Acc: 30.64%
2026-02-05 20:48:40,250 - INFO - Processing first batch (shape: torch.Size([128, 3, 224, 224]))
2026-02-05 20:48:40,254 - INFO - Running first forward pass (torch.compile may take time)...
2026-02-05 20:48:40,306 - INFO - First forward pass complete (output shape: torch.Size([128, 1000]))
2026-02-05 20:48:40,350 - INFO - First batch complete! Loss: 0.9010
2026-02-05 21:05:55,988 - INFO - Epoch 87/300: LR: 0.000180
2026-02-05 21:05:56,020 - INFO - Epoch 87/300: Train Loss: 1.1047, Val Loss: 4.1479, Val Acc: 31.28%
2026-02-05 21:05:57,504 - INFO - Processing first batch (shape: torch.Size([128, 3, 224, 224]))
2026-02-05 21:05:57,509 - INFO - Running first forward pass (torch.compile may take time)...
2026-02-05 21:05:57,547 - INFO - First forward pass complete (output shape: torch.Size([128, 1000]))
2026-02-05 21:05:57,572 - INFO - First batch complete! Loss: 1.1009
2026-02-05 21:23:11,876 - INFO - Epoch 88/300: LR: 0.000179
2026-02-05 21:23:11,900 - INFO - Epoch 88/300: Train Loss: 1.0887, Val Loss: 4.1507, Val Acc: 31.14%
2026-02-05 21:23:13,459 - INFO - Processing first batch (shape: torch.Size([128, 3, 224, 224]))
2026-02-05 21:23:13,462 - INFO - Running first forward pass (torch.compile may take time)...
2026-02-05 21:23:13,547 - INFO - First forward pass complete (output shape: torch.Size([128, 1000]))
2026-02-05 21:23:13,586 - INFO - First batch complete! Loss: 0.8344
2026-02-05 21:40:27,703 - INFO - Epoch 89/300: LR: 0.000178
2026-02-05 21:40:27,704 - INFO - Epoch 89/300: Train Loss: 1.0794, Val Loss: 4.1241, Val Acc: 31.47%
2026-02-05 21:40:29,257 - INFO - Processing first batch (shape: torch.Size([128, 3, 224, 224]))
2026-02-05 21:40:29,262 - INFO - Running first forward pass (torch.compile may take time)...
2026-02-05 21:40:29,349 - INFO - First forward pass complete (output shape: torch.Size([128, 1000]))
2026-02-05 21:40:29,378 - INFO - First batch complete! Loss: 0.8621
2026-02-05 21:57:48,679 - INFO - Epoch 90/300: LR: 0.000178
2026-02-05 22:04:45,488 - INFO - Epoch 90/300: Train Loss: 1.0640, Val Loss: 4.1367, Val Acc: 31.45%, Test Loss: 4.1367, Test Acc: 31.45%
2026-02-05 22:04:45,489 - INFO - Saving checkpoint for epoch 90...
2026-02-05 22:04:46,415 - INFO - ✅ Checkpoint saved: runs/run_289/checkpoint_epoch_90.pth
2026-02-05 22:04:47,959 - INFO - Processing first batch (shape: torch.Size([128, 3, 224, 224]))
2026-02-05 22:04:47,961 - INFO - Running first forward pass (torch.compile may take time)...
2026-02-05 22:04:48,025 - INFO - First forward pass complete (output shape: torch.Size([128, 1000]))
2026-02-05 22:04:48,049 - INFO - First batch complete! Loss: 0.9899
2026-02-05 22:22:07,556 - INFO - Epoch 91/300: LR: 0.000177
2026-02-05 22:22:07,558 - INFO - Epoch 91/300: Train Loss: 1.0368, Val Loss: 4.1555, Val Acc: 31.52%
2026-02-05 22:22:09,095 - INFO - Processing first batch (shape: torch.Size([128, 3, 224, 224]))
2026-02-05 22:22:09,099 - INFO - Running first forward pass (torch.compile may take time)...
2026-02-05 22:22:09,180 - INFO - First forward pass complete (output shape: torch.Size([128, 1000]))
2026-02-05 22:22:09,217 - INFO - First batch complete! Loss: 1.2489
2026-02-05 22:39:34,756 - INFO - Epoch 92/300: LR: 0.000176
2026-02-05 22:39:34,785 - INFO - Epoch 92/300: Train Loss: 1.0313, Val Loss: 4.1704, Val Acc: 31.35%
2026-02-05 22:39:36,412 - INFO - Processing first batch (shape: torch.Size([128, 3, 224, 224]))
2026-02-05 22:39:36,416 - INFO - Running first forward pass (torch.compile may take time)...
2026-02-05 22:39:36,471 - INFO - First forward pass complete (output shape: torch.Size([128, 1000]))
2026-02-05 22:39:36,518 - INFO - First batch complete! Loss: 1.0356
2026-02-05 22:56:57,513 - INFO - Epoch 93/300: LR: 0.000176
2026-02-05 22:56:57,543 - INFO - Epoch 93/300: Train Loss: 1.0257, Val Loss: 4.1744, Val Acc: 31.27%
2026-02-05 22:56:59,127 - INFO - Processing first batch (shape: torch.Size([128, 3, 224, 224]))
2026-02-05 22:56:59,131 - INFO - Running first forward pass (torch.compile may take time)...
2026-02-05 22:56:59,198 - INFO - First forward pass complete (output shape: torch.Size([128, 1000]))
2026-02-05 22:56:59,237 - INFO - First batch complete! Loss: 1.2491
2026-02-05 23:14:30,964 - INFO - Epoch 94/300: LR: 0.000175
2026-02-05 23:14:30,996 - INFO - Epoch 94/300: Train Loss: 1.0062, Val Loss: 4.1500, Val Acc: 31.54%
2026-02-05 23:14:32,602 - INFO - Processing first batch (shape: torch.Size([128, 3, 224, 224]))
2026-02-05 23:14:32,607 - INFO - Running first forward pass (torch.compile may take time)...
2026-02-05 23:14:32,688 - INFO - First forward pass complete (output shape: torch.Size([128, 1000]))
2026-02-05 23:14:32,721 - INFO - First batch complete! Loss: 1.0529
2026-02-05 23:33:58,714 - INFO - Epoch 95/300: LR: 0.000174
2026-02-05 23:41:22,960 - INFO - Epoch 95/300: Train Loss: 0.9930, Val Loss: 4.1879, Val Acc: 31.51%, Test Loss: 4.1879, Test Acc: 31.51%
2026-02-05 23:41:24,769 - INFO - Processing first batch (shape: torch.Size([128, 3, 224, 224]))
2026-02-05 23:41:24,772 - INFO - Running first forward pass (torch.compile may take time)...
2026-02-05 23:41:24,808 - INFO - First forward pass complete (output shape: torch.Size([128, 1000]))
2026-02-05 23:41:24,833 - INFO - First batch complete! Loss: 0.9955
2026-02-05 23:59:39,807 - INFO - Epoch 96/300: LR: 0.000173
2026-02-05 23:59:39,837 - INFO - Epoch 96/300: Train Loss: 0.9905, Val Loss: 4.1432, Val Acc: 31.84%
2026-02-05 23:59:41,608 - INFO - Processing first batch (shape: torch.Size([128, 3, 224, 224]))
2026-02-05 23:59:41,612 - INFO - Running first forward pass (torch.compile may take time)...
2026-02-05 23:59:41,651 - INFO - First forward pass complete (output shape: torch.Size([128, 1000]))
2026-02-05 23:59:41,676 - INFO - First batch complete! Loss: 0.9009
2026-02-06 00:18:07,027 - INFO - Epoch 97/300: LR: 0.000173
2026-02-06 00:18:07,053 - INFO - Epoch 97/300: Train Loss: 0.9721, Val Loss: 4.2008, Val Acc: 31.59%
2026-02-06 00:18:08,862 - INFO - Processing first batch (shape: torch.Size([128, 3, 224, 224]))
2026-02-06 00:18:08,866 - INFO - Running first forward pass (torch.compile may take time)...
2026-02-06 00:18:08,905 - INFO - First forward pass complete (output shape: torch.Size([128, 1000]))
2026-02-06 00:18:08,930 - INFO - First batch complete! Loss: 0.9398
2026-02-06 00:36:47,609 - INFO - Epoch 98/300: LR: 0.000172
2026-02-06 00:36:47,610 - INFO - Epoch 98/300: Train Loss: 0.9664, Val Loss: 4.2209, Val Acc: 31.21%
2026-02-06 00:36:49,239 - INFO - Processing first batch (shape: torch.Size([128, 3, 224, 224]))
2026-02-06 00:36:49,243 - INFO - Running first forward pass (torch.compile may take time)...
2026-02-06 00:36:49,306 - INFO - First forward pass complete (output shape: torch.Size([128, 1000]))
2026-02-06 00:36:49,345 - INFO - First batch complete! Loss: 0.9376
2026-02-06 00:54:51,578 - INFO - Epoch 99/300: LR: 0.000171
2026-02-06 00:54:51,605 - INFO - Epoch 99/300: Train Loss: 0.9560, Val Loss: 4.2214, Val Acc: 31.33%
2026-02-06 00:54:53,295 - INFO - Processing first batch (shape: torch.Size([128, 3, 224, 224]))
2026-02-06 00:54:53,300 - INFO - Running first forward pass (torch.compile may take time)...
2026-02-06 00:54:53,354 - INFO - First forward pass complete (output shape: torch.Size([128, 1000]))
2026-02-06 00:54:53,397 - INFO - First batch complete! Loss: 0.5998
2026-02-06 01:12:57,581 - INFO - Epoch 100/300: LR: 0.000170
2026-02-06 01:20:21,681 - INFO - Epoch 100/300: Train Loss: 0.9502, Val Loss: 4.1829, Val Acc: 31.88%, Test Loss: 4.1829, Test Acc: 31.88%
2026-02-06 01:20:21,683 - INFO - Saving checkpoint for epoch 100...
2026-02-06 01:20:22,161 - INFO - ✅ Checkpoint saved: runs/run_289/checkpoint_epoch_100.pth
2026-02-06 01:20:23,825 - INFO - Processing first batch (shape: torch.Size([128, 3, 224, 224]))
2026-02-06 01:20:23,827 - INFO - Running first forward pass (torch.compile may take time)...
2026-02-06 01:20:23,870 - INFO - First forward pass complete (output shape: torch.Size([128, 1000]))
2026-02-06 01:20:23,928 - INFO - First batch complete! Loss: 0.9270
2026-02-06 01:38:40,206 - INFO - Epoch 101/300: LR: 0.000169
2026-02-06 01:38:40,207 - INFO - Epoch 101/300: Train Loss: 0.9294, Val Loss: 4.2036, Val Acc: 31.62%
2026-02-06 01:38:41,857 - INFO - Processing first batch (shape: torch.Size([128, 3, 224, 224]))
2026-02-06 01:38:41,862 - INFO - Running first forward pass (torch.compile may take time)...
2026-02-06 01:38:41,945 - INFO - First forward pass complete (output shape: torch.Size([128, 1000]))
2026-02-06 01:38:42,002 - INFO - First batch complete! Loss: 0.7506
2026-02-06 01:56:50,530 - INFO - Epoch 102/300: LR: 0.000169
2026-02-06 01:56:50,561 - INFO - Epoch 102/300: Train Loss: 0.9154, Val Loss: 4.2135, Val Acc: 31.62%
2026-02-06 01:56:52,238 - INFO - Processing first batch (shape: torch.Size([128, 3, 224, 224]))
2026-02-06 01:56:52,242 - INFO - Running first forward pass (torch.compile may take time)...
2026-02-06 01:56:52,304 - INFO - First forward pass complete (output shape: torch.Size([128, 1000]))
2026-02-06 01:56:52,345 - INFO - First batch complete! Loss: 0.7081
2026-02-06 02:14:52,022 - INFO - Epoch 103/300: LR: 0.000168
2026-02-06 02:14:52,045 - INFO - Epoch 103/300: Train Loss: 0.9144, Val Loss: 4.2306, Val Acc: 31.48%
2026-02-06 02:14:53,665 - INFO - Processing first batch (shape: torch.Size([128, 3, 224, 224]))
2026-02-06 02:14:53,669 - INFO - Running first forward pass (torch.compile may take time)...
2026-02-06 02:14:53,733 - INFO - First forward pass complete (output shape: torch.Size([128, 1000]))
2026-02-06 02:14:53,777 - INFO - First batch complete! Loss: 0.8058
2026-02-06 02:32:54,625 - INFO - Epoch 104/300: LR: 0.000167
2026-02-06 02:32:54,627 - INFO - Epoch 104/300: Train Loss: 0.9211, Val Loss: 4.2282, Val Acc: 31.52%
2026-02-06 02:32:56,331 - INFO - Processing first batch (shape: torch.Size([128, 3, 224, 224]))
2026-02-06 02:32:56,336 - INFO - Running first forward pass (torch.compile may take time)...
2026-02-06 02:32:56,375 - INFO - First forward pass complete (output shape: torch.Size([128, 1000]))
2026-02-06 02:32:56,407 - INFO - First batch complete! Loss: 0.8713
2026-02-06 02:51:03,318 - INFO - Epoch 105/300: LR: 0.000166
2026-02-06 02:58:26,381 - INFO - Epoch 105/300: Train Loss: 0.8990, Val Loss: 4.2297, Val Acc: 31.39%, Test Loss: 4.2297, Test Acc: 31.39%
2026-02-06 02:58:27,974 - INFO - Processing first batch (shape: torch.Size([128, 3, 224, 224]))
2026-02-06 02:58:27,977 - INFO - Running first forward pass (torch.compile may take time)...
2026-02-06 02:58:28,031 - INFO - First forward pass complete (output shape: torch.Size([128, 1000]))
2026-02-06 02:58:28,055 - INFO - First batch complete! Loss: 0.7798
2026-02-06 03:16:55,604 - INFO - Epoch 106/300: LR: 0.000165
2026-02-06 03:16:55,635 - INFO - Epoch 106/300: Train Loss: 0.8883, Val Loss: 4.2841, Val Acc: 31.38%
2026-02-06 03:16:57,670 - INFO - Processing first batch (shape: torch.Size([128, 3, 224, 224]))
2026-02-06 03:16:57,674 - INFO - Running first forward pass (torch.compile may take time)...
2026-02-06 03:16:57,729 - INFO - First forward pass complete (output shape: torch.Size([128, 1000]))
2026-02-06 03:16:57,760 - INFO - First batch complete! Loss: 0.6035
2026-02-06 03:34:43,072 - INFO - Epoch 107/300: LR: 0.000164
2026-02-06 03:34:43,098 - INFO - Epoch 107/300: Train Loss: 0.8812, Val Loss: 4.2158, Val Acc: 32.03%
2026-02-06 03:34:44,675 - INFO - Processing first batch (shape: torch.Size([128, 3, 224, 224]))
2026-02-06 03:34:44,680 - INFO - Running first forward pass (torch.compile may take time)...
2026-02-06 03:34:44,764 - INFO - First forward pass complete (output shape: torch.Size([128, 1000]))
2026-02-06 03:34:44,800 - INFO - First batch complete! Loss: 0.8489
2026-02-06 03:52:15,601 - INFO - Epoch 108/300: LR: 0.000163
2026-02-06 03:52:15,602 - INFO - Epoch 108/300: Train Loss: 0.8638, Val Loss: 4.2411, Val Acc: 31.83%
2026-02-06 03:52:17,156 - INFO - Processing first batch (shape: torch.Size([128, 3, 224, 224]))
2026-02-06 03:52:17,161 - INFO - Running first forward pass (torch.compile may take time)...
2026-02-06 03:52:17,242 - INFO - First forward pass complete (output shape: torch.Size([128, 1000]))
2026-02-06 03:52:17,283 - INFO - First batch complete! Loss: 0.5698
2026-02-06 04:09:48,529 - INFO - Epoch 109/300: LR: 0.000163
2026-02-06 04:09:48,556 - INFO - Epoch 109/300: Train Loss: 0.8634, Val Loss: 4.2040, Val Acc: 32.08%
2026-02-06 04:09:50,139 - INFO - Processing first batch (shape: torch.Size([128, 3, 224, 224]))
2026-02-06 04:09:50,143 - INFO - Running first forward pass (torch.compile may take time)...
2026-02-06 04:09:50,180 - INFO - First forward pass complete (output shape: torch.Size([128, 1000]))
2026-02-06 04:09:50,212 - INFO - First batch complete! Loss: 1.0031
2026-02-06 04:27:20,662 - INFO - Epoch 110/300: LR: 0.000162
2026-02-06 04:34:25,243 - INFO - Epoch 110/300: Train Loss: 0.8482, Val Loss: 4.2317, Val Acc: 31.92%, Test Loss: 4.2317, Test Acc: 31.92%
2026-02-06 04:34:25,244 - INFO - Saving checkpoint for epoch 110...
2026-02-06 04:34:26,097 - INFO - ✅ Checkpoint saved: runs/run_289/checkpoint_epoch_110.pth
2026-02-06 04:34:27,576 - INFO - Processing first batch (shape: torch.Size([128, 3, 224, 224]))
2026-02-06 04:34:27,579 - INFO - Running first forward pass (torch.compile may take time)...
2026-02-06 04:34:27,642 - INFO - First forward pass complete (output shape: torch.Size([128, 1000]))
2026-02-06 04:34:27,688 - INFO - First batch complete! Loss: 0.7704
2026-02-06 04:51:58,786 - INFO - Epoch 111/300: LR: 0.000161
2026-02-06 04:51:58,813 - INFO - Epoch 111/300: Train Loss: 0.8428, Val Loss: 4.2770, Val Acc: 31.48%
2026-02-06 04:52:00,489 - INFO - Processing first batch (shape: torch.Size([128, 3, 224, 224]))
2026-02-06 04:52:00,494 - INFO - Running first forward pass (torch.compile may take time)...
2026-02-06 04:52:00,530 - INFO - First forward pass complete (output shape: torch.Size([128, 1000]))
2026-02-06 04:52:00,555 - INFO - First batch complete! Loss: 0.7519
2026-02-06 05:09:31,094 - INFO - Epoch 112/300: LR: 0.000160
2026-02-06 05:09:31,095 - INFO - Epoch 112/300: Train Loss: 0.8388, Val Loss: 4.2460, Val Acc: 32.04%
2026-02-06 05:09:32,806 - INFO - Processing first batch (shape: torch.Size([128, 3, 224, 224]))
2026-02-06 05:09:32,822 - INFO - Running first forward pass (torch.compile may take time)...
2026-02-06 05:09:32,889 - INFO - First forward pass complete (output shape: torch.Size([128, 1000]))
2026-02-06 05:09:32,912 - INFO - First batch complete! Loss: 0.8661
2026-02-06 05:27:05,177 - INFO - Epoch 113/300: LR: 0.000159
2026-02-06 05:27:05,179 - INFO - Epoch 113/300: Train Loss: 0.8177, Val Loss: 4.2274, Val Acc: 32.01%
2026-02-06 05:27:06,783 - INFO - Processing first batch (shape: torch.Size([128, 3, 224, 224]))
2026-02-06 05:27:06,787 - INFO - Running first forward pass (torch.compile may take time)...
2026-02-06 05:27:06,858 - INFO - First forward pass complete (output shape: torch.Size([128, 1000]))
2026-02-06 05:27:06,895 - INFO - First batch complete! Loss: 1.1544
2026-02-06 05:45:10,423 - INFO - Epoch 114/300: LR: 0.000158
2026-02-06 05:45:10,555 - INFO - Epoch 114/300: Train Loss: 0.8206, Val Loss: 4.2844, Val Acc: 31.87%
2026-02-06 05:45:12,294 - INFO - Processing first batch (shape: torch.Size([128, 3, 224, 224]))
2026-02-06 05:45:12,298 - INFO - Running first forward pass (torch.compile may take time)...
2026-02-06 05:45:12,357 - INFO - First forward pass complete (output shape: torch.Size([128, 1000]))
2026-02-06 05:45:12,393 - INFO - First batch complete! Loss: 0.6696
2026-02-06 06:02:57,677 - INFO - Epoch 115/300: LR: 0.000157
2026-02-06 06:10:05,341 - INFO - Epoch 115/300: Train Loss: 0.8040, Val Loss: 4.2678, Val Acc: 31.77%, Test Loss: 4.2678, Test Acc: 31.77%
2026-02-06 06:10:07,208 - INFO - Processing first batch (shape: torch.Size([128, 3, 224, 224]))
2026-02-06 06:10:07,210 - INFO - Running first forward pass (torch.compile may take time)...
2026-02-06 06:10:07,263 - INFO - First forward pass complete (output shape: torch.Size([128, 1000]))
2026-02-06 06:10:07,287 - INFO - First batch complete! Loss: 0.5894
2026-02-06 06:27:44,992 - INFO - Epoch 116/300: LR: 0.000156
2026-02-06 06:27:45,020 - INFO - Epoch 116/300: Train Loss: 0.8127, Val Loss: 4.2688, Val Acc: 31.94%
2026-02-06 06:27:46,635 - INFO - Processing first batch (shape: torch.Size([128, 3, 224, 224]))
2026-02-06 06:27:46,640 - INFO - Running first forward pass (torch.compile may take time)...
2026-02-06 06:27:46,689 - INFO - First forward pass complete (output shape: torch.Size([128, 1000]))
2026-02-06 06:27:46,715 - INFO - First batch complete! Loss: 0.6355
2026-02-06 06:45:27,968 - INFO - Epoch 117/300: LR: 0.000155
2026-02-06 06:45:27,999 - INFO - Epoch 117/300: Train Loss: 0.8009, Val Loss: 4.2471, Val Acc: 32.24%
2026-02-06 06:45:29,625 - INFO - Processing first batch (shape: torch.Size([128, 3, 224, 224]))
2026-02-06 06:45:29,629 - INFO - Running first forward pass (torch.compile may take time)...
2026-02-06 06:45:29,686 - INFO - First forward pass complete (output shape: torch.Size([128, 1000]))
2026-02-06 06:45:29,721 - INFO - First batch complete! Loss: 0.8472
2026-02-06 07:03:03,117 - INFO - Epoch 118/300: LR: 0.000154
2026-02-06 07:03:03,149 - INFO - Epoch 118/300: Train Loss: 0.7830, Val Loss: 4.2759, Val Acc: 32.17%
2026-02-06 07:03:04,786 - INFO - Processing first batch (shape: torch.Size([128, 3, 224, 224]))
2026-02-06 07:03:04,790 - INFO - Running first forward pass (torch.compile may take time)...
2026-02-06 07:03:04,836 - INFO - First forward pass complete (output shape: torch.Size([128, 1000]))
2026-02-06 07:03:04,866 - INFO - First batch complete! Loss: 0.8744
2026-02-06 07:20:38,502 - INFO - Epoch 119/300: LR: 0.000153
2026-02-06 07:20:38,533 - INFO - Epoch 119/300: Train Loss: 0.7863, Val Loss: 4.2657, Val Acc: 32.30%
2026-02-06 07:20:40,121 - INFO - Processing first batch (shape: torch.Size([128, 3, 224, 224]))
2026-02-06 07:20:40,126 - INFO - Running first forward pass (torch.compile may take time)...
2026-02-06 07:20:40,195 - INFO - First forward pass complete (output shape: torch.Size([128, 1000]))
2026-02-06 07:20:40,238 - INFO - First batch complete! Loss: 0.8423
2026-02-06 07:38:13,512 - INFO - Epoch 120/300: LR: 0.000152
2026-02-06 07:45:15,960 - INFO - Epoch 120/300: Train Loss: 0.7779, Val Loss: 4.2805, Val Acc: 31.95%, Test Loss: 4.2805, Test Acc: 31.95%
2026-02-06 07:45:15,961 - INFO - Saving checkpoint for epoch 120...
2026-02-06 07:45:17,042 - INFO - ✅ Checkpoint saved: runs/run_289/checkpoint_epoch_120.pth
2026-02-06 07:45:18,621 - INFO - Processing first batch (shape: torch.Size([128, 3, 224, 224]))
2026-02-06 07:45:18,624 - INFO - Running first forward pass (torch.compile may take time)...
2026-02-06 07:45:18,666 - INFO - First forward pass complete (output shape: torch.Size([128, 1000]))
2026-02-06 07:45:18,716 - INFO - First batch complete! Loss: 0.4422
2026-02-06 08:02:50,578 - INFO - Epoch 121/300: LR: 0.000152
2026-02-06 08:02:50,579 - INFO - Epoch 121/300: Train Loss: 0.7646, Val Loss: 4.3056, Val Acc: 31.70%
2026-02-06 08:02:52,078 - INFO - Processing first batch (shape: torch.Size([128, 3, 224, 224]))
2026-02-06 08:02:52,083 - INFO - Running first forward pass (torch.compile may take time)...
2026-02-06 08:02:52,162 - INFO - First forward pass complete (output shape: torch.Size([128, 1000]))
2026-02-06 08:02:52,214 - INFO - First batch complete! Loss: 1.0851
2026-02-06 08:20:26,464 - INFO - Epoch 122/300: LR: 0.000151
2026-02-06 08:20:26,466 - INFO - Epoch 122/300: Train Loss: 0.7521, Val Loss: 4.2634, Val Acc: 32.38%
2026-02-06 08:20:28,459 - INFO - Processing first batch (shape: torch.Size([128, 3, 224, 224]))
2026-02-06 08:20:28,464 - INFO - Running first forward pass (torch.compile may take time)...
2026-02-06 08:20:28,501 - INFO - First forward pass complete (output shape: torch.Size([128, 1000]))
2026-02-06 08:20:28,536 - INFO - First batch complete! Loss: 0.6255
2026-02-06 08:38:02,204 - INFO - Epoch 123/300: LR: 0.000150
2026-02-06 08:38:02,228 - INFO - Epoch 123/300: Train Loss: 0.7505, Val Loss: 4.3278, Val Acc: 31.82%
2026-02-06 08:38:03,835 - INFO - Processing first batch (shape: torch.Size([128, 3, 224, 224]))
2026-02-06 08:38:03,839 - INFO - Running first forward pass (torch.compile may take time)...
2026-02-06 08:38:03,935 - INFO - First forward pass complete (output shape: torch.Size([128, 1000]))
2026-02-06 08:38:03,977 - INFO - First batch complete! Loss: 0.6909
2026-02-06 08:55:32,594 - INFO - Epoch 124/300: LR: 0.000149
2026-02-06 08:55:32,596 - INFO - Epoch 124/300: Train Loss: 0.7410, Val Loss: 4.2741, Val Acc: 31.91%
2026-02-06 08:55:34,136 - INFO - Processing first batch (shape: torch.Size([128, 3, 224, 224]))
2026-02-06 08:55:34,146 - INFO - Running first forward pass (torch.compile may take time)...
2026-02-06 08:55:34,213 - INFO - First forward pass complete (output shape: torch.Size([128, 1000]))
2026-02-06 08:55:34,242 - INFO - First batch complete! Loss: 0.6767
2026-02-06 09:13:02,184 - INFO - Epoch 125/300: LR: 0.000148
2026-02-06 09:20:06,169 - INFO - Epoch 125/300: Train Loss: 0.7404, Val Loss: 4.2777, Val Acc: 32.11%, Test Loss: 4.2777, Test Acc: 32.11%
2026-02-06 09:20:07,754 - INFO - Processing first batch (shape: torch.Size([128, 3, 224, 224]))
2026-02-06 09:20:07,757 - INFO - Running first forward pass (torch.compile may take time)...
2026-02-06 09:20:07,818 - INFO - First forward pass complete (output shape: torch.Size([128, 1000]))
2026-02-06 09:20:07,854 - INFO - First batch complete! Loss: 0.6296
2026-02-06 09:37:48,144 - INFO - Epoch 126/300: LR: 0.000147
2026-02-06 09:37:48,145 - INFO - Epoch 126/300: Train Loss: 0.7316, Val Loss: 4.3120, Val Acc: 31.83%
2026-02-06 09:37:49,585 - INFO - Processing first batch (shape: torch.Size([128, 3, 224, 224]))
2026-02-06 09:37:49,590 - INFO - Running first forward pass (torch.compile may take time)...
2026-02-06 09:37:49,625 - INFO - First forward pass complete (output shape: torch.Size([128, 1000]))
2026-02-06 09:37:49,656 - INFO - First batch complete! Loss: 0.5707
2026-02-06 09:55:11,558 - INFO - Epoch 127/300: LR: 0.000146
2026-02-06 09:55:11,559 - INFO - Epoch 127/300: Train Loss: 0.7251, Val Loss: 4.2612, Val Acc: 32.55%
2026-02-06 09:55:13,032 - INFO - Processing first batch (shape: torch.Size([128, 3, 224, 224]))
2026-02-06 09:55:13,036 - INFO - Running first forward pass (torch.compile may take time)...
2026-02-06 09:55:13,111 - INFO - First forward pass complete (output shape: torch.Size([128, 1000]))
2026-02-06 09:55:13,137 - INFO - First batch complete! Loss: 0.6990
2026-02-06 10:12:33,085 - INFO - Epoch 128/300: LR: 0.000145
2026-02-06 10:12:33,103 - INFO - Epoch 128/300: Train Loss: 0.7154, Val Loss: 4.2978, Val Acc: 32.28%
2026-02-06 10:12:34,671 - INFO - Processing first batch (shape: torch.Size([128, 3, 224, 224]))
2026-02-06 10:12:34,682 - INFO - Running first forward pass (torch.compile may take time)...
2026-02-06 10:12:34,774 - INFO - First forward pass complete (output shape: torch.Size([128, 1000]))
2026-02-06 10:12:34,805 - INFO - First batch complete! Loss: 0.6670
2026-02-06 10:29:55,328 - INFO - Epoch 129/300: LR: 0.000144
2026-02-06 10:29:55,329 - INFO - Epoch 129/300: Train Loss: 0.7136, Val Loss: 4.2854, Val Acc: 32.32%
2026-02-06 10:29:56,902 - INFO - Processing first batch (shape: torch.Size([128, 3, 224, 224]))
2026-02-06 10:29:56,906 - INFO - Running first forward pass (torch.compile may take time)...
2026-02-06 10:29:56,975 - INFO - First forward pass complete (output shape: torch.Size([128, 1000]))
2026-02-06 10:29:57,006 - INFO - First batch complete! Loss: 0.6237
2026-02-06 10:47:21,455 - INFO - Epoch 130/300: LR: 0.000143
2026-02-06 10:54:26,053 - INFO - Epoch 130/300: Train Loss: 0.7079, Val Loss: 4.2523, Val Acc: 32.71%, Test Loss: 4.2523, Test Acc: 32.71%
2026-02-06 10:54:26,054 - INFO - Saving checkpoint for epoch 130...
2026-02-06 10:54:27,029 - INFO - ✅ Checkpoint saved: runs/run_289/checkpoint_epoch_130.pth
2026-02-06 10:54:28,591 - INFO - Processing first batch (shape: torch.Size([128, 3, 224, 224]))
2026-02-06 10:54:28,593 - INFO - Running first forward pass (torch.compile may take time)...
2026-02-06 10:54:28,629 - INFO - First forward pass complete (output shape: torch.Size([128, 1000]))
2026-02-06 10:54:28,666 - INFO - First batch complete! Loss: 0.8003
2026-02-06 11:12:12,513 - INFO - Epoch 131/300: LR: 0.000142
2026-02-06 11:12:12,514 - INFO - Epoch 131/300: Train Loss: 0.6991, Val Loss: 4.2446, Val Acc: 32.80%
2026-02-06 11:12:14,159 - INFO - Processing first batch (shape: torch.Size([128, 3, 224, 224]))
2026-02-06 11:12:14,163 - INFO - Running first forward pass (torch.compile may take time)...
2026-02-06 11:12:14,200 - INFO - First forward pass complete (output shape: torch.Size([128, 1000]))
2026-02-06 11:12:14,225 - INFO - First batch complete! Loss: 0.8943
2026-02-06 11:30:13,689 - INFO - Epoch 132/300: LR: 0.000141
2026-02-06 11:30:13,717 - INFO - Epoch 132/300: Train Loss: 0.6947, Val Loss: 4.2695, Val Acc: 32.44%
2026-02-06 11:30:15,514 - INFO - Processing first batch (shape: torch.Size([128, 3, 224, 224]))
2026-02-06 11:30:15,519 - INFO - Running first forward pass (torch.compile may take time)...
2026-02-06 11:30:15,573 - INFO - First forward pass complete (output shape: torch.Size([128, 1000]))
2026-02-06 11:30:15,610 - INFO - First batch complete! Loss: 0.6405
2026-02-06 11:48:25,271 - INFO - Epoch 133/300: LR: 0.000140
2026-02-06 11:48:25,299 - INFO - Epoch 133/300: Train Loss: 0.6914, Val Loss: 4.2648, Val Acc: 32.81%
2026-02-06 11:48:27,018 - INFO - Processing first batch (shape: torch.Size([128, 3, 224, 224]))
2026-02-06 11:48:27,023 - INFO - Running first forward pass (torch.compile may take time)...
2026-02-06 11:48:27,099 - INFO - First forward pass complete (output shape: torch.Size([128, 1000]))
2026-02-06 11:48:27,125 - INFO - First batch complete! Loss: 0.5730
2026-02-06 12:06:13,939 - INFO - Epoch 134/300: LR: 0.000139
2026-02-06 12:06:13,971 - INFO - Epoch 134/300: Train Loss: 0.6766, Val Loss: 4.2976, Val Acc: 32.42%
2026-02-06 12:06:15,738 - INFO - Processing first batch (shape: torch.Size([128, 3, 224, 224]))
2026-02-06 12:06:15,742 - INFO - Running first forward pass (torch.compile may take time)...
2026-02-06 12:06:15,793 - INFO - First forward pass complete (output shape: torch.Size([128, 1000]))
2026-02-06 12:06:15,844 - INFO - First batch complete! Loss: 0.5616
2026-02-06 12:23:54,807 - INFO - Epoch 135/300: LR: 0.000137
2026-02-06 12:31:16,257 - INFO - Epoch 135/300: Train Loss: 0.6679, Val Loss: 4.2901, Val Acc: 32.53%, Test Loss: 4.2901, Test Acc: 32.53%
2026-02-06 12:31:17,915 - INFO - Processing first batch (shape: torch.Size([128, 3, 224, 224]))
2026-02-06 12:31:17,917 - INFO - Running first forward pass (torch.compile may take time)...
2026-02-06 12:31:17,961 - INFO - First forward pass complete (output shape: torch.Size([128, 1000]))
2026-02-06 12:31:17,990 - INFO - First batch complete! Loss: 0.5479
2026-02-06 12:49:25,030 - INFO - Epoch 136/300: LR: 0.000136
2026-02-06 12:49:25,059 - INFO - Epoch 136/300: Train Loss: 0.6720, Val Loss: 4.3006, Val Acc: 32.28%
2026-02-06 12:49:27,013 - INFO - Processing first batch (shape: torch.Size([128, 3, 224, 224]))
2026-02-06 12:49:27,017 - INFO - Running first forward pass (torch.compile may take time)...
2026-02-06 12:49:27,082 - INFO - First forward pass complete (output shape: torch.Size([128, 1000]))
2026-02-06 12:49:27,119 - INFO - First batch complete! Loss: 0.6000
2026-02-06 13:10:43,146 - INFO - Epoch 137/300: LR: 0.000135
2026-02-06 13:10:43,176 - INFO - Epoch 137/300: Train Loss: 0.6622, Val Loss: 4.2879, Val Acc: 32.54%
2026-02-06 13:10:44,760 - INFO - Processing first batch (shape: torch.Size([128, 3, 224, 224]))
2026-02-06 13:10:44,764 - INFO - Running first forward pass (torch.compile may take time)...
2026-02-06 13:10:44,823 - INFO - First forward pass complete (output shape: torch.Size([128, 1000]))
2026-02-06 13:10:44,859 - INFO - First batch complete! Loss: 0.5469
2026-02-06 13:28:41,931 - INFO - Epoch 138/300: LR: 0.000134
2026-02-06 13:28:41,977 - INFO - Epoch 138/300: Train Loss: 0.6546, Val Loss: 4.2717, Val Acc: 32.89%
2026-02-06 13:28:43,581 - INFO - Processing first batch (shape: torch.Size([128, 3, 224, 224]))
2026-02-06 13:28:43,585 - INFO - Running first forward pass (torch.compile may take time)...
2026-02-06 13:28:43,668 - INFO - First forward pass complete (output shape: torch.Size([128, 1000]))
2026-02-06 13:28:43,693 - INFO - First batch complete! Loss: 0.3830
2026-02-06 13:46:45,898 - INFO - Epoch 139/300: LR: 0.000133
2026-02-06 13:46:45,930 - INFO - Epoch 139/300: Train Loss: 0.6650, Val Loss: 4.2811, Val Acc: 32.42%
2026-02-06 13:46:47,724 - INFO - Processing first batch (shape: torch.Size([128, 3, 224, 224]))
2026-02-06 13:46:47,728 - INFO - Running first forward pass (torch.compile may take time)...
2026-02-06 13:46:47,777 - INFO - First forward pass complete (output shape: torch.Size([128, 1000]))
2026-02-06 13:46:47,815 - INFO - First batch complete! Loss: 0.4558
2026-02-06 14:04:42,812 - INFO - Epoch 140/300: LR: 0.000132
2026-02-06 14:12:52,732 - INFO - Epoch 140/300: Train Loss: 0.6487, Val Loss: 4.2693, Val Acc: 32.81%, Test Loss: 4.2693, Test Acc: 32.81%
2026-02-06 14:12:52,761 - INFO - Saving checkpoint for epoch 140...
2026-02-06 14:12:53,696 - INFO - ✅ Checkpoint saved: runs/run_289/checkpoint_epoch_140.pth
2026-02-06 14:12:56,140 - INFO - Processing first batch (shape: torch.Size([128, 3, 224, 224]))
2026-02-06 14:12:56,142 - INFO - Running first forward pass (torch.compile may take time)...
2026-02-06 14:12:56,189 - INFO - First forward pass complete (output shape: torch.Size([128, 1000]))
2026-02-06 14:12:56,211 - INFO - First batch complete! Loss: 0.5488
2026-02-06 14:37:28,996 - INFO - Epoch 141/300: LR: 0.000131
2026-02-06 14:37:29,027 - INFO - Epoch 141/300: Train Loss: 0.6361, Val Loss: 4.3018, Val Acc: 32.47%
2026-02-06 14:37:30,889 - INFO - Processing first batch (shape: torch.Size([128, 3, 224, 224]))
2026-02-06 14:37:30,893 - INFO - Running first forward pass (torch.compile may take time)...
2026-02-06 14:37:30,976 - INFO - First forward pass complete (output shape: torch.Size([128, 1000]))
2026-02-06 14:37:31,003 - INFO - First batch complete! Loss: 0.6343
2026-02-06 14:59:29,059 - INFO - Epoch 142/300: LR: 0.000130
2026-02-06 14:59:29,088 - INFO - Epoch 142/300: Train Loss: 0.6301, Val Loss: 4.2925, Val Acc: 32.62%
2026-02-06 14:59:31,511 - INFO - Processing first batch (shape: torch.Size([128, 3, 224, 224]))
2026-02-06 14:59:31,516 - INFO - Running first forward pass (torch.compile may take time)...
2026-02-06 14:59:31,555 - INFO - First forward pass complete (output shape: torch.Size([128, 1000]))
2026-02-06 14:59:31,603 - INFO - First batch complete! Loss: 0.7907
2026-02-06 15:17:17,147 - INFO - Epoch 143/300: LR: 0.000129
2026-02-06 15:17:17,169 - INFO - Epoch 143/300: Train Loss: 0.6265, Val Loss: 4.3055, Val Acc: 32.67%
2026-02-06 15:17:18,976 - INFO - Processing first batch (shape: torch.Size([128, 3, 224, 224]))
2026-02-06 15:17:18,980 - INFO - Running first forward pass (torch.compile may take time)...
2026-02-06 15:17:19,018 - INFO - First forward pass complete (output shape: torch.Size([128, 1000]))
2026-02-06 15:17:19,045 - INFO - First batch complete! Loss: 0.5148
2026-02-06 15:37:13,329 - INFO - Epoch 144/300: LR: 0.000128
2026-02-06 15:37:13,355 - INFO - Epoch 144/300: Train Loss: 0.6171, Val Loss: 4.2837, Val Acc: 32.83%
2026-02-06 15:37:15,055 - INFO - Processing first batch (shape: torch.Size([128, 3, 224, 224]))
2026-02-06 15:37:15,059 - INFO - Running first forward pass (torch.compile may take time)...
2026-02-06 15:37:15,097 - INFO - First forward pass complete (output shape: torch.Size([128, 1000]))
2026-02-06 15:37:15,121 - INFO - First batch complete! Loss: 0.6433
2026-02-06 15:57:36,370 - INFO - Epoch 145/300: LR: 0.000127
2026-02-06 16:04:41,999 - INFO - Epoch 145/300: Train Loss: 0.6170, Val Loss: 4.2807, Val Acc: 33.03%, Test Loss: 4.2807, Test Acc: 33.03%
2026-02-06 16:04:43,811 - INFO - Processing first batch (shape: torch.Size([128, 3, 224, 224]))
2026-02-06 16:04:43,814 - INFO - Running first forward pass (torch.compile may take time)...
2026-02-06 16:04:43,873 - INFO - First forward pass complete (output shape: torch.Size([128, 1000]))
2026-02-06 16:04:43,902 - INFO - First batch complete! Loss: 0.6685
2026-02-06 16:24:06,000 - INFO - Epoch 146/300: LR: 0.000126
2026-02-06 16:24:06,030 - INFO - Epoch 146/300: Train Loss: 0.6111, Val Loss: 4.3415, Val Acc: 32.23%
2026-02-06 16:24:08,068 - INFO - Processing first batch (shape: torch.Size([128, 3, 224, 224]))
2026-02-06 16:24:08,072 - INFO - Running first forward pass (torch.compile may take time)...
2026-02-06 16:24:08,202 - INFO - First forward pass complete (output shape: torch.Size([128, 1000]))
2026-02-06 16:24:08,243 - INFO - First batch complete! Loss: 0.8581
2026-02-06 16:43:02,613 - INFO - Epoch 147/300: LR: 0.000125
2026-02-06 16:43:02,638 - INFO - Epoch 147/300: Train Loss: 0.6097, Val Loss: 4.2997, Val Acc: 33.06%
2026-02-06 16:43:04,182 - INFO - Processing first batch (shape: torch.Size([128, 3, 224, 224]))
2026-02-06 16:43:04,187 - INFO - Running first forward pass (torch.compile may take time)...
2026-02-06 16:43:04,224 - INFO - First forward pass complete (output shape: torch.Size([128, 1000]))
2026-02-06 16:43:04,249 - INFO - First batch complete! Loss: 0.5231
[2026-02-06T16:48:57.033] error: *** JOB 4050280 ON head025 CANCELLED AT 2026-02-06T16:48:57 DUE TO TIME LIMIT ***
