/var/spool/slurmd/spool/job4051188/slurm_script: line 19: python: command not found
INFO:    gocryptfs not found, will not be able to use gocryptfs
2026-02-04 17:22:09,844 - INFO - Logging initialized. Log file: runs/run_291/training.log
2026-02-04 17:22:09,858 - INFO - Experiment directory: runs/run_291
2026-02-04 17:22:09,860 - INFO - Setting random seeds for reproducibility (seed: 42)...
2026-02-04 17:22:09,872 - INFO - ✅ All seeds set to 42 (deterministic=False)
2026-02-04 17:22:10,638 - INFO - GPU memory cleared at startup. Available: 39.2GB
2026-02-04 17:22:10,640 - INFO - Using device: cuda
2026-02-04 17:22:10,642 - INFO - Training configuration: epochs=300, warmup=30, lr=0.0002
2026-02-04 17:22:10,644 - INFO - SWIN_DEFORMABLE configuration: {'type': 'swin_deformable', 'variant': 'tiny', 'patch_size': 4, 'embed_dim': 96, 'depths': [2, 2, 6, 2], 'num_heads': [3, 6, 12, 24], 'window_size': 7, 'mlp_ratio': 4.0, 'dropout': 0.0, 'attention_dropout': 0.0, 'projection_dropout': 0.0, 'drop_path_rate': 0.08, 'use_shifted_window': True, 'use_relative_bias': False, 'use_absolute_pos_embed': False, 'use_hierarchical_merge': False, 'use_gradient_checkpointing': True, 'use_deformable_attn': True, 'deformable_config': {'num_points': 4}}
2026-02-04 17:22:10,645 - INFO - Loading dataset...
2026-02-04 17:22:10,647 - INFO - Starting ImageNet data loading from root: /
2026-02-04 17:22:10,649 - INFO - Resolved root path: /
2026-02-04 17:22:10,650 - INFO - Root path exists: True
2026-02-04 17:22:10,651 - INFO - Root path is dir: True
2026-02-04 17:22:10,656 - INFO - Contents of /: ['/.exec', '/.run', '/.shell', '/.singularity.d', '/.test', '/bin', '/boot', '/dev', '/environment', '/etc', '/home', '/lib', '/lib64', '/media', '/mnt', '/opt', '/proc', '/requirements.txt', '/root', '/run', '/sbin', '/singularity', '/srv', '/sys', '/tmp', '/usr', '/var', '/meta', '/train_set', '/train_set_small', '/val_set', '/val_set_unlabeled']
2026-02-04 17:22:10,657 - INFO - Expected train_dir: /train_set, exists: True
2026-02-04 17:22:10,659 - INFO - Expected val_dir: /val_set, exists: True
2026-02-04 17:22:16,512 - INFO - Loaded ImageNet data from /: train=1281167, val=50000
2026-02-04 17:22:17,301 - INFO - Dataset limits applied (stratified sampling enabled)
2026-02-04 17:22:17,304 - INFO - Dataset loaded: train=100000 samples (782 batches), val=50000 samples (391 batches), test=50000 samples (391 batches)
2026-02-04 17:22:18,128 - INFO - Training SWIN_DEFORMABLE from scratch
2026-02-04 17:22:18,129 - INFO - Initializing SWIN_DEFORMABLE model from scratch...
2026-02-04 17:22:18,130 - INFO - Model architecture: SWIN_DEFORMABLE
2026-02-04 17:22:18,132 - INFO - Model config: {'type': 'swin_deformable', 'variant': 'tiny', 'patch_size': 4, 'embed_dim': 96, 'depths': [2, 2, 6, 2], 'num_heads': [3, 6, 12, 24], 'window_size': 7, 'mlp_ratio': 4.0, 'dropout': 0.0, 'attention_dropout': 0.0, 'projection_dropout': 0.0, 'drop_path_rate': 0.08, 'use_shifted_window': True, 'use_relative_bias': False, 'use_absolute_pos_embed': False, 'use_hierarchical_merge': False, 'use_gradient_checkpointing': True, 'use_deformable_attn': True, 'deformable_config': {'num_points': 4}}
2026-02-04 17:22:18,514 - INFO - Model created with random initialization
2026-02-04 17:22:18,516 - INFO - Total parameters: 28,982,146
2026-02-04 17:22:18,518 - INFO - Trainable parameters: 28,982,146
2026-02-04 17:22:18,553 - INFO - Compiling model with torch.compile()
2026-02-04 17:22:20,028 - INFO - Mixed precision enabled → CUDA bf16 selected (hardware supported)
2026-02-04 17:22:20,029 - INFO - Starting from-scratch training...
2026-02-04 17:22:20,030 - INFO - Optimizer: training all model parameters
2026-02-04 17:22:20,033 - INFO - LR Scheduler: cosine with 30 warmup epochs
2026-02-04 17:22:20,034 - INFO - Starting training...
2026-02-04 17:22:22,553 - INFO - Processing first batch (shape: torch.Size([128, 3, 224, 224]))
2026-02-04 17:22:22,557 - INFO - Running first forward pass (torch.compile may take time)...
/usr/local/lib/python3.12/site-packages/torch/backends/cuda/__init__.py:131: UserWarning: Please use the new API settings to control TF32 behavior, such as torch.backends.cudnn.conv.fp32_precision = 'tf32' or torch.backends.cuda.matmul.fp32_precision = 'ieee'. Old settings, e.g, torch.backends.cuda.matmul.allow_tf32 = True, torch.backends.cudnn.allow_tf32 = True, allowTF32CuDNN() and allowTF32CuBLAS() will be deprecated after Pytorch 2.9. Please see https://pytorch.org/docs/main/notes/cuda.html#tensorfloat-32-tf32-on-ampere-and-later-devices (Triggered internally at /pytorch/aten/src/ATen/Context.cpp:80.)
  return torch._C._get_cublas_allow_tf32()
W0204 17:22:50.882000 405643 site-packages/torch/_inductor/utils.py:1558] [0/0] Not enough SMs to use max_autotune_gemm mode
/usr/local/lib/python3.12/site-packages/torch/_inductor/lowering.py:7242: UserWarning: 
Online softmax is disabled on the fly since Inductor decides to
split the reduction. Cut an issue to PyTorch if this is an
important use case and you want to speed it up with online
softmax.

  warnings.warn(
2026-02-04 17:23:43,650 - INFO - First forward pass complete (output shape: torch.Size([128, 1000]))
/usr/local/lib/python3.12/site-packages/torch/_inductor/lowering.py:7242: UserWarning: 
Online softmax is disabled on the fly since Inductor decides to
split the reduction. Cut an issue to PyTorch if this is an
important use case and you want to speed it up with online
softmax.

  warnings.warn(
2026-02-04 17:24:55,610 - INFO - First batch complete! Loss: 6.9753
/usr/local/lib/python3.12/site-packages/torch/_inductor/lowering.py:7242: UserWarning: 
Online softmax is disabled on the fly since Inductor decides to
split the reduction. Cut an issue to PyTorch if this is an
important use case and you want to speed it up with online
softmax.

  warnings.warn(
/usr/local/lib/python3.12/site-packages/torch/_inductor/lowering.py:7242: UserWarning: 
Online softmax is disabled on the fly since Inductor decides to
split the reduction. Cut an issue to PyTorch if this is an
important use case and you want to speed it up with online
softmax.

  warnings.warn(
/usr/local/lib/python3.12/site-packages/torch/_inductor/lowering.py:7242: UserWarning: 
Online softmax is disabled on the fly since Inductor decides to
split the reduction. Cut an issue to PyTorch if this is an
important use case and you want to speed it up with online
softmax.

  warnings.warn(
2026-02-04 17:51:30,033 - INFO - Epoch 1/300: LR: 0.000009
2026-02-04 17:51:30,035 - INFO - Epoch 1/300: Train Loss: 6.9249, Val Loss: 6.8354, Val Acc: 0.39%
2026-02-04 17:51:31,883 - INFO - Processing first batch (shape: torch.Size([128, 3, 224, 224]))
2026-02-04 17:51:31,890 - INFO - Running first forward pass (torch.compile may take time)...
2026-02-04 17:51:32,029 - INFO - First forward pass complete (output shape: torch.Size([128, 1000]))
2026-02-04 17:51:32,153 - INFO - First batch complete! Loss: 6.8196
2026-02-04 18:12:06,010 - INFO - Epoch 2/300: LR: 0.000015
2026-02-04 18:12:06,021 - INFO - Epoch 2/300: Train Loss: 6.8255, Val Loss: 6.7038, Val Acc: 0.69%
2026-02-04 18:12:07,841 - INFO - Processing first batch (shape: torch.Size([128, 3, 224, 224]))
2026-02-04 18:12:07,850 - INFO - Running first forward pass (torch.compile may take time)...
2026-02-04 18:12:07,958 - INFO - First forward pass complete (output shape: torch.Size([128, 1000]))
2026-02-04 18:12:08,083 - INFO - First batch complete! Loss: 6.8196
2026-02-04 18:32:22,553 - INFO - Epoch 3/300: LR: 0.000022
2026-02-04 18:32:22,574 - INFO - Epoch 3/300: Train Loss: 6.7269, Val Loss: 6.5781, Val Acc: 0.91%
2026-02-04 18:32:24,297 - INFO - Processing first batch (shape: torch.Size([128, 3, 224, 224]))
2026-02-04 18:32:24,305 - INFO - Running first forward pass (torch.compile may take time)...
2026-02-04 18:32:24,417 - INFO - First forward pass complete (output shape: torch.Size([128, 1000]))
2026-02-04 18:32:24,540 - INFO - First batch complete! Loss: 6.6882
2026-02-04 18:53:08,114 - INFO - Epoch 4/300: LR: 0.000028
2026-02-04 18:53:08,128 - INFO - Epoch 4/300: Train Loss: 6.6191, Val Loss: 6.4373, Val Acc: 1.41%
2026-02-04 18:53:09,911 - INFO - Processing first batch (shape: torch.Size([128, 3, 224, 224]))
2026-02-04 18:53:09,918 - INFO - Running first forward pass (torch.compile may take time)...
2026-02-04 18:53:10,146 - INFO - First forward pass complete (output shape: torch.Size([128, 1000]))
2026-02-04 18:53:10,268 - INFO - First batch complete! Loss: 6.4424
2026-02-04 19:13:51,239 - INFO - Epoch 5/300: LR: 0.000035
[2026-02-04T19:22:17.033] error: *** JOB 4051188 ON head022 CANCELLED AT 2026-02-04T19:22:17 DUE TO TIME LIMIT ***
