Job started on node: head022
Allocated GPU(s): 0
Starting training at Tue Feb 10 03:11:06 CET 2026
GPU Memory before training:
22883, 58271, 81920
27197, 53957, 81920
18529, 62625, 81920
20265, 60889, 81920
20119, 61035, 81920
34779, 46375, 81920
10018, 71136, 81920
9871, 71283, 81920
Training completed at Tue Feb 10 10:18:55 CET 2026
GPU Memory after training:
1659, 79495, 81920
27197, 53957, 81920
17075, 64079, 81920
18811, 62343, 81920
4538, 76616, 81920
34779, 46375, 81920
11359, 69795, 81920
9871, 71283, 81920
Job finished
