Job started on node: head022
Allocated GPU(s): 0
Starting training at Tue Feb 10 10:19:26 CET 2026
GPU Memory before training:
1659, 79495, 81920
27197, 53957, 81920
17075, 64079, 81920
18811, 62343, 81920
4538, 76616, 81920
34779, 46375, 81920
10018, 71136, 81920
9871, 71283, 81920
Training completed at Tue Feb 10 17:47:35 CET 2026
GPU Memory after training:
1667, 79487, 81920
27901, 53253, 81920
24161, 56993, 81920
18321, 62833, 81920
1971, 79183, 81920
34779, 46375, 81920
21955, 59199, 81920
12153, 69000, 81920
Job finished
