/var/spool/slurmd/spool/job4083492/slurm_script: line 19: python: command not found
INFO:    gocryptfs not found, will not be able to use gocryptfs
2026-02-10 09:09:21,751 - INFO - Logging initialized. Log file: runs/run_299/training.log
2026-02-10 09:09:21,782 - INFO - Experiment directory: runs/run_299
2026-02-10 09:09:21,784 - INFO - Setting random seeds for reproducibility (seed: 42)...
2026-02-10 09:09:21,824 - INFO - ✅ All seeds set to 42 (deterministic=False)
2026-02-10 09:09:22,245 - INFO - GPU memory cleared at startup. Available: 23.6GB
2026-02-10 09:09:22,247 - INFO - Using device: cuda
2026-02-10 09:09:22,249 - INFO - Training configuration: epochs=20, warmup=2, lr=0.001
2026-02-10 09:09:22,250 - INFO - SWIN_V2 configuration: {'type': 'swin_v2', 'variant': 'tiny', 'patch_size': 4, 'embed_dim': 96, 'depths': [2, 2, 6, 2], 'num_heads': [3, 6, 12, 24], 'window_size': 7, 'mlp_ratio': 4.0, 'dropout': 0.0, 'attention_dropout': 0.0, 'projection_dropout': 0.0, 'drop_path_rate': 0.08, 'use_shifted_window': True, 'use_relative_bias': True, 'use_absolute_pos_embed': False, 'use_hierarchical_merge': False, 'use_gradient_checkpointing': False}
2026-02-10 09:09:22,252 - INFO - Loading dataset...
2026-02-10 09:09:22,256 - INFO - Starting ImageNet data loading from root: /
2026-02-10 09:09:22,258 - INFO - Resolved root path: /
2026-02-10 09:09:22,259 - INFO - Root path exists: True
2026-02-10 09:09:22,260 - INFO - Root path is dir: True
2026-02-10 09:09:22,297 - INFO - Contents of /: ['/.exec', '/.run', '/.shell', '/.singularity.d', '/.test', '/bin', '/boot', '/dev', '/environment', '/etc', '/home', '/lib', '/lib64', '/media', '/mnt', '/opt', '/proc', '/requirements.txt', '/root', '/run', '/sbin', '/singularity', '/srv', '/sys', '/tmp', '/usr', '/var', '/meta', '/train_set', '/train_set_small', '/val_set', '/val_set_unlabeled']
2026-02-10 09:09:22,298 - INFO - Expected train_dir: /train_set, exists: True
2026-02-10 09:09:22,300 - INFO - Expected val_dir: /val_set, exists: True
2026-02-10 09:09:36,857 - INFO - Loaded ImageNet data from /: train=1281167, val=50000
2026-02-10 09:09:39,801 - INFO - Dataset limits applied (stratified sampling enabled)
2026-02-10 09:09:39,809 - INFO - Dataset loaded: train=100000 samples (782 batches), val=50000 samples (391 batches), test=50000 samples (391 batches)
2026-02-10 09:09:42,665 - INFO - Training SWIN_V2 from scratch
2026-02-10 09:09:42,667 - INFO - Initializing SWIN_V2 model from scratch...
2026-02-10 09:09:42,668 - INFO - Model architecture: SWIN_V2
2026-02-10 09:09:42,670 - INFO - Model config: {'type': 'swin_v2', 'variant': 'tiny', 'patch_size': 4, 'embed_dim': 96, 'depths': [2, 2, 6, 2], 'num_heads': [3, 6, 12, 24], 'window_size': 7, 'mlp_ratio': 4.0, 'dropout': 0.0, 'attention_dropout': 0.0, 'projection_dropout': 0.0, 'drop_path_rate': 0.08, 'use_shifted_window': True, 'use_relative_bias': True, 'use_absolute_pos_embed': False, 'use_hierarchical_merge': False, 'use_gradient_checkpointing': False}
2026-02-10 09:09:44,245 - INFO - Model created with random initialization
2026-02-10 09:09:44,246 - INFO - Total parameters: 31,507,666
2026-02-10 09:09:44,248 - INFO - Trainable parameters: 31,507,666
2026-02-10 09:09:44,336 - INFO - Compiling model with torch.compile()
2026-02-10 09:09:48,177 - INFO - Mixed precision enabled → CUDA bf16 selected (hardware supported)
2026-02-10 09:09:48,179 - INFO - Starting from-scratch training...
2026-02-10 09:09:48,181 - INFO - Optimizer: training all model parameters
2026-02-10 09:09:48,187 - INFO - LR Scheduler: cosine with 2 warmup epochs
2026-02-10 09:09:48,189 - INFO - Starting training...
2026-02-10 09:09:53,331 - INFO - Processing first batch (shape: torch.Size([128, 3, 224, 224]))
2026-02-10 09:09:53,334 - INFO - Running first forward pass (torch.compile may take time)...
/usr/local/lib/python3.12/site-packages/torch/backends/cuda/__init__.py:131: UserWarning: Please use the new API settings to control TF32 behavior, such as torch.backends.cudnn.conv.fp32_precision = 'tf32' or torch.backends.cuda.matmul.fp32_precision = 'ieee'. Old settings, e.g, torch.backends.cuda.matmul.allow_tf32 = True, torch.backends.cudnn.allow_tf32 = True, allowTF32CuDNN() and allowTF32CuBLAS() will be deprecated after Pytorch 2.9. Please see https://pytorch.org/docs/main/notes/cuda.html#tensorfloat-32-tf32-on-ampere-and-later-devices (Triggered internally at /pytorch/aten/src/ATen/Context.cpp:80.)
  return torch._C._get_cublas_allow_tf32()
2026-02-10 09:12:23,014 - INFO - First forward pass complete (output shape: torch.Size([128, 1000]))
2026-02-10 09:14:19,753 - INFO - First batch complete! Loss: 6.9622
2026-02-10 10:04:41,939 - INFO - Epoch 1/20: LR: 0.000505
2026-02-10 10:04:41,954 - INFO - Epoch 1/20: Train Loss: 6.8452, Val Loss: 6.7192, Val Acc: 0.73%
2026-02-10 10:04:45,191 - INFO - Processing first batch (shape: torch.Size([128, 3, 224, 224]))
2026-02-10 10:04:45,201 - INFO - Running first forward pass (torch.compile may take time)...
2026-02-10 10:04:45,382 - INFO - First forward pass complete (output shape: torch.Size([128, 1000]))
2026-02-10 10:04:45,499 - INFO - First batch complete! Loss: 6.7932
2026-02-10 10:47:26,739 - INFO - Epoch 2/20: LR: 0.001000
2026-02-10 10:47:26,828 - INFO - Epoch 2/20: Train Loss: 6.9478, Val Loss: 6.8989, Val Acc: 0.16%
2026-02-10 10:47:31,210 - INFO - Processing first batch (shape: torch.Size([128, 3, 224, 224]))
2026-02-10 10:47:31,215 - INFO - Running first forward pass (torch.compile may take time)...
2026-02-10 10:47:31,311 - INFO - First forward pass complete (output shape: torch.Size([128, 1000]))
2026-02-10 10:47:31,427 - INFO - First batch complete! Loss: 6.9041
2026-02-10 11:29:18,280 - INFO - Epoch 3/20: LR: 0.000992
2026-02-10 11:29:18,295 - INFO - Epoch 3/20: Train Loss: 6.8994, Val Loss: 6.8782, Val Acc: 0.17%
2026-02-10 11:29:21,437 - INFO - Processing first batch (shape: torch.Size([128, 3, 224, 224]))
2026-02-10 11:29:21,442 - INFO - Running first forward pass (torch.compile may take time)...
2026-02-10 11:29:21,563 - INFO - First forward pass complete (output shape: torch.Size([128, 1000]))
2026-02-10 11:29:21,681 - INFO - First batch complete! Loss: 6.9070
2026-02-10 12:04:48,762 - INFO - Epoch 4/20: LR: 0.000970
2026-02-10 12:04:48,786 - INFO - Epoch 4/20: Train Loss: 6.9100, Val Loss: 6.9100, Val Acc: 0.10%
2026-02-10 12:04:58,504 - INFO - Processing first batch (shape: torch.Size([128, 3, 224, 224]))
2026-02-10 12:04:58,509 - INFO - Running first forward pass (torch.compile may take time)...
2026-02-10 12:04:58,610 - INFO - First forward pass complete (output shape: torch.Size([128, 1000]))
2026-02-10 12:04:58,735 - INFO - First batch complete! Loss: 6.9153
2026-02-10 12:41:07,872 - INFO - Epoch 5/20: LR: 0.000934
2026-02-10 12:54:36,999 - INFO - Epoch 5/20: Train Loss: 6.9102, Val Loss: 6.9098, Val Acc: 0.10%, Test Loss: 6.9098, Test Acc: 0.10%
2026-02-10 12:54:40,059 - INFO - Processing first batch (shape: torch.Size([128, 3, 224, 224]))
2026-02-10 12:54:40,066 - INFO - Running first forward pass (torch.compile may take time)...
2026-02-10 12:54:40,179 - INFO - First forward pass complete (output shape: torch.Size([128, 1000]))
2026-02-10 12:54:40,313 - INFO - First batch complete! Loss: 6.9072
2026-02-10 13:33:21,471 - INFO - Epoch 6/20: LR: 0.000884
2026-02-10 13:33:21,525 - INFO - Epoch 6/20: Train Loss: 6.9097, Val Loss: 6.9095, Val Acc: 0.10%
2026-02-10 13:33:25,201 - INFO - Processing first batch (shape: torch.Size([128, 3, 224, 224]))
2026-02-10 13:33:25,208 - INFO - Running first forward pass (torch.compile may take time)...
2026-02-10 13:33:25,361 - INFO - First forward pass complete (output shape: torch.Size([128, 1000]))
2026-02-10 13:33:25,476 - INFO - First batch complete! Loss: 6.9158
2026-02-10 14:15:01,117 - INFO - Epoch 7/20: LR: 0.000823
2026-02-10 14:15:01,148 - INFO - Epoch 7/20: Train Loss: 6.9092, Val Loss: 6.9107, Val Acc: 0.10%
2026-02-10 14:15:04,758 - INFO - Processing first batch (shape: torch.Size([128, 3, 224, 224]))
2026-02-10 14:15:04,763 - INFO - Running first forward pass (torch.compile may take time)...
2026-02-10 14:15:04,919 - INFO - First forward pass complete (output shape: torch.Size([128, 1000]))
2026-02-10 14:15:05,033 - INFO - First batch complete! Loss: 6.9014
2026-02-10 14:53:15,990 - INFO - Epoch 8/20: LR: 0.000752
2026-02-10 14:53:16,053 - INFO - Epoch 8/20: Train Loss: 6.9090, Val Loss: 6.9100, Val Acc: 0.10%
2026-02-10 14:53:18,708 - INFO - Processing first batch (shape: torch.Size([128, 3, 224, 224]))
2026-02-10 14:53:18,714 - INFO - Running first forward pass (torch.compile may take time)...
2026-02-10 14:53:18,894 - INFO - First forward pass complete (output shape: torch.Size([128, 1000]))
2026-02-10 14:53:19,010 - INFO - First batch complete! Loss: 6.9197
2026-02-10 15:25:24,861 - INFO - Epoch 9/20: LR: 0.000674
2026-02-10 15:25:24,879 - INFO - Epoch 9/20: Train Loss: 6.9089, Val Loss: 6.9093, Val Acc: 0.10%
2026-02-10 15:25:27,746 - INFO - Processing first batch (shape: torch.Size([128, 3, 224, 224]))
2026-02-10 15:25:27,752 - INFO - Running first forward pass (torch.compile may take time)...
2026-02-10 15:25:27,849 - INFO - First forward pass complete (output shape: torch.Size([128, 1000]))
2026-02-10 15:25:27,964 - INFO - First batch complete! Loss: 6.9104
