/var/spool/slurmd/spool/job4086255/slurm_script: line 19: python: command not found
INFO:    gocryptfs not found, will not be able to use gocryptfs
2026-02-10 15:45:59,681 - INFO - Logging initialized. Log file: runs/run_302/training.log
2026-02-10 15:45:59,683 - INFO - Experiment directory: runs/run_302
2026-02-10 15:45:59,685 - INFO - Setting random seeds for reproducibility (seed: 42)...
2026-02-10 15:45:59,704 - INFO - ✅ All seeds set to 42 (deterministic=False)
2026-02-10 15:46:00,118 - INFO - GPU memory cleared at startup. Available: 23.6GB
2026-02-10 15:46:00,119 - INFO - Using device: cuda
2026-02-10 15:46:00,121 - INFO - Training configuration: epochs=20, warmup=2, lr=0.001
2026-02-10 15:46:00,122 - INFO - SWIN configuration: variant=tiny, use_shifted_window=True, use_relative_bias=True, use_absolute_pos_embed=False, use_hierarchical_merge=False, use_gradient_checkpointing=False
2026-02-10 15:46:00,124 - INFO - SWIN details: embed_dim=96, depths=[2, 2, 6, 2], num_heads=[3, 6, 12, 24], window_size=7
2026-02-10 15:46:00,125 - INFO - Loading dataset...
2026-02-10 15:46:00,129 - INFO - Starting ImageNet data loading from root: /
2026-02-10 15:46:00,130 - INFO - Resolved root path: /
2026-02-10 15:46:00,131 - INFO - Root path exists: True
2026-02-10 15:46:00,133 - INFO - Root path is dir: True
2026-02-10 15:46:00,140 - INFO - Contents of /: ['/.exec', '/.run', '/.shell', '/.singularity.d', '/.test', '/bin', '/boot', '/dev', '/environment', '/etc', '/home', '/lib', '/lib64', '/media', '/mnt', '/opt', '/proc', '/requirements.txt', '/root', '/run', '/sbin', '/singularity', '/srv', '/sys', '/tmp', '/usr', '/var', '/meta', '/train_set', '/train_set_small', '/val_set', '/val_set_unlabeled']
2026-02-10 15:46:00,142 - INFO - Expected train_dir: /train_set, exists: True
2026-02-10 15:46:00,143 - INFO - Expected val_dir: /val_set, exists: True
2026-02-10 15:46:18,378 - INFO - Loaded ImageNet data from /: train=1281167, val=50000
2026-02-10 15:46:21,282 - INFO - Dataset limits applied (stratified sampling enabled)
2026-02-10 15:46:21,285 - INFO - Dataset loaded: train=100000 samples (782 batches), val=50000 samples (391 batches), test=50000 samples (391 batches)
2026-02-10 15:46:22,799 - INFO - Training SWIN from scratch
2026-02-10 15:46:22,801 - INFO - Initializing SWIN model from scratch...
2026-02-10 15:46:22,803 - INFO - Model architecture: SWIN
2026-02-10 15:46:22,804 - INFO - Model config: {'type': 'swin', 'variant': 'tiny', 'patch_size': 4, 'embed_dim': 96, 'depths': [2, 2, 6, 2], 'num_heads': [3, 6, 12, 24], 'window_size': 7, 'mlp_ratio': 4.0, 'dropout': 0.0, 'attention_dropout': 0.0, 'projection_dropout': 0.0, 'drop_path_rate': 0.08, 'use_shifted_window': True, 'use_relative_bias': True, 'use_absolute_pos_embed': False, 'use_hierarchical_merge': False, 'use_gradient_checkpointing': False}
2026-02-10 15:46:23,810 - INFO - Model created with random initialization
2026-02-10 15:46:23,812 - INFO - Total parameters: 28,288,354
2026-02-10 15:46:23,814 - INFO - Trainable parameters: 28,288,354
2026-02-10 15:46:23,919 - INFO - Compiling model with torch.compile()
2026-02-10 15:46:27,495 - INFO - Mixed precision enabled → CUDA bf16 selected (hardware supported)
2026-02-10 15:46:27,497 - INFO - Starting from-scratch training...
2026-02-10 15:46:27,499 - INFO - Optimizer: training all model parameters
2026-02-10 15:46:27,503 - INFO - LR Scheduler: cosine with 2 warmup epochs
2026-02-10 15:46:27,504 - INFO - Starting training...
2026-02-10 15:46:30,631 - INFO - Processing first batch (shape: torch.Size([128, 3, 224, 224]))
2026-02-10 15:46:30,634 - INFO - Running first forward pass (torch.compile may take time)...
/usr/local/lib/python3.12/site-packages/torch/backends/cuda/__init__.py:131: UserWarning: Please use the new API settings to control TF32 behavior, such as torch.backends.cudnn.conv.fp32_precision = 'tf32' or torch.backends.cuda.matmul.fp32_precision = 'ieee'. Old settings, e.g, torch.backends.cuda.matmul.allow_tf32 = True, torch.backends.cudnn.allow_tf32 = True, allowTF32CuDNN() and allowTF32CuBLAS() will be deprecated after Pytorch 2.9. Please see https://pytorch.org/docs/main/notes/cuda.html#tensorfloat-32-tf32-on-ampere-and-later-devices (Triggered internally at /pytorch/aten/src/ATen/Context.cpp:80.)
  return torch._C._get_cublas_allow_tf32()
2026-02-10 15:48:36,219 - INFO - First forward pass complete (output shape: torch.Size([128, 1000]))
2026-02-10 15:50:22,782 - INFO - First batch complete! Loss: 6.9829
2026-02-10 16:31:07,808 - INFO - Epoch 1/20: LR: 0.000505
2026-02-10 16:31:07,880 - INFO - Epoch 1/20: Train Loss: 6.8554, Val Loss: 6.7157, Val Acc: 0.58%
2026-02-10 16:31:11,132 - INFO - Processing first batch (shape: torch.Size([128, 3, 224, 224]))
2026-02-10 16:31:11,142 - INFO - Running first forward pass (torch.compile may take time)...
2026-02-10 16:31:11,251 - INFO - First forward pass complete (output shape: torch.Size([128, 1000]))
2026-02-10 16:31:11,358 - INFO - First batch complete! Loss: 6.8818
2026-02-10 17:02:15,208 - INFO - Epoch 2/20: LR: 0.001000
2026-02-10 17:02:15,257 - INFO - Epoch 2/20: Train Loss: 6.8434, Val Loss: 6.7182, Val Acc: 0.48%
2026-02-10 17:02:18,193 - INFO - Processing first batch (shape: torch.Size([128, 3, 224, 224]))
2026-02-10 17:02:18,198 - INFO - Running first forward pass (torch.compile may take time)...
2026-02-10 17:02:18,307 - INFO - First forward pass complete (output shape: torch.Size([128, 1000]))
2026-02-10 17:02:18,411 - INFO - First batch complete! Loss: 6.7925
2026-02-10 17:33:18,029 - INFO - Epoch 3/20: LR: 0.000992
2026-02-10 17:33:18,056 - INFO - Epoch 3/20: Train Loss: 6.8779, Val Loss: 6.9205, Val Acc: 0.12%
2026-02-10 17:33:20,901 - INFO - Processing first batch (shape: torch.Size([128, 3, 224, 224]))
2026-02-10 17:33:20,906 - INFO - Running first forward pass (torch.compile may take time)...
2026-02-10 17:33:21,045 - INFO - First forward pass complete (output shape: torch.Size([128, 1000]))
2026-02-10 17:33:21,146 - INFO - First batch complete! Loss: 6.9299
2026-02-10 18:04:46,101 - INFO - Epoch 4/20: LR: 0.000970
2026-02-10 18:04:46,192 - INFO - Epoch 4/20: Train Loss: 6.9122, Val Loss: 6.9160, Val Acc: 0.08%
2026-02-10 18:04:48,898 - INFO - Processing first batch (shape: torch.Size([128, 3, 224, 224]))
2026-02-10 18:04:48,903 - INFO - Running first forward pass (torch.compile may take time)...
2026-02-10 18:04:49,029 - INFO - First forward pass complete (output shape: torch.Size([128, 1000]))
2026-02-10 18:04:49,136 - INFO - First batch complete! Loss: 6.9226
2026-02-10 18:34:08,657 - INFO - Epoch 5/20: LR: 0.000934
