/var/spool/slurmd/spool/job4087088/slurm_script: line 19: python: command not found
INFO:    gocryptfs not found, will not be able to use gocryptfs
2026-02-10 19:36:53,783 - INFO - Logging initialized. Log file: runs/run_304/training.log
2026-02-10 19:36:53,794 - INFO - Experiment directory: runs/run_304
2026-02-10 19:36:53,796 - INFO - Setting random seeds for reproducibility (seed: 42)...
2026-02-10 19:36:53,807 - INFO - ✅ All seeds set to 42 (deterministic=False)
2026-02-10 19:36:54,239 - INFO - GPU memory cleared at startup. Available: 39.2GB
2026-02-10 19:36:54,241 - INFO - Using device: cuda
2026-02-10 19:36:54,242 - INFO - Training configuration: epochs=20, warmup=2, lr=0.001
2026-02-10 19:36:54,244 - INFO - SWIN configuration: variant=tiny, use_shifted_window=True, use_relative_bias=True, use_absolute_pos_embed=False, use_hierarchical_merge=False, use_gradient_checkpointing=False
2026-02-10 19:36:54,246 - INFO - SWIN details: embed_dim=96, depths=[2, 2, 6, 2], num_heads=[3, 6, 12, 24], window_size=7
2026-02-10 19:36:54,247 - INFO - Loading dataset...
2026-02-10 19:36:54,249 - INFO - Starting ImageNet data loading from root: /
2026-02-10 19:36:54,251 - INFO - Resolved root path: /
2026-02-10 19:36:54,252 - INFO - Root path exists: True
2026-02-10 19:36:54,253 - INFO - Root path is dir: True
2026-02-10 19:36:54,258 - INFO - Contents of /: ['/.exec', '/.run', '/.shell', '/.singularity.d', '/.test', '/bin', '/boot', '/dev', '/environment', '/etc', '/home', '/lib', '/lib64', '/media', '/mnt', '/opt', '/proc', '/requirements.txt', '/root', '/run', '/sbin', '/singularity', '/srv', '/sys', '/tmp', '/usr', '/var', '/meta', '/train_set', '/train_set_small', '/val_set', '/val_set_unlabeled']
2026-02-10 19:36:54,259 - INFO - Expected train_dir: /train_set, exists: True
2026-02-10 19:36:54,261 - INFO - Expected val_dir: /val_set, exists: True
2026-02-10 19:37:00,104 - INFO - Loaded ImageNet data from /: train=1281167, val=50000
2026-02-10 19:37:00,789 - INFO - Dataset limits applied (stratified sampling enabled)
2026-02-10 19:37:00,791 - INFO - Dataset loaded: train=100000 samples (782 batches), val=50000 samples (391 batches), test=50000 samples (391 batches)
2026-02-10 19:37:02,515 - INFO - Training SWIN from scratch
2026-02-10 19:37:02,516 - INFO - Initializing SWIN model from scratch...
2026-02-10 19:37:02,518 - INFO - Model architecture: SWIN
2026-02-10 19:37:02,519 - INFO - Model config: {'type': 'swin', 'variant': 'tiny', 'patch_size': 4, 'embed_dim': 96, 'depths': [2, 2, 6, 2], 'num_heads': [3, 6, 12, 24], 'window_size': 7, 'mlp_ratio': 4.0, 'dropout': 0.0, 'attention_dropout': 0.0, 'projection_dropout': 0.0, 'drop_path_rate': 0.08, 'use_shifted_window': True, 'use_relative_bias': True, 'use_absolute_pos_embed': False, 'use_hierarchical_merge': False, 'use_gradient_checkpointing': False}
2026-02-10 19:37:02,871 - INFO - Model created with random initialization
2026-02-10 19:37:02,872 - INFO - Total parameters: 28,288,354
2026-02-10 19:37:02,874 - INFO - Trainable parameters: 28,288,354
2026-02-10 19:37:02,904 - INFO - Compiling model with torch.compile()
2026-02-10 19:37:04,404 - INFO - Mixed precision enabled → CUDA bf16 selected (hardware supported)
2026-02-10 19:37:04,406 - INFO - Starting from-scratch training...
2026-02-10 19:37:04,407 - INFO - Optimizer: training all model parameters
2026-02-10 19:37:04,409 - INFO - LR Scheduler: cosine with 2 warmup epochs
2026-02-10 19:37:04,410 - INFO - Starting training...
2026-02-10 19:37:06,651 - INFO - Processing first batch (shape: torch.Size([128, 3, 224, 224]))
2026-02-10 19:37:06,653 - INFO - Running first forward pass (torch.compile may take time)...
/usr/local/lib/python3.12/site-packages/torch/backends/cuda/__init__.py:131: UserWarning: Please use the new API settings to control TF32 behavior, such as torch.backends.cudnn.conv.fp32_precision = 'tf32' or torch.backends.cuda.matmul.fp32_precision = 'ieee'. Old settings, e.g, torch.backends.cuda.matmul.allow_tf32 = True, torch.backends.cudnn.allow_tf32 = True, allowTF32CuDNN() and allowTF32CuBLAS() will be deprecated after Pytorch 2.9. Please see https://pytorch.org/docs/main/notes/cuda.html#tensorfloat-32-tf32-on-ampere-and-later-devices (Triggered internally at /pytorch/aten/src/ATen/Context.cpp:80.)
  return torch._C._get_cublas_allow_tf32()
W0210 19:37:28.786000 3410362 site-packages/torch/_inductor/utils.py:1558] [0/0] Not enough SMs to use max_autotune_gemm mode
2026-02-10 19:38:11,069 - INFO - First forward pass complete (output shape: torch.Size([128, 1000]))
2026-02-10 19:39:13,168 - INFO - First batch complete! Loss: 6.9836
2026-02-10 20:03:25,422 - INFO - Epoch 1/20: LR: 0.000505
2026-02-10 20:03:25,424 - INFO - Epoch 1/20: Train Loss: 6.8554, Val Loss: 6.7157, Val Acc: 0.58%
2026-02-10 20:03:27,149 - INFO - Processing first batch (shape: torch.Size([128, 3, 224, 224]))
2026-02-10 20:03:27,155 - INFO - Running first forward pass (torch.compile may take time)...
2026-02-10 20:03:27,320 - INFO - First forward pass complete (output shape: torch.Size([128, 1000]))
2026-02-10 20:03:27,431 - INFO - First batch complete! Loss: 6.8809
2026-02-10 20:22:39,920 - INFO - Epoch 2/20: LR: 0.001000
2026-02-10 20:22:39,922 - INFO - Epoch 2/20: Train Loss: 6.8934, Val Loss: 6.8141, Val Acc: 0.29%
2026-02-10 20:22:41,653 - INFO - Processing first batch (shape: torch.Size([128, 3, 224, 224]))
2026-02-10 20:22:41,661 - INFO - Running first forward pass (torch.compile may take time)...
2026-02-10 20:22:41,767 - INFO - First forward pass complete (output shape: torch.Size([128, 1000]))
2026-02-10 20:22:41,880 - INFO - First batch complete! Loss: 6.8911
2026-02-10 20:41:58,258 - INFO - Epoch 3/20: LR: 0.000993
2026-02-10 20:41:58,260 - INFO - Epoch 3/20: Train Loss: 6.9344, Val Loss: 6.9173, Val Acc: 0.10%
2026-02-10 20:42:00,000 - INFO - Processing first batch (shape: torch.Size([128, 3, 224, 224]))
2026-02-10 20:42:00,007 - INFO - Running first forward pass (torch.compile may take time)...
2026-02-10 20:42:00,154 - INFO - First forward pass complete (output shape: torch.Size([128, 1000]))
2026-02-10 20:42:00,267 - INFO - First batch complete! Loss: 6.9216
2026-02-10 21:01:25,698 - INFO - Epoch 4/20: LR: 0.000973
2026-02-10 21:01:25,701 - INFO - Epoch 4/20: Train Loss: 6.9173, Val Loss: 6.9174, Val Acc: 0.10%
2026-02-10 21:01:27,373 - INFO - Processing first batch (shape: torch.Size([128, 3, 224, 224]))
2026-02-10 21:01:27,381 - INFO - Running first forward pass (torch.compile may take time)...
2026-02-10 21:01:27,503 - INFO - First forward pass complete (output shape: torch.Size([128, 1000]))
2026-02-10 21:01:27,608 - INFO - First batch complete! Loss: 6.9187
2026-02-10 21:20:39,693 - INFO - Epoch 5/20: LR: 0.000940
2026-02-10 21:28:24,815 - INFO - Epoch 5/20: Train Loss: 6.9147, Val Loss: 6.9145, Val Acc: 0.10%, Test Loss: 6.9145, Test Acc: 0.10%
2026-02-10 21:28:26,583 - INFO - Processing first batch (shape: torch.Size([128, 3, 224, 224]))
2026-02-10 21:28:26,588 - INFO - Running first forward pass (torch.compile may take time)...
2026-02-10 21:28:26,697 - INFO - First forward pass complete (output shape: torch.Size([128, 1000]))
2026-02-10 21:28:26,806 - INFO - First batch complete! Loss: 6.9048
2026-02-10 21:47:54,321 - INFO - Epoch 6/20: LR: 0.000895
2026-02-10 21:47:54,324 - INFO - Epoch 6/20: Train Loss: 6.9140, Val Loss: 6.9147, Val Acc: 0.10%
2026-02-10 21:47:56,163 - INFO - Processing first batch (shape: torch.Size([128, 3, 224, 224]))
2026-02-10 21:47:56,171 - INFO - Running first forward pass (torch.compile may take time)...
2026-02-10 21:47:56,260 - INFO - First forward pass complete (output shape: torch.Size([128, 1000]))
2026-02-10 21:47:56,367 - INFO - First batch complete! Loss: 6.9260
2026-02-10 22:07:38,330 - INFO - Epoch 7/20: LR: 0.000839
2026-02-10 22:07:38,862 - INFO - Epoch 7/20: Train Loss: 6.9123, Val Loss: 6.9128, Val Acc: 0.10%
2026-02-10 22:07:40,606 - INFO - Processing first batch (shape: torch.Size([128, 3, 224, 224]))
2026-02-10 22:07:40,614 - INFO - Running first forward pass (torch.compile may take time)...
2026-02-10 22:07:40,735 - INFO - First forward pass complete (output shape: torch.Size([128, 1000]))
2026-02-10 22:07:40,842 - INFO - First batch complete! Loss: 6.9094
2026-02-10 22:27:32,398 - INFO - Epoch 8/20: LR: 0.000775
2026-02-10 22:27:32,438 - INFO - Epoch 8/20: Train Loss: 6.9114, Val Loss: 6.9118, Val Acc: 0.10%
2026-02-10 22:27:34,292 - INFO - Processing first batch (shape: torch.Size([128, 3, 224, 224]))
2026-02-10 22:27:34,300 - INFO - Running first forward pass (torch.compile may take time)...
2026-02-10 22:27:34,381 - INFO - First forward pass complete (output shape: torch.Size([128, 1000]))
2026-02-10 22:27:34,488 - INFO - First batch complete! Loss: 6.9148
2026-02-10 22:47:16,798 - INFO - Epoch 9/20: LR: 0.000704
2026-02-10 22:47:16,806 - INFO - Epoch 9/20: Train Loss: 6.9105, Val Loss: 6.9113, Val Acc: 0.10%
2026-02-10 22:47:18,615 - INFO - Processing first batch (shape: torch.Size([128, 3, 224, 224]))
2026-02-10 22:47:18,622 - INFO - Running first forward pass (torch.compile may take time)...
2026-02-10 22:47:18,726 - INFO - First forward pass complete (output shape: torch.Size([128, 1000]))
2026-02-10 22:47:18,839 - INFO - First batch complete! Loss: 6.8967
2026-02-10 23:07:16,801 - INFO - Epoch 10/20: LR: 0.000628
2026-02-10 23:15:33,530 - INFO - Epoch 10/20: Train Loss: 6.9094, Val Loss: 6.9115, Val Acc: 0.10%, Test Loss: 6.9115, Test Acc: 0.10%
2026-02-10 23:15:33,543 - INFO - Saving checkpoint for epoch 10...
2026-02-10 23:15:34,615 - INFO - ✅ Checkpoint saved: runs/run_304/checkpoint_epoch_10.pth
2026-02-10 23:15:36,400 - INFO - Processing first batch (shape: torch.Size([128, 3, 224, 224]))
2026-02-10 23:15:36,403 - INFO - Running first forward pass (torch.compile may take time)...
2026-02-10 23:15:36,511 - INFO - First forward pass complete (output shape: torch.Size([128, 1000]))
2026-02-10 23:15:36,618 - INFO - First batch complete! Loss: 6.9163
2026-02-10 23:36:08,210 - INFO - Epoch 11/20: LR: 0.000550
2026-02-10 23:36:08,235 - INFO - Epoch 11/20: Train Loss: 6.9092, Val Loss: 6.9104, Val Acc: 0.10%
2026-02-10 23:36:09,932 - INFO - Processing first batch (shape: torch.Size([128, 3, 224, 224]))
2026-02-10 23:36:09,941 - INFO - Running first forward pass (torch.compile may take time)...
2026-02-10 23:36:10,041 - INFO - First forward pass complete (output shape: torch.Size([128, 1000]))
2026-02-10 23:36:10,149 - INFO - First batch complete! Loss: 6.9070
2026-02-10 23:55:59,921 - INFO - Epoch 12/20: LR: 0.000472
2026-02-10 23:55:59,940 - INFO - Epoch 12/20: Train Loss: 6.9084, Val Loss: 6.9105, Val Acc: 0.10%
2026-02-10 23:56:01,530 - INFO - Processing first batch (shape: torch.Size([128, 3, 224, 224]))
2026-02-10 23:56:01,536 - INFO - Running first forward pass (torch.compile may take time)...
2026-02-10 23:56:01,610 - INFO - First forward pass complete (output shape: torch.Size([128, 1000]))
2026-02-10 23:56:01,717 - INFO - First batch complete! Loss: 6.9041
2026-02-11 00:15:53,216 - INFO - Epoch 13/20: LR: 0.000396
2026-02-11 00:15:53,233 - INFO - Epoch 13/20: Train Loss: 6.9079, Val Loss: 6.9106, Val Acc: 0.10%
2026-02-11 00:15:55,027 - INFO - Processing first batch (shape: torch.Size([128, 3, 224, 224]))
2026-02-11 00:15:55,035 - INFO - Running first forward pass (torch.compile may take time)...
2026-02-11 00:15:55,161 - INFO - First forward pass complete (output shape: torch.Size([128, 1000]))
2026-02-11 00:15:55,268 - INFO - First batch complete! Loss: 6.9016
2026-02-11 00:35:24,223 - INFO - Epoch 14/20: LR: 0.000325
2026-02-11 00:35:24,265 - INFO - Epoch 14/20: Train Loss: 6.9077, Val Loss: 6.9093, Val Acc: 0.10%
2026-02-11 00:35:25,943 - INFO - Processing first batch (shape: torch.Size([128, 3, 224, 224]))
2026-02-11 00:35:25,950 - INFO - Running first forward pass (torch.compile may take time)...
2026-02-11 00:35:26,089 - INFO - First forward pass complete (output shape: torch.Size([128, 1000]))
2026-02-11 00:35:26,203 - INFO - First batch complete! Loss: 6.9055
[2026-02-11T00:36:46.030] error: *** JOB 4087088 ON head022 CANCELLED AT 2026-02-11T00:36:46 DUE TO TIME LIMIT ***
