Job started on node: head022
Allocated GPU(s): 0
Starting training at Thu Feb 12 03:26:00 CET 2026
GPU Memory before training:
936, 80218, 81920
5693, 75461, 81920
27705, 53449, 81920
39339, 41815, 81920
25318, 55836, 81920
216, 80937, 81920
213, 80940, 81920
3388, 77766, 81920
Training completed at Thu Feb 12 10:55:31 CET 2026
GPU Memory after training:
8173, 72981, 81920
3415, 77739, 81920
11151, 70003, 81920
45039, 36115, 81920
10249, 70905, 81920
6367, 74787, 81920
5155, 75999, 81920
10523, 70631, 81920
Job finished
