/var/spool/slurmd/spool/job4090633/slurm_script: line 19: python: command not found
INFO:    gocryptfs not found, will not be able to use gocryptfs
2026-02-14 08:03:28,573 - INFO - Logging initialized. Log file: runs/run_315/training.log
2026-02-14 08:03:28,597 - INFO - Experiment directory: runs/run_315
2026-02-14 08:03:28,599 - INFO - Setting random seeds for reproducibility (seed: 42)...
2026-02-14 08:03:28,620 - INFO - ✅ All seeds set to 42 (deterministic=False)
2026-02-14 08:03:29,020 - INFO - GPU memory cleared at startup. Available: 23.6GB
2026-02-14 08:03:29,021 - INFO - Using device: cuda
2026-02-14 08:03:29,023 - INFO - Training configuration: epochs=20, warmup=3, lr=0.0005
2026-02-14 08:03:29,024 - INFO - SWIN_IMPROVED configuration: {'type': 'swin_improved', 'variant': 'tiny', 'patch_size': 4, 'embed_dim': 96, 'depths': [2, 2, 6, 2], 'num_heads': [3, 6, 12, 24], 'window_size': 7, 'mlp_ratio': 4.0, 'dropout': 0.0, 'attention_dropout': 0.0, 'projection_dropout': 0.0, 'drop_path_rate': 0.08, 'use_shifted_window': True, 'use_relative_bias': True, 'use_absolute_pos_embed': False, 'use_hierarchical_merge': False, 'use_gradient_checkpointing': False, 'use_conv_stem': True, 'conv_stem_config': {'channels': [48, 96], 'kernel_sizes': [4, 3], 'strides': [4, 2], 'paddings': [0, 1], 'activation': 'gelu', 'use_batch_norm': True}, 'use_inverted_ffn': True, 'ffn_config': {'expand_ratio': 4, 'use_depthwise_conv': True, 'activation': 'gelu'}}
2026-02-14 08:03:29,026 - INFO - Loading dataset...
2026-02-14 08:03:29,030 - INFO - Starting ImageNet data loading from root: /
2026-02-14 08:03:29,031 - INFO - Resolved root path: /
2026-02-14 08:03:29,033 - INFO - Root path exists: True
2026-02-14 08:03:29,034 - INFO - Root path is dir: True
2026-02-14 08:03:29,071 - INFO - Contents of /: ['/.exec', '/.run', '/.shell', '/.singularity.d', '/.test', '/bin', '/boot', '/dev', '/environment', '/etc', '/home', '/lib', '/lib64', '/media', '/mnt', '/opt', '/proc', '/requirements.txt', '/root', '/run', '/sbin', '/singularity', '/srv', '/sys', '/tmp', '/usr', '/var', '/meta', '/train_set', '/train_set_small', '/val_set', '/val_set_unlabeled']
2026-02-14 08:03:29,072 - INFO - Expected train_dir: /train_set, exists: True
2026-02-14 08:03:29,073 - INFO - Expected val_dir: /val_set, exists: True
2026-02-14 08:03:43,960 - INFO - Loaded ImageNet data from /: train=1281167, val=50000
2026-02-14 08:03:46,902 - INFO - Dataset limits applied (stratified sampling enabled)
2026-02-14 08:03:46,905 - INFO - Dataset loaded: train=100000 samples (782 batches), val=50000 samples (391 batches), test=50000 samples (391 batches)
2026-02-14 08:03:49,027 - INFO - Training SWIN_IMPROVED from scratch
2026-02-14 08:03:49,029 - INFO - Initializing SWIN_IMPROVED model from scratch...
2026-02-14 08:03:49,031 - INFO - Model architecture: SWIN_IMPROVED
2026-02-14 08:03:49,032 - INFO - Model config: {'type': 'swin_improved', 'variant': 'tiny', 'patch_size': 4, 'embed_dim': 96, 'depths': [2, 2, 6, 2], 'num_heads': [3, 6, 12, 24], 'window_size': 7, 'mlp_ratio': 4.0, 'dropout': 0.0, 'attention_dropout': 0.0, 'projection_dropout': 0.0, 'drop_path_rate': 0.08, 'use_shifted_window': True, 'use_relative_bias': True, 'use_absolute_pos_embed': False, 'use_hierarchical_merge': False, 'use_gradient_checkpointing': False, 'use_conv_stem': True, 'conv_stem_config': {'channels': [48, 96], 'kernel_sizes': [4, 3], 'strides': [4, 2], 'paddings': [0, 1], 'activation': 'gelu', 'use_batch_norm': True}, 'use_inverted_ffn': True, 'ffn_config': {'expand_ratio': 4, 'use_depthwise_conv': True, 'activation': 'gelu'}}
2026-02-14 08:03:50,501 - INFO - Model created with random initialization
2026-02-14 08:03:50,503 - INFO - Total parameters: 28,518,706
2026-02-14 08:03:50,504 - INFO - Trainable parameters: 28,518,706
2026-02-14 08:03:50,600 - INFO - Compiling model with torch.compile()
2026-02-14 08:03:54,480 - INFO - Mixed precision enabled → CUDA bf16 selected (hardware supported)
2026-02-14 08:03:54,482 - INFO - Starting from-scratch training...
2026-02-14 08:03:54,483 - INFO - Optimizer: training all model parameters
2026-02-14 08:03:54,488 - INFO - LR Scheduler: cosine with 3 warmup epochs
2026-02-14 08:03:54,489 - INFO - Starting training...
2026-02-14 08:03:58,699 - INFO - Processing first batch (shape: torch.Size([128, 3, 224, 224]))
2026-02-14 08:03:58,703 - INFO - Running first forward pass (torch.compile may take time)...
/usr/local/lib/python3.12/site-packages/torch/backends/cuda/__init__.py:131: UserWarning: Please use the new API settings to control TF32 behavior, such as torch.backends.cudnn.conv.fp32_precision = 'tf32' or torch.backends.cuda.matmul.fp32_precision = 'ieee'. Old settings, e.g, torch.backends.cuda.matmul.allow_tf32 = True, torch.backends.cudnn.allow_tf32 = True, allowTF32CuDNN() and allowTF32CuBLAS() will be deprecated after Pytorch 2.9. Please see https://pytorch.org/docs/main/notes/cuda.html#tensorfloat-32-tf32-on-ampere-and-later-devices (Triggered internally at /pytorch/aten/src/ATen/Context.cpp:80.)
  return torch._C._get_cublas_allow_tf32()
2026-02-14 08:06:37,352 - INFO - First forward pass complete (output shape: torch.Size([128, 1000]))
2026-02-14 08:08:38,357 - INFO - First batch complete! Loss: 7.0479
2026-02-14 08:53:32,947 - INFO - Epoch 1/20: LR: 0.000170
2026-02-14 08:53:32,950 - INFO - Epoch 1/20: Train Loss: 6.9000, Val Loss: 6.7699, Val Acc: 0.61%
2026-02-14 08:53:35,644 - INFO - Processing first batch (shape: torch.Size([128, 3, 224, 224]))
2026-02-14 08:53:35,655 - INFO - Running first forward pass (torch.compile may take time)...
2026-02-14 08:53:35,742 - INFO - First forward pass complete (output shape: torch.Size([128, 1000]))
2026-02-14 08:53:35,826 - INFO - First batch complete! Loss: 6.8950
2026-02-14 09:23:37,263 - INFO - Epoch 2/20: LR: 0.000335
2026-02-14 09:23:37,265 - INFO - Epoch 2/20: Train Loss: 6.6413, Val Loss: 6.3438, Val Acc: 1.11%
2026-02-14 09:23:42,383 - INFO - Processing first batch (shape: torch.Size([128, 3, 224, 224]))
2026-02-14 09:23:42,388 - INFO - Running first forward pass (torch.compile may take time)...
2026-02-14 09:23:42,517 - INFO - First forward pass complete (output shape: torch.Size([128, 1000]))
2026-02-14 09:23:42,596 - INFO - First batch complete! Loss: 6.4313
2026-02-14 09:53:34,887 - INFO - Epoch 3/20: LR: 0.000500
2026-02-14 09:53:34,888 - INFO - Epoch 3/20: Train Loss: 6.3228, Val Loss: 5.9966, Val Acc: 2.28%
2026-02-14 09:53:37,358 - INFO - Processing first batch (shape: torch.Size([128, 3, 224, 224]))
2026-02-14 09:53:37,363 - INFO - Running first forward pass (torch.compile may take time)...
2026-02-14 09:53:37,464 - INFO - First forward pass complete (output shape: torch.Size([128, 1000]))
2026-02-14 09:53:37,532 - INFO - First batch complete! Loss: 6.1432
2026-02-14 10:22:47,088 - INFO - Epoch 4/20: LR: 0.000496
2026-02-14 10:22:47,123 - INFO - Epoch 4/20: Train Loss: 6.1065, Val Loss: 5.6939, Val Acc: 3.77%
2026-02-14 10:22:49,869 - INFO - Processing first batch (shape: torch.Size([128, 3, 224, 224]))
2026-02-14 10:22:49,874 - INFO - Running first forward pass (torch.compile may take time)...
2026-02-14 10:22:49,929 - INFO - First forward pass complete (output shape: torch.Size([128, 1000]))
2026-02-14 10:22:49,993 - INFO - First batch complete! Loss: 5.9958
2026-02-14 10:52:21,147 - INFO - Epoch 5/20: LR: 0.000483
2026-02-14 11:04:50,287 - INFO - Epoch 5/20: Train Loss: 5.8688, Val Loss: 5.4192, Val Acc: 5.12%, Test Loss: 5.4192, Test Acc: 5.12%
2026-02-14 11:04:53,028 - INFO - Processing first batch (shape: torch.Size([128, 3, 224, 224]))
2026-02-14 11:04:53,037 - INFO - Running first forward pass (torch.compile may take time)...
2026-02-14 11:04:53,193 - INFO - First forward pass complete (output shape: torch.Size([128, 1000]))
2026-02-14 11:04:53,293 - INFO - First batch complete! Loss: 5.8267
2026-02-14 11:37:19,306 - INFO - Epoch 6/20: LR: 0.000463
2026-02-14 11:37:19,308 - INFO - Epoch 6/20: Train Loss: 5.6964, Val Loss: 5.2781, Val Acc: 6.39%
2026-02-14 11:37:23,273 - INFO - Processing first batch (shape: torch.Size([128, 3, 224, 224]))
2026-02-14 11:37:23,278 - INFO - Running first forward pass (torch.compile may take time)...
2026-02-14 11:37:23,328 - INFO - First forward pass complete (output shape: torch.Size([128, 1000]))
2026-02-14 11:37:23,382 - INFO - First batch complete! Loss: 5.5056
2026-02-14 12:09:55,061 - INFO - Epoch 7/20: LR: 0.000435
2026-02-14 12:09:55,088 - INFO - Epoch 7/20: Train Loss: 5.5379, Val Loss: 5.1598, Val Acc: 7.60%
2026-02-14 12:09:57,617 - INFO - Processing first batch (shape: torch.Size([128, 3, 224, 224]))
2026-02-14 12:09:57,622 - INFO - Running first forward pass (torch.compile may take time)...
2026-02-14 12:09:57,672 - INFO - First forward pass complete (output shape: torch.Size([128, 1000]))
2026-02-14 12:09:57,732 - INFO - First batch complete! Loss: 5.5202
2026-02-14 12:40:45,555 - INFO - Epoch 8/20: LR: 0.000401
2026-02-14 12:40:45,570 - INFO - Epoch 8/20: Train Loss: 5.4066, Val Loss: 4.9646, Val Acc: 9.33%
2026-02-14 12:40:48,383 - INFO - Processing first batch (shape: torch.Size([128, 3, 224, 224]))
2026-02-14 12:40:48,388 - INFO - Running first forward pass (torch.compile may take time)...
2026-02-14 12:40:48,439 - INFO - First forward pass complete (output shape: torch.Size([128, 1000]))
2026-02-14 12:40:48,498 - INFO - First batch complete! Loss: 5.2128
2026-02-14 13:10:21,863 - INFO - Epoch 9/20: LR: 0.000362
2026-02-14 13:10:21,887 - INFO - Epoch 9/20: Train Loss: 5.2837, Val Loss: 4.8606, Val Acc: 10.30%
2026-02-14 13:10:24,679 - INFO - Processing first batch (shape: torch.Size([128, 3, 224, 224]))
2026-02-14 13:10:24,683 - INFO - Running first forward pass (torch.compile may take time)...
2026-02-14 13:10:24,731 - INFO - First forward pass complete (output shape: torch.Size([128, 1000]))
2026-02-14 13:10:24,782 - INFO - First batch complete! Loss: 5.2400
2026-02-14 13:40:30,979 - INFO - Epoch 10/20: LR: 0.000319
2026-02-14 13:52:41,306 - INFO - Epoch 10/20: Train Loss: 5.1617, Val Loss: 4.7241, Val Acc: 11.76%, Test Loss: 4.7241, Test Acc: 11.76%
2026-02-14 13:52:41,312 - INFO - Saving checkpoint for epoch 10...
2026-02-14 13:52:42,595 - INFO - ✅ Checkpoint saved: runs/run_315/checkpoint_epoch_10.pth
2026-02-14 13:52:45,329 - INFO - Processing first batch (shape: torch.Size([128, 3, 224, 224]))
2026-02-14 13:52:45,334 - INFO - Running first forward pass (torch.compile may take time)...
2026-02-14 13:52:45,435 - INFO - First forward pass complete (output shape: torch.Size([128, 1000]))
2026-02-14 13:52:45,500 - INFO - First batch complete! Loss: 5.2271
2026-02-14 14:22:43,958 - INFO - Epoch 11/20: LR: 0.000274
2026-02-14 14:22:43,997 - INFO - Epoch 11/20: Train Loss: 5.0363, Val Loss: 4.6093, Val Acc: 13.06%
2026-02-14 14:22:47,583 - INFO - Processing first batch (shape: torch.Size([128, 3, 224, 224]))
2026-02-14 14:22:47,588 - INFO - Running first forward pass (torch.compile may take time)...
2026-02-14 14:22:47,642 - INFO - First forward pass complete (output shape: torch.Size([128, 1000]))
2026-02-14 14:22:47,692 - INFO - First batch complete! Loss: 4.8345
2026-02-14 14:55:18,593 - INFO - Epoch 12/20: LR: 0.000227
2026-02-14 14:55:18,596 - INFO - Epoch 12/20: Train Loss: 4.9176, Val Loss: 4.5621, Val Acc: 13.55%
2026-02-14 14:55:21,257 - INFO - Processing first batch (shape: torch.Size([128, 3, 224, 224]))
2026-02-14 14:55:21,262 - INFO - Running first forward pass (torch.compile may take time)...
2026-02-14 14:55:21,329 - INFO - First forward pass complete (output shape: torch.Size([128, 1000]))
2026-02-14 14:55:21,409 - INFO - First batch complete! Loss: 4.7393
2026-02-14 15:24:49,985 - INFO - Epoch 13/20: LR: 0.000182
2026-02-14 15:24:50,018 - INFO - Epoch 13/20: Train Loss: 4.8000, Val Loss: 4.4077, Val Acc: 15.51%
2026-02-14 15:24:53,345 - INFO - Processing first batch (shape: torch.Size([128, 3, 224, 224]))
2026-02-14 15:24:53,350 - INFO - Running first forward pass (torch.compile may take time)...
2026-02-14 15:24:53,428 - INFO - First forward pass complete (output shape: torch.Size([128, 1000]))
2026-02-14 15:24:53,485 - INFO - First batch complete! Loss: 4.7157
2026-02-14 15:59:26,582 - INFO - Epoch 14/20: LR: 0.000139
2026-02-14 15:59:26,610 - INFO - Epoch 14/20: Train Loss: 4.6888, Val Loss: 4.3457, Val Acc: 16.33%
2026-02-14 15:59:29,247 - INFO - Processing first batch (shape: torch.Size([128, 3, 224, 224]))
2026-02-14 15:59:29,253 - INFO - Running first forward pass (torch.compile may take time)...
2026-02-14 15:59:29,375 - INFO - First forward pass complete (output shape: torch.Size([128, 1000]))
2026-02-14 15:59:29,462 - INFO - First batch complete! Loss: 4.5708
2026-02-14 16:29:17,234 - INFO - Epoch 15/20: LR: 0.000100
2026-02-14 16:41:27,815 - INFO - Epoch 15/20: Train Loss: 4.5735, Val Loss: 4.2236, Val Acc: 17.83%, Test Loss: 4.2236, Test Acc: 17.83%
2026-02-14 16:41:30,781 - INFO - Processing first batch (shape: torch.Size([128, 3, 224, 224]))
2026-02-14 16:41:30,785 - INFO - Running first forward pass (torch.compile may take time)...
2026-02-14 16:41:30,909 - INFO - First forward pass complete (output shape: torch.Size([128, 1000]))
2026-02-14 16:41:31,034 - INFO - First batch complete! Loss: 4.1913
2026-02-14 17:18:05,957 - INFO - Epoch 16/20: LR: 0.000066
2026-02-14 17:18:05,960 - INFO - Epoch 16/20: Train Loss: 4.4851, Val Loss: 4.1779, Val Acc: 18.45%
2026-02-14 17:18:08,439 - INFO - Processing first batch (shape: torch.Size([128, 3, 224, 224]))
2026-02-14 17:18:08,446 - INFO - Running first forward pass (torch.compile may take time)...
2026-02-14 17:18:08,535 - INFO - First forward pass complete (output shape: torch.Size([128, 1000]))
2026-02-14 17:18:08,591 - INFO - First batch complete! Loss: 4.7627
2026-02-14 17:47:45,774 - INFO - Epoch 17/20: LR: 0.000038
2026-02-14 17:47:45,777 - INFO - Epoch 17/20: Train Loss: 4.4063, Val Loss: 4.1328, Val Acc: 19.16%
2026-02-14 17:47:48,315 - INFO - Processing first batch (shape: torch.Size([128, 3, 224, 224]))
2026-02-14 17:47:48,319 - INFO - Running first forward pass (torch.compile may take time)...
2026-02-14 17:47:48,373 - INFO - First forward pass complete (output shape: torch.Size([128, 1000]))
2026-02-14 17:47:48,429 - INFO - First batch complete! Loss: 4.4732
2026-02-14 18:16:57,334 - INFO - Epoch 18/20: LR: 0.000018
2026-02-14 18:16:57,337 - INFO - Epoch 18/20: Train Loss: 4.3410, Val Loss: 4.0914, Val Acc: 19.70%
2026-02-14 18:17:00,113 - INFO - Processing first batch (shape: torch.Size([128, 3, 224, 224]))
2026-02-14 18:17:00,118 - INFO - Running first forward pass (torch.compile may take time)...
2026-02-14 18:17:00,204 - INFO - First forward pass complete (output shape: torch.Size([128, 1000]))
2026-02-14 18:17:00,268 - INFO - First batch complete! Loss: 4.2033
2026-02-14 18:46:08,947 - INFO - Epoch 19/20: LR: 0.000005
2026-02-14 18:46:08,949 - INFO - Epoch 19/20: Train Loss: 4.2915, Val Loss: 4.0806, Val Acc: 19.84%
2026-02-14 18:46:11,648 - INFO - Processing first batch (shape: torch.Size([128, 3, 224, 224]))
2026-02-14 18:46:11,653 - INFO - Running first forward pass (torch.compile may take time)...
2026-02-14 18:46:11,705 - INFO - First forward pass complete (output shape: torch.Size([128, 1000]))
2026-02-14 18:46:11,763 - INFO - First batch complete! Loss: 4.1085
2026-02-14 19:15:15,928 - INFO - Epoch 20/20: LR: 0.000001
2026-02-14 19:27:20,460 - INFO - Epoch 20/20: Train Loss: 4.2733, Val Loss: 4.0695, Val Acc: 20.02%, Test Loss: 4.0695, Test Acc: 20.02%
2026-02-14 19:27:20,465 - INFO - Saving checkpoint for epoch 20...
2026-02-14 19:27:21,682 - INFO - ✅ Checkpoint saved: runs/run_315/checkpoint_epoch_20.pth
2026-02-14 19:27:21,686 - INFO - Training completed!
2026-02-14 19:27:21,688 - INFO - Generating training curves...
2026-02-14 19:27:25,198 - INFO - Too many classes (1000) for per-class plotting, skipping
2026-02-14 19:27:25,199 - INFO - Training curves saved as separate images with base name 'runs/run_315/training_curves_from_scratch'
2026-02-14 19:27:25,200 - INFO - Generating confusion matrix on test set...
