/var/spool/slurmd/spool/job4098325/slurm_script: line 19: python: command not found
INFO:    gocryptfs not found, will not be able to use gocryptfs
2026-02-12 16:36:43,973 - INFO - Logging initialized. Log file: runs/run_312/training.log
2026-02-12 16:36:44,044 - INFO - Experiment directory: runs/run_312
2026-02-12 16:36:44,046 - INFO - Setting random seeds for reproducibility (seed: 42)...
2026-02-12 16:36:44,112 - INFO - ✅ All seeds set to 42 (deterministic=False)
2026-02-12 16:36:44,639 - INFO - GPU memory cleared at startup. Available: 39.2GB
2026-02-12 16:36:44,640 - INFO - Using device: cuda
2026-02-12 16:36:44,641 - INFO - Training configuration: epochs=20, warmup=3, lr=0.0005
2026-02-12 16:36:44,643 - INFO - SWIN configuration: variant=tiny, use_shifted_window=True, use_relative_bias=True, use_absolute_pos_embed=False, use_hierarchical_merge=False, use_gradient_checkpointing=False
2026-02-12 16:36:44,644 - INFO - SWIN details: embed_dim=96, depths=[2, 2, 6, 2], num_heads=[3, 6, 12, 24], window_size=7
2026-02-12 16:36:44,646 - INFO - Loading dataset...
2026-02-12 16:36:44,647 - INFO - Starting ImageNet data loading from root: /
2026-02-12 16:36:44,648 - INFO - Resolved root path: /
2026-02-12 16:36:44,650 - INFO - Root path exists: True
2026-02-12 16:36:44,651 - INFO - Root path is dir: True
2026-02-12 16:36:44,691 - INFO - Contents of /: ['/.exec', '/.run', '/.shell', '/.singularity.d', '/.test', '/bin', '/boot', '/dev', '/environment', '/etc', '/home', '/lib', '/lib64', '/media', '/mnt', '/opt', '/proc', '/requirements.txt', '/root', '/run', '/sbin', '/singularity', '/srv', '/sys', '/tmp', '/usr', '/var', '/meta', '/train_set', '/train_set_small', '/val_set', '/val_set_unlabeled']
2026-02-12 16:36:44,692 - INFO - Expected train_dir: /train_set, exists: True
2026-02-12 16:36:44,694 - INFO - Expected val_dir: /val_set, exists: True
2026-02-12 16:36:50,559 - INFO - Loaded ImageNet data from /: train=1281167, val=50000
2026-02-12 16:36:51,319 - INFO - Dataset limits applied (stratified sampling enabled)
2026-02-12 16:36:51,321 - INFO - Dataset loaded: train=100000 samples (782 batches), val=50000 samples (391 batches), test=50000 samples (391 batches)
2026-02-12 16:36:54,032 - INFO - Training SWIN from scratch
2026-02-12 16:36:54,033 - INFO - Initializing SWIN model from scratch...
2026-02-12 16:36:54,035 - INFO - Model architecture: SWIN
2026-02-12 16:36:54,036 - INFO - Model config: {'type': 'swin', 'variant': 'tiny', 'patch_size': 4, 'embed_dim': 96, 'depths': [2, 2, 6, 2], 'num_heads': [3, 6, 12, 24], 'window_size': 7, 'mlp_ratio': 4.0, 'dropout': 0.0, 'attention_dropout': 0.0, 'projection_dropout': 0.0, 'drop_path_rate': 0.08, 'use_shifted_window': True, 'use_relative_bias': True, 'use_absolute_pos_embed': False, 'use_hierarchical_merge': False, 'use_gradient_checkpointing': False}
2026-02-12 16:36:54,413 - INFO - Model created with random initialization
2026-02-12 16:36:54,415 - INFO - Total parameters: 28,288,354
2026-02-12 16:36:54,417 - INFO - Trainable parameters: 28,288,354
2026-02-12 16:36:54,452 - INFO - Compiling model with torch.compile()
2026-02-12 16:36:55,952 - INFO - Mixed precision enabled → CUDA bf16 selected (hardware supported)
2026-02-12 16:36:55,954 - INFO - Starting from-scratch training...
2026-02-12 16:36:55,956 - INFO - Optimizer: training all model parameters
2026-02-12 16:36:55,958 - INFO - LR Scheduler: cosine with 3 warmup epochs
2026-02-12 16:36:55,959 - INFO - Starting training...
2026-02-12 16:36:59,478 - INFO - Processing first batch (shape: torch.Size([128, 3, 224, 224]))
2026-02-12 16:36:59,481 - INFO - Running first forward pass (torch.compile may take time)...
/usr/local/lib/python3.12/site-packages/torch/backends/cuda/__init__.py:131: UserWarning: Please use the new API settings to control TF32 behavior, such as torch.backends.cudnn.conv.fp32_precision = 'tf32' or torch.backends.cuda.matmul.fp32_precision = 'ieee'. Old settings, e.g, torch.backends.cuda.matmul.allow_tf32 = True, torch.backends.cudnn.allow_tf32 = True, allowTF32CuDNN() and allowTF32CuBLAS() will be deprecated after Pytorch 2.9. Please see https://pytorch.org/docs/main/notes/cuda.html#tensorfloat-32-tf32-on-ampere-and-later-devices (Triggered internally at /pytorch/aten/src/ATen/Context.cpp:80.)
  return torch._C._get_cublas_allow_tf32()
W0212 16:37:31.633000 429097 site-packages/torch/_inductor/utils.py:1558] [0/0] Not enough SMs to use max_autotune_gemm mode
2026-02-12 16:38:19,550 - INFO - First forward pass complete (output shape: torch.Size([128, 1000]))
2026-02-12 16:39:24,025 - INFO - First batch complete! Loss: 6.9834
2026-02-12 17:11:47,526 - INFO - Epoch 1/20: LR: 0.000170
2026-02-12 17:11:47,552 - INFO - Epoch 1/20: Train Loss: 6.8848, Val Loss: 6.7670, Val Acc: 0.49%
2026-02-12 17:11:49,337 - INFO - Processing first batch (shape: torch.Size([128, 3, 224, 224]))
2026-02-12 17:11:49,344 - INFO - Running first forward pass (torch.compile may take time)...
2026-02-12 17:11:49,429 - INFO - First forward pass complete (output shape: torch.Size([128, 1000]))
2026-02-12 17:11:49,535 - INFO - First batch complete! Loss: 6.9023
2026-02-12 17:32:03,583 - INFO - Epoch 2/20: LR: 0.000335
2026-02-12 17:32:03,585 - INFO - Epoch 2/20: Train Loss: 6.7631, Val Loss: 6.5865, Val Acc: 0.76%
2026-02-12 17:32:05,318 - INFO - Processing first batch (shape: torch.Size([128, 3, 224, 224]))
2026-02-12 17:32:05,326 - INFO - Running first forward pass (torch.compile may take time)...
2026-02-12 17:32:05,442 - INFO - First forward pass complete (output shape: torch.Size([128, 1000]))
2026-02-12 17:32:05,563 - INFO - First batch complete! Loss: 6.6465
2026-02-12 17:51:55,972 - INFO - Epoch 3/20: LR: 0.000500
2026-02-12 17:51:55,974 - INFO - Epoch 3/20: Train Loss: 6.5196, Val Loss: 6.1791, Val Acc: 1.57%
2026-02-12 17:51:57,735 - INFO - Processing first batch (shape: torch.Size([128, 3, 224, 224]))
2026-02-12 17:51:57,743 - INFO - Running first forward pass (torch.compile may take time)...
2026-02-12 17:51:57,821 - INFO - First forward pass complete (output shape: torch.Size([128, 1000]))
2026-02-12 17:51:57,926 - INFO - First batch complete! Loss: 6.3762
2026-02-12 18:11:52,893 - INFO - Epoch 4/20: LR: 0.000496
2026-02-12 18:11:52,896 - INFO - Epoch 4/20: Train Loss: 6.5211, Val Loss: 6.7792, Val Acc: 0.38%
2026-02-12 18:11:54,601 - INFO - Processing first batch (shape: torch.Size([128, 3, 224, 224]))
2026-02-12 18:11:54,609 - INFO - Running first forward pass (torch.compile may take time)...
2026-02-12 18:11:54,724 - INFO - First forward pass complete (output shape: torch.Size([128, 1000]))
2026-02-12 18:11:54,829 - INFO - First batch complete! Loss: 6.8025
2026-02-12 18:31:55,755 - INFO - Epoch 5/20: LR: 0.000483
2026-02-12 18:39:54,580 - INFO - Epoch 5/20: Train Loss: 6.8111, Val Loss: 6.9095, Val Acc: 0.14%, Test Loss: 6.9095, Test Acc: 0.14%
2026-02-12 18:39:56,426 - INFO - Processing first batch (shape: torch.Size([128, 3, 224, 224]))
2026-02-12 18:39:56,430 - INFO - Running first forward pass (torch.compile may take time)...
2026-02-12 18:39:56,530 - INFO - First forward pass complete (output shape: torch.Size([128, 1000]))
2026-02-12 18:39:56,642 - INFO - First batch complete! Loss: 6.8923
2026-02-12 19:00:41,342 - INFO - Epoch 6/20: LR: 0.000463
2026-02-12 19:00:41,345 - INFO - Epoch 6/20: Train Loss: 6.8063, Val Loss: 6.6663, Val Acc: 0.50%
2026-02-12 19:00:43,105 - INFO - Processing first batch (shape: torch.Size([128, 3, 224, 224]))
2026-02-12 19:00:43,112 - INFO - Running first forward pass (torch.compile may take time)...
2026-02-12 19:00:43,180 - INFO - First forward pass complete (output shape: torch.Size([128, 1000]))
2026-02-12 19:00:43,293 - INFO - First batch complete! Loss: 6.6387
2026-02-12 19:20:26,015 - INFO - Epoch 7/20: LR: 0.000435
2026-02-12 19:20:26,018 - INFO - Epoch 7/20: Train Loss: 6.7369, Val Loss: 6.5857, Val Acc: 0.76%
2026-02-12 19:20:27,718 - INFO - Processing first batch (shape: torch.Size([128, 3, 224, 224]))
2026-02-12 19:20:27,726 - INFO - Running first forward pass (torch.compile may take time)...
2026-02-12 19:20:27,856 - INFO - First forward pass complete (output shape: torch.Size([128, 1000]))
2026-02-12 19:20:27,969 - INFO - First batch complete! Loss: 6.6108
2026-02-12 19:39:55,760 - INFO - Epoch 8/20: LR: 0.000401
2026-02-12 19:39:55,763 - INFO - Epoch 8/20: Train Loss: 6.6502, Val Loss: 6.4843, Val Acc: 1.14%
2026-02-12 19:39:57,393 - INFO - Processing first batch (shape: torch.Size([128, 3, 224, 224]))
2026-02-12 19:39:57,402 - INFO - Running first forward pass (torch.compile may take time)...
2026-02-12 19:39:57,527 - INFO - First forward pass complete (output shape: torch.Size([128, 1000]))
2026-02-12 19:39:57,635 - INFO - First batch complete! Loss: 6.6257
2026-02-12 19:59:57,904 - INFO - Epoch 9/20: LR: 0.000362
2026-02-12 19:59:57,907 - INFO - Epoch 9/20: Train Loss: 6.5792, Val Loss: 6.4730, Val Acc: 1.16%
2026-02-12 19:59:59,498 - INFO - Processing first batch (shape: torch.Size([128, 3, 224, 224]))
2026-02-12 19:59:59,506 - INFO - Running first forward pass (torch.compile may take time)...
2026-02-12 19:59:59,649 - INFO - First forward pass complete (output shape: torch.Size([128, 1000]))
2026-02-12 19:59:59,758 - INFO - First batch complete! Loss: 6.5142
2026-02-12 20:19:41,142 - INFO - Epoch 10/20: LR: 0.000319
2026-02-12 20:27:39,621 - INFO - Epoch 10/20: Train Loss: 6.5248, Val Loss: 6.3664, Val Acc: 1.71%, Test Loss: 6.3664, Test Acc: 1.71%
2026-02-12 20:27:39,623 - INFO - Saving checkpoint for epoch 10...
2026-02-12 20:27:40,420 - INFO - ✅ Checkpoint saved: runs/run_312/checkpoint_epoch_10.pth
2026-02-12 20:27:42,155 - INFO - Processing first batch (shape: torch.Size([128, 3, 224, 224]))
2026-02-12 20:27:42,158 - INFO - Running first forward pass (torch.compile may take time)...
2026-02-12 20:27:42,236 - INFO - First forward pass complete (output shape: torch.Size([128, 1000]))
2026-02-12 20:27:42,344 - INFO - First batch complete! Loss: 6.5027
2026-02-12 20:47:53,330 - INFO - Epoch 11/20: LR: 0.000274
2026-02-12 20:47:53,333 - INFO - Epoch 11/20: Train Loss: 6.4807, Val Loss: 6.2877, Val Acc: 1.90%
2026-02-12 20:47:55,024 - INFO - Processing first batch (shape: torch.Size([128, 3, 224, 224]))
2026-02-12 20:47:55,033 - INFO - Running first forward pass (torch.compile may take time)...
2026-02-12 20:47:55,196 - INFO - First forward pass complete (output shape: torch.Size([128, 1000]))
2026-02-12 20:47:55,301 - INFO - First batch complete! Loss: 6.5061
2026-02-12 21:08:48,414 - INFO - Epoch 12/20: LR: 0.000227
2026-02-12 21:08:48,416 - INFO - Epoch 12/20: Train Loss: 6.5762, Val Loss: 6.3738, Val Acc: 1.55%
2026-02-12 21:08:50,016 - INFO - Processing first batch (shape: torch.Size([128, 3, 224, 224]))
2026-02-12 21:08:50,023 - INFO - Running first forward pass (torch.compile may take time)...
2026-02-12 21:08:50,180 - INFO - First forward pass complete (output shape: torch.Size([128, 1000]))
2026-02-12 21:08:50,290 - INFO - First batch complete! Loss: 6.5123
2026-02-12 21:30:14,670 - INFO - Epoch 13/20: LR: 0.000182
2026-02-12 21:30:14,702 - INFO - Epoch 13/20: Train Loss: 6.4871, Val Loss: 6.3391, Val Acc: 1.61%
2026-02-12 21:30:16,753 - INFO - Processing first batch (shape: torch.Size([128, 3, 224, 224]))
2026-02-12 21:30:16,760 - INFO - Running first forward pass (torch.compile may take time)...
2026-02-12 21:30:16,940 - INFO - First forward pass complete (output shape: torch.Size([128, 1000]))
2026-02-12 21:30:17,046 - INFO - First batch complete! Loss: 6.5366
[2026-02-12T21:36:22.036] error: *** JOB 4098325 ON head022 CANCELLED AT 2026-02-12T21:36:22 DUE TO TIME LIMIT ***
