/var/spool/slurmd/spool/job4098306/slurm_script: line 19: python: command not found
INFO:    gocryptfs not found, will not be able to use gocryptfs
2026-02-14 03:01:32,872 - INFO - Logging initialized. Log file: runs/run_314/training.log
2026-02-14 03:01:32,924 - INFO - Experiment directory: runs/run_314
2026-02-14 03:01:32,925 - INFO - Setting random seeds for reproducibility (seed: 42)...
2026-02-14 03:01:32,961 - INFO - ✅ All seeds set to 42 (deterministic=False)
2026-02-14 03:01:33,314 - INFO - GPU memory cleared at startup. Available: 79.3GB
2026-02-14 03:01:33,316 - INFO - Using device: cuda
2026-02-14 03:01:33,317 - INFO - Training configuration: epochs=20, warmup=3, lr=0.0005
2026-02-14 03:01:33,318 - INFO - SWIN_IMPROVED configuration: {'type': 'swin_improved', 'variant': 'tiny', 'patch_size': 4, 'embed_dim': 96, 'depths': [2, 2, 6, 2], 'num_heads': [3, 6, 12, 24], 'window_size': 7, 'mlp_ratio': 4.0, 'dropout': 0.0, 'attention_dropout': 0.0, 'projection_dropout': 0.0, 'drop_path_rate': 0.08, 'use_shifted_window': True, 'use_relative_bias': True, 'use_absolute_pos_embed': False, 'use_hierarchical_merge': False, 'use_gradient_checkpointing': False, 'use_conv_stem': True, 'conv_stem_config': {'channels': [48, 96], 'kernel_sizes': [4, 3], 'strides': [4, 2], 'paddings': [0, 1], 'activation': 'gelu', 'use_batch_norm': True}, 'use_inverted_ffn': True, 'ffn_config': {'expand_ratio': 4, 'use_depthwise_conv': True, 'activation': 'gelu'}}
2026-02-14 03:01:33,319 - INFO - Loading dataset...
2026-02-14 03:01:33,322 - INFO - Starting ImageNet data loading from root: /
2026-02-14 03:01:33,323 - INFO - Resolved root path: /
2026-02-14 03:01:33,324 - INFO - Root path exists: True
2026-02-14 03:01:33,325 - INFO - Root path is dir: True
2026-02-14 03:01:33,330 - INFO - Contents of /: ['/.exec', '/.run', '/.shell', '/.singularity.d', '/.test', '/bin', '/boot', '/dev', '/environment', '/etc', '/home', '/lib', '/lib64', '/media', '/mnt', '/opt', '/proc', '/requirements.txt', '/root', '/run', '/sbin', '/singularity', '/srv', '/sys', '/tmp', '/usr', '/var', '/meta', '/train_set', '/train_set_small', '/val_set', '/val_set_unlabeled']
2026-02-14 03:01:33,330 - INFO - Expected train_dir: /train_set, exists: True
2026-02-14 03:01:33,332 - INFO - Expected val_dir: /val_set, exists: True
2026-02-14 03:01:49,530 - INFO - Loaded ImageNet data from /: train=1281167, val=50000
2026-02-14 03:01:50,409 - INFO - Dataset limits applied (stratified sampling enabled)
2026-02-14 03:01:50,411 - INFO - Dataset loaded: train=100000 samples (782 batches), val=50000 samples (391 batches), test=50000 samples (391 batches)
2026-02-14 03:01:52,590 - INFO - Training SWIN_IMPROVED from scratch
2026-02-14 03:01:52,592 - INFO - Initializing SWIN_IMPROVED model from scratch...
2026-02-14 03:01:52,594 - INFO - Model architecture: SWIN_IMPROVED
2026-02-14 03:01:52,595 - INFO - Model config: {'type': 'swin_improved', 'variant': 'tiny', 'patch_size': 4, 'embed_dim': 96, 'depths': [2, 2, 6, 2], 'num_heads': [3, 6, 12, 24], 'window_size': 7, 'mlp_ratio': 4.0, 'dropout': 0.0, 'attention_dropout': 0.0, 'projection_dropout': 0.0, 'drop_path_rate': 0.08, 'use_shifted_window': True, 'use_relative_bias': True, 'use_absolute_pos_embed': False, 'use_hierarchical_merge': False, 'use_gradient_checkpointing': False, 'use_conv_stem': True, 'conv_stem_config': {'channels': [48, 96], 'kernel_sizes': [4, 3], 'strides': [4, 2], 'paddings': [0, 1], 'activation': 'gelu', 'use_batch_norm': True}, 'use_inverted_ffn': True, 'ffn_config': {'expand_ratio': 4, 'use_depthwise_conv': True, 'activation': 'gelu'}}
2026-02-14 03:01:53,173 - INFO - Model created with random initialization
2026-02-14 03:01:53,175 - INFO - Total parameters: 28,518,706
2026-02-14 03:01:53,176 - INFO - Trainable parameters: 28,518,706
2026-02-14 03:01:53,221 - INFO - Compiling model with torch.compile()
2026-02-14 03:01:54,905 - INFO - Mixed precision enabled → CUDA bf16 selected (hardware supported)
2026-02-14 03:01:54,906 - INFO - Starting from-scratch training...
2026-02-14 03:01:54,907 - INFO - Optimizer: training all model parameters
2026-02-14 03:01:54,909 - INFO - LR Scheduler: cosine with 3 warmup epochs
2026-02-14 03:01:54,910 - INFO - Starting training...
2026-02-14 03:01:57,537 - INFO - Processing first batch (shape: torch.Size([128, 3, 224, 224]))
2026-02-14 03:01:57,540 - INFO - Running first forward pass (torch.compile may take time)...
/usr/local/lib/python3.12/site-packages/torch/backends/cuda/__init__.py:131: UserWarning: Please use the new API settings to control TF32 behavior, such as torch.backends.cudnn.conv.fp32_precision = 'tf32' or torch.backends.cuda.matmul.fp32_precision = 'ieee'. Old settings, e.g, torch.backends.cuda.matmul.allow_tf32 = True, torch.backends.cudnn.allow_tf32 = True, allowTF32CuDNN() and allowTF32CuBLAS() will be deprecated after Pytorch 2.9. Please see https://pytorch.org/docs/main/notes/cuda.html#tensorfloat-32-tf32-on-ampere-and-later-devices (Triggered internally at /pytorch/aten/src/ATen/Context.cpp:80.)
  return torch._C._get_cublas_allow_tf32()
2026-02-14 03:03:22,335 - INFO - First forward pass complete (output shape: torch.Size([128, 1000]))
2026-02-14 03:04:36,068 - INFO - First batch complete! Loss: 7.0481
2026-02-14 03:28:23,288 - INFO - Epoch 1/20: LR: 0.000170
2026-02-14 03:28:23,308 - INFO - Epoch 1/20: Train Loss: 6.9000, Val Loss: 6.7699, Val Acc: 0.61%
2026-02-14 03:28:24,998 - INFO - Processing first batch (shape: torch.Size([128, 3, 224, 224]))
2026-02-14 03:28:25,004 - INFO - Running first forward pass (torch.compile may take time)...
2026-02-14 03:28:25,109 - INFO - First forward pass complete (output shape: torch.Size([128, 1000]))
2026-02-14 03:28:25,165 - INFO - First batch complete! Loss: 6.8962
2026-02-14 03:47:22,476 - INFO - Epoch 2/20: LR: 0.000335
2026-02-14 03:47:22,529 - INFO - Epoch 2/20: Train Loss: 6.6412, Val Loss: 6.3427, Val Acc: 1.11%
2026-02-14 03:47:24,162 - INFO - Processing first batch (shape: torch.Size([128, 3, 224, 224]))
2026-02-14 03:47:24,166 - INFO - Running first forward pass (torch.compile may take time)...
2026-02-14 03:47:24,260 - INFO - First forward pass complete (output shape: torch.Size([128, 1000]))
2026-02-14 03:47:24,307 - INFO - First batch complete! Loss: 6.4305
2026-02-14 04:06:25,419 - INFO - Epoch 3/20: LR: 0.000500
2026-02-14 04:06:25,433 - INFO - Epoch 3/20: Train Loss: 6.3235, Val Loss: 5.9858, Val Acc: 2.28%
2026-02-14 04:06:27,046 - INFO - Processing first batch (shape: torch.Size([128, 3, 224, 224]))
2026-02-14 04:06:27,050 - INFO - Running first forward pass (torch.compile may take time)...
2026-02-14 04:06:27,154 - INFO - First forward pass complete (output shape: torch.Size([128, 1000]))
2026-02-14 04:06:27,193 - INFO - First batch complete! Loss: 6.1493
2026-02-14 04:25:27,575 - INFO - Epoch 4/20: LR: 0.000496
2026-02-14 04:25:27,721 - INFO - Epoch 4/20: Train Loss: 6.1078, Val Loss: 5.6789, Val Acc: 3.71%
2026-02-14 04:25:29,530 - INFO - Processing first batch (shape: torch.Size([128, 3, 224, 224]))
2026-02-14 04:25:29,539 - INFO - Running first forward pass (torch.compile may take time)...
2026-02-14 04:25:29,645 - INFO - First forward pass complete (output shape: torch.Size([128, 1000]))
2026-02-14 04:25:29,688 - INFO - First batch complete! Loss: 5.9991
2026-02-14 04:44:33,125 - INFO - Epoch 5/20: LR: 0.000483
2026-02-14 04:52:16,128 - INFO - Epoch 5/20: Train Loss: 5.8692, Val Loss: 5.4680, Val Acc: 4.72%, Test Loss: 5.4680, Test Acc: 4.72%
2026-02-14 04:52:17,879 - INFO - Processing first batch (shape: torch.Size([128, 3, 224, 224]))
2026-02-14 04:52:17,885 - INFO - Running first forward pass (torch.compile may take time)...
2026-02-14 04:52:17,994 - INFO - First forward pass complete (output shape: torch.Size([128, 1000]))
2026-02-14 04:52:18,041 - INFO - First batch complete! Loss: 5.8020
2026-02-14 05:11:20,264 - INFO - Epoch 6/20: LR: 0.000463
2026-02-14 05:11:20,302 - INFO - Epoch 6/20: Train Loss: 5.6943, Val Loss: 5.2805, Val Acc: 6.35%
2026-02-14 05:11:22,210 - INFO - Processing first batch (shape: torch.Size([128, 3, 224, 224]))
2026-02-14 05:11:22,216 - INFO - Running first forward pass (torch.compile may take time)...
2026-02-14 05:11:22,299 - INFO - First forward pass complete (output shape: torch.Size([128, 1000]))
2026-02-14 05:11:22,332 - INFO - First batch complete! Loss: 5.4310
2026-02-14 05:30:23,854 - INFO - Epoch 7/20: LR: 0.000435
2026-02-14 05:30:23,874 - INFO - Epoch 7/20: Train Loss: 5.5407, Val Loss: 5.1110, Val Acc: 8.00%
2026-02-14 05:30:25,584 - INFO - Processing first batch (shape: torch.Size([128, 3, 224, 224]))
2026-02-14 05:30:25,589 - INFO - Running first forward pass (torch.compile may take time)...
2026-02-14 05:30:25,672 - INFO - First forward pass complete (output shape: torch.Size([128, 1000]))
2026-02-14 05:30:25,708 - INFO - First batch complete! Loss: 5.4201
2026-02-14 05:49:26,646 - INFO - Epoch 8/20: LR: 0.000401
2026-02-14 05:49:26,662 - INFO - Epoch 8/20: Train Loss: 5.4092, Val Loss: 4.9853, Val Acc: 9.17%
2026-02-14 05:49:28,234 - INFO - Processing first batch (shape: torch.Size([128, 3, 224, 224]))
2026-02-14 05:49:28,239 - INFO - Running first forward pass (torch.compile may take time)...
2026-02-14 05:49:28,287 - INFO - First forward pass complete (output shape: torch.Size([128, 1000]))
2026-02-14 05:49:28,321 - INFO - First batch complete! Loss: 5.2562
2026-02-14 06:08:28,329 - INFO - Epoch 9/20: LR: 0.000362
2026-02-14 06:08:28,343 - INFO - Epoch 9/20: Train Loss: 5.2835, Val Loss: 4.8747, Val Acc: 10.26%
2026-02-14 06:08:30,073 - INFO - Processing first batch (shape: torch.Size([128, 3, 224, 224]))
2026-02-14 06:08:30,078 - INFO - Running first forward pass (torch.compile may take time)...
2026-02-14 06:08:30,163 - INFO - First forward pass complete (output shape: torch.Size([128, 1000]))
2026-02-14 06:08:30,195 - INFO - First batch complete! Loss: 5.1956
2026-02-14 06:27:29,985 - INFO - Epoch 10/20: LR: 0.000319
2026-02-14 06:35:11,578 - INFO - Epoch 10/20: Train Loss: 5.1635, Val Loss: 4.7235, Val Acc: 11.73%, Test Loss: 4.7235, Test Acc: 11.73%
2026-02-14 06:35:11,580 - INFO - Saving checkpoint for epoch 10...
2026-02-14 06:35:13,309 - INFO - ✅ Checkpoint saved: runs/run_314/checkpoint_epoch_10.pth
2026-02-14 06:35:15,061 - INFO - Processing first batch (shape: torch.Size([128, 3, 224, 224]))
2026-02-14 06:35:15,064 - INFO - Running first forward pass (torch.compile may take time)...
2026-02-14 06:35:15,118 - INFO - First forward pass complete (output shape: torch.Size([128, 1000]))
2026-02-14 06:35:15,170 - INFO - First batch complete! Loss: 5.1845
2026-02-14 06:54:14,592 - INFO - Epoch 11/20: LR: 0.000274
2026-02-14 06:54:14,593 - INFO - Epoch 11/20: Train Loss: 5.0320, Val Loss: 4.5845, Val Acc: 13.40%
2026-02-14 06:54:16,289 - INFO - Processing first batch (shape: torch.Size([128, 3, 224, 224]))
2026-02-14 06:54:16,319 - INFO - Running first forward pass (torch.compile may take time)...
2026-02-14 06:54:16,436 - INFO - First forward pass complete (output shape: torch.Size([128, 1000]))
2026-02-14 06:54:16,493 - INFO - First batch complete! Loss: 4.8036
2026-02-14 07:13:16,886 - INFO - Epoch 12/20: LR: 0.000227
2026-02-14 07:13:16,902 - INFO - Epoch 12/20: Train Loss: 4.9143, Val Loss: 4.5463, Val Acc: 13.92%
2026-02-14 07:13:18,551 - INFO - Processing first batch (shape: torch.Size([128, 3, 224, 224]))
2026-02-14 07:13:18,556 - INFO - Running first forward pass (torch.compile may take time)...
2026-02-14 07:13:18,658 - INFO - First forward pass complete (output shape: torch.Size([128, 1000]))
2026-02-14 07:13:18,701 - INFO - First batch complete! Loss: 4.6643
2026-02-14 07:32:20,635 - INFO - Epoch 13/20: LR: 0.000182
2026-02-14 07:32:20,674 - INFO - Epoch 13/20: Train Loss: 4.7978, Val Loss: 4.4141, Val Acc: 15.39%
2026-02-14 07:32:22,305 - INFO - Processing first batch (shape: torch.Size([128, 3, 224, 224]))
2026-02-14 07:32:22,320 - INFO - Running first forward pass (torch.compile may take time)...
2026-02-14 07:32:22,414 - INFO - First forward pass complete (output shape: torch.Size([128, 1000]))
2026-02-14 07:32:22,487 - INFO - First batch complete! Loss: 4.7203
2026-02-14 07:51:39,847 - INFO - Epoch 14/20: LR: 0.000139
2026-02-14 07:51:39,871 - INFO - Epoch 14/20: Train Loss: 4.6883, Val Loss: 4.3614, Val Acc: 16.23%
2026-02-14 07:51:41,587 - INFO - Processing first batch (shape: torch.Size([128, 3, 224, 224]))
2026-02-14 07:51:41,593 - INFO - Running first forward pass (torch.compile may take time)...
2026-02-14 07:51:41,680 - INFO - First forward pass complete (output shape: torch.Size([128, 1000]))
2026-02-14 07:51:41,734 - INFO - First batch complete! Loss: 4.6428
2026-02-14 08:10:47,458 - INFO - Epoch 15/20: LR: 0.000100
2026-02-14 08:18:30,467 - INFO - Epoch 15/20: Train Loss: 4.5710, Val Loss: 4.2281, Val Acc: 17.97%, Test Loss: 4.2281, Test Acc: 17.97%
2026-02-14 08:18:32,092 - INFO - Processing first batch (shape: torch.Size([128, 3, 224, 224]))
2026-02-14 08:18:32,095 - INFO - Running first forward pass (torch.compile may take time)...
2026-02-14 08:18:32,137 - INFO - First forward pass complete (output shape: torch.Size([128, 1000]))
2026-02-14 08:18:32,174 - INFO - First batch complete! Loss: 4.2144
2026-02-14 08:37:38,335 - INFO - Epoch 16/20: LR: 0.000066
2026-02-14 08:37:38,377 - INFO - Epoch 16/20: Train Loss: 4.4841, Val Loss: 4.1829, Val Acc: 18.40%
2026-02-14 08:37:40,100 - INFO - Processing first batch (shape: torch.Size([128, 3, 224, 224]))
2026-02-14 08:37:40,105 - INFO - Running first forward pass (torch.compile may take time)...
2026-02-14 08:37:40,182 - INFO - First forward pass complete (output shape: torch.Size([128, 1000]))
2026-02-14 08:37:40,241 - INFO - First batch complete! Loss: 4.7144
2026-02-14 08:56:57,346 - INFO - Epoch 17/20: LR: 0.000038
2026-02-14 08:56:57,381 - INFO - Epoch 17/20: Train Loss: 4.3996, Val Loss: 4.1164, Val Acc: 19.41%
2026-02-14 08:56:59,065 - INFO - Processing first batch (shape: torch.Size([128, 3, 224, 224]))
2026-02-14 08:56:59,070 - INFO - Running first forward pass (torch.compile may take time)...
2026-02-14 08:56:59,153 - INFO - First forward pass complete (output shape: torch.Size([128, 1000]))
2026-02-14 08:56:59,193 - INFO - First batch complete! Loss: 4.4891
2026-02-14 09:16:01,937 - INFO - Epoch 18/20: LR: 0.000018
2026-02-14 09:16:01,953 - INFO - Epoch 18/20: Train Loss: 4.3354, Val Loss: 4.0907, Val Acc: 19.73%
2026-02-14 09:16:03,735 - INFO - Processing first batch (shape: torch.Size([128, 3, 224, 224]))
2026-02-14 09:16:03,740 - INFO - Running first forward pass (torch.compile may take time)...
2026-02-14 09:16:03,815 - INFO - First forward pass complete (output shape: torch.Size([128, 1000]))
2026-02-14 09:16:03,860 - INFO - First batch complete! Loss: 4.3005
2026-02-14 09:35:12,454 - INFO - Epoch 19/20: LR: 0.000005
2026-02-14 09:35:12,456 - INFO - Epoch 19/20: Train Loss: 4.2892, Val Loss: 4.0791, Val Acc: 19.88%
2026-02-14 09:35:14,215 - INFO - Processing first batch (shape: torch.Size([128, 3, 224, 224]))
2026-02-14 09:35:14,220 - INFO - Running first forward pass (torch.compile may take time)...
2026-02-14 09:35:14,286 - INFO - First forward pass complete (output shape: torch.Size([128, 1000]))
2026-02-14 09:35:14,329 - INFO - First batch complete! Loss: 4.1375
2026-02-14 09:54:13,647 - INFO - Epoch 20/20: LR: 0.000001
2026-02-14 10:01:54,886 - INFO - Epoch 20/20: Train Loss: 4.2684, Val Loss: 4.0634, Val Acc: 20.00%, Test Loss: 4.0634, Test Acc: 20.00%
2026-02-14 10:01:54,903 - INFO - Saving checkpoint for epoch 20...
2026-02-14 10:01:55,920 - INFO - ✅ Checkpoint saved: runs/run_314/checkpoint_epoch_20.pth
2026-02-14 10:01:55,926 - INFO - Training completed!
2026-02-14 10:01:55,928 - INFO - Generating training curves...
2026-02-14 10:01:57,800 - INFO - Too many classes (1000) for per-class plotting, skipping
2026-02-14 10:01:57,801 - INFO - Training curves saved as separate images with base name 'runs/run_314/training_curves_from_scratch'
2026-02-14 10:01:57,802 - INFO - Generating confusion matrix on test set...
INFO:    Terminating squashfuse_ll after timeout
INFO:    Timeouts can be caused by a running background process
INFO:    Terminating squashfuse_ll after timeout
INFO:    Timeouts can be caused by a running background process
/var/spool/slurmd/spool/job4098306/slurm_script: line 62: 213738 Killed                  apptainer run --nv --overlay /home/space/datasets-sqfs/imagenet2012.sqfs pml.sif python main.py
[2026-02-14T10:10:36.258] error: Detected 1 oom_kill event in StepId=4098306.batch. Some of the step tasks have been OOM Killed.
