/var/spool/slurmd/spool/job4098326/slurm_script: line 19: python: command not found
INFO:    gocryptfs not found, will not be able to use gocryptfs
2026-02-12 16:36:43,973 - INFO - Logging initialized. Log file: runs/run_312/training.log
2026-02-12 16:36:44,044 - INFO - Experiment directory: runs/run_312
2026-02-12 16:36:44,045 - INFO - Setting random seeds for reproducibility (seed: 42)...
2026-02-12 16:36:44,114 - INFO - ✅ All seeds set to 42 (deterministic=False)
2026-02-12 16:36:44,705 - INFO - GPU memory cleared at startup. Available: 39.2GB
2026-02-12 16:36:44,707 - INFO - Using device: cuda
2026-02-12 16:36:44,709 - INFO - Training configuration: epochs=20, warmup=3, lr=0.0005
2026-02-12 16:36:44,711 - INFO - SWIN configuration: variant=tiny, use_shifted_window=True, use_relative_bias=True, use_absolute_pos_embed=False, use_hierarchical_merge=False, use_gradient_checkpointing=False
2026-02-12 16:36:44,712 - INFO - SWIN details: embed_dim=96, depths=[2, 2, 6, 2], num_heads=[3, 6, 12, 24], window_size=7
2026-02-12 16:36:44,714 - INFO - Loading dataset...
2026-02-12 16:36:44,716 - INFO - Starting ImageNet data loading from root: /
2026-02-12 16:36:44,718 - INFO - Resolved root path: /
2026-02-12 16:36:44,720 - INFO - Root path exists: True
2026-02-12 16:36:44,721 - INFO - Root path is dir: True
2026-02-12 16:36:44,726 - INFO - Contents of /: ['/.exec', '/.run', '/.shell', '/.singularity.d', '/.test', '/bin', '/boot', '/dev', '/environment', '/etc', '/home', '/lib', '/lib64', '/media', '/mnt', '/opt', '/proc', '/requirements.txt', '/root', '/run', '/sbin', '/singularity', '/srv', '/sys', '/tmp', '/usr', '/var', '/meta', '/train_set', '/train_set_small', '/val_set', '/val_set_unlabeled']
2026-02-12 16:36:44,728 - INFO - Expected train_dir: /train_set, exists: True
2026-02-12 16:36:44,729 - INFO - Expected val_dir: /val_set, exists: True
2026-02-12 16:36:50,557 - INFO - Loaded ImageNet data from /: train=1281167, val=50000
2026-02-12 16:36:51,286 - INFO - Dataset limits applied (stratified sampling enabled)
2026-02-12 16:36:51,288 - INFO - Dataset loaded: train=100000 samples (782 batches), val=50000 samples (391 batches), test=50000 samples (391 batches)
2026-02-12 16:36:54,036 - INFO - Training SWIN from scratch
2026-02-12 16:36:54,037 - INFO - Initializing SWIN model from scratch...
2026-02-12 16:36:54,039 - INFO - Model architecture: SWIN
2026-02-12 16:36:54,040 - INFO - Model config: {'type': 'swin', 'variant': 'tiny', 'patch_size': 4, 'embed_dim': 96, 'depths': [2, 2, 6, 2], 'num_heads': [3, 6, 12, 24], 'window_size': 7, 'mlp_ratio': 4.0, 'dropout': 0.0, 'attention_dropout': 0.0, 'projection_dropout': 0.0, 'drop_path_rate': 0.08, 'use_shifted_window': True, 'use_relative_bias': True, 'use_absolute_pos_embed': False, 'use_hierarchical_merge': False, 'use_gradient_checkpointing': False}
2026-02-12 16:36:54,406 - INFO - Model created with random initialization
2026-02-12 16:36:54,407 - INFO - Total parameters: 28,288,354
2026-02-12 16:36:54,409 - INFO - Trainable parameters: 28,288,354
2026-02-12 16:36:54,445 - INFO - Compiling model with torch.compile()
2026-02-12 16:36:55,930 - INFO - Mixed precision enabled → CUDA bf16 selected (hardware supported)
2026-02-12 16:36:55,931 - INFO - Starting from-scratch training...
2026-02-12 16:36:55,933 - INFO - Optimizer: training all model parameters
2026-02-12 16:36:55,936 - INFO - LR Scheduler: cosine with 3 warmup epochs
2026-02-12 16:36:55,937 - INFO - Starting training...
2026-02-12 16:36:59,491 - INFO - Processing first batch (shape: torch.Size([128, 3, 224, 224]))
2026-02-12 16:36:59,494 - INFO - Running first forward pass (torch.compile may take time)...
/usr/local/lib/python3.12/site-packages/torch/backends/cuda/__init__.py:131: UserWarning: Please use the new API settings to control TF32 behavior, such as torch.backends.cudnn.conv.fp32_precision = 'tf32' or torch.backends.cuda.matmul.fp32_precision = 'ieee'. Old settings, e.g, torch.backends.cuda.matmul.allow_tf32 = True, torch.backends.cudnn.allow_tf32 = True, allowTF32CuDNN() and allowTF32CuBLAS() will be deprecated after Pytorch 2.9. Please see https://pytorch.org/docs/main/notes/cuda.html#tensorfloat-32-tf32-on-ampere-and-later-devices (Triggered internally at /pytorch/aten/src/ATen/Context.cpp:80.)
  return torch._C._get_cublas_allow_tf32()
W0212 16:37:31.267000 429647 site-packages/torch/_inductor/utils.py:1558] [0/0] Not enough SMs to use max_autotune_gemm mode
2026-02-12 16:38:19,536 - INFO - First forward pass complete (output shape: torch.Size([128, 1000]))
2026-02-12 16:39:24,022 - INFO - First batch complete! Loss: 6.9834
2026-02-12 17:11:48,396 - INFO - Epoch 1/20: LR: 0.000170
2026-02-12 17:11:48,398 - INFO - Epoch 1/20: Train Loss: 6.8849, Val Loss: 6.7670, Val Acc: 0.49%
2026-02-12 17:11:50,127 - INFO - Processing first batch (shape: torch.Size([128, 3, 224, 224]))
2026-02-12 17:11:50,134 - INFO - Running first forward pass (torch.compile may take time)...
2026-02-12 17:11:50,256 - INFO - First forward pass complete (output shape: torch.Size([128, 1000]))
2026-02-12 17:11:50,362 - INFO - First batch complete! Loss: 6.9026
2026-02-12 17:32:00,001 - INFO - Epoch 2/20: LR: 0.000335
2026-02-12 17:32:00,013 - INFO - Epoch 2/20: Train Loss: 6.7613, Val Loss: 6.5618, Val Acc: 0.79%
2026-02-12 17:32:01,716 - INFO - Processing first batch (shape: torch.Size([128, 3, 224, 224]))
2026-02-12 17:32:01,724 - INFO - Running first forward pass (torch.compile may take time)...
2026-02-12 17:32:01,863 - INFO - First forward pass complete (output shape: torch.Size([128, 1000]))
2026-02-12 17:32:01,973 - INFO - First batch complete! Loss: 6.6443
2026-02-12 17:51:49,994 - INFO - Epoch 3/20: LR: 0.000500
2026-02-12 17:51:49,996 - INFO - Epoch 3/20: Train Loss: 6.5431, Val Loss: 6.2058, Val Acc: 1.44%
2026-02-12 17:51:51,746 - INFO - Processing first batch (shape: torch.Size([128, 3, 224, 224]))
2026-02-12 17:51:51,754 - INFO - Running first forward pass (torch.compile may take time)...
2026-02-12 17:51:51,862 - INFO - First forward pass complete (output shape: torch.Size([128, 1000]))
2026-02-12 17:51:51,973 - INFO - First batch complete! Loss: 6.3508
2026-02-12 18:11:41,685 - INFO - Epoch 4/20: LR: 0.000496
2026-02-12 18:11:41,701 - INFO - Epoch 4/20: Train Loss: 6.4153, Val Loss: 6.1533, Val Acc: 1.65%
2026-02-12 18:11:43,407 - INFO - Processing first batch (shape: torch.Size([128, 3, 224, 224]))
2026-02-12 18:11:43,415 - INFO - Running first forward pass (torch.compile may take time)...
2026-02-12 18:11:43,544 - INFO - First forward pass complete (output shape: torch.Size([128, 1000]))
2026-02-12 18:11:43,652 - INFO - First batch complete! Loss: 6.4294
