/var/spool/slurmd/spool/job4107834/slurm_script: line 19: python: command not found
INFO:    gocryptfs not found, will not be able to use gocryptfs
2026-02-14 21:53:52,864 - INFO - Logging initialized. Log file: runs/run_328/training.log
2026-02-14 21:53:53,032 - INFO - Experiment directory: runs/run_328
2026-02-14 21:53:53,033 - INFO - Setting random seeds for reproducibility (seed: 42)...
2026-02-14 21:53:53,044 - INFO - ✅ All seeds set to 42 (deterministic=False)
2026-02-14 21:53:53,448 - INFO - GPU memory cleared at startup. Available: 39.2GB
2026-02-14 21:53:53,450 - INFO - Using device: cuda
2026-02-14 21:53:53,451 - INFO - Training configuration: epochs=20, warmup=3, lr=0.0005
2026-02-14 21:53:53,452 - INFO - SWIN_HYBRID configuration: {'type': 'swin_hybrid', 'variant': 'tiny', 'patch_size': 4, 'embed_dim': 96, 'depths': [2, 2, 6, 2], 'num_heads': [3, 6, 12, 24], 'window_size': 7, 'mlp_ratio': 4.0, 'dropout': 0.0, 'attention_dropout': 0.0, 'projection_dropout': 0.0, 'drop_path_rate': 0.08, 'use_shifted_window': True, 'use_relative_bias': True, 'use_absolute_pos_embed': False, 'use_hierarchical_merge': False, 'use_gradient_checkpointing': False, 'use_cnn_stem': True, 'cnn_stem_config': {'channels': [32, 64], 'kernel_size': 3, 'stride': 2, 'padding': 1, 'activation': 'gelu', 'use_batch_norm': True}}
2026-02-14 21:53:53,453 - INFO - Loading dataset...
2026-02-14 21:53:53,454 - INFO - Starting ImageNet data loading from root: /
2026-02-14 21:53:53,455 - INFO - Resolved root path: /
2026-02-14 21:53:53,456 - INFO - Root path exists: True
2026-02-14 21:53:53,457 - INFO - Root path is dir: True
2026-02-14 21:53:53,461 - INFO - Contents of /: ['/.exec', '/.run', '/.shell', '/.singularity.d', '/.test', '/bin', '/boot', '/dev', '/environment', '/etc', '/home', '/lib', '/lib64', '/media', '/mnt', '/opt', '/proc', '/requirements.txt', '/root', '/run', '/sbin', '/singularity', '/srv', '/sys', '/tmp', '/usr', '/var', '/meta', '/train_set', '/train_set_small', '/val_set', '/val_set_unlabeled']
2026-02-14 21:53:53,462 - INFO - Expected train_dir: /train_set, exists: True
2026-02-14 21:53:53,463 - INFO - Expected val_dir: /val_set, exists: True
2026-02-14 21:53:59,607 - INFO - Loaded ImageNet data from /: train=1281167, val=50000
2026-02-14 21:54:00,328 - INFO - Dataset limits applied (stratified sampling enabled)
2026-02-14 21:54:00,330 - INFO - Dataset loaded: train=100000 samples (782 batches), val=50000 samples (391 batches), test=50000 samples (391 batches)
2026-02-14 21:54:01,047 - ERROR - Experiment failed with error: 'img_size'
2026-02-14 21:54:01,047 - ERROR - Full traceback:
Traceback (most recent call last):
  File "/home/pml04/swin_transformer/Machine-Learning-Project/main.py", line 224, in main
    run_linear_probing(
  File "/home/pml04/swin_transformer/Machine-Learning-Project/src/pipelines/linear_probing.py", line 383, in run_linear_probing
    pretrained_model = get_pretrained_swin_name()
                       ^^^^^^^^^^^^^^^^^^^^^^^^^^
  File "/home/pml04/swin_transformer/Machine-Learning-Project/config/__init__.py", line 87, in get_pretrained_swin_name
    return _get_pretrained_swin_name(SWIN_CONFIG)
           ^^^^^^^^^^^^^^^^^^^^^^^^^^^^^^^^^^^^^^
  File "/home/pml04/swin_transformer/Machine-Learning-Project/config/base_config.py", line 93, in get_pretrained_swin_name
    img_size = swin_config["img_size"]
               ~~~~~~~~~~~^^^^^^^^^^^^
KeyError: 'img_size'
Traceback (most recent call last):
  File "/home/pml04/swin_transformer/Machine-Learning-Project/main.py", line 224, in main
    run_linear_probing(
  File "/home/pml04/swin_transformer/Machine-Learning-Project/src/pipelines/linear_probing.py", line 383, in run_linear_probing
    pretrained_model = get_pretrained_swin_name()
                       ^^^^^^^^^^^^^^^^^^^^^^^^^^
  File "/home/pml04/swin_transformer/Machine-Learning-Project/config/__init__.py", line 87, in get_pretrained_swin_name
    return _get_pretrained_swin_name(SWIN_CONFIG)
           ^^^^^^^^^^^^^^^^^^^^^^^^^^^^^^^^^^^^^^
  File "/home/pml04/swin_transformer/Machine-Learning-Project/config/base_config.py", line 93, in get_pretrained_swin_name
    img_size = swin_config["img_size"]
               ~~~~~~~~~~~^^^^^^^^^^^^
KeyError: 'img_size'

The above exception was the direct cause of the following exception:

Traceback (most recent call last):
  File "/home/pml04/swin_transformer/Machine-Learning-Project/main.py", line 262, in <module>
    main()
  File "/home/pml04/swin_transformer/Machine-Learning-Project/main.py", line 258, in main
    raise RuntimeError(f"Experiment failed: {e}") from e
RuntimeError: Experiment failed: 'img_size'
[W214 21:54:02.393689215 AllocatorConfig.cpp:28] Warning: PYTORCH_CUDA_ALLOC_CONF is deprecated, use PYTORCH_ALLOC_CONF instead (function operator())
