/var/spool/slurmd/spool/job4107805/slurm_script: line 19: python: command not found
INFO:    gocryptfs not found, will not be able to use gocryptfs
2026-02-14 21:46:58,297 - INFO - Logging initialized. Log file: runs/run_323/training.log
2026-02-14 21:46:58,363 - INFO - Experiment directory: runs/run_323
2026-02-14 21:46:58,365 - INFO - Setting random seeds for reproducibility (seed: 42)...
2026-02-14 21:46:58,388 - INFO - ✅ All seeds set to 42 (deterministic=False)
2026-02-14 21:46:58,784 - INFO - GPU memory cleared at startup. Available: 23.6GB
2026-02-14 21:46:58,785 - INFO - Using device: cuda
2026-02-14 21:46:58,787 - INFO - Training configuration: epochs=20, warmup=3, lr=0.0005
2026-02-14 21:46:58,788 - INFO - SWIN_V2 configuration: {'type': 'swin_v2', 'variant': 'tiny', 'patch_size': 4, 'embed_dim': 96, 'depths': [2, 2, 6, 2], 'num_heads': [3, 6, 12, 24], 'window_size': 7, 'mlp_ratio': 4.0, 'dropout': 0.0, 'attention_dropout': 0.0, 'projection_dropout': 0.0, 'drop_path_rate': 0.08, 'use_shifted_window': True, 'use_relative_bias': True, 'use_absolute_pos_embed': False, 'use_hierarchical_merge': False, 'use_gradient_checkpointing': False}
2026-02-14 21:46:58,789 - INFO - Loading dataset...
2026-02-14 21:46:58,793 - INFO - Starting ImageNet data loading from root: /
2026-02-14 21:46:58,794 - INFO - Resolved root path: /
2026-02-14 21:46:58,795 - INFO - Root path exists: True
2026-02-14 21:46:58,797 - INFO - Root path is dir: True
2026-02-14 21:46:58,807 - INFO - Contents of /: ['/.exec', '/.run', '/.shell', '/.singularity.d', '/.test', '/bin', '/boot', '/dev', '/environment', '/etc', '/home', '/lib', '/lib64', '/media', '/mnt', '/opt', '/proc', '/requirements.txt', '/root', '/run', '/sbin', '/singularity', '/srv', '/sys', '/tmp', '/usr', '/var', '/meta', '/train_set', '/train_set_small', '/val_set', '/val_set_unlabeled']
2026-02-14 21:46:58,808 - INFO - Expected train_dir: /train_set, exists: True
2026-02-14 21:46:58,810 - INFO - Expected val_dir: /val_set, exists: True
2026-02-14 21:47:13,220 - INFO - Loaded ImageNet data from /: train=1281167, val=50000
2026-02-14 21:47:16,171 - INFO - Dataset limits applied (stratified sampling enabled)
2026-02-14 21:47:16,174 - INFO - Dataset loaded: train=100000 samples (782 batches), val=50000 samples (391 batches), test=50000 samples (391 batches)
2026-02-14 21:47:17,945 - ERROR - Experiment failed with error: 'variant'
2026-02-14 21:47:17,947 - ERROR - Full traceback:
Traceback (most recent call last):
  File "/home/pml04/swin_transformer/Machine-Learning-Project/main.py", line 224, in main
    run_linear_probing(
  File "/home/pml04/swin_transformer/Machine-Learning-Project/src/pipelines/linear_probing.py", line 383, in run_linear_probing
    pretrained_model = get_pretrained_swin_name()
                       ^^^^^^^^^^^^^^^^^^^^^^^^^^
  File "/home/pml04/swin_transformer/Machine-Learning-Project/config/__init__.py", line 87, in get_pretrained_swin_name
    return _get_pretrained_swin_name(SWIN_CONFIG)
           ^^^^^^^^^^^^^^^^^^^^^^^^^^^^^^^^^^^^^^
  File "/home/pml04/swin_transformer/Machine-Learning-Project/config/base_config.py", line 90, in get_pretrained_swin_name
    variant = swin_config["variant"]
              ~~~~~~~~~~~^^^^^^^^^^^
KeyError: 'variant'
Traceback (most recent call last):
  File "/home/pml04/swin_transformer/Machine-Learning-Project/main.py", line 224, in main
    run_linear_probing(
  File "/home/pml04/swin_transformer/Machine-Learning-Project/src/pipelines/linear_probing.py", line 383, in run_linear_probing
    pretrained_model = get_pretrained_swin_name()
                       ^^^^^^^^^^^^^^^^^^^^^^^^^^
  File "/home/pml04/swin_transformer/Machine-Learning-Project/config/__init__.py", line 87, in get_pretrained_swin_name
    return _get_pretrained_swin_name(SWIN_CONFIG)
           ^^^^^^^^^^^^^^^^^^^^^^^^^^^^^^^^^^^^^^
  File "/home/pml04/swin_transformer/Machine-Learning-Project/config/base_config.py", line 90, in get_pretrained_swin_name
    variant = swin_config["variant"]
              ~~~~~~~~~~~^^^^^^^^^^^
KeyError: 'variant'

The above exception was the direct cause of the following exception:

Traceback (most recent call last):
  File "/home/pml04/swin_transformer/Machine-Learning-Project/main.py", line 262, in <module>
    main()
  File "/home/pml04/swin_transformer/Machine-Learning-Project/main.py", line 258, in main
    raise RuntimeError(f"Experiment failed: {e}") from e
RuntimeError: Experiment failed: 'variant'
[W214 21:47:19.119956471 AllocatorConfig.cpp:28] Warning: PYTORCH_CUDA_ALLOC_CONF is deprecated, use PYTORCH_ALLOC_CONF instead (function operator())
