Job started on node: head022
Allocated GPU(s): 0
Starting training at Sat Feb 14 21:53:42 CET 2026
GPU Memory before training:
10741, 70413, 81920
944, 80210, 81920
19229, 61925, 81920
24561, 56593, 81920
22615, 58539, 81920
33149, 48005, 81920
15153, 66001, 81920
19357, 61797, 81920
Training completed at Sat Feb 14 21:54:03 CET 2026
GPU Memory after training:
10741, 70413, 81920
944, 80210, 81920
19229, 61925, 81920
24561, 56593, 81920
22615, 58539, 81920
33149, 48005, 81920
15153, 66001, 81920
19357, 61797, 81920
Job finished
