INFO:    gocryptfs not found, will not be able to use gocryptfs
2026-02-14 23:11:59,970 - INFO - Logging initialized. Log file: runs/run_452/training.log
2026-02-14 23:11:59,997 - INFO - ✅ All seeds set to 42 (deterministic=False)
2026-02-14 23:11:59,998 - INFO - ================================================================================
2026-02-14 23:12:00,000 - INFO - GRID RUN 1/1
2026-02-14 23:12:00,001 - INFO -   lr=2.0e-04, mask_ratio=0.9, wd=0.05, epochs=100
2026-02-14 23:12:00,002 - INFO - ================================================================================
2026-02-14 23:12:00,002 - INFO - Experiment directory: runs/run_452
2026-02-14 23:12:00,003 - INFO - Dataset: SCIN
2026-02-14 23:12:00,004 - INFO - Data config: {'dataset': 'SCIN', 'use_batch_for_val': False, 'val_batch': None, 'batch_size': 128, 'num_workers': 8, 'root': './datasets', 'img_size': 224, 'val_frac': 0.0, 'test_frac': 0.0, 'n_train': None, 'n_test': None, 'stratified': False}
2026-02-14 23:12:00,005 - INFO - Swin config: {'img_size': 224, 'variant': 'tiny', 'patch_size': 4, 'embed_dim': 96, 'depths': [2, 2, 6, 2], 'num_heads': [3, 6, 12, 24], 'window_size': 7, 'mlp_ratio': 4.0, 'dropout': 0.0, 'attention_dropout': 0.0, 'projection_dropout': 0.0, 'drop_path_rate': 0.05, 'use_gradient_checkpointing': False}
2026-02-14 23:12:00,006 - INFO - SimMIM config: {'type': 'simmim', 'mask_ratio': 0.9, 'mask_type': 'random', 'norm_target': {'enable': True, 'patch_size': 7}, 'loss': {'type': 'l1'}}
2026-02-14 23:12:00,007 - INFO - Training config: {'learning_rate': 0.0002, 'num_epochs': 100, 'warmup_epochs': 10, 'warmup_start_factor': 0.1, 'weight_decay': 0.05, 'mixed_precision': True, 'compile': False, 'checkpoint_frequency': 1, 'load_imagenet_pretrained': False, 'early_stopping': {'enabled': False, 'patience': 20, 'min_delta': 0.0001, 'mode': 'min'}, 'batch_size': 128}
2026-02-14 23:12:00,008 - INFO - ============================================================
2026-02-14 23:12:00,009 - INFO - SimMIM Pipeline: Swin + SimMIM
2026-02-14 23:12:00,010 - INFO - ============================================================
2026-02-14 23:12:00,011 - INFO - Creating Swin + SimMIM model...
2026-02-14 23:12:00,400 - INFO - Model parameters: total=29,880,282, trainable=29,880,282
2026-02-14 23:12:00,441 - INFO - Mixed precision: CUDA bf16 selected (hardware supported)
2026-02-14 23:12:00,443 - INFO - AdamW param groups: decay=53 tensors, no_decay=119 tensors
2026-02-14 23:12:00,445 - INFO - LR Scheduler: cosine with 10 warmup epochs
2026-02-14 23:12:00,447 - INFO - Learning rate: 0.0002, min_lr: 2.0000000000000003e-06
2026-02-14 23:12:00,448 - INFO - Mask generator: RandomMaskGenerator(mask_ratio=0.9)
2026-02-14 23:12:00,449 - INFO - Training configuration:
2026-02-14 23:12:00,451 - INFO -   Epochs: 100
2026-02-14 23:12:00,453 - INFO -   Warmup epochs: 10
2026-02-14 23:12:00,455 - INFO -   Learning rate: 0.0002
2026-02-14 23:12:00,456 - INFO -   Weight decay: 0.05
2026-02-14 23:12:00,458 - INFO -   Mixed precision: torch.bfloat16
2026-02-14 23:12:00,459 - INFO - SimMIM configuration:
2026-02-14 23:12:00,461 - INFO -   Type: simmim
2026-02-14 23:12:00,462 - INFO -   Mask type: random
2026-02-14 23:12:00,464 - INFO -   Mask ratio: 0.9
2026-02-14 23:12:00,465 - INFO -   Norm target: enable=True, patch_size=7
2026-02-14 23:12:00,467 - INFO -   Loss type: l1
2026-02-14 23:12:00,469 - INFO - Starting SimMIM pretraining...
2026-02-14 23:12:00,471 - INFO - Starting SIMMIM training...
2026-02-14 23:12:00,472 - INFO - Training for 100 epochs, 67 batches/epoch
2026-02-14 23:13:24,646 - INFO - Epoch 1/100: Train Loss: 0.545830, Val Loss: 0.553011
2026-02-14 23:13:24,648 - INFO -   → New best val loss: 0.553011
2026-02-14 23:13:25,327 - INFO - ✅ Checkpoint saved: runs/run_452/best_model.pth
2026-02-14 23:13:25,329 - INFO -   → Best model saved to runs/run_452/best_model.pth
2026-02-14 23:13:26,065 - INFO - ✅ Checkpoint saved: runs/run_452/last_model.pth
2026-02-14 23:13:26,067 - INFO - Checkpoint saved (latest): runs/run_452/last_model.pth
2026-02-14 23:14:47,550 - INFO - Epoch 2/100: Train Loss: 0.534110, Val Loss: 0.552683
2026-02-14 23:14:47,552 - INFO -   → New best val loss: 0.552683
2026-02-14 23:14:48,251 - INFO - ✅ Checkpoint saved: runs/run_452/best_model.pth
2026-02-14 23:14:48,252 - INFO -   → Best model saved to runs/run_452/best_model.pth
2026-02-14 23:14:48,992 - INFO - ✅ Checkpoint saved: runs/run_452/last_model.pth
2026-02-14 23:14:48,994 - INFO - Checkpoint saved (latest): runs/run_452/last_model.pth
2026-02-14 23:16:12,235 - INFO - Epoch 3/100: Train Loss: 0.532908, Val Loss: 0.552115
2026-02-14 23:16:12,237 - INFO -   → New best val loss: 0.552115
2026-02-14 23:16:12,977 - INFO - ✅ Checkpoint saved: runs/run_452/best_model.pth
2026-02-14 23:16:12,979 - INFO -   → Best model saved to runs/run_452/best_model.pth
2026-02-14 23:16:13,703 - INFO - ✅ Checkpoint saved: runs/run_452/last_model.pth
2026-02-14 23:16:13,705 - INFO - Checkpoint saved (latest): runs/run_452/last_model.pth
2026-02-14 23:17:34,790 - INFO - Epoch 4/100: Train Loss: 0.532670, Val Loss: 0.552078
2026-02-14 23:17:34,793 - INFO -   → New best val loss: 0.552078
2026-02-14 23:17:35,575 - INFO - ✅ Checkpoint saved: runs/run_452/best_model.pth
2026-02-14 23:17:35,577 - INFO -   → Best model saved to runs/run_452/best_model.pth
2026-02-14 23:17:36,287 - INFO - ✅ Checkpoint saved: runs/run_452/last_model.pth
2026-02-14 23:17:36,289 - INFO - Checkpoint saved (latest): runs/run_452/last_model.pth
2026-02-14 23:18:58,808 - INFO - Epoch 5/100: Train Loss: 0.532407, Val Loss: 0.552357
2026-02-14 23:18:59,567 - INFO - ✅ Checkpoint saved: runs/run_452/last_model.pth
2026-02-14 23:18:59,568 - INFO - Checkpoint saved (latest): runs/run_452/last_model.pth
2026-02-14 23:20:21,810 - INFO - Epoch 6/100: Train Loss: 0.532607, Val Loss: 0.552250
2026-02-14 23:20:22,568 - INFO - ✅ Checkpoint saved: runs/run_452/last_model.pth
2026-02-14 23:20:22,571 - INFO - Checkpoint saved (latest): runs/run_452/last_model.pth
2026-02-14 23:21:44,576 - INFO - Epoch 7/100: Train Loss: 0.532462, Val Loss: 0.552134
2026-02-14 23:21:45,397 - INFO - ✅ Checkpoint saved: runs/run_452/last_model.pth
2026-02-14 23:21:45,398 - INFO - Checkpoint saved (latest): runs/run_452/last_model.pth
2026-02-14 23:23:06,190 - INFO - Epoch 8/100: Train Loss: 0.532659, Val Loss: 0.552138
2026-02-14 23:23:07,016 - INFO - ✅ Checkpoint saved: runs/run_452/last_model.pth
2026-02-14 23:23:07,017 - INFO - Checkpoint saved (latest): runs/run_452/last_model.pth
2026-02-14 23:24:28,997 - INFO - Epoch 9/100: Train Loss: 0.532719, Val Loss: 0.551958
2026-02-14 23:24:29,008 - INFO -   → New best val loss: 0.551958
2026-02-14 23:24:29,770 - INFO - ✅ Checkpoint saved: runs/run_452/best_model.pth
2026-02-14 23:24:29,772 - INFO -   → Best model saved to runs/run_452/best_model.pth
2026-02-14 23:24:31,029 - INFO - ✅ Checkpoint saved: runs/run_452/last_model.pth
2026-02-14 23:24:31,030 - INFO - Checkpoint saved (latest): runs/run_452/last_model.pth
2026-02-14 23:25:53,121 - INFO - Epoch 10/100: Train Loss: 0.532811, Val Loss: 0.551833
2026-02-14 23:25:53,123 - INFO -   → New best val loss: 0.551833
2026-02-14 23:25:53,904 - INFO - ✅ Checkpoint saved: runs/run_452/best_model.pth
2026-02-14 23:25:53,905 - INFO -   → Best model saved to runs/run_452/best_model.pth
2026-02-14 23:25:54,655 - INFO - ✅ Checkpoint saved: runs/run_452/last_model.pth
2026-02-14 23:25:54,657 - INFO - Checkpoint saved (latest): runs/run_452/last_model.pth
2026-02-14 23:27:16,470 - INFO - Epoch 11/100: Train Loss: 0.531419, Val Loss: 0.552433
2026-02-14 23:27:17,249 - INFO - ✅ Checkpoint saved: runs/run_452/last_model.pth
2026-02-14 23:27:17,250 - INFO - Checkpoint saved (latest): runs/run_452/last_model.pth
2026-02-14 23:28:38,973 - INFO - Epoch 12/100: Train Loss: 0.532513, Val Loss: 0.551722
2026-02-14 23:28:38,975 - INFO -   → New best val loss: 0.551722
2026-02-14 23:28:39,854 - INFO - ✅ Checkpoint saved: runs/run_452/best_model.pth
2026-02-14 23:28:39,856 - INFO -   → Best model saved to runs/run_452/best_model.pth
2026-02-14 23:28:40,598 - INFO - ✅ Checkpoint saved: runs/run_452/last_model.pth
2026-02-14 23:28:40,600 - INFO - Checkpoint saved (latest): runs/run_452/last_model.pth
2026-02-14 23:30:03,190 - INFO - Epoch 13/100: Train Loss: 0.532124, Val Loss: 0.551756
2026-02-14 23:30:04,245 - INFO - ✅ Checkpoint saved: runs/run_452/last_model.pth
2026-02-14 23:30:04,247 - INFO - Checkpoint saved (latest): runs/run_452/last_model.pth
2026-02-14 23:31:24,973 - INFO - Epoch 14/100: Train Loss: 0.531911, Val Loss: 0.551813
2026-02-14 23:31:25,763 - INFO - ✅ Checkpoint saved: runs/run_452/last_model.pth
2026-02-14 23:31:25,765 - INFO - Checkpoint saved (latest): runs/run_452/last_model.pth
2026-02-14 23:32:48,380 - INFO - Epoch 15/100: Train Loss: 0.532295, Val Loss: 0.551444
2026-02-14 23:32:48,382 - INFO -   → New best val loss: 0.551444
2026-02-14 23:32:49,161 - INFO - ✅ Checkpoint saved: runs/run_452/best_model.pth
2026-02-14 23:32:49,162 - INFO -   → Best model saved to runs/run_452/best_model.pth
2026-02-14 23:32:49,896 - INFO - ✅ Checkpoint saved: runs/run_452/last_model.pth
2026-02-14 23:32:49,898 - INFO - Checkpoint saved (latest): runs/run_452/last_model.pth
2026-02-14 23:34:12,554 - INFO - Epoch 16/100: Train Loss: 0.531655, Val Loss: 0.551055
2026-02-14 23:34:12,556 - INFO -   → New best val loss: 0.551055
2026-02-14 23:34:13,350 - INFO - ✅ Checkpoint saved: runs/run_452/best_model.pth
2026-02-14 23:34:13,353 - INFO -   → Best model saved to runs/run_452/best_model.pth
2026-02-14 23:34:14,130 - INFO - ✅ Checkpoint saved: runs/run_452/last_model.pth
2026-02-14 23:34:14,131 - INFO - Checkpoint saved (latest): runs/run_452/last_model.pth
2026-02-14 23:35:35,151 - INFO - Epoch 17/100: Train Loss: 0.531796, Val Loss: 0.550987
2026-02-14 23:35:35,164 - INFO -   → New best val loss: 0.550987
2026-02-14 23:35:35,950 - INFO - ✅ Checkpoint saved: runs/run_452/best_model.pth
2026-02-14 23:35:35,952 - INFO -   → Best model saved to runs/run_452/best_model.pth
2026-02-14 23:35:36,799 - INFO - ✅ Checkpoint saved: runs/run_452/last_model.pth
2026-02-14 23:35:36,801 - INFO - Checkpoint saved (latest): runs/run_452/last_model.pth
2026-02-14 23:36:58,302 - INFO - Epoch 18/100: Train Loss: 0.531196, Val Loss: 0.550357
2026-02-14 23:36:58,304 - INFO -   → New best val loss: 0.550357
2026-02-14 23:36:59,406 - INFO - ✅ Checkpoint saved: runs/run_452/best_model.pth
2026-02-14 23:36:59,408 - INFO -   → Best model saved to runs/run_452/best_model.pth
2026-02-14 23:37:00,149 - INFO - ✅ Checkpoint saved: runs/run_452/last_model.pth
2026-02-14 23:37:00,151 - INFO - Checkpoint saved (latest): runs/run_452/last_model.pth
2026-02-14 23:38:21,537 - INFO - Epoch 19/100: Train Loss: 0.530735, Val Loss: 0.549946
2026-02-14 23:38:21,539 - INFO -   → New best val loss: 0.549946
2026-02-14 23:38:22,290 - INFO - ✅ Checkpoint saved: runs/run_452/best_model.pth
2026-02-14 23:38:22,292 - INFO -   → Best model saved to runs/run_452/best_model.pth
2026-02-14 23:38:23,057 - INFO - ✅ Checkpoint saved: runs/run_452/last_model.pth
2026-02-14 23:38:23,059 - INFO - Checkpoint saved (latest): runs/run_452/last_model.pth
2026-02-14 23:39:45,564 - INFO - Epoch 20/100: Train Loss: 0.529705, Val Loss: 0.549193
2026-02-14 23:39:45,566 - INFO -   → New best val loss: 0.549193
2026-02-14 23:39:46,352 - INFO - ✅ Checkpoint saved: runs/run_452/best_model.pth
2026-02-14 23:39:46,353 - INFO -   → Best model saved to runs/run_452/best_model.pth
2026-02-14 23:39:47,206 - INFO - ✅ Checkpoint saved: runs/run_452/last_model.pth
2026-02-14 23:39:47,208 - INFO - Checkpoint saved (latest): runs/run_452/last_model.pth
2026-02-14 23:41:07,946 - INFO - Epoch 21/100: Train Loss: 0.528435, Val Loss: 0.548083
2026-02-14 23:41:07,959 - INFO -   → New best val loss: 0.548083
2026-02-14 23:41:08,745 - INFO - ✅ Checkpoint saved: runs/run_452/best_model.pth
2026-02-14 23:41:08,746 - INFO -   → Best model saved to runs/run_452/best_model.pth
2026-02-14 23:41:09,540 - INFO - ✅ Checkpoint saved: runs/run_452/last_model.pth
2026-02-14 23:41:09,542 - INFO - Checkpoint saved (latest): runs/run_452/last_model.pth
2026-02-14 23:42:33,380 - INFO - Epoch 22/100: Train Loss: 0.527895, Val Loss: 0.547058
2026-02-14 23:42:33,392 - INFO -   → New best val loss: 0.547058
2026-02-14 23:42:34,184 - INFO - ✅ Checkpoint saved: runs/run_452/best_model.pth
2026-02-14 23:42:34,185 - INFO -   → Best model saved to runs/run_452/best_model.pth
2026-02-14 23:42:34,928 - INFO - ✅ Checkpoint saved: runs/run_452/last_model.pth
2026-02-14 23:42:34,929 - INFO - Checkpoint saved (latest): runs/run_452/last_model.pth
2026-02-14 23:43:58,272 - INFO - Epoch 23/100: Train Loss: 0.526405, Val Loss: 0.546102
2026-02-14 23:43:58,291 - INFO -   → New best val loss: 0.546102
2026-02-14 23:43:59,061 - INFO - ✅ Checkpoint saved: runs/run_452/best_model.pth
2026-02-14 23:43:59,062 - INFO -   → Best model saved to runs/run_452/best_model.pth
2026-02-14 23:43:59,804 - INFO - ✅ Checkpoint saved: runs/run_452/last_model.pth
2026-02-14 23:43:59,805 - INFO - Checkpoint saved (latest): runs/run_452/last_model.pth
2026-02-14 23:45:22,206 - INFO - Epoch 24/100: Train Loss: 0.525035, Val Loss: 0.545477
2026-02-14 23:45:22,223 - INFO -   → New best val loss: 0.545477
2026-02-14 23:45:22,995 - INFO - ✅ Checkpoint saved: runs/run_452/best_model.pth
2026-02-14 23:45:22,997 - INFO -   → Best model saved to runs/run_452/best_model.pth
2026-02-14 23:45:23,729 - INFO - ✅ Checkpoint saved: runs/run_452/last_model.pth
2026-02-14 23:45:23,731 - INFO - Checkpoint saved (latest): runs/run_452/last_model.pth
2026-02-14 23:46:44,356 - INFO - Epoch 25/100: Train Loss: 0.523583, Val Loss: 0.543671
2026-02-14 23:46:44,358 - INFO -   → New best val loss: 0.543671
2026-02-14 23:46:45,175 - INFO - ✅ Checkpoint saved: runs/run_452/best_model.pth
2026-02-14 23:46:45,177 - INFO -   → Best model saved to runs/run_452/best_model.pth
2026-02-14 23:46:45,912 - INFO - ✅ Checkpoint saved: runs/run_452/last_model.pth
2026-02-14 23:46:45,915 - INFO - Checkpoint saved (latest): runs/run_452/last_model.pth
2026-02-14 23:48:06,180 - INFO - Epoch 26/100: Train Loss: 0.521839, Val Loss: 0.542912
2026-02-14 23:48:06,184 - INFO -   → New best val loss: 0.542912
2026-02-14 23:48:07,034 - INFO - ✅ Checkpoint saved: runs/run_452/best_model.pth
2026-02-14 23:48:07,035 - INFO -   → Best model saved to runs/run_452/best_model.pth
2026-02-14 23:48:07,858 - INFO - ✅ Checkpoint saved: runs/run_452/last_model.pth
2026-02-14 23:48:07,859 - INFO - Checkpoint saved (latest): runs/run_452/last_model.pth
2026-02-14 23:49:29,052 - INFO - Epoch 27/100: Train Loss: 0.521272, Val Loss: 0.541645
2026-02-14 23:49:29,061 - INFO -   → New best val loss: 0.541645
2026-02-14 23:49:29,809 - INFO - ✅ Checkpoint saved: runs/run_452/best_model.pth
2026-02-14 23:49:29,810 - INFO -   → Best model saved to runs/run_452/best_model.pth
2026-02-14 23:49:30,566 - INFO - ✅ Checkpoint saved: runs/run_452/last_model.pth
2026-02-14 23:49:30,568 - INFO - Checkpoint saved (latest): runs/run_452/last_model.pth
2026-02-14 23:50:52,263 - INFO - Epoch 28/100: Train Loss: 0.519345, Val Loss: 0.540653
2026-02-14 23:50:52,265 - INFO -   → New best val loss: 0.540653
2026-02-14 23:50:53,026 - INFO - ✅ Checkpoint saved: runs/run_452/best_model.pth
2026-02-14 23:50:53,028 - INFO -   → Best model saved to runs/run_452/best_model.pth
2026-02-14 23:50:53,806 - INFO - ✅ Checkpoint saved: runs/run_452/last_model.pth
2026-02-14 23:50:53,808 - INFO - Checkpoint saved (latest): runs/run_452/last_model.pth
2026-02-14 23:52:15,614 - INFO - Epoch 29/100: Train Loss: 0.518411, Val Loss: 0.540166
2026-02-14 23:52:15,615 - INFO -   → New best val loss: 0.540166
2026-02-14 23:52:16,393 - INFO - ✅ Checkpoint saved: runs/run_452/best_model.pth
2026-02-14 23:52:16,395 - INFO -   → Best model saved to runs/run_452/best_model.pth
2026-02-14 23:52:17,196 - INFO - ✅ Checkpoint saved: runs/run_452/last_model.pth
2026-02-14 23:52:17,198 - INFO - Checkpoint saved (latest): runs/run_452/last_model.pth
2026-02-14 23:53:38,904 - INFO - Epoch 30/100: Train Loss: 0.517301, Val Loss: 0.538864
2026-02-14 23:53:38,906 - INFO -   → New best val loss: 0.538864
2026-02-14 23:53:39,679 - INFO - ✅ Checkpoint saved: runs/run_452/best_model.pth
2026-02-14 23:53:39,681 - INFO -   → Best model saved to runs/run_452/best_model.pth
2026-02-14 23:53:40,456 - INFO - ✅ Checkpoint saved: runs/run_452/last_model.pth
2026-02-14 23:53:40,457 - INFO - Checkpoint saved (latest): runs/run_452/last_model.pth
2026-02-14 23:55:01,901 - INFO - Epoch 31/100: Train Loss: 0.516851, Val Loss: 0.538418
2026-02-14 23:55:01,903 - INFO -   → New best val loss: 0.538418
2026-02-14 23:55:02,687 - INFO - ✅ Checkpoint saved: runs/run_452/best_model.pth
2026-02-14 23:55:02,689 - INFO -   → Best model saved to runs/run_452/best_model.pth
2026-02-14 23:55:03,455 - INFO - ✅ Checkpoint saved: runs/run_452/last_model.pth
2026-02-14 23:55:03,457 - INFO - Checkpoint saved (latest): runs/run_452/last_model.pth
2026-02-14 23:56:24,197 - INFO - Epoch 32/100: Train Loss: 0.515850, Val Loss: 0.537156
2026-02-14 23:56:24,199 - INFO -   → New best val loss: 0.537156
2026-02-14 23:56:24,944 - INFO - ✅ Checkpoint saved: runs/run_452/best_model.pth
2026-02-14 23:56:24,946 - INFO -   → Best model saved to runs/run_452/best_model.pth
2026-02-14 23:56:25,765 - INFO - ✅ Checkpoint saved: runs/run_452/last_model.pth
2026-02-14 23:56:25,767 - INFO - Checkpoint saved (latest): runs/run_452/last_model.pth
2026-02-14 23:57:47,229 - INFO - Epoch 33/100: Train Loss: 0.514559, Val Loss: 0.536776
2026-02-14 23:57:47,231 - INFO -   → New best val loss: 0.536776
2026-02-14 23:57:47,989 - INFO - ✅ Checkpoint saved: runs/run_452/best_model.pth
2026-02-14 23:57:47,991 - INFO -   → Best model saved to runs/run_452/best_model.pth
2026-02-14 23:57:48,779 - INFO - ✅ Checkpoint saved: runs/run_452/last_model.pth
2026-02-14 23:57:48,780 - INFO - Checkpoint saved (latest): runs/run_452/last_model.pth
2026-02-14 23:59:11,415 - INFO - Epoch 34/100: Train Loss: 0.514069, Val Loss: 0.536443
2026-02-14 23:59:11,417 - INFO -   → New best val loss: 0.536443
2026-02-14 23:59:12,157 - INFO - ✅ Checkpoint saved: runs/run_452/best_model.pth
2026-02-14 23:59:12,159 - INFO -   → Best model saved to runs/run_452/best_model.pth
2026-02-14 23:59:12,929 - INFO - ✅ Checkpoint saved: runs/run_452/last_model.pth
2026-02-14 23:59:12,930 - INFO - Checkpoint saved (latest): runs/run_452/last_model.pth
2026-02-15 00:00:35,777 - INFO - Epoch 35/100: Train Loss: 0.513537, Val Loss: 0.535894
2026-02-15 00:00:35,779 - INFO -   → New best val loss: 0.535894
2026-02-15 00:00:36,572 - INFO - ✅ Checkpoint saved: runs/run_452/best_model.pth
2026-02-15 00:00:36,573 - INFO -   → Best model saved to runs/run_452/best_model.pth
2026-02-15 00:00:37,372 - INFO - ✅ Checkpoint saved: runs/run_452/last_model.pth
2026-02-15 00:00:37,374 - INFO - Checkpoint saved (latest): runs/run_452/last_model.pth
2026-02-15 00:01:58,597 - INFO - Epoch 36/100: Train Loss: 0.512375, Val Loss: 0.534953
2026-02-15 00:01:58,599 - INFO -   → New best val loss: 0.534953
2026-02-15 00:01:59,411 - INFO - ✅ Checkpoint saved: runs/run_452/best_model.pth
2026-02-15 00:01:59,413 - INFO -   → Best model saved to runs/run_452/best_model.pth
2026-02-15 00:02:00,152 - INFO - ✅ Checkpoint saved: runs/run_452/last_model.pth
2026-02-15 00:02:00,154 - INFO - Checkpoint saved (latest): runs/run_452/last_model.pth
2026-02-15 00:03:24,575 - INFO - Epoch 37/100: Train Loss: 0.512264, Val Loss: 0.534677
2026-02-15 00:03:24,590 - INFO -   → New best val loss: 0.534677
2026-02-15 00:03:25,391 - INFO - ✅ Checkpoint saved: runs/run_452/best_model.pth
2026-02-15 00:03:25,392 - INFO -   → Best model saved to runs/run_452/best_model.pth
2026-02-15 00:03:26,139 - INFO - ✅ Checkpoint saved: runs/run_452/last_model.pth
2026-02-15 00:03:26,141 - INFO - Checkpoint saved (latest): runs/run_452/last_model.pth
2026-02-15 00:04:49,108 - INFO - Epoch 38/100: Train Loss: 0.512157, Val Loss: 0.534033
2026-02-15 00:04:49,109 - INFO -   → New best val loss: 0.534033
2026-02-15 00:04:49,896 - INFO - ✅ Checkpoint saved: runs/run_452/best_model.pth
2026-02-15 00:04:49,898 - INFO -   → Best model saved to runs/run_452/best_model.pth
2026-02-15 00:04:50,692 - INFO - ✅ Checkpoint saved: runs/run_452/last_model.pth
2026-02-15 00:04:50,695 - INFO - Checkpoint saved (latest): runs/run_452/last_model.pth
2026-02-15 00:06:15,343 - INFO - Epoch 39/100: Train Loss: 0.510638, Val Loss: 0.533777
2026-02-15 00:06:15,344 - INFO -   → New best val loss: 0.533777
2026-02-15 00:06:16,102 - INFO - ✅ Checkpoint saved: runs/run_452/best_model.pth
2026-02-15 00:06:16,104 - INFO -   → Best model saved to runs/run_452/best_model.pth
2026-02-15 00:06:16,855 - INFO - ✅ Checkpoint saved: runs/run_452/last_model.pth
2026-02-15 00:06:16,857 - INFO - Checkpoint saved (latest): runs/run_452/last_model.pth
2026-02-15 00:07:41,386 - INFO - Epoch 40/100: Train Loss: 0.510038, Val Loss: 0.533257
2026-02-15 00:07:41,406 - INFO -   → New best val loss: 0.533257
2026-02-15 00:07:42,178 - INFO - ✅ Checkpoint saved: runs/run_452/best_model.pth
2026-02-15 00:07:42,179 - INFO -   → Best model saved to runs/run_452/best_model.pth
2026-02-15 00:07:42,984 - INFO - ✅ Checkpoint saved: runs/run_452/last_model.pth
2026-02-15 00:07:42,986 - INFO - Checkpoint saved (latest): runs/run_452/last_model.pth
2026-02-15 00:09:06,612 - INFO - Epoch 41/100: Train Loss: 0.510650, Val Loss: 0.533129
2026-02-15 00:09:06,614 - INFO -   → New best val loss: 0.533129
2026-02-15 00:09:07,387 - INFO - ✅ Checkpoint saved: runs/run_452/best_model.pth
2026-02-15 00:09:07,388 - INFO -   → Best model saved to runs/run_452/best_model.pth
2026-02-15 00:09:08,215 - INFO - ✅ Checkpoint saved: runs/run_452/last_model.pth
2026-02-15 00:09:08,217 - INFO - Checkpoint saved (latest): runs/run_452/last_model.pth
2026-02-15 00:10:31,869 - INFO - Epoch 42/100: Train Loss: 0.509566, Val Loss: 0.532305
2026-02-15 00:10:31,872 - INFO -   → New best val loss: 0.532305
2026-02-15 00:10:32,871 - INFO - ✅ Checkpoint saved: runs/run_452/best_model.pth
2026-02-15 00:10:32,872 - INFO -   → Best model saved to runs/run_452/best_model.pth
2026-02-15 00:10:33,631 - INFO - ✅ Checkpoint saved: runs/run_452/last_model.pth
2026-02-15 00:10:33,633 - INFO - Checkpoint saved (latest): runs/run_452/last_model.pth
2026-02-15 00:11:55,941 - INFO - Epoch 43/100: Train Loss: 0.509135, Val Loss: 0.532249
2026-02-15 00:11:55,942 - INFO -   → New best val loss: 0.532249
2026-02-15 00:11:56,805 - INFO - ✅ Checkpoint saved: runs/run_452/best_model.pth
2026-02-15 00:11:56,806 - INFO -   → Best model saved to runs/run_452/best_model.pth
2026-02-15 00:11:57,609 - INFO - ✅ Checkpoint saved: runs/run_452/last_model.pth
2026-02-15 00:11:57,610 - INFO - Checkpoint saved (latest): runs/run_452/last_model.pth
2026-02-15 00:13:21,782 - INFO - Epoch 44/100: Train Loss: 0.508755, Val Loss: 0.531597
2026-02-15 00:13:21,811 - INFO -   → New best val loss: 0.531597
2026-02-15 00:13:23,476 - INFO - ✅ Checkpoint saved: runs/run_452/best_model.pth
2026-02-15 00:13:23,478 - INFO -   → Best model saved to runs/run_452/best_model.pth
2026-02-15 00:13:24,229 - INFO - ✅ Checkpoint saved: runs/run_452/last_model.pth
2026-02-15 00:13:24,231 - INFO - Checkpoint saved (latest): runs/run_452/last_model.pth
2026-02-15 00:14:46,965 - INFO - Epoch 45/100: Train Loss: 0.508138, Val Loss: 0.531522
2026-02-15 00:14:46,968 - INFO -   → New best val loss: 0.531522
2026-02-15 00:14:47,745 - INFO - ✅ Checkpoint saved: runs/run_452/best_model.pth
2026-02-15 00:14:47,747 - INFO -   → Best model saved to runs/run_452/best_model.pth
2026-02-15 00:14:48,485 - INFO - ✅ Checkpoint saved: runs/run_452/last_model.pth
2026-02-15 00:14:48,486 - INFO - Checkpoint saved (latest): runs/run_452/last_model.pth
2026-02-15 00:16:13,603 - INFO - Epoch 46/100: Train Loss: 0.507353, Val Loss: 0.531346
2026-02-15 00:16:13,610 - INFO -   → New best val loss: 0.531346
2026-02-15 00:16:14,383 - INFO - ✅ Checkpoint saved: runs/run_452/best_model.pth
2026-02-15 00:16:14,384 - INFO -   → Best model saved to runs/run_452/best_model.pth
2026-02-15 00:16:15,209 - INFO - ✅ Checkpoint saved: runs/run_452/last_model.pth
2026-02-15 00:16:15,211 - INFO - Checkpoint saved (latest): runs/run_452/last_model.pth
2026-02-15 00:17:37,306 - INFO - Epoch 47/100: Train Loss: 0.507542, Val Loss: 0.530770
2026-02-15 00:17:37,326 - INFO -   → New best val loss: 0.530770
2026-02-15 00:17:38,089 - INFO - ✅ Checkpoint saved: runs/run_452/best_model.pth
2026-02-15 00:17:38,091 - INFO -   → Best model saved to runs/run_452/best_model.pth
2026-02-15 00:17:38,852 - INFO - ✅ Checkpoint saved: runs/run_452/last_model.pth
2026-02-15 00:17:38,854 - INFO - Checkpoint saved (latest): runs/run_452/last_model.pth
2026-02-15 00:19:01,806 - INFO - Epoch 48/100: Train Loss: 0.507688, Val Loss: 0.530376
2026-02-15 00:19:02,221 - INFO -   → New best val loss: 0.530376
2026-02-15 00:19:03,004 - INFO - ✅ Checkpoint saved: runs/run_452/best_model.pth
2026-02-15 00:19:03,005 - INFO -   → Best model saved to runs/run_452/best_model.pth
2026-02-15 00:19:03,733 - INFO - ✅ Checkpoint saved: runs/run_452/last_model.pth
2026-02-15 00:19:03,735 - INFO - Checkpoint saved (latest): runs/run_452/last_model.pth
2026-02-15 00:20:26,628 - INFO - Epoch 49/100: Train Loss: 0.506645, Val Loss: 0.530747
2026-02-15 00:20:27,397 - INFO - ✅ Checkpoint saved: runs/run_452/last_model.pth
2026-02-15 00:20:27,399 - INFO - Checkpoint saved (latest): runs/run_452/last_model.pth
2026-02-15 00:21:51,822 - INFO - Epoch 50/100: Train Loss: 0.506697, Val Loss: 0.530158
2026-02-15 00:21:51,824 - INFO -   → New best val loss: 0.530158
2026-02-15 00:21:52,609 - INFO - ✅ Checkpoint saved: runs/run_452/best_model.pth
2026-02-15 00:21:52,611 - INFO -   → Best model saved to runs/run_452/best_model.pth
2026-02-15 00:21:53,587 - INFO - ✅ Checkpoint saved: runs/run_452/last_model.pth
2026-02-15 00:21:53,588 - INFO - Checkpoint saved (latest): runs/run_452/last_model.pth
2026-02-15 00:23:15,613 - INFO - Epoch 51/100: Train Loss: 0.506996, Val Loss: 0.529837
2026-02-15 00:23:15,622 - INFO -   → New best val loss: 0.529837
2026-02-15 00:23:16,402 - INFO - ✅ Checkpoint saved: runs/run_452/best_model.pth
2026-02-15 00:23:16,404 - INFO -   → Best model saved to runs/run_452/best_model.pth
2026-02-15 00:23:17,165 - INFO - ✅ Checkpoint saved: runs/run_452/last_model.pth
2026-02-15 00:23:17,167 - INFO - Checkpoint saved (latest): runs/run_452/last_model.pth
2026-02-15 00:24:40,737 - INFO - Epoch 52/100: Train Loss: 0.506070, Val Loss: 0.529671
2026-02-15 00:24:41,030 - INFO -   → New best val loss: 0.529671
2026-02-15 00:24:41,818 - INFO - ✅ Checkpoint saved: runs/run_452/best_model.pth
2026-02-15 00:24:41,820 - INFO -   → Best model saved to runs/run_452/best_model.pth
2026-02-15 00:24:42,595 - INFO - ✅ Checkpoint saved: runs/run_452/last_model.pth
2026-02-15 00:24:42,597 - INFO - Checkpoint saved (latest): runs/run_452/last_model.pth
2026-02-15 00:26:08,298 - INFO - Epoch 53/100: Train Loss: 0.506297, Val Loss: 0.529276
2026-02-15 00:26:08,313 - INFO -   → New best val loss: 0.529276
2026-02-15 00:26:09,075 - INFO - ✅ Checkpoint saved: runs/run_452/best_model.pth
2026-02-15 00:26:09,077 - INFO -   → Best model saved to runs/run_452/best_model.pth
2026-02-15 00:26:09,847 - INFO - ✅ Checkpoint saved: runs/run_452/last_model.pth
2026-02-15 00:26:09,849 - INFO - Checkpoint saved (latest): runs/run_452/last_model.pth
2026-02-15 00:27:30,975 - INFO - Epoch 54/100: Train Loss: 0.505642, Val Loss: 0.528971
2026-02-15 00:27:30,977 - INFO -   → New best val loss: 0.528971
2026-02-15 00:27:31,716 - INFO - ✅ Checkpoint saved: runs/run_452/best_model.pth
2026-02-15 00:27:33,058 - INFO -   → Best model saved to runs/run_452/best_model.pth
2026-02-15 00:27:33,911 - INFO - ✅ Checkpoint saved: runs/run_452/last_model.pth
2026-02-15 00:27:33,912 - INFO - Checkpoint saved (latest): runs/run_452/last_model.pth
2026-02-15 00:28:55,189 - INFO - Epoch 55/100: Train Loss: 0.505165, Val Loss: 0.528940
2026-02-15 00:28:55,202 - INFO -   → New best val loss: 0.528940
2026-02-15 00:28:55,921 - INFO - ✅ Checkpoint saved: runs/run_452/best_model.pth
2026-02-15 00:28:55,922 - INFO -   → Best model saved to runs/run_452/best_model.pth
2026-02-15 00:28:56,678 - INFO - ✅ Checkpoint saved: runs/run_452/last_model.pth
2026-02-15 00:28:56,680 - INFO - Checkpoint saved (latest): runs/run_452/last_model.pth
2026-02-15 00:30:19,651 - INFO - Epoch 56/100: Train Loss: 0.504690, Val Loss: 0.528751
2026-02-15 00:30:19,653 - INFO -   → New best val loss: 0.528751
2026-02-15 00:30:20,403 - INFO - ✅ Checkpoint saved: runs/run_452/best_model.pth
2026-02-15 00:30:20,405 - INFO -   → Best model saved to runs/run_452/best_model.pth
2026-02-15 00:30:21,191 - INFO - ✅ Checkpoint saved: runs/run_452/last_model.pth
2026-02-15 00:30:21,193 - INFO - Checkpoint saved (latest): runs/run_452/last_model.pth
2026-02-15 00:31:43,020 - INFO - Epoch 57/100: Train Loss: 0.504681, Val Loss: 0.528291
2026-02-15 00:31:43,034 - INFO -   → New best val loss: 0.528291
2026-02-15 00:31:43,828 - INFO - ✅ Checkpoint saved: runs/run_452/best_model.pth
2026-02-15 00:31:43,830 - INFO -   → Best model saved to runs/run_452/best_model.pth
2026-02-15 00:31:44,582 - INFO - ✅ Checkpoint saved: runs/run_452/last_model.pth
2026-02-15 00:31:44,584 - INFO - Checkpoint saved (latest): runs/run_452/last_model.pth
2026-02-15 00:33:08,164 - INFO - Epoch 58/100: Train Loss: 0.504608, Val Loss: 0.528303
2026-02-15 00:33:09,221 - INFO - ✅ Checkpoint saved: runs/run_452/last_model.pth
2026-02-15 00:33:09,223 - INFO - Checkpoint saved (latest): runs/run_452/last_model.pth
2026-02-15 00:34:34,236 - INFO - Epoch 59/100: Train Loss: 0.504660, Val Loss: 0.528175
2026-02-15 00:34:34,237 - INFO -   → New best val loss: 0.528175
2026-02-15 00:34:34,992 - INFO - ✅ Checkpoint saved: runs/run_452/best_model.pth
2026-02-15 00:34:34,994 - INFO -   → Best model saved to runs/run_452/best_model.pth
2026-02-15 00:34:35,720 - INFO - ✅ Checkpoint saved: runs/run_452/last_model.pth
2026-02-15 00:34:35,722 - INFO - Checkpoint saved (latest): runs/run_452/last_model.pth
2026-02-15 00:35:59,175 - INFO - Epoch 60/100: Train Loss: 0.503763, Val Loss: 0.527872
2026-02-15 00:35:59,177 - INFO -   → New best val loss: 0.527872
2026-02-15 00:35:59,991 - INFO - ✅ Checkpoint saved: runs/run_452/best_model.pth
2026-02-15 00:35:59,993 - INFO -   → Best model saved to runs/run_452/best_model.pth
2026-02-15 00:36:00,743 - INFO - ✅ Checkpoint saved: runs/run_452/last_model.pth
2026-02-15 00:36:00,745 - INFO - Checkpoint saved (latest): runs/run_452/last_model.pth
2026-02-15 00:37:21,862 - INFO - Epoch 61/100: Train Loss: 0.504318, Val Loss: 0.527612
2026-02-15 00:37:21,864 - INFO -   → New best val loss: 0.527612
2026-02-15 00:37:23,145 - INFO - ✅ Checkpoint saved: runs/run_452/best_model.pth
2026-02-15 00:37:23,147 - INFO -   → Best model saved to runs/run_452/best_model.pth
2026-02-15 00:37:23,874 - INFO - ✅ Checkpoint saved: runs/run_452/last_model.pth
2026-02-15 00:37:23,875 - INFO - Checkpoint saved (latest): runs/run_452/last_model.pth
2026-02-15 00:38:47,051 - INFO - Epoch 62/100: Train Loss: 0.503634, Val Loss: 0.527426
2026-02-15 00:38:47,053 - INFO -   → New best val loss: 0.527426
2026-02-15 00:38:47,818 - INFO - ✅ Checkpoint saved: runs/run_452/best_model.pth
2026-02-15 00:38:47,820 - INFO -   → Best model saved to runs/run_452/best_model.pth
2026-02-15 00:38:48,621 - INFO - ✅ Checkpoint saved: runs/run_452/last_model.pth
2026-02-15 00:38:48,622 - INFO - Checkpoint saved (latest): runs/run_452/last_model.pth
2026-02-15 00:40:11,456 - INFO - Epoch 63/100: Train Loss: 0.503220, Val Loss: 0.527544
2026-02-15 00:40:12,202 - INFO - ✅ Checkpoint saved: runs/run_452/last_model.pth
2026-02-15 00:40:12,204 - INFO - Checkpoint saved (latest): runs/run_452/last_model.pth
2026-02-15 00:41:34,348 - INFO - Epoch 64/100: Train Loss: 0.504113, Val Loss: 0.527115
2026-02-15 00:41:34,350 - INFO -   → New best val loss: 0.527115
2026-02-15 00:41:35,112 - INFO - ✅ Checkpoint saved: runs/run_452/best_model.pth
2026-02-15 00:41:35,114 - INFO -   → Best model saved to runs/run_452/best_model.pth
2026-02-15 00:41:35,864 - INFO - ✅ Checkpoint saved: runs/run_452/last_model.pth
2026-02-15 00:41:35,866 - INFO - Checkpoint saved (latest): runs/run_452/last_model.pth
2026-02-15 00:42:58,849 - INFO - Epoch 65/100: Train Loss: 0.503047, Val Loss: 0.527115
2026-02-15 00:42:59,687 - INFO - ✅ Checkpoint saved: runs/run_452/last_model.pth
2026-02-15 00:42:59,689 - INFO - Checkpoint saved (latest): runs/run_452/last_model.pth
2026-02-15 00:44:22,678 - INFO - Epoch 66/100: Train Loss: 0.503683, Val Loss: 0.527058
2026-02-15 00:44:22,693 - INFO -   → New best val loss: 0.527058
2026-02-15 00:44:23,481 - INFO - ✅ Checkpoint saved: runs/run_452/best_model.pth
2026-02-15 00:44:23,483 - INFO -   → Best model saved to runs/run_452/best_model.pth
2026-02-15 00:44:24,230 - INFO - ✅ Checkpoint saved: runs/run_452/last_model.pth
2026-02-15 00:44:25,673 - INFO - Checkpoint saved (latest): runs/run_452/last_model.pth
2026-02-15 00:45:48,339 - INFO - Epoch 67/100: Train Loss: 0.503116, Val Loss: 0.526681
2026-02-15 00:45:48,351 - INFO -   → New best val loss: 0.526681
2026-02-15 00:45:49,126 - INFO - ✅ Checkpoint saved: runs/run_452/best_model.pth
2026-02-15 00:45:49,128 - INFO -   → Best model saved to runs/run_452/best_model.pth
2026-02-15 00:45:49,875 - INFO - ✅ Checkpoint saved: runs/run_452/last_model.pth
2026-02-15 00:45:49,877 - INFO - Checkpoint saved (latest): runs/run_452/last_model.pth
2026-02-15 00:47:14,799 - INFO - Epoch 68/100: Train Loss: 0.502658, Val Loss: 0.526731
2026-02-15 00:47:15,557 - INFO - ✅ Checkpoint saved: runs/run_452/last_model.pth
2026-02-15 00:47:15,559 - INFO - Checkpoint saved (latest): runs/run_452/last_model.pth
2026-02-15 00:48:36,400 - INFO - Epoch 69/100: Train Loss: 0.502191, Val Loss: 0.526709
2026-02-15 00:48:39,318 - INFO - ✅ Checkpoint saved: runs/run_452/last_model.pth
2026-02-15 00:48:39,320 - INFO - Checkpoint saved (latest): runs/run_452/last_model.pth
2026-02-15 00:50:02,252 - INFO - Epoch 70/100: Train Loss: 0.501992, Val Loss: 0.526475
2026-02-15 00:50:02,254 - INFO -   → New best val loss: 0.526475
2026-02-15 00:50:03,843 - INFO - ✅ Checkpoint saved: runs/run_452/best_model.pth
2026-02-15 00:50:03,844 - INFO -   → Best model saved to runs/run_452/best_model.pth
2026-02-15 00:50:04,598 - INFO - ✅ Checkpoint saved: runs/run_452/last_model.pth
2026-02-15 00:50:04,600 - INFO - Checkpoint saved (latest): runs/run_452/last_model.pth
2026-02-15 00:51:28,934 - INFO - Epoch 71/100: Train Loss: 0.502631, Val Loss: 0.526440
2026-02-15 00:51:28,948 - INFO -   → New best val loss: 0.526440
2026-02-15 00:51:29,753 - INFO - ✅ Checkpoint saved: runs/run_452/best_model.pth
2026-02-15 00:51:29,756 - INFO -   → Best model saved to runs/run_452/best_model.pth
2026-02-15 00:51:30,547 - INFO - ✅ Checkpoint saved: runs/run_452/last_model.pth
2026-02-15 00:51:30,550 - INFO - Checkpoint saved (latest): runs/run_452/last_model.pth
2026-02-15 00:52:54,172 - INFO - Epoch 72/100: Train Loss: 0.502262, Val Loss: 0.526300
2026-02-15 00:52:54,189 - INFO -   → New best val loss: 0.526300
2026-02-15 00:52:55,017 - INFO - ✅ Checkpoint saved: runs/run_452/best_model.pth
2026-02-15 00:52:55,436 - INFO -   → Best model saved to runs/run_452/best_model.pth
2026-02-15 00:52:56,229 - INFO - ✅ Checkpoint saved: runs/run_452/last_model.pth
2026-02-15 00:52:56,230 - INFO - Checkpoint saved (latest): runs/run_452/last_model.pth
2026-02-15 00:54:18,931 - INFO - Epoch 73/100: Train Loss: 0.502212, Val Loss: 0.526257
2026-02-15 00:54:18,947 - INFO -   → New best val loss: 0.526257
2026-02-15 00:54:19,723 - INFO - ✅ Checkpoint saved: runs/run_452/best_model.pth
2026-02-15 00:54:19,725 - INFO -   → Best model saved to runs/run_452/best_model.pth
2026-02-15 00:54:20,502 - INFO - ✅ Checkpoint saved: runs/run_452/last_model.pth
2026-02-15 00:54:20,504 - INFO - Checkpoint saved (latest): runs/run_452/last_model.pth
2026-02-15 00:55:41,707 - INFO - Epoch 74/100: Train Loss: 0.501990, Val Loss: 0.525908
2026-02-15 00:55:41,896 - INFO -   → New best val loss: 0.525908
2026-02-15 00:55:43,148 - INFO - ✅ Checkpoint saved: runs/run_452/best_model.pth
2026-02-15 00:55:43,150 - INFO -   → Best model saved to runs/run_452/best_model.pth
2026-02-15 00:55:43,872 - INFO - ✅ Checkpoint saved: runs/run_452/last_model.pth
2026-02-15 00:55:43,873 - INFO - Checkpoint saved (latest): runs/run_452/last_model.pth
2026-02-15 00:57:07,738 - INFO - Epoch 75/100: Train Loss: 0.501673, Val Loss: 0.525976
2026-02-15 00:57:08,514 - INFO - ✅ Checkpoint saved: runs/run_452/last_model.pth
2026-02-15 00:57:08,517 - INFO - Checkpoint saved (latest): runs/run_452/last_model.pth
2026-02-15 00:58:32,954 - INFO - Epoch 76/100: Train Loss: 0.502137, Val Loss: 0.525901
2026-02-15 00:58:32,957 - INFO -   → New best val loss: 0.525901
2026-02-15 00:58:36,533 - INFO - ✅ Checkpoint saved: runs/run_452/best_model.pth
2026-02-15 00:58:36,536 - INFO -   → Best model saved to runs/run_452/best_model.pth
2026-02-15 00:58:37,292 - INFO - ✅ Checkpoint saved: runs/run_452/last_model.pth
2026-02-15 00:58:37,294 - INFO - Checkpoint saved (latest): runs/run_452/last_model.pth
2026-02-15 01:00:00,350 - INFO - Epoch 77/100: Train Loss: 0.502166, Val Loss: 0.525894
2026-02-15 01:00:00,353 - INFO -   → New best val loss: 0.525894
2026-02-15 01:00:01,576 - INFO - ✅ Checkpoint saved: runs/run_452/best_model.pth
2026-02-15 01:00:01,578 - INFO -   → Best model saved to runs/run_452/best_model.pth
2026-02-15 01:00:02,332 - INFO - ✅ Checkpoint saved: runs/run_452/last_model.pth
2026-02-15 01:00:02,333 - INFO - Checkpoint saved (latest): runs/run_452/last_model.pth
2026-02-15 01:01:25,845 - INFO - Epoch 78/100: Train Loss: 0.501787, Val Loss: 0.525779
2026-02-15 01:01:25,848 - INFO -   → New best val loss: 0.525779
2026-02-15 01:01:26,625 - INFO - ✅ Checkpoint saved: runs/run_452/best_model.pth
2026-02-15 01:01:26,628 - INFO -   → Best model saved to runs/run_452/best_model.pth
2026-02-15 01:01:27,393 - INFO - ✅ Checkpoint saved: runs/run_452/last_model.pth
2026-02-15 01:01:27,395 - INFO - Checkpoint saved (latest): runs/run_452/last_model.pth
2026-02-15 01:02:51,903 - INFO - Epoch 79/100: Train Loss: 0.501882, Val Loss: 0.525553
2026-02-15 01:02:51,905 - INFO -   → New best val loss: 0.525553
2026-02-15 01:02:52,689 - INFO - ✅ Checkpoint saved: runs/run_452/best_model.pth
2026-02-15 01:02:52,690 - INFO -   → Best model saved to runs/run_452/best_model.pth
2026-02-15 01:02:53,413 - INFO - ✅ Checkpoint saved: runs/run_452/last_model.pth
2026-02-15 01:02:53,415 - INFO - Checkpoint saved (latest): runs/run_452/last_model.pth
2026-02-15 01:04:17,017 - INFO - Epoch 80/100: Train Loss: 0.501873, Val Loss: 0.525665
2026-02-15 01:04:17,838 - INFO - ✅ Checkpoint saved: runs/run_452/last_model.pth
2026-02-15 01:04:17,839 - INFO - Checkpoint saved (latest): runs/run_452/last_model.pth
2026-02-15 01:05:42,192 - INFO - Epoch 81/100: Train Loss: 0.501589, Val Loss: 0.525563
2026-02-15 01:05:42,968 - INFO - ✅ Checkpoint saved: runs/run_452/last_model.pth
2026-02-15 01:05:42,969 - INFO - Checkpoint saved (latest): runs/run_452/last_model.pth
2026-02-15 01:07:05,481 - INFO - Epoch 82/100: Train Loss: 0.501025, Val Loss: 0.525729
2026-02-15 01:07:06,257 - INFO - ✅ Checkpoint saved: runs/run_452/last_model.pth
2026-02-15 01:07:06,258 - INFO - Checkpoint saved (latest): runs/run_452/last_model.pth
2026-02-15 01:08:30,853 - INFO - Epoch 83/100: Train Loss: 0.501021, Val Loss: 0.525542
2026-02-15 01:08:30,882 - INFO -   → New best val loss: 0.525542
2026-02-15 01:08:32,595 - INFO - ✅ Checkpoint saved: runs/run_452/best_model.pth
2026-02-15 01:08:32,596 - INFO -   → Best model saved to runs/run_452/best_model.pth
2026-02-15 01:08:33,388 - INFO - ✅ Checkpoint saved: runs/run_452/last_model.pth
2026-02-15 01:08:33,390 - INFO - Checkpoint saved (latest): runs/run_452/last_model.pth
2026-02-15 01:09:55,511 - INFO - Epoch 84/100: Train Loss: 0.501384, Val Loss: 0.525346
2026-02-15 01:09:55,513 - INFO -   → New best val loss: 0.525346
2026-02-15 01:09:56,257 - INFO - ✅ Checkpoint saved: runs/run_452/best_model.pth
2026-02-15 01:09:56,259 - INFO -   → Best model saved to runs/run_452/best_model.pth
2026-02-15 01:09:57,143 - INFO - ✅ Checkpoint saved: runs/run_452/last_model.pth
2026-02-15 01:09:57,145 - INFO - Checkpoint saved (latest): runs/run_452/last_model.pth
2026-02-15 01:11:20,520 - INFO - Epoch 85/100: Train Loss: 0.501977, Val Loss: 0.525517
2026-02-15 01:11:21,317 - INFO - ✅ Checkpoint saved: runs/run_452/last_model.pth
2026-02-15 01:11:21,319 - INFO - Checkpoint saved (latest): runs/run_452/last_model.pth
2026-02-15 01:12:42,693 - INFO - Epoch 86/100: Train Loss: 0.501029, Val Loss: 0.525276
2026-02-15 01:12:42,695 - INFO -   → New best val loss: 0.525276
2026-02-15 01:12:43,650 - INFO - ✅ Checkpoint saved: runs/run_452/best_model.pth
2026-02-15 01:12:43,652 - INFO -   → Best model saved to runs/run_452/best_model.pth
2026-02-15 01:12:44,425 - INFO - ✅ Checkpoint saved: runs/run_452/last_model.pth
2026-02-15 01:12:44,427 - INFO - Checkpoint saved (latest): runs/run_452/last_model.pth
2026-02-15 01:14:07,779 - INFO - Epoch 87/100: Train Loss: 0.500772, Val Loss: 0.525278
2026-02-15 01:14:08,555 - INFO - ✅ Checkpoint saved: runs/run_452/last_model.pth
2026-02-15 01:14:08,557 - INFO - Checkpoint saved (latest): runs/run_452/last_model.pth
2026-02-15 01:15:30,349 - INFO - Epoch 88/100: Train Loss: 0.501986, Val Loss: 0.525162
2026-02-15 01:15:30,351 - INFO -   → New best val loss: 0.525162
2026-02-15 01:15:31,918 - INFO - ✅ Checkpoint saved: runs/run_452/best_model.pth
2026-02-15 01:15:31,920 - INFO -   → Best model saved to runs/run_452/best_model.pth
2026-02-15 01:15:32,644 - INFO - ✅ Checkpoint saved: runs/run_452/last_model.pth
2026-02-15 01:15:32,646 - INFO - Checkpoint saved (latest): runs/run_452/last_model.pth
2026-02-15 01:16:54,208 - INFO - Epoch 89/100: Train Loss: 0.501007, Val Loss: 0.525201
2026-02-15 01:16:54,985 - INFO - ✅ Checkpoint saved: runs/run_452/last_model.pth
2026-02-15 01:16:54,987 - INFO - Checkpoint saved (latest): runs/run_452/last_model.pth
2026-02-15 01:18:16,289 - INFO - Epoch 90/100: Train Loss: 0.501487, Val Loss: 0.525112
2026-02-15 01:18:16,300 - INFO -   → New best val loss: 0.525112
2026-02-15 01:18:17,100 - INFO - ✅ Checkpoint saved: runs/run_452/best_model.pth
2026-02-15 01:18:17,102 - INFO -   → Best model saved to runs/run_452/best_model.pth
2026-02-15 01:18:17,849 - INFO - ✅ Checkpoint saved: runs/run_452/last_model.pth
2026-02-15 01:18:17,852 - INFO - Checkpoint saved (latest): runs/run_452/last_model.pth
2026-02-15 01:19:39,690 - INFO - Epoch 91/100: Train Loss: 0.501179, Val Loss: 0.525121
2026-02-15 01:19:40,446 - INFO - ✅ Checkpoint saved: runs/run_452/last_model.pth
2026-02-15 01:19:40,449 - INFO - Checkpoint saved (latest): runs/run_452/last_model.pth
2026-02-15 01:21:01,882 - INFO - Epoch 92/100: Train Loss: 0.500888, Val Loss: 0.525169
2026-02-15 01:21:02,623 - INFO - ✅ Checkpoint saved: runs/run_452/last_model.pth
2026-02-15 01:21:02,624 - INFO - Checkpoint saved (latest): runs/run_452/last_model.pth
2026-02-15 01:22:24,823 - INFO - Epoch 93/100: Train Loss: 0.501189, Val Loss: 0.525217
2026-02-15 01:22:25,610 - INFO - ✅ Checkpoint saved: runs/run_452/last_model.pth
2026-02-15 01:22:25,612 - INFO - Checkpoint saved (latest): runs/run_452/last_model.pth
2026-02-15 01:23:49,379 - INFO - Epoch 94/100: Train Loss: 0.500919, Val Loss: 0.525156
2026-02-15 01:23:50,137 - INFO - ✅ Checkpoint saved: runs/run_452/last_model.pth
2026-02-15 01:23:50,139 - INFO - Checkpoint saved (latest): runs/run_452/last_model.pth
2026-02-15 01:25:11,600 - INFO - Epoch 95/100: Train Loss: 0.501374, Val Loss: 0.525146
2026-02-15 01:25:12,427 - INFO - ✅ Checkpoint saved: runs/run_452/last_model.pth
2026-02-15 01:25:12,429 - INFO - Checkpoint saved (latest): runs/run_452/last_model.pth
2026-02-15 01:26:34,356 - INFO - Epoch 96/100: Train Loss: 0.501485, Val Loss: 0.525021
2026-02-15 01:26:34,358 - INFO -   → New best val loss: 0.525021
2026-02-15 01:26:36,268 - INFO - ✅ Checkpoint saved: runs/run_452/best_model.pth
2026-02-15 01:26:36,270 - INFO -   → Best model saved to runs/run_452/best_model.pth
2026-02-15 01:26:37,002 - INFO - ✅ Checkpoint saved: runs/run_452/last_model.pth
2026-02-15 01:26:37,004 - INFO - Checkpoint saved (latest): runs/run_452/last_model.pth
2026-02-15 01:27:59,941 - INFO - Epoch 97/100: Train Loss: 0.501020, Val Loss: 0.525026
2026-02-15 01:28:00,686 - INFO - ✅ Checkpoint saved: runs/run_452/last_model.pth
2026-02-15 01:28:00,688 - INFO - Checkpoint saved (latest): runs/run_452/last_model.pth
2026-02-15 01:29:24,014 - INFO - Epoch 98/100: Train Loss: 0.500448, Val Loss: 0.524926
2026-02-15 01:29:24,016 - INFO -   → New best val loss: 0.524926
2026-02-15 01:29:24,809 - INFO - ✅ Checkpoint saved: runs/run_452/best_model.pth
2026-02-15 01:29:24,811 - INFO -   → Best model saved to runs/run_452/best_model.pth
2026-02-15 01:29:25,553 - INFO - ✅ Checkpoint saved: runs/run_452/last_model.pth
2026-02-15 01:29:25,555 - INFO - Checkpoint saved (latest): runs/run_452/last_model.pth
2026-02-15 01:30:46,867 - INFO - Epoch 99/100: Train Loss: 0.501156, Val Loss: 0.525140
2026-02-15 01:30:47,634 - INFO - ✅ Checkpoint saved: runs/run_452/last_model.pth
2026-02-15 01:30:47,636 - INFO - Checkpoint saved (latest): runs/run_452/last_model.pth
2026-02-15 01:32:11,192 - INFO - Epoch 100/100: Train Loss: 0.501392, Val Loss: 0.525091
2026-02-15 01:32:11,933 - INFO - ✅ Checkpoint saved: runs/run_452/last_model.pth
2026-02-15 01:32:11,935 - INFO - Checkpoint saved (latest): runs/run_452/last_model.pth
2026-02-15 01:32:11,937 - INFO - Training complete! Best val loss: 0.524926
2026-02-15 01:32:11,939 - INFO - SIMMIM pretraining complete!
2026-02-15 01:32:11,940 - INFO - Loading best model from runs/run_452/best_model.pth
2026-02-15 01:32:12,688 - INFO - Best model successfully loaded for final evaluation.
2026-02-15 01:32:12,689 - INFO - Generating reports...
2026-02-15 01:32:12,690 - INFO - Generating SimMIM training curves...
2026-02-15 01:32:13,218 - INFO - Generating LR schedule plot...
2026-02-15 01:32:13,643 - INFO - LR schedule plot saved to 'runs/run_452/lr_schedule_swin_simmim.png'
2026-02-15 01:32:13,644 - INFO - Final train loss (last epoch): 0.501392
2026-02-15 01:32:13,645 - INFO - Best val loss: 0.524926 (epoch 98)
2026-02-15 01:32:13,716 - INFO - Final metrics saved to runs/run_452/final_metrics_swin_simmim.json
2026-02-15 01:32:13,956 - INFO - ✅ Model weights saved: runs/run_452/final_model_swin_simmim_weights.pth
2026-02-15 01:32:13,983 - INFO - Final model saved: runs/run_452/final_model_swin_simmim_weights.pth
2026-02-15 01:32:13,984 - INFO - Final model metadata saved: runs/run_452/final_model_swin_simmim_metadata.json
2026-02-15 01:32:14,171 - INFO - Experiment completed. Results saved to runs/run_452/results_swin_simmim.json
2026-02-15 01:32:14,176 - INFO - Experiment completed. Metadata saved to runs/run_452/metadata_swin_simmim.json
2026-02-15 01:32:14,177 - INFO - ============================================================
2026-02-15 01:32:14,178 - INFO - SimMIM PIPELINE COMPLETE
2026-02-15 01:32:14,179 - INFO - Final train loss: 0.501392
2026-02-15 01:32:14,181 - INFO - Final val loss: 0.525091
2026-02-15 01:32:14,182 - INFO - Best val loss: 0.524926
2026-02-15 01:32:14,183 - INFO - ============================================================
2026-02-15 01:32:14,188 - INFO - ✓ Grid run 1/1 completed successfully
2026-02-15 01:32:14,189 - INFO -   Best val loss: 0.524926234036684
2026-02-15 01:32:14,191 - INFO - ================================================================================
2026-02-15 01:32:14,192 - INFO - GRID SEARCH COMPLETE
2026-02-15 01:32:14,193 - INFO - ================================================================================
