Job started on node: head022
Allocated GPU(s): 0
Starting training at Sat Feb 14 21:46:24 CET 2026
GPU Memory before training:
10741, 70413, 81920
9267, 71887, 81920
19225, 61929, 81920
24561, 56593, 81920
22615, 58539, 81920
33149, 48005, 81920
12682, 68472, 81920
19357, 61797, 81920
Training completed at Sat Feb 14 21:46:45 CET 2026
GPU Memory after training:
10741, 70413, 81920
9267, 71887, 81920
19225, 61929, 81920
24561, 56593, 81920
22615, 58539, 81920
33149, 48005, 81920
12682, 68472, 81920
19357, 61797, 81920
Job finished
