Job started on node: head022
Allocated GPU(s): 0
Starting training at Sat Feb 14 22:34:56 CET 2026
GPU Memory before training:
10741, 70413, 81920
4677, 76477, 81920
34329, 46825, 81920
24561, 56593, 81920
22615, 58539, 81920
40697, 40457, 81920
12682, 68472, 81920
19357, 61797, 81920
Training completed at Sun Feb 15 05:53:34 CET 2026
GPU Memory after training:
8519, 72635, 81920
5861, 75293, 81920
16865, 64289, 81920
21827, 59327, 81920
23381, 57773, 81920
18131, 63023, 81920
4538, 76616, 81920
21457, 59697, 81920
Job finished
