/var/spool/slurmd/spool/job4107841/slurm_script: line 19: python: command not found
INFO:    gocryptfs not found, will not be able to use gocryptfs
2026-02-14 22:35:07,223 - INFO - Logging initialized. Log file: runs/run_334/training.log
2026-02-14 22:35:07,403 - INFO - Experiment directory: runs/run_334
2026-02-14 22:35:07,404 - INFO - Setting random seeds for reproducibility (seed: 42)...
2026-02-14 22:35:07,417 - INFO - ✅ All seeds set to 42 (deterministic=False)
2026-02-14 22:35:07,804 - INFO - GPU memory cleared at startup. Available: 39.2GB
2026-02-14 22:35:07,806 - INFO - Using device: cuda
2026-02-14 22:35:07,807 - INFO - Training configuration: epochs=20, warmup=3, lr=0.0005
2026-02-14 22:35:07,809 - INFO - SWIN_IMPROVED configuration: {'type': 'swin_improved', 'variant': 'tiny', 'img_size': 224, 'patch_size': 4, 'embed_dim': 96, 'depths': [2, 2, 6, 2], 'num_heads': [3, 6, 12, 24], 'window_size': 7, 'mlp_ratio': 4.0, 'dropout': 0.0, 'attention_dropout': 0.0, 'projection_dropout': 0.0, 'drop_path_rate': 0.08, 'use_shifted_window': True, 'use_relative_bias': True, 'use_absolute_pos_embed': False, 'use_hierarchical_merge': False, 'use_gradient_checkpointing': False, 'use_conv_stem': True, 'conv_stem_config': {'channels': [48, 96], 'kernel_sizes': [4, 3], 'strides': [4, 2], 'paddings': [0, 1], 'activation': 'gelu', 'use_batch_norm': True}, 'use_inverted_ffn': True, 'ffn_config': {'expand_ratio': 4, 'use_depthwise_conv': True, 'activation': 'gelu'}}
2026-02-14 22:35:07,810 - INFO - Loading dataset...
2026-02-14 22:35:07,812 - INFO - Starting ImageNet data loading from root: /
2026-02-14 22:35:07,813 - INFO - Resolved root path: /
2026-02-14 22:35:07,815 - INFO - Root path exists: True
2026-02-14 22:35:07,816 - INFO - Root path is dir: True
2026-02-14 22:35:07,821 - INFO - Contents of /: ['/.exec', '/.run', '/.shell', '/.singularity.d', '/.test', '/bin', '/boot', '/dev', '/environment', '/etc', '/home', '/lib', '/lib64', '/media', '/mnt', '/opt', '/proc', '/requirements.txt', '/root', '/run', '/sbin', '/singularity', '/srv', '/sys', '/tmp', '/usr', '/var', '/meta', '/train_set', '/train_set_small', '/val_set', '/val_set_unlabeled']
2026-02-14 22:35:07,822 - INFO - Expected train_dir: /train_set, exists: True
2026-02-14 22:35:07,823 - INFO - Expected val_dir: /val_set, exists: True
2026-02-14 22:35:13,607 - INFO - Loaded ImageNet data from /: train=1281167, val=50000
2026-02-14 22:35:14,378 - INFO - Dataset limits applied (stratified sampling enabled)
2026-02-14 22:35:14,380 - INFO - Dataset loaded: train=100000 samples (782 batches), val=50000 samples (391 batches), test=50000 samples (391 batches)
2026-02-14 22:35:15,553 - INFO - Using pretrained model: swin_tiny_patch4_window7_224
2026-02-14 22:35:15,554 - INFO - Model architecture: Swin-Tiny
2026-02-14 22:35:15,555 - INFO - Initializing reference model...
2026-02-14 22:35:15,556 - INFO - Loading TIMM model: swin_tiny_patch4_window7_224 with pretrained weights
2026-02-14 22:35:16,109 - INFO - Loading pretrained weights from Hugging Face hub (timm/swin_tiny_patch4_window7_224.ms_in1k)
2026-02-14 22:35:16,334 - INFO - HTTP Request: HEAD https://huggingface.co/timm/swin_tiny_patch4_window7_224.ms_in1k/resolve/main/model.safetensors "HTTP/1.1 302 Found"
2026-02-14 22:35:16,370 - INFO - [timm/swin_tiny_patch4_window7_224.ms_in1k] Safe alternative available for 'pytorch_model.bin' (as 'model.safetensors'). Loading weights using safetensors.
2026-02-14 22:35:16,554 - INFO - Successfully loaded swin_tiny_patch4_window7_224 from TIMM
2026-02-14 22:35:16,556 - INFO - Encoder loaded: 768 output features
2026-02-14 22:35:16,562 - INFO - Created classification head: 768 -> 1000 classes
2026-02-14 22:35:16,564 - INFO - Reference model created. Trainable params (head only): 770,536
2026-02-14 22:35:16,595 - INFO - Detected Swin Transformer architecture
2026-02-14 22:35:16,596 - INFO - Detected model size: tiny
2026-02-14 22:35:16,597 - INFO - Initializing custom Swin model (size: tiny)...
2026-02-14 22:35:16,599 - INFO - Custom model will match architecture: embed_dim=96, depths=[2, 2, 6, 2], num_heads=[3, 6, 12, 24]
2026-02-14 22:35:16,739 - INFO - Transferring weights from reference to custom encoder...
2026-02-14 22:35:16,741 - INFO - Weight transfer: SwinTransformer -> SwinTransformerModel
2026-02-14 22:35:16,759 - INFO - Weight transfer: 169 layers transferred.
2026-02-14 22:35:16,760 - INFO - Weight transfer completed: {'transferred': 169, 'missing': 0, 'size_mismatches': 0}
2026-02-14 22:35:16,762 - INFO - ✓ All expected weights transferred successfully
2026-02-14 22:35:16,763 - INFO - Custom model created. Trainable params (head only): 770,536
2026-02-14 22:35:16,785 - INFO - Starting reference model training...
2026-02-14 22:35:16,786 - INFO - Optimizer: training head parameters only (encoder frozen)
2026-02-14 22:35:16,788 - INFO - LR Scheduler: cosine with 3 warmup epochs
2026-02-14 22:35:16,789 - INFO - Mixed precision enabled → CUDA bf16 selected (hardware supported)
2026-02-14 22:35:16,790 - INFO - Starting training...
2026-02-14 22:35:19,179 - INFO - Processing first batch (shape: torch.Size([128, 3, 224, 224]))
2026-02-14 22:35:19,182 - INFO - Running first forward pass (torch.compile may take time)...
2026-02-14 22:35:21,012 - INFO - First forward pass complete (output shape: torch.Size([128, 1000]))
2026-02-14 22:35:21,413 - INFO - First batch complete! Loss: 7.0017
2026-02-14 22:57:17,270 - INFO - Epoch 1/20: LR: 0.000170
2026-02-14 22:57:17,300 - INFO - Epoch 1/20: Train Loss: 6.9938, Val Loss: 6.9530, Val Acc: 0.16%
2026-02-14 22:57:19,028 - INFO - Processing first batch (shape: torch.Size([128, 3, 224, 224]))
2026-02-14 22:57:19,033 - INFO - Running first forward pass (torch.compile may take time)...
2026-02-14 22:57:19,116 - INFO - First forward pass complete (output shape: torch.Size([128, 1000]))
2026-02-14 22:57:19,150 - INFO - First batch complete! Loss: 6.9351
2026-02-14 23:17:40,829 - INFO - Epoch 2/20: LR: 0.000335
2026-02-14 23:17:40,851 - INFO - Epoch 2/20: Train Loss: 5.8929, Val Loss: 4.4434, Val Acc: 74.51%
2026-02-14 23:17:42,712 - INFO - Processing first batch (shape: torch.Size([128, 3, 224, 224]))
2026-02-14 23:17:42,718 - INFO - Running first forward pass (torch.compile may take time)...
2026-02-14 23:17:42,796 - INFO - First forward pass complete (output shape: torch.Size([128, 1000]))
2026-02-14 23:17:42,849 - INFO - First batch complete! Loss: 4.7195
2026-02-14 23:37:48,063 - INFO - Epoch 3/20: LR: 0.000500
2026-02-14 23:37:48,102 - INFO - Epoch 3/20: Train Loss: 2.6141, Val Loss: 1.0030, Val Acc: 78.65%
2026-02-14 23:37:49,725 - INFO - Processing first batch (shape: torch.Size([128, 3, 224, 224]))
2026-02-14 23:37:49,730 - INFO - Running first forward pass (torch.compile may take time)...
2026-02-14 23:37:49,851 - INFO - First forward pass complete (output shape: torch.Size([128, 1000]))
2026-02-14 23:37:49,875 - INFO - First batch complete! Loss: 1.1164
2026-02-14 23:57:38,639 - INFO - Epoch 4/20: LR: 0.000496
2026-02-14 23:57:38,696 - INFO - Epoch 4/20: Train Loss: 1.1507, Val Loss: 0.8040, Val Acc: 79.58%
2026-02-14 23:57:40,503 - INFO - Processing first batch (shape: torch.Size([128, 3, 224, 224]))
2026-02-14 23:57:40,508 - INFO - Running first forward pass (torch.compile may take time)...
2026-02-14 23:57:40,611 - INFO - First forward pass complete (output shape: torch.Size([128, 1000]))
2026-02-14 23:57:40,651 - INFO - First batch complete! Loss: 0.7451
2026-02-15 00:18:26,534 - INFO - Epoch 5/20: LR: 0.000483
2026-02-15 00:27:13,755 - INFO - Epoch 5/20: Train Loss: 0.9956, Val Loss: 0.7991, Val Acc: 79.84%, Test Loss: 0.7991, Test Acc: 79.84%
2026-02-15 00:27:15,529 - INFO - Processing first batch (shape: torch.Size([128, 3, 224, 224]))
2026-02-15 00:27:15,531 - INFO - Running first forward pass (torch.compile may take time)...
2026-02-15 00:27:15,561 - INFO - First forward pass complete (output shape: torch.Size([128, 1000]))
2026-02-15 00:27:15,636 - INFO - First batch complete! Loss: 0.9800
2026-02-15 00:48:27,175 - INFO - Epoch 6/20: LR: 0.000463
2026-02-15 00:48:27,464 - INFO - Epoch 6/20: Train Loss: 0.9310, Val Loss: 0.8031, Val Acc: 79.76%
2026-02-15 00:48:29,547 - INFO - Processing first batch (shape: torch.Size([128, 3, 224, 224]))
2026-02-15 00:48:29,554 - INFO - Running first forward pass (torch.compile may take time)...
2026-02-15 00:48:29,638 - INFO - First forward pass complete (output shape: torch.Size([128, 1000]))
2026-02-15 00:48:29,690 - INFO - First batch complete! Loss: 0.9624
2026-02-15 01:09:06,085 - INFO - Epoch 7/20: LR: 0.000435
2026-02-15 01:09:06,120 - INFO - Epoch 7/20: Train Loss: 0.9148, Val Loss: 0.8059, Val Acc: 79.86%
2026-02-15 01:09:07,716 - INFO - Processing first batch (shape: torch.Size([128, 3, 224, 224]))
2026-02-15 01:09:07,721 - INFO - Running first forward pass (torch.compile may take time)...
2026-02-15 01:09:07,820 - INFO - First forward pass complete (output shape: torch.Size([128, 1000]))
2026-02-15 01:09:07,863 - INFO - First batch complete! Loss: 0.8721
2026-02-15 01:29:15,983 - INFO - Epoch 8/20: LR: 0.000401
2026-02-15 01:29:16,023 - INFO - Epoch 8/20: Train Loss: 0.8684, Val Loss: 0.8126, Val Acc: 79.78%
2026-02-15 01:29:17,720 - INFO - Processing first batch (shape: torch.Size([128, 3, 224, 224]))
2026-02-15 01:29:17,725 - INFO - Running first forward pass (torch.compile may take time)...
2026-02-15 01:29:17,802 - INFO - First forward pass complete (output shape: torch.Size([128, 1000]))
2026-02-15 01:29:17,852 - INFO - First batch complete! Loss: 0.9657
2026-02-15 01:49:05,746 - INFO - Epoch 9/20: LR: 0.000362
2026-02-15 01:49:05,780 - INFO - Epoch 9/20: Train Loss: 0.8502, Val Loss: 0.8158, Val Acc: 79.83%
2026-02-15 01:49:07,615 - INFO - Processing first batch (shape: torch.Size([128, 3, 224, 224]))
2026-02-15 01:49:07,619 - INFO - Running first forward pass (torch.compile may take time)...
2026-02-15 01:49:07,678 - INFO - First forward pass complete (output shape: torch.Size([128, 1000]))
2026-02-15 01:49:07,727 - INFO - First batch complete! Loss: 1.0924
2026-02-15 02:09:01,767 - INFO - Epoch 10/20: LR: 0.000319
2026-02-15 02:17:20,121 - INFO - Epoch 10/20: Train Loss: 0.8355, Val Loss: 0.8173, Val Acc: 79.94%, Test Loss: 0.8173, Test Acc: 79.94%
2026-02-15 02:17:22,158 - INFO - Processing first batch (shape: torch.Size([128, 3, 224, 224]))
2026-02-15 02:17:22,160 - INFO - Running first forward pass (torch.compile may take time)...
2026-02-15 02:17:22,176 - INFO - First forward pass complete (output shape: torch.Size([128, 1000]))
2026-02-15 02:17:22,265 - INFO - First batch complete! Loss: 0.8714
2026-02-15 02:37:55,478 - INFO - Epoch 11/20: LR: 0.000274
2026-02-15 02:37:55,543 - INFO - Epoch 11/20: Train Loss: 0.8139, Val Loss: 0.8200, Val Acc: 79.87%
2026-02-15 02:37:57,549 - INFO - Processing first batch (shape: torch.Size([128, 3, 224, 224]))
2026-02-15 02:37:57,555 - INFO - Running first forward pass (torch.compile may take time)...
2026-02-15 02:37:57,631 - INFO - First forward pass complete (output shape: torch.Size([128, 1000]))
2026-02-15 02:37:57,670 - INFO - First batch complete! Loss: 0.7404
2026-02-15 02:57:53,674 - INFO - Epoch 12/20: LR: 0.000227
2026-02-15 02:57:53,780 - INFO - Epoch 12/20: Train Loss: 0.8036, Val Loss: 0.8212, Val Acc: 79.85%
2026-02-15 02:57:55,470 - INFO - Processing first batch (shape: torch.Size([128, 3, 224, 224]))
2026-02-15 02:57:55,475 - INFO - Running first forward pass (torch.compile may take time)...
2026-02-15 02:57:55,579 - INFO - First forward pass complete (output shape: torch.Size([128, 1000]))
2026-02-15 02:57:55,626 - INFO - First batch complete! Loss: 0.6998
2026-02-15 03:17:48,137 - INFO - Epoch 13/20: LR: 0.000182
2026-02-15 03:17:48,165 - INFO - Epoch 13/20: Train Loss: 0.7935, Val Loss: 0.8245, Val Acc: 79.85%
2026-02-15 03:17:49,831 - INFO - Processing first batch (shape: torch.Size([128, 3, 224, 224]))
2026-02-15 03:17:49,836 - INFO - Running first forward pass (torch.compile may take time)...
2026-02-15 03:17:49,944 - INFO - First forward pass complete (output shape: torch.Size([128, 1000]))
2026-02-15 03:17:49,981 - INFO - First batch complete! Loss: 0.6992
2026-02-15 03:37:52,817 - INFO - Epoch 14/20: LR: 0.000139
2026-02-15 03:37:52,846 - INFO - Epoch 14/20: Train Loss: 0.7773, Val Loss: 0.8259, Val Acc: 79.85%
2026-02-15 03:37:54,481 - INFO - Processing first batch (shape: torch.Size([128, 3, 224, 224]))
2026-02-15 03:37:54,485 - INFO - Running first forward pass (torch.compile may take time)...
2026-02-15 03:37:54,580 - INFO - First forward pass complete (output shape: torch.Size([128, 1000]))
2026-02-15 03:37:54,620 - INFO - First batch complete! Loss: 0.8827
2026-02-15 03:57:38,638 - INFO - Epoch 15/20: LR: 0.000100
2026-02-15 04:05:50,122 - INFO - Epoch 15/20: Train Loss: 0.7706, Val Loss: 0.8258, Val Acc: 79.81%, Test Loss: 0.8258, Test Acc: 79.81%
2026-02-15 04:05:51,935 - INFO - Processing first batch (shape: torch.Size([128, 3, 224, 224]))
2026-02-15 04:05:51,936 - INFO - Running first forward pass (torch.compile may take time)...
2026-02-15 04:05:51,954 - INFO - First forward pass complete (output shape: torch.Size([128, 1000]))
2026-02-15 04:05:52,045 - INFO - First batch complete! Loss: 0.9599
2026-02-15 04:25:36,099 - INFO - Epoch 16/20: LR: 0.000066
2026-02-15 04:25:36,101 - INFO - Epoch 16/20: Train Loss: 0.7654, Val Loss: 0.8262, Val Acc: 79.79%
2026-02-15 04:25:37,861 - INFO - Processing first batch (shape: torch.Size([128, 3, 224, 224]))
2026-02-15 04:25:37,865 - INFO - Running first forward pass (torch.compile may take time)...
2026-02-15 04:25:37,945 - INFO - First forward pass complete (output shape: torch.Size([128, 1000]))
2026-02-15 04:25:37,976 - INFO - First batch complete! Loss: 0.7311
2026-02-15 04:45:25,248 - INFO - Epoch 17/20: LR: 0.000038
2026-02-15 04:45:25,250 - INFO - Epoch 17/20: Train Loss: 0.7595, Val Loss: 0.8253, Val Acc: 79.86%
2026-02-15 04:45:26,968 - INFO - Processing first batch (shape: torch.Size([128, 3, 224, 224]))
2026-02-15 04:45:26,973 - INFO - Running first forward pass (torch.compile may take time)...
2026-02-15 04:45:27,082 - INFO - First forward pass complete (output shape: torch.Size([128, 1000]))
2026-02-15 04:45:27,111 - INFO - First batch complete! Loss: 0.6466
2026-02-15 05:05:24,919 - INFO - Epoch 18/20: LR: 0.000018
2026-02-15 05:05:24,940 - INFO - Epoch 18/20: Train Loss: 0.7562, Val Loss: 0.8256, Val Acc: 79.85%
2026-02-15 05:05:26,620 - INFO - Processing first batch (shape: torch.Size([128, 3, 224, 224]))
2026-02-15 05:05:26,624 - INFO - Running first forward pass (torch.compile may take time)...
2026-02-15 05:05:26,738 - INFO - First forward pass complete (output shape: torch.Size([128, 1000]))
2026-02-15 05:05:26,769 - INFO - First batch complete! Loss: 0.7487
2026-02-15 05:25:06,375 - INFO - Epoch 19/20: LR: 0.000005
2026-02-15 05:25:06,377 - INFO - Epoch 19/20: Train Loss: 0.7525, Val Loss: 0.8254, Val Acc: 79.89%
2026-02-15 05:25:08,014 - INFO - Processing first batch (shape: torch.Size([128, 3, 224, 224]))
2026-02-15 05:25:08,019 - INFO - Running first forward pass (torch.compile may take time)...
2026-02-15 05:25:08,129 - INFO - First forward pass complete (output shape: torch.Size([128, 1000]))
2026-02-15 05:25:08,170 - INFO - First batch complete! Loss: 0.8177
2026-02-15 05:44:48,062 - INFO - Epoch 20/20: LR: 0.000001
2026-02-15 05:53:00,096 - INFO - Epoch 20/20: Train Loss: 0.7533, Val Loss: 0.8255, Val Acc: 79.88%, Test Loss: 0.8255, Test Acc: 79.88%
2026-02-15 05:53:00,098 - INFO - Reference model training completed!
2026-02-15 05:53:00,099 - INFO - Generating training curves...
2026-02-15 05:53:00,100 - ERROR - Experiment failed with error: unsupported operand type(s) for /: 'NoneType' and 'str'
2026-02-15 05:53:00,102 - ERROR - Full traceback:
Traceback (most recent call last):
  File "/home/pml04/swin_transformer/Machine-Learning-Project/main.py", line 224, in main
    run_linear_probing(
  File "/home/pml04/swin_transformer/Machine-Learning-Project/src/pipelines/linear_probing.py", line 428, in run_linear_probing
    final_reference_metrics = _finalize_validation(
                              ^^^^^^^^^^^^^^^^^^^^^
  File "/home/pml04/swin_transformer/Machine-Learning-Project/src/pipelines/linear_probing.py", line 333, in _finalize_validation
    final_test_metrics = generate_reports(
                         ^^^^^^^^^^^^^^^^^
  File "/home/pml04/swin_transformer/Machine-Learning-Project/src/pipelines/utils.py", line 185, in generate_reports
    metrics_history, save_path=str(run_dir / f"training_curves_{variant}")
                                   ~~~~~~~~^~~~~~~~~~~~~~~~~~~~~~~~~~~~~~
TypeError: unsupported operand type(s) for /: 'NoneType' and 'str'
Traceback (most recent call last):
  File "/home/pml04/swin_transformer/Machine-Learning-Project/main.py", line 224, in main
    run_linear_probing(
  File "/home/pml04/swin_transformer/Machine-Learning-Project/src/pipelines/linear_probing.py", line 428, in run_linear_probing
    final_reference_metrics = _finalize_validation(
                              ^^^^^^^^^^^^^^^^^^^^^
  File "/home/pml04/swin_transformer/Machine-Learning-Project/src/pipelines/linear_probing.py", line 333, in _finalize_validation
    final_test_metrics = generate_reports(
                         ^^^^^^^^^^^^^^^^^
  File "/home/pml04/swin_transformer/Machine-Learning-Project/src/pipelines/utils.py", line 185, in generate_reports
    metrics_history, save_path=str(run_dir / f"training_curves_{variant}")
                                   ~~~~~~~~^~~~~~~~~~~~~~~~~~~~~~~~~~~~~~
TypeError: unsupported operand type(s) for /: 'NoneType' and 'str'

The above exception was the direct cause of the following exception:

Traceback (most recent call last):
  File "/home/pml04/swin_transformer/Machine-Learning-Project/main.py", line 262, in <module>
    main()
  File "/home/pml04/swin_transformer/Machine-Learning-Project/main.py", line 258, in main
    raise RuntimeError(f"Experiment failed: {e}") from e
RuntimeError: Experiment failed: unsupported operand type(s) for /: 'NoneType' and 'str'
[W215 05:53:31.834690763 AllocatorConfig.cpp:28] Warning: PYTORCH_CUDA_ALLOC_CONF is deprecated, use PYTORCH_ALLOC_CONF instead (function operator())
