/var/spool/slurmd/spool/job4108870/slurm_script: line 19: python: command not found
INFO:    gocryptfs not found, will not be able to use gocryptfs
2026-02-15 15:46:09,277 - INFO - Logging initialized. Log file: runs/run_340/training.log
2026-02-15 15:46:09,341 - INFO - Experiment directory: runs/run_340
2026-02-15 15:46:09,342 - INFO - Setting random seeds for reproducibility (seed: 42)...
2026-02-15 15:46:09,364 - INFO - ✅ All seeds set to 42 (deterministic=False)
2026-02-15 15:46:09,708 - INFO - GPU memory cleared at startup. Available: 79.3GB
2026-02-15 15:46:09,710 - INFO - Using device: cuda
2026-02-15 15:46:09,711 - INFO - Training configuration: epochs=20, warmup=3, lr=0.0005
2026-02-15 15:46:09,713 - INFO - SWIN_HYBRID configuration: {'type': 'swin_hybrid', 'variant': 'tiny', 'img_size': 224, 'patch_size': 4, 'embed_dim': 96, 'depths': [2, 2, 6, 2], 'num_heads': [3, 6, 12, 24], 'window_size': 7, 'mlp_ratio': 4.0, 'dropout': 0.0, 'attention_dropout': 0.0, 'projection_dropout': 0.0, 'drop_path_rate': 0.08, 'use_shifted_window': True, 'use_relative_bias': True, 'use_absolute_pos_embed': False, 'use_hierarchical_merge': False, 'use_gradient_checkpointing': False, 'use_cnn_stem': True, 'cnn_stem_config': {'channels': [32, 64], 'kernel_size': 3, 'stride': 2, 'padding': 1, 'activation': 'gelu', 'use_batch_norm': True}}
2026-02-15 15:46:09,714 - INFO - Loading dataset...
2026-02-15 15:46:09,716 - INFO - Starting ImageNet data loading from root: /
2026-02-15 15:46:09,717 - INFO - Resolved root path: /
2026-02-15 15:46:09,718 - INFO - Root path exists: True
2026-02-15 15:46:09,719 - INFO - Root path is dir: True
2026-02-15 15:46:09,723 - INFO - Contents of /: ['/.exec', '/.run', '/.shell', '/.singularity.d', '/.test', '/bin', '/boot', '/dev', '/environment', '/etc', '/home', '/lib', '/lib64', '/media', '/mnt', '/opt', '/proc', '/requirements.txt', '/root', '/run', '/sbin', '/singularity', '/srv', '/sys', '/tmp', '/usr', '/var', '/meta', '/train_set', '/train_set_small', '/val_set', '/val_set_unlabeled']
2026-02-15 15:46:09,725 - INFO - Expected train_dir: /train_set, exists: True
2026-02-15 15:46:09,726 - INFO - Expected val_dir: /val_set, exists: True
2026-02-15 15:46:24,216 - INFO - Loaded ImageNet data from /: train=1281167, val=50000
2026-02-15 15:46:25,046 - INFO - Dataset limits applied (stratified sampling enabled)
2026-02-15 15:46:25,049 - INFO - Dataset loaded: train=100000 samples (782 batches), val=50000 samples (391 batches), test=50000 samples (391 batches)
2026-02-15 15:46:25,892 - INFO - Training SWIN_HYBRID from scratch
2026-02-15 15:46:25,894 - INFO - Initializing SWIN_HYBRID model from scratch...
2026-02-15 15:46:25,895 - INFO - Model architecture: SWIN_HYBRID
2026-02-15 15:46:25,896 - INFO - Model config: {'type': 'swin_hybrid', 'variant': 'tiny', 'img_size': 224, 'patch_size': 4, 'embed_dim': 96, 'depths': [2, 2, 6, 2], 'num_heads': [3, 6, 12, 24], 'window_size': 7, 'mlp_ratio': 4.0, 'dropout': 0.0, 'attention_dropout': 0.0, 'projection_dropout': 0.0, 'drop_path_rate': 0.08, 'use_shifted_window': True, 'use_relative_bias': True, 'use_absolute_pos_embed': False, 'use_hierarchical_merge': False, 'use_gradient_checkpointing': False, 'use_cnn_stem': True, 'cnn_stem_config': {'channels': [32, 64], 'kernel_size': 3, 'stride': 2, 'padding': 1, 'activation': 'gelu', 'use_batch_norm': True}}
2026-02-15 15:46:26,372 - INFO - Model created with random initialization
2026-02-15 15:46:26,373 - INFO - Total parameters: 28,363,522
2026-02-15 15:46:26,374 - INFO - Trainable parameters: 28,363,522
2026-02-15 15:46:26,406 - INFO - Compiling model with torch.compile()
2026-02-15 15:46:27,989 - INFO - Mixed precision enabled → CUDA bf16 selected (hardware supported)
2026-02-15 15:46:27,990 - INFO - Starting from-scratch training...
2026-02-15 15:46:27,991 - INFO - Optimizer: training all model parameters
2026-02-15 15:46:27,994 - INFO - LR Scheduler: cosine with 3 warmup epochs
2026-02-15 15:46:27,995 - INFO - Starting training...
2026-02-15 15:46:30,305 - INFO - Processing first batch (shape: torch.Size([128, 3, 224, 224]))
2026-02-15 15:46:30,308 - INFO - Running first forward pass (torch.compile may take time)...
/usr/local/lib/python3.12/site-packages/torch/backends/cuda/__init__.py:131: UserWarning: Please use the new API settings to control TF32 behavior, such as torch.backends.cudnn.conv.fp32_precision = 'tf32' or torch.backends.cuda.matmul.fp32_precision = 'ieee'. Old settings, e.g, torch.backends.cuda.matmul.allow_tf32 = True, torch.backends.cudnn.allow_tf32 = True, allowTF32CuDNN() and allowTF32CuBLAS() will be deprecated after Pytorch 2.9. Please see https://pytorch.org/docs/main/notes/cuda.html#tensorfloat-32-tf32-on-ampere-and-later-devices (Triggered internally at /pytorch/aten/src/ATen/Context.cpp:80.)
  return torch._C._get_cublas_allow_tf32()
2026-02-15 15:47:27,040 - INFO - First forward pass complete (output shape: torch.Size([128, 1000]))
2026-02-15 15:48:15,895 - INFO - First batch complete! Loss: 7.0125
2026-02-15 16:10:37,492 - INFO - Epoch 1/20: LR: 0.000170
2026-02-15 16:10:37,494 - INFO - Epoch 1/20: Train Loss: 6.8495, Val Loss: 6.6930, Val Acc: 0.76%
2026-02-15 16:10:39,241 - INFO - Processing first batch (shape: torch.Size([128, 3, 224, 224]))
2026-02-15 16:10:39,247 - INFO - Running first forward pass (torch.compile may take time)...
2026-02-15 16:10:39,289 - INFO - First forward pass complete (output shape: torch.Size([128, 1000]))
2026-02-15 16:10:39,319 - INFO - First batch complete! Loss: 6.7549
2026-02-15 16:28:58,737 - INFO - Epoch 2/20: LR: 0.000335
2026-02-15 16:28:58,773 - INFO - Epoch 2/20: Train Loss: 6.5927, Val Loss: 6.2182, Val Acc: 1.49%
2026-02-15 16:29:00,450 - INFO - Processing first batch (shape: torch.Size([128, 3, 224, 224]))
2026-02-15 16:29:00,459 - INFO - Running first forward pass (torch.compile may take time)...
2026-02-15 16:29:00,517 - INFO - First forward pass complete (output shape: torch.Size([128, 1000]))
2026-02-15 16:29:00,568 - INFO - First batch complete! Loss: 6.3792
2026-02-15 16:47:48,764 - INFO - Epoch 3/20: LR: 0.000500
2026-02-15 16:47:48,779 - INFO - Epoch 3/20: Train Loss: 6.2929, Val Loss: 5.8949, Val Acc: 2.64%
2026-02-15 16:47:50,544 - INFO - Processing first batch (shape: torch.Size([128, 3, 224, 224]))
2026-02-15 16:47:50,552 - INFO - Running first forward pass (torch.compile may take time)...
2026-02-15 16:47:50,609 - INFO - First forward pass complete (output shape: torch.Size([128, 1000]))
2026-02-15 16:47:50,637 - INFO - First batch complete! Loss: 6.1772
2026-02-15 17:06:43,130 - INFO - Epoch 4/20: LR: 0.000496
2026-02-15 17:06:43,131 - INFO - Epoch 4/20: Train Loss: 6.0722, Val Loss: 5.6790, Val Acc: 3.44%
2026-02-15 17:06:44,850 - INFO - Processing first batch (shape: torch.Size([128, 3, 224, 224]))
2026-02-15 17:06:44,859 - INFO - Running first forward pass (torch.compile may take time)...
2026-02-15 17:06:44,918 - INFO - First forward pass complete (output shape: torch.Size([128, 1000]))
2026-02-15 17:06:44,956 - INFO - First batch complete! Loss: 6.0642
2026-02-15 17:25:22,652 - INFO - Epoch 5/20: LR: 0.000483
2026-02-15 17:32:59,092 - INFO - Epoch 5/20: Train Loss: 5.8508, Val Loss: 5.4944, Val Acc: 4.69%, Test Loss: 5.4944, Test Acc: 4.69%
2026-02-15 17:33:00,719 - INFO - Processing first batch (shape: torch.Size([128, 3, 224, 224]))
2026-02-15 17:33:00,723 - INFO - Running first forward pass (torch.compile may take time)...
2026-02-15 17:33:00,814 - INFO - First forward pass complete (output shape: torch.Size([128, 1000]))
2026-02-15 17:33:00,873 - INFO - First batch complete! Loss: 5.8500
2026-02-15 17:51:44,039 - INFO - Epoch 6/20: LR: 0.000463
2026-02-15 17:51:44,040 - INFO - Epoch 6/20: Train Loss: 5.6758, Val Loss: 5.2631, Val Acc: 6.45%
2026-02-15 17:51:45,780 - INFO - Processing first batch (shape: torch.Size([128, 3, 224, 224]))
2026-02-15 17:51:45,787 - INFO - Running first forward pass (torch.compile may take time)...
2026-02-15 17:51:45,847 - INFO - First forward pass complete (output shape: torch.Size([128, 1000]))
2026-02-15 17:51:45,894 - INFO - First batch complete! Loss: 5.7068
2026-02-15 18:10:32,643 - INFO - Epoch 7/20: LR: 0.000435
2026-02-15 18:10:32,645 - INFO - Epoch 7/20: Train Loss: 5.5020, Val Loss: 5.1366, Val Acc: 7.38%
2026-02-15 18:10:34,323 - INFO - Processing first batch (shape: torch.Size([128, 3, 224, 224]))
2026-02-15 18:10:34,332 - INFO - Running first forward pass (torch.compile may take time)...
2026-02-15 18:10:34,394 - INFO - First forward pass complete (output shape: torch.Size([128, 1000]))
2026-02-15 18:10:34,435 - INFO - First batch complete! Loss: 5.3911
2026-02-15 18:29:05,632 - INFO - Epoch 8/20: LR: 0.000401
2026-02-15 18:29:05,633 - INFO - Epoch 8/20: Train Loss: 5.3700, Val Loss: 5.0154, Val Acc: 8.49%
2026-02-15 18:29:07,230 - INFO - Processing first batch (shape: torch.Size([128, 3, 224, 224]))
2026-02-15 18:29:07,235 - INFO - Running first forward pass (torch.compile may take time)...
2026-02-15 18:29:07,321 - INFO - First forward pass complete (output shape: torch.Size([128, 1000]))
2026-02-15 18:29:07,350 - INFO - First batch complete! Loss: 5.0661
2026-02-15 18:47:36,160 - INFO - Epoch 9/20: LR: 0.000362
2026-02-15 18:47:36,162 - INFO - Epoch 9/20: Train Loss: 5.2178, Val Loss: 4.8799, Val Acc: 9.99%
2026-02-15 18:47:37,839 - INFO - Processing first batch (shape: torch.Size([128, 3, 224, 224]))
2026-02-15 18:47:37,844 - INFO - Running first forward pass (torch.compile may take time)...
2026-02-15 18:47:37,908 - INFO - First forward pass complete (output shape: torch.Size([128, 1000]))
2026-02-15 18:47:37,940 - INFO - First batch complete! Loss: 4.7838
2026-02-15 19:06:04,767 - INFO - Epoch 10/20: LR: 0.000319
2026-02-15 19:13:33,416 - INFO - Epoch 10/20: Train Loss: 5.0769, Val Loss: 4.6433, Val Acc: 12.23%, Test Loss: 4.6433, Test Acc: 12.23%
2026-02-15 19:13:33,417 - INFO - Saving checkpoint for epoch 10...
2026-02-15 19:13:34,413 - INFO - ✅ Checkpoint saved: runs/run_340/checkpoint_epoch_10.pth
2026-02-15 19:13:36,253 - INFO - Processing first batch (shape: torch.Size([128, 3, 224, 224]))
2026-02-15 19:13:36,255 - INFO - Running first forward pass (torch.compile may take time)...
2026-02-15 19:13:36,288 - INFO - First forward pass complete (output shape: torch.Size([128, 1000]))
2026-02-15 19:13:36,313 - INFO - First batch complete! Loss: 4.5918
2026-02-15 19:32:01,748 - INFO - Epoch 11/20: LR: 0.000274
2026-02-15 19:32:01,749 - INFO - Epoch 11/20: Train Loss: 4.9418, Val Loss: 4.5773, Val Acc: 13.49%
2026-02-15 19:32:03,398 - INFO - Processing first batch (shape: torch.Size([128, 3, 224, 224]))
2026-02-15 19:32:03,402 - INFO - Running first forward pass (torch.compile may take time)...
2026-02-15 19:32:03,458 - INFO - First forward pass complete (output shape: torch.Size([128, 1000]))
2026-02-15 19:32:03,510 - INFO - First batch complete! Loss: 5.0588
2026-02-15 19:50:30,620 - INFO - Epoch 12/20: LR: 0.000227
2026-02-15 19:50:30,622 - INFO - Epoch 12/20: Train Loss: 4.8152, Val Loss: 4.4476, Val Acc: 14.46%
2026-02-15 19:50:32,311 - INFO - Processing first batch (shape: torch.Size([128, 3, 224, 224]))
2026-02-15 19:50:32,315 - INFO - Running first forward pass (torch.compile may take time)...
2026-02-15 19:50:32,349 - INFO - First forward pass complete (output shape: torch.Size([128, 1000]))
2026-02-15 19:50:32,376 - INFO - First batch complete! Loss: 4.8079
2026-02-15 20:08:54,056 - INFO - Epoch 13/20: LR: 0.000182
2026-02-15 20:08:54,057 - INFO - Epoch 13/20: Train Loss: 4.6882, Val Loss: 4.3591, Val Acc: 15.64%
2026-02-15 20:08:55,755 - INFO - Processing first batch (shape: torch.Size([128, 3, 224, 224]))
2026-02-15 20:08:55,760 - INFO - Running first forward pass (torch.compile may take time)...
2026-02-15 20:08:55,815 - INFO - First forward pass complete (output shape: torch.Size([128, 1000]))
2026-02-15 20:08:55,860 - INFO - First batch complete! Loss: 4.3802
2026-02-15 20:27:21,693 - INFO - Epoch 14/20: LR: 0.000139
2026-02-15 20:27:21,694 - INFO - Epoch 14/20: Train Loss: 4.5572, Val Loss: 4.2307, Val Acc: 17.47%
2026-02-15 20:27:23,285 - INFO - Processing first batch (shape: torch.Size([128, 3, 224, 224]))
2026-02-15 20:27:23,290 - INFO - Running first forward pass (torch.compile may take time)...
2026-02-15 20:27:23,382 - INFO - First forward pass complete (output shape: torch.Size([128, 1000]))
2026-02-15 20:27:23,416 - INFO - First batch complete! Loss: 4.4368
2026-02-15 20:45:43,422 - INFO - Epoch 15/20: LR: 0.000100
2026-02-15 20:53:16,527 - INFO - Epoch 15/20: Train Loss: 4.4373, Val Loss: 4.1546, Val Acc: 18.44%, Test Loss: 4.1546, Test Acc: 18.44%
2026-02-15 20:53:18,366 - INFO - Processing first batch (shape: torch.Size([128, 3, 224, 224]))
2026-02-15 20:53:18,370 - INFO - Running first forward pass (torch.compile may take time)...
2026-02-15 20:53:18,405 - INFO - First forward pass complete (output shape: torch.Size([128, 1000]))
2026-02-15 20:53:18,432 - INFO - First batch complete! Loss: 4.5451
2026-02-15 21:12:21,352 - INFO - Epoch 16/20: LR: 0.000066
2026-02-15 21:12:21,369 - INFO - Epoch 16/20: Train Loss: 4.3409, Val Loss: 4.0750, Val Acc: 19.58%
2026-02-15 21:12:23,061 - INFO - Processing first batch (shape: torch.Size([128, 3, 224, 224]))
2026-02-15 21:12:23,066 - INFO - Running first forward pass (torch.compile may take time)...
2026-02-15 21:12:23,124 - INFO - First forward pass complete (output shape: torch.Size([128, 1000]))
2026-02-15 21:12:23,157 - INFO - First batch complete! Loss: 4.5265
