/var/spool/slurmd/spool/job4108487/slurm_script: line 19: python: command not found
INFO:    gocryptfs not found, will not be able to use gocryptfs
2026-02-15 11:25:57,331 - INFO - Logging initialized. Log file: runs/run_338/training.log
2026-02-15 11:25:57,380 - INFO - Experiment directory: runs/run_338
2026-02-15 11:25:57,382 - INFO - Setting random seeds for reproducibility (seed: 42)...
2026-02-15 11:25:57,394 - INFO - ✅ All seeds set to 42 (deterministic=False)
2026-02-15 11:25:57,764 - INFO - GPU memory cleared at startup. Available: 39.2GB
2026-02-15 11:25:57,766 - INFO - Using device: cuda
2026-02-15 11:25:57,767 - INFO - Training configuration: epochs=20, warmup=3, lr=0.0005
2026-02-15 11:25:57,769 - INFO - SWIN_HYBRID configuration: {'type': 'swin_hybrid', 'variant': 'tiny', 'img_size': 224, 'patch_size': 4, 'embed_dim': 96, 'depths': [2, 2, 6, 2], 'num_heads': [3, 6, 12, 24], 'window_size': 7, 'mlp_ratio': 4.0, 'dropout': 0.0, 'attention_dropout': 0.0, 'projection_dropout': 0.0, 'drop_path_rate': 0.08, 'use_shifted_window': True, 'use_relative_bias': True, 'use_absolute_pos_embed': False, 'use_hierarchical_merge': False, 'use_gradient_checkpointing': False, 'use_cnn_stem': True, 'cnn_stem_config': {'channels': [32, 64], 'kernel_size': 3, 'stride': 2, 'padding': 1, 'activation': 'gelu', 'use_batch_norm': True}}
2026-02-15 11:25:57,770 - INFO - Loading dataset...
2026-02-15 11:25:57,772 - INFO - Starting ImageNet data loading from root: /
2026-02-15 11:25:57,774 - INFO - Resolved root path: /
2026-02-15 11:25:57,775 - INFO - Root path exists: True
2026-02-15 11:25:57,777 - INFO - Root path is dir: True
2026-02-15 11:25:57,782 - INFO - Contents of /: ['/.exec', '/.run', '/.shell', '/.singularity.d', '/.test', '/bin', '/boot', '/dev', '/environment', '/etc', '/home', '/lib', '/lib64', '/media', '/mnt', '/opt', '/proc', '/requirements.txt', '/root', '/run', '/sbin', '/singularity', '/srv', '/sys', '/tmp', '/usr', '/var', '/meta', '/train_set', '/train_set_small', '/val_set', '/val_set_unlabeled']
2026-02-15 11:25:57,784 - INFO - Expected train_dir: /train_set, exists: True
2026-02-15 11:25:57,785 - INFO - Expected val_dir: /val_set, exists: True
2026-02-15 11:26:04,227 - INFO - Loaded ImageNet data from /: train=1281167, val=50000
2026-02-15 11:26:04,963 - INFO - Dataset limits applied (stratified sampling enabled)
2026-02-15 11:26:04,965 - INFO - Dataset loaded: train=100000 samples (782 batches), val=50000 samples (391 batches), test=50000 samples (391 batches)
2026-02-15 11:26:05,672 - INFO - Using pretrained model: swin_tiny_patch4_window7_224
2026-02-15 11:26:05,674 - INFO - Model architecture: Swin-Tiny
2026-02-15 11:26:05,675 - INFO - Initializing reference model...
2026-02-15 11:26:05,676 - INFO - Loading TIMM model: swin_tiny_patch4_window7_224 with pretrained weights
2026-02-15 11:26:06,219 - INFO - Loading pretrained weights from Hugging Face hub (timm/swin_tiny_patch4_window7_224.ms_in1k)
2026-02-15 11:26:06,431 - INFO - HTTP Request: HEAD https://huggingface.co/timm/swin_tiny_patch4_window7_224.ms_in1k/resolve/main/model.safetensors "HTTP/1.1 302 Found"
2026-02-15 11:26:06,441 - INFO - [timm/swin_tiny_patch4_window7_224.ms_in1k] Safe alternative available for 'pytorch_model.bin' (as 'model.safetensors'). Loading weights using safetensors.
2026-02-15 11:26:06,486 - INFO - Successfully loaded swin_tiny_patch4_window7_224 from TIMM
2026-02-15 11:26:06,487 - INFO - Encoder loaded: 768 output features
2026-02-15 11:26:06,493 - INFO - Created classification head: 768 -> 1000 classes
2026-02-15 11:26:06,495 - INFO - Reference model created. Trainable params (head only): 770,536
2026-02-15 11:26:06,523 - INFO - Detected Swin Transformer architecture
2026-02-15 11:26:06,529 - INFO - Detected model size: tiny
2026-02-15 11:26:06,535 - INFO - Initializing custom Swin model (size: tiny)...
2026-02-15 11:26:06,541 - INFO - Custom model will match architecture: embed_dim=96, depths=[2, 2, 6, 2], num_heads=[3, 6, 12, 24]
2026-02-15 11:26:06,683 - INFO - Transferring weights from reference to custom encoder...
2026-02-15 11:26:06,685 - INFO - Weight transfer: SwinTransformer -> SwinTransformerModel
2026-02-15 11:26:06,704 - INFO - Weight transfer: 169 layers transferred.
2026-02-15 11:26:06,706 - INFO - Weight transfer completed: {'transferred': 169, 'missing': 0, 'size_mismatches': 0}
2026-02-15 11:26:06,707 - INFO - ✓ All expected weights transferred successfully
2026-02-15 11:26:06,709 - INFO - Custom model created. Trainable params (head only): 770,536
2026-02-15 11:26:06,731 - INFO - Starting reference model training...
2026-02-15 11:26:06,732 - INFO - Optimizer: training head parameters only (encoder frozen)
2026-02-15 11:26:06,734 - INFO - LR Scheduler: cosine with 3 warmup epochs
2026-02-15 11:26:06,735 - INFO - Mixed precision enabled → CUDA bf16 selected (hardware supported)
2026-02-15 11:26:06,737 - INFO - Starting training...
2026-02-15 11:26:08,849 - INFO - Processing first batch (shape: torch.Size([128, 3, 224, 224]))
2026-02-15 11:26:08,919 - INFO - Running first forward pass (torch.compile may take time)...
2026-02-15 11:26:10,654 - INFO - First forward pass complete (output shape: torch.Size([128, 1000]))
2026-02-15 11:26:10,965 - INFO - First batch complete! Loss: 7.0017
2026-02-15 11:46:14,346 - INFO - Epoch 1/20: LR: 0.000170
2026-02-15 11:46:14,360 - INFO - Epoch 1/20: Train Loss: 6.9938, Val Loss: 6.9530, Val Acc: 0.16%
2026-02-15 11:46:16,068 - INFO - Processing first batch (shape: torch.Size([128, 3, 224, 224]))
2026-02-15 11:46:16,074 - INFO - Running first forward pass (torch.compile may take time)...
2026-02-15 11:46:16,137 - INFO - First forward pass complete (output shape: torch.Size([128, 1000]))
2026-02-15 11:46:16,189 - INFO - First batch complete! Loss: 6.9351
2026-02-15 12:05:57,587 - INFO - Epoch 2/20: LR: 0.000335
2026-02-15 12:05:57,605 - INFO - Epoch 2/20: Train Loss: 5.8929, Val Loss: 4.4434, Val Acc: 74.51%
2026-02-15 12:05:59,419 - INFO - Processing first batch (shape: torch.Size([128, 3, 224, 224]))
2026-02-15 12:05:59,424 - INFO - Running first forward pass (torch.compile may take time)...
2026-02-15 12:05:59,494 - INFO - First forward pass complete (output shape: torch.Size([128, 1000]))
2026-02-15 12:05:59,538 - INFO - First batch complete! Loss: 4.7195
2026-02-15 12:26:44,417 - INFO - Epoch 3/20: LR: 0.000500
2026-02-15 12:26:44,419 - INFO - Epoch 3/20: Train Loss: 2.6141, Val Loss: 1.0030, Val Acc: 78.65%
2026-02-15 12:26:46,458 - INFO - Processing first batch (shape: torch.Size([128, 3, 224, 224]))
2026-02-15 12:26:46,463 - INFO - Running first forward pass (torch.compile may take time)...
2026-02-15 12:26:46,523 - INFO - First forward pass complete (output shape: torch.Size([128, 1000]))
2026-02-15 12:26:46,575 - INFO - First batch complete! Loss: 1.1164
2026-02-15 12:47:36,444 - INFO - Epoch 4/20: LR: 0.000496
2026-02-15 12:47:36,446 - INFO - Epoch 4/20: Train Loss: 1.1507, Val Loss: 0.8040, Val Acc: 79.58%
2026-02-15 12:47:38,220 - INFO - Processing first batch (shape: torch.Size([128, 3, 224, 224]))
2026-02-15 12:47:38,226 - INFO - Running first forward pass (torch.compile may take time)...
2026-02-15 12:47:38,352 - INFO - First forward pass complete (output shape: torch.Size([128, 1000]))
2026-02-15 12:47:38,392 - INFO - First batch complete! Loss: 0.7451
2026-02-15 13:08:45,519 - INFO - Epoch 5/20: LR: 0.000483
2026-02-15 13:16:38,525 - INFO - Epoch 5/20: Train Loss: 0.9956, Val Loss: 0.7991, Val Acc: 79.84%, Test Loss: 0.7991, Test Acc: 79.84%
2026-02-15 13:16:40,187 - INFO - Processing first batch (shape: torch.Size([128, 3, 224, 224]))
2026-02-15 13:16:40,189 - INFO - Running first forward pass (torch.compile may take time)...
2026-02-15 13:16:40,216 - INFO - First forward pass complete (output shape: torch.Size([128, 1000]))
2026-02-15 13:16:40,295 - INFO - First batch complete! Loss: 0.9800
2026-02-15 13:36:00,911 - INFO - Epoch 6/20: LR: 0.000463
2026-02-15 13:36:00,914 - INFO - Epoch 6/20: Train Loss: 0.9310, Val Loss: 0.8031, Val Acc: 79.76%
2026-02-15 13:36:02,893 - INFO - Processing first batch (shape: torch.Size([128, 3, 224, 224]))
2026-02-15 13:36:02,901 - INFO - Running first forward pass (torch.compile may take time)...
2026-02-15 13:36:02,985 - INFO - First forward pass complete (output shape: torch.Size([128, 1000]))
2026-02-15 13:36:03,036 - INFO - First batch complete! Loss: 0.9624
2026-02-15 13:56:17,165 - INFO - Epoch 7/20: LR: 0.000435
2026-02-15 13:56:17,178 - INFO - Epoch 7/20: Train Loss: 0.9148, Val Loss: 0.8059, Val Acc: 79.86%
2026-02-15 13:56:19,005 - INFO - Processing first batch (shape: torch.Size([128, 3, 224, 224]))
2026-02-15 13:56:19,012 - INFO - Running first forward pass (torch.compile may take time)...
2026-02-15 13:56:19,144 - INFO - First forward pass complete (output shape: torch.Size([128, 1000]))
2026-02-15 13:56:19,185 - INFO - First batch complete! Loss: 0.8721
2026-02-15 14:17:04,154 - INFO - Epoch 8/20: LR: 0.000401
2026-02-15 14:17:04,156 - INFO - Epoch 8/20: Train Loss: 0.8684, Val Loss: 0.8126, Val Acc: 79.78%
2026-02-15 14:17:05,767 - INFO - Processing first batch (shape: torch.Size([128, 3, 224, 224]))
2026-02-15 14:17:05,773 - INFO - Running first forward pass (torch.compile may take time)...
2026-02-15 14:17:05,825 - INFO - First forward pass complete (output shape: torch.Size([128, 1000]))
2026-02-15 14:17:05,878 - INFO - First batch complete! Loss: 0.9657
2026-02-15 14:36:41,387 - INFO - Epoch 9/20: LR: 0.000362
2026-02-15 14:36:41,389 - INFO - Epoch 9/20: Train Loss: 0.8502, Val Loss: 0.8158, Val Acc: 79.83%
2026-02-15 14:36:43,171 - INFO - Processing first batch (shape: torch.Size([128, 3, 224, 224]))
2026-02-15 14:36:43,177 - INFO - Running first forward pass (torch.compile may take time)...
2026-02-15 14:36:43,275 - INFO - First forward pass complete (output shape: torch.Size([128, 1000]))
2026-02-15 14:36:43,326 - INFO - First batch complete! Loss: 1.0924
2026-02-15 14:56:53,425 - INFO - Epoch 10/20: LR: 0.000319
2026-02-15 15:05:08,565 - INFO - Epoch 10/20: Train Loss: 0.8355, Val Loss: 0.8173, Val Acc: 79.94%, Test Loss: 0.8173, Test Acc: 79.94%
2026-02-15 15:05:10,463 - INFO - Processing first batch (shape: torch.Size([128, 3, 224, 224]))
2026-02-15 15:05:10,465 - INFO - Running first forward pass (torch.compile may take time)...
2026-02-15 15:05:10,483 - INFO - First forward pass complete (output shape: torch.Size([128, 1000]))
2026-02-15 15:05:10,572 - INFO - First batch complete! Loss: 0.8714
2026-02-15 15:25:51,363 - INFO - Epoch 11/20: LR: 0.000274
2026-02-15 15:25:51,366 - INFO - Epoch 11/20: Train Loss: 0.8139, Val Loss: 0.8200, Val Acc: 79.87%
2026-02-15 15:25:53,595 - INFO - Processing first batch (shape: torch.Size([128, 3, 224, 224]))
2026-02-15 15:25:53,600 - INFO - Running first forward pass (torch.compile may take time)...
2026-02-15 15:25:53,718 - INFO - First forward pass complete (output shape: torch.Size([128, 1000]))
2026-02-15 15:25:53,757 - INFO - First batch complete! Loss: 0.7404
[2026-02-15T15:40:57.093] error: *** JOB 4108487 ON head022 CANCELLED AT 2026-02-15T15:40:57 DUE to SIGNAL Terminated ***
