INFO:    gocryptfs not found, will not be able to use gocryptfs
2026-02-15 18:24:33,072 - INFO - Logging initialized. Log file: runs/run_476/training.log
2026-02-15 18:24:33,074 - INFO - Experiment directory: runs/run_476
2026-02-15 18:24:33,076 - INFO - Setting random seeds for reproducibility (seed: 42)...
2026-02-15 18:24:33,097 - INFO - ✅ All seeds set to 42 (deterministic=False)
2026-02-15 18:24:33,652 - INFO - GPU memory cleared at startup. Available: 23.6GB
2026-02-15 18:24:33,654 - INFO - Using device: cuda
2026-02-15 18:24:33,656 - INFO - Training configuration: epochs=50, warmup=5, lr=0.0005
2026-02-15 18:24:33,657 - INFO - SWIN configuration: variant=tiny, use_shifted_window=True, use_relative_bias=True, use_absolute_pos_embed=False, use_hierarchical_merge=False, use_gradient_checkpointing=False
2026-02-15 18:24:33,659 - INFO - SWIN details: embed_dim=96, depths=[2, 2, 6, 2], num_heads=[3, 6, 12, 24], window_size=7
2026-02-15 18:24:33,660 - INFO - Loading dataset...
2026-02-15 18:24:33,665 - INFO - SD-198 dataset not found. Downloading to /home/pml17/datasets/sd198...
2026-02-15 18:24:33,666 - INFO - Downloading SD-198 zip to /home/pml17/datasets/sd198...
2026-02-15 18:24:33,851 - INFO - Detected SD-198 zip in repo: sd-198.zip
2026-02-15 18:24:34,057 - INFO - Extracting SD-198 zip to /home/pml17/datasets/sd198/sd198_raw...
2026-02-15 18:25:29,542 - INFO - Extraction complete.
2026-02-15 18:25:29,554 - INFO - Downloading SD-198 zip to /home/pml17/datasets/sd198...
2026-02-15 18:25:29,693 - INFO - Detected SD-198 zip in repo: sd-198.zip
2026-02-15 18:25:29,831 - INFO - Extraction marker found. Reusing existing extraction at /home/pml17/datasets/sd198/sd198_raw.
2026-02-15 18:25:33,608 - INFO - Detected SD-198 ImageFolder root: /home/pml17/datasets/sd198/sd198_raw/sd-198/images
2026-02-15 18:25:33,624 - INFO - Preparing SD-198 splits from 198 classes...
2026-02-15 18:26:04,054 - INFO - SD-198 splits prepared at /home/pml17/datasets/sd198/sd198
2026-02-15 18:26:14,324 - INFO - Loaded SD-198 from /home/pml17/datasets/sd198/sd198: train=3253, val=0, test=3331
2026-02-15 18:26:14,328 - INFO - Dataset loaded: train=3253 samples (26 batches), test=3331 samples (27 batches)
2026-02-15 18:26:16,270 - INFO - ============================================================
2026-02-15 18:26:16,271 - INFO - STARTING FINE-TUNING PIPELINE ON SD198
2026-02-15 18:26:16,273 - INFO - Target: ImageNet Baseline Finetuning (No Checkpoint)
2026-02-15 18:26:16,274 - INFO - ============================================================
2026-02-15 18:26:16,277 - INFO - Mixed precision enabled → CUDA bf16 selected (hardware supported)
2026-02-15 18:26:16,279 - INFO - ============================================================
2026-02-15 18:26:16,280 - INFO - NO CHECKPOINT PROVIDED -> INITIALIZING IMAGENET BASELINE
2026-02-15 18:26:16,282 - INFO - ============================================================
2026-02-15 18:26:16,283 - INFO - Initializing reference model...
2026-02-15 18:26:16,285 - INFO - Loading TIMM model: swin_tiny_patch4_window7_224 with pretrained weights
2026-02-15 18:26:17,673 - INFO - Loading pretrained weights from Hugging Face hub (timm/swin_tiny_patch4_window7_224.ms_in1k)
2026-02-15 18:26:17,855 - INFO - [timm/swin_tiny_patch4_window7_224.ms_in1k] Safe alternative available for 'pytorch_model.bin' (as 'model.safetensors'). Loading weights using safetensors.
2026-02-15 18:26:18,285 - INFO - Successfully loaded swin_tiny_patch4_window7_224 from TIMM
2026-02-15 18:26:18,287 - INFO - Encoder loaded: 768 output features
2026-02-15 18:26:18,291 - INFO - Created classification head: 768 -> 198 classes
2026-02-15 18:26:18,294 - INFO - Reference model created. Trainable params (full model): 27,671,616
2026-02-15 18:26:18,389 - INFO - Initializing custom Swin model (size: tiny)...
2026-02-15 18:26:18,391 - INFO - Custom model will match architecture: embed_dim=96, depths=[2, 2, 6, 2], num_heads=[3, 6, 12, 24]
2026-02-15 18:26:19,100 - INFO - Transferring weights from reference to custom encoder...
2026-02-15 18:26:19,102 - INFO - Weight transfer: SwinTransformer -> SwinTransformerModel
2026-02-15 18:26:19,156 - INFO - Weight transfer: 169 layers transferred.
2026-02-15 18:26:19,158 - INFO - Weight transfer completed: {'transferred': 169, 'missing': 0, 'size_mismatches': 0}
2026-02-15 18:26:19,159 - INFO - ✓ All expected weights transferred successfully
2026-02-15 18:26:19,162 - INFO - Custom model created. Trainable params (full model): 27,671,616
2026-02-15 18:26:19,213 - INFO - ImageNet Baseline Model Ready for Fine-Tuning.
2026-02-15 18:26:19,217 - INFO - Starting fine-tuning loop...
2026-02-15 18:26:19,218 - INFO - Optimizer: LLRD Enabled (decay rate: 0.65)
2026-02-15 18:26:19,223 - INFO - LR Scheduler: cosine with 5 warmup epochs
2026-02-15 18:26:19,225 - INFO - Starting training...
2026-02-15 18:26:24,500 - INFO - Processing first batch (shape: torch.Size([128, 3, 224, 224]))
2026-02-15 18:26:24,506 - INFO - Running first forward pass (torch.compile may take time)...
2026-02-15 18:26:28,565 - INFO - First forward pass complete (output shape: torch.Size([128, 198]))
2026-02-15 18:26:30,483 - INFO - First batch complete! Loss: 5.4897
2026-02-15 18:26:37,479 - INFO - Epoch 1/50: LR: 0.000008
2026-02-15 18:26:37,482 - INFO - Epoch 1/50: Train Loss: 5.3907
2026-02-15 18:26:42,161 - INFO - Processing first batch (shape: torch.Size([128, 3, 224, 224]))
2026-02-15 18:26:42,167 - INFO - Running first forward pass (torch.compile may take time)...
2026-02-15 18:26:42,249 - INFO - First forward pass complete (output shape: torch.Size([128, 198]))
2026-02-15 18:26:42,393 - INFO - First batch complete! Loss: 5.3955
2026-02-15 18:26:56,245 - INFO - Epoch 2/50: LR: 0.000015
2026-02-15 18:26:56,248 - INFO - Epoch 2/50: Train Loss: 5.1827
2026-02-15 18:27:00,892 - INFO - Processing first batch (shape: torch.Size([128, 3, 224, 224]))
2026-02-15 18:27:00,897 - INFO - Running first forward pass (torch.compile may take time)...
2026-02-15 18:27:01,000 - INFO - First forward pass complete (output shape: torch.Size([128, 198]))
2026-02-15 18:27:01,140 - INFO - First batch complete! Loss: 4.9174
2026-02-15 18:27:13,968 - INFO - Epoch 3/50: LR: 0.000023
2026-02-15 18:27:13,971 - INFO - Epoch 3/50: Train Loss: 4.5502
2026-02-15 18:27:17,816 - INFO - Processing first batch (shape: torch.Size([128, 3, 224, 224]))
2026-02-15 18:27:17,823 - INFO - Running first forward pass (torch.compile may take time)...
2026-02-15 18:27:17,970 - INFO - First forward pass complete (output shape: torch.Size([128, 198]))
2026-02-15 18:27:18,140 - INFO - First batch complete! Loss: 3.8946
2026-02-15 18:27:31,956 - INFO - Epoch 4/50: LR: 0.000030
2026-02-15 18:27:31,959 - INFO - Epoch 4/50: Train Loss: 3.6314
2026-02-15 18:27:36,393 - INFO - Processing first batch (shape: torch.Size([128, 3, 224, 224]))
2026-02-15 18:27:36,399 - INFO - Running first forward pass (torch.compile may take time)...
2026-02-15 18:27:36,482 - INFO - First forward pass complete (output shape: torch.Size([128, 198]))
2026-02-15 18:27:36,621 - INFO - First batch complete! Loss: 3.1385
2026-02-15 18:27:49,473 - INFO - Epoch 5/50: LR: 0.000038
2026-02-15 18:28:19,447 - INFO - Epoch 5/50: Train Loss: 2.8668, Test Loss: 2.5795, Test Acc: 35.51%
2026-02-15 18:28:19,450 - INFO - Saving checkpoint for epoch 5...
2026-02-15 18:28:20,638 - INFO - ✅ Checkpoint saved: runs/run_476/checkpoint_epoch_5.pth
2026-02-15 18:28:25,466 - INFO - Processing first batch (shape: torch.Size([128, 3, 224, 224]))
2026-02-15 18:28:25,472 - INFO - Running first forward pass (torch.compile may take time)...
2026-02-15 18:28:25,556 - INFO - First forward pass complete (output shape: torch.Size([128, 198]))
2026-02-15 18:28:25,693 - INFO - First batch complete! Loss: 2.4061
2026-02-15 18:28:39,357 - INFO - Epoch 6/50: LR: 0.000038
2026-02-15 18:28:39,360 - INFO - Epoch 6/50: Train Loss: 2.2920
2026-02-15 18:28:44,108 - INFO - Processing first batch (shape: torch.Size([128, 3, 224, 224]))
2026-02-15 18:28:44,116 - INFO - Running first forward pass (torch.compile may take time)...
2026-02-15 18:28:44,197 - INFO - First forward pass complete (output shape: torch.Size([128, 198]))
2026-02-15 18:28:44,336 - INFO - First batch complete! Loss: 1.8568
2026-02-15 18:28:57,423 - INFO - Epoch 7/50: LR: 0.000038
2026-02-15 18:28:57,426 - INFO - Epoch 7/50: Train Loss: 1.7715
2026-02-15 18:29:01,800 - INFO - Processing first batch (shape: torch.Size([128, 3, 224, 224]))
2026-02-15 18:29:01,805 - INFO - Running first forward pass (torch.compile may take time)...
2026-02-15 18:29:01,899 - INFO - First forward pass complete (output shape: torch.Size([128, 198]))
2026-02-15 18:29:02,036 - INFO - First batch complete! Loss: 1.4457
2026-02-15 18:29:15,662 - INFO - Epoch 8/50: LR: 0.000037
2026-02-15 18:29:15,667 - INFO - Epoch 8/50: Train Loss: 1.4132
2026-02-15 18:29:20,436 - INFO - Processing first batch (shape: torch.Size([128, 3, 224, 224]))
2026-02-15 18:29:20,444 - INFO - Running first forward pass (torch.compile may take time)...
2026-02-15 18:29:20,533 - INFO - First forward pass complete (output shape: torch.Size([128, 198]))
2026-02-15 18:29:20,674 - INFO - First batch complete! Loss: 1.0012
2026-02-15 18:29:34,091 - INFO - Epoch 9/50: LR: 0.000037
2026-02-15 18:29:34,095 - INFO - Epoch 9/50: Train Loss: 1.1384
2026-02-15 18:29:38,391 - INFO - Processing first batch (shape: torch.Size([128, 3, 224, 224]))
2026-02-15 18:29:38,396 - INFO - Running first forward pass (torch.compile may take time)...
2026-02-15 18:29:38,522 - INFO - First forward pass complete (output shape: torch.Size([128, 198]))
2026-02-15 18:29:38,657 - INFO - First batch complete! Loss: 0.8753
2026-02-15 18:29:52,243 - INFO - Epoch 10/50: LR: 0.000037
2026-02-15 18:30:20,936 - INFO - Epoch 10/50: Train Loss: 0.8880, Test Loss: 1.6712, Test Acc: 57.55%
2026-02-15 18:30:20,938 - INFO - Saving checkpoint for epoch 10...
2026-02-15 18:30:22,111 - INFO - ✅ Checkpoint saved: runs/run_476/checkpoint_epoch_10.pth
2026-02-15 18:30:26,248 - INFO - Processing first batch (shape: torch.Size([128, 3, 224, 224]))
2026-02-15 18:30:26,253 - INFO - Running first forward pass (torch.compile may take time)...
2026-02-15 18:30:26,340 - INFO - First forward pass complete (output shape: torch.Size([128, 198]))
2026-02-15 18:30:26,511 - INFO - First batch complete! Loss: 0.7498
2026-02-15 18:30:39,958 - INFO - Epoch 11/50: LR: 0.000036
2026-02-15 18:30:39,961 - INFO - Epoch 11/50: Train Loss: 0.7350
2026-02-15 18:30:44,437 - INFO - Processing first batch (shape: torch.Size([128, 3, 224, 224]))
2026-02-15 18:30:44,446 - INFO - Running first forward pass (torch.compile may take time)...
2026-02-15 18:30:44,557 - INFO - First forward pass complete (output shape: torch.Size([128, 198]))
2026-02-15 18:30:44,702 - INFO - First batch complete! Loss: 0.4764
2026-02-15 18:30:57,223 - INFO - Epoch 12/50: LR: 0.000036
2026-02-15 18:30:57,227 - INFO - Epoch 12/50: Train Loss: 0.6186
2026-02-15 18:31:01,541 - INFO - Processing first batch (shape: torch.Size([128, 3, 224, 224]))
2026-02-15 18:31:01,549 - INFO - Running first forward pass (torch.compile may take time)...
2026-02-15 18:31:01,660 - INFO - First forward pass complete (output shape: torch.Size([128, 198]))
2026-02-15 18:31:01,805 - INFO - First batch complete! Loss: 0.4827
2026-02-15 18:31:14,935 - INFO - Epoch 13/50: LR: 0.000035
2026-02-15 18:31:14,938 - INFO - Epoch 13/50: Train Loss: 0.4917
2026-02-15 18:31:19,548 - INFO - Processing first batch (shape: torch.Size([128, 3, 224, 224]))
2026-02-15 18:31:19,561 - INFO - Running first forward pass (torch.compile may take time)...
2026-02-15 18:31:19,644 - INFO - First forward pass complete (output shape: torch.Size([128, 198]))
2026-02-15 18:31:19,804 - INFO - First batch complete! Loss: 0.4590
2026-02-15 18:31:32,884 - INFO - Epoch 14/50: LR: 0.000034
2026-02-15 18:31:32,887 - INFO - Epoch 14/50: Train Loss: 0.4281
2026-02-15 18:31:37,868 - INFO - Processing first batch (shape: torch.Size([128, 3, 224, 224]))
2026-02-15 18:31:37,880 - INFO - Running first forward pass (torch.compile may take time)...
2026-02-15 18:31:37,962 - INFO - First forward pass complete (output shape: torch.Size([128, 198]))
2026-02-15 18:31:38,104 - INFO - First batch complete! Loss: 0.3261
2026-02-15 18:31:50,645 - INFO - Epoch 15/50: LR: 0.000033
2026-02-15 18:32:19,033 - INFO - Epoch 15/50: Train Loss: 0.3795, Test Loss: 1.6425, Test Acc: 61.33%
2026-02-15 18:32:19,036 - INFO - Saving checkpoint for epoch 15...
2026-02-15 18:32:20,184 - INFO - ✅ Checkpoint saved: runs/run_476/checkpoint_epoch_15.pth
2026-02-15 18:32:24,689 - INFO - Processing first batch (shape: torch.Size([128, 3, 224, 224]))
2026-02-15 18:32:24,695 - INFO - Running first forward pass (torch.compile may take time)...
2026-02-15 18:32:24,801 - INFO - First forward pass complete (output shape: torch.Size([128, 198]))
2026-02-15 18:32:24,948 - INFO - First batch complete! Loss: 0.3347
2026-02-15 18:32:37,873 - INFO - Epoch 16/50: LR: 0.000033
2026-02-15 18:32:37,877 - INFO - Epoch 16/50: Train Loss: 0.3319
2026-02-15 18:32:42,352 - INFO - Processing first batch (shape: torch.Size([128, 3, 224, 224]))
2026-02-15 18:32:42,360 - INFO - Running first forward pass (torch.compile may take time)...
2026-02-15 18:32:42,442 - INFO - First forward pass complete (output shape: torch.Size([128, 198]))
2026-02-15 18:32:42,579 - INFO - First batch complete! Loss: 0.2718
2026-02-15 18:32:56,622 - INFO - Epoch 17/50: LR: 0.000032
2026-02-15 18:32:56,625 - INFO - Epoch 17/50: Train Loss: 0.2844
2026-02-15 18:33:01,062 - INFO - Processing first batch (shape: torch.Size([128, 3, 224, 224]))
2026-02-15 18:33:01,066 - INFO - Running first forward pass (torch.compile may take time)...
2026-02-15 18:33:01,146 - INFO - First forward pass complete (output shape: torch.Size([128, 198]))
2026-02-15 18:33:01,289 - INFO - First batch complete! Loss: 0.3457
2026-02-15 18:33:14,364 - INFO - Epoch 18/50: LR: 0.000031
2026-02-15 18:33:14,367 - INFO - Epoch 18/50: Train Loss: 0.2643
2026-02-15 18:33:19,364 - INFO - Processing first batch (shape: torch.Size([128, 3, 224, 224]))
2026-02-15 18:33:19,370 - INFO - Running first forward pass (torch.compile may take time)...
2026-02-15 18:33:19,452 - INFO - First forward pass complete (output shape: torch.Size([128, 198]))
2026-02-15 18:33:19,595 - INFO - First batch complete! Loss: 0.2566
2026-02-15 18:33:32,574 - INFO - Epoch 19/50: LR: 0.000030
2026-02-15 18:33:32,578 - INFO - Epoch 19/50: Train Loss: 0.2601
2026-02-15 18:33:37,119 - INFO - Processing first batch (shape: torch.Size([128, 3, 224, 224]))
2026-02-15 18:33:37,126 - INFO - Running first forward pass (torch.compile may take time)...
2026-02-15 18:33:37,207 - INFO - First forward pass complete (output shape: torch.Size([128, 198]))
2026-02-15 18:33:37,349 - INFO - First batch complete! Loss: 0.2122
2026-02-15 18:33:50,218 - INFO - Epoch 20/50: LR: 0.000029
2026-02-15 18:34:19,007 - INFO - Epoch 20/50: Train Loss: 0.2267, Test Loss: 1.5937, Test Acc: 62.77%
2026-02-15 18:34:19,010 - INFO - Saving checkpoint for epoch 20...
2026-02-15 18:34:20,148 - INFO - ✅ Checkpoint saved: runs/run_476/checkpoint_epoch_20.pth
2026-02-15 18:34:24,952 - INFO - Processing first batch (shape: torch.Size([128, 3, 224, 224]))
2026-02-15 18:34:24,961 - INFO - Running first forward pass (torch.compile may take time)...
2026-02-15 18:34:25,046 - INFO - First forward pass complete (output shape: torch.Size([128, 198]))
2026-02-15 18:34:25,186 - INFO - First batch complete! Loss: 0.1886
2026-02-15 18:34:38,127 - INFO - Epoch 21/50: LR: 0.000027
2026-02-15 18:34:38,130 - INFO - Epoch 21/50: Train Loss: 0.2076
2026-02-15 18:34:43,181 - INFO - Processing first batch (shape: torch.Size([128, 3, 224, 224]))
2026-02-15 18:34:43,188 - INFO - Running first forward pass (torch.compile may take time)...
2026-02-15 18:34:43,274 - INFO - First forward pass complete (output shape: torch.Size([128, 198]))
2026-02-15 18:34:43,415 - INFO - First batch complete! Loss: 0.1168
2026-02-15 18:34:56,746 - INFO - Epoch 22/50: LR: 0.000026
2026-02-15 18:34:56,748 - INFO - Epoch 22/50: Train Loss: 0.2000
2026-02-15 18:35:00,972 - INFO - Processing first batch (shape: torch.Size([128, 3, 224, 224]))
2026-02-15 18:35:00,982 - INFO - Running first forward pass (torch.compile may take time)...
2026-02-15 18:35:01,068 - INFO - First forward pass complete (output shape: torch.Size([128, 198]))
2026-02-15 18:35:01,208 - INFO - First batch complete! Loss: 0.1026
2026-02-15 18:35:13,380 - INFO - Epoch 23/50: LR: 0.000025
2026-02-15 18:35:13,383 - INFO - Epoch 23/50: Train Loss: 0.1830
2026-02-15 18:35:17,411 - INFO - Processing first batch (shape: torch.Size([128, 3, 224, 224]))
2026-02-15 18:35:17,419 - INFO - Running first forward pass (torch.compile may take time)...
2026-02-15 18:35:17,521 - INFO - First forward pass complete (output shape: torch.Size([128, 198]))
2026-02-15 18:35:17,659 - INFO - First batch complete! Loss: 0.1455
2026-02-15 18:35:30,376 - INFO - Epoch 24/50: LR: 0.000024
2026-02-15 18:35:30,379 - INFO - Epoch 24/50: Train Loss: 0.1628
2026-02-15 18:35:34,302 - INFO - Processing first batch (shape: torch.Size([128, 3, 224, 224]))
2026-02-15 18:35:34,307 - INFO - Running first forward pass (torch.compile may take time)...
2026-02-15 18:35:34,510 - INFO - First forward pass complete (output shape: torch.Size([128, 198]))
2026-02-15 18:35:34,654 - INFO - First batch complete! Loss: 0.1823
2026-02-15 18:35:47,314 - INFO - Epoch 25/50: LR: 0.000023
2026-02-15 18:36:15,856 - INFO - Epoch 25/50: Train Loss: 0.1556, Test Loss: 1.6367, Test Acc: 62.83%
2026-02-15 18:36:15,858 - INFO - Saving checkpoint for epoch 25...
2026-02-15 18:36:17,019 - INFO - ✅ Checkpoint saved: runs/run_476/checkpoint_epoch_25.pth
2026-02-15 18:36:21,303 - INFO - Processing first batch (shape: torch.Size([128, 3, 224, 224]))
2026-02-15 18:36:21,315 - INFO - Running first forward pass (torch.compile may take time)...
2026-02-15 18:36:21,413 - INFO - First forward pass complete (output shape: torch.Size([128, 198]))
2026-02-15 18:36:21,548 - INFO - First batch complete! Loss: 0.2312
2026-02-15 18:36:33,468 - INFO - Epoch 26/50: LR: 0.000021
2026-02-15 18:36:33,471 - INFO - Epoch 26/50: Train Loss: 0.1513
2026-02-15 18:36:37,748 - INFO - Processing first batch (shape: torch.Size([128, 3, 224, 224]))
2026-02-15 18:36:37,755 - INFO - Running first forward pass (torch.compile may take time)...
2026-02-15 18:36:37,867 - INFO - First forward pass complete (output shape: torch.Size([128, 198]))
2026-02-15 18:36:38,038 - INFO - First batch complete! Loss: 0.0993
2026-02-15 18:36:49,381 - INFO - Epoch 27/50: LR: 0.000020
2026-02-15 18:36:49,384 - INFO - Epoch 27/50: Train Loss: 0.1297
2026-02-15 18:36:53,788 - INFO - Processing first batch (shape: torch.Size([128, 3, 224, 224]))
2026-02-15 18:36:53,795 - INFO - Running first forward pass (torch.compile may take time)...
2026-02-15 18:36:53,875 - INFO - First forward pass complete (output shape: torch.Size([128, 198]))
2026-02-15 18:36:54,018 - INFO - First batch complete! Loss: 0.1041
2026-02-15 18:37:07,724 - INFO - Epoch 28/50: LR: 0.000019
2026-02-15 18:37:07,727 - INFO - Epoch 28/50: Train Loss: 0.1371
2026-02-15 18:37:12,564 - INFO - Processing first batch (shape: torch.Size([128, 3, 224, 224]))
2026-02-15 18:37:12,572 - INFO - Running first forward pass (torch.compile may take time)...
2026-02-15 18:37:12,652 - INFO - First forward pass complete (output shape: torch.Size([128, 198]))
2026-02-15 18:37:12,797 - INFO - First batch complete! Loss: 0.1342
2026-02-15 18:37:26,095 - INFO - Epoch 29/50: LR: 0.000017
2026-02-15 18:37:26,098 - INFO - Epoch 29/50: Train Loss: 0.1277
2026-02-15 18:37:30,136 - INFO - Processing first batch (shape: torch.Size([128, 3, 224, 224]))
2026-02-15 18:37:30,144 - INFO - Running first forward pass (torch.compile may take time)...
2026-02-15 18:37:30,285 - INFO - First forward pass complete (output shape: torch.Size([128, 198]))
2026-02-15 18:37:30,426 - INFO - First batch complete! Loss: 0.1394
2026-02-15 18:37:43,372 - INFO - Epoch 30/50: LR: 0.000016
2026-02-15 18:38:12,434 - INFO - Epoch 30/50: Train Loss: 0.1160, Test Loss: 1.6665, Test Acc: 63.91%
2026-02-15 18:38:12,436 - INFO - Saving checkpoint for epoch 30...
2026-02-15 18:38:13,598 - INFO - ✅ Checkpoint saved: runs/run_476/checkpoint_epoch_30.pth
2026-02-15 18:38:18,026 - INFO - Processing first batch (shape: torch.Size([128, 3, 224, 224]))
2026-02-15 18:38:18,033 - INFO - Running first forward pass (torch.compile may take time)...
2026-02-15 18:38:18,108 - INFO - First forward pass complete (output shape: torch.Size([128, 198]))
2026-02-15 18:38:18,253 - INFO - First batch complete! Loss: 0.2068
2026-02-15 18:38:30,857 - INFO - Epoch 31/50: LR: 0.000015
2026-02-15 18:38:30,860 - INFO - Epoch 31/50: Train Loss: 0.1089
2026-02-15 18:38:35,364 - INFO - Processing first batch (shape: torch.Size([128, 3, 224, 224]))
2026-02-15 18:38:35,368 - INFO - Running first forward pass (torch.compile may take time)...
2026-02-15 18:38:35,484 - INFO - First forward pass complete (output shape: torch.Size([128, 198]))
2026-02-15 18:38:35,629 - INFO - First batch complete! Loss: 0.1490
2026-02-15 18:38:49,848 - INFO - Epoch 32/50: LR: 0.000014
2026-02-15 18:38:49,851 - INFO - Epoch 32/50: Train Loss: 0.1050
2026-02-15 18:38:54,285 - INFO - Processing first batch (shape: torch.Size([128, 3, 224, 224]))
2026-02-15 18:38:54,298 - INFO - Running first forward pass (torch.compile may take time)...
2026-02-15 18:38:54,389 - INFO - First forward pass complete (output shape: torch.Size([128, 198]))
2026-02-15 18:38:54,533 - INFO - First batch complete! Loss: 0.1099
2026-02-15 18:39:07,649 - INFO - Epoch 33/50: LR: 0.000012
2026-02-15 18:39:07,651 - INFO - Epoch 33/50: Train Loss: 0.1143
2026-02-15 18:39:12,283 - INFO - Processing first batch (shape: torch.Size([128, 3, 224, 224]))
2026-02-15 18:39:12,292 - INFO - Running first forward pass (torch.compile may take time)...
2026-02-15 18:39:12,371 - INFO - First forward pass complete (output shape: torch.Size([128, 198]))
2026-02-15 18:39:12,513 - INFO - First batch complete! Loss: 0.0948
2026-02-15 18:39:25,930 - INFO - Epoch 34/50: LR: 0.000011
2026-02-15 18:39:25,936 - INFO - Epoch 34/50: Train Loss: 0.0983
2026-02-15 18:39:30,586 - INFO - Processing first batch (shape: torch.Size([128, 3, 224, 224]))
2026-02-15 18:39:30,591 - INFO - Running first forward pass (torch.compile may take time)...
2026-02-15 18:39:30,682 - INFO - First forward pass complete (output shape: torch.Size([128, 198]))
2026-02-15 18:39:30,825 - INFO - First batch complete! Loss: 0.0963
2026-02-15 18:39:44,344 - INFO - Epoch 35/50: LR: 0.000010
2026-02-15 18:40:12,709 - INFO - Epoch 35/50: Train Loss: 0.0844, Test Loss: 1.6458, Test Acc: 64.55%
2026-02-15 18:40:12,711 - INFO - Saving checkpoint for epoch 35...
2026-02-15 18:40:14,476 - INFO - ✅ Checkpoint saved: runs/run_476/checkpoint_epoch_35.pth
2026-02-15 18:40:19,289 - INFO - Processing first batch (shape: torch.Size([128, 3, 224, 224]))
2026-02-15 18:40:19,295 - INFO - Running first forward pass (torch.compile may take time)...
2026-02-15 18:40:19,371 - INFO - First forward pass complete (output shape: torch.Size([128, 198]))
2026-02-15 18:40:19,515 - INFO - First batch complete! Loss: 0.1044
2026-02-15 18:40:32,911 - INFO - Epoch 36/50: LR: 0.000009
2026-02-15 18:40:32,916 - INFO - Epoch 36/50: Train Loss: 0.0905
2026-02-15 18:40:37,089 - INFO - Processing first batch (shape: torch.Size([128, 3, 224, 224]))
2026-02-15 18:40:37,098 - INFO - Running first forward pass (torch.compile may take time)...
2026-02-15 18:40:37,262 - INFO - First forward pass complete (output shape: torch.Size([128, 198]))
2026-02-15 18:40:37,427 - INFO - First batch complete! Loss: 0.0825
2026-02-15 18:40:50,126 - INFO - Epoch 37/50: LR: 0.000008
2026-02-15 18:40:50,128 - INFO - Epoch 37/50: Train Loss: 0.0773
2026-02-15 18:40:54,279 - INFO - Processing first batch (shape: torch.Size([128, 3, 224, 224]))
2026-02-15 18:40:54,283 - INFO - Running first forward pass (torch.compile may take time)...
2026-02-15 18:40:54,367 - INFO - First forward pass complete (output shape: torch.Size([128, 198]))
2026-02-15 18:40:54,529 - INFO - First batch complete! Loss: 0.0888
2026-02-15 18:41:07,310 - INFO - Epoch 38/50: LR: 0.000007
2026-02-15 18:41:07,315 - INFO - Epoch 38/50: Train Loss: 0.0821
2026-02-15 18:41:11,236 - INFO - Processing first batch (shape: torch.Size([128, 3, 224, 224]))
2026-02-15 18:41:11,241 - INFO - Running first forward pass (torch.compile may take time)...
2026-02-15 18:41:11,325 - INFO - First forward pass complete (output shape: torch.Size([128, 198]))
2026-02-15 18:41:11,465 - INFO - First batch complete! Loss: 0.0396
2026-02-15 18:41:23,846 - INFO - Epoch 39/50: LR: 0.000006
2026-02-15 18:41:23,849 - INFO - Epoch 39/50: Train Loss: 0.0888
2026-02-15 18:41:27,782 - INFO - Processing first batch (shape: torch.Size([128, 3, 224, 224]))
2026-02-15 18:41:27,788 - INFO - Running first forward pass (torch.compile may take time)...
2026-02-15 18:41:27,901 - INFO - First forward pass complete (output shape: torch.Size([128, 198]))
2026-02-15 18:41:28,038 - INFO - First batch complete! Loss: 0.0523
2026-02-15 18:41:40,593 - INFO - Epoch 40/50: LR: 0.000005
2026-02-15 18:42:09,258 - INFO - Epoch 40/50: Train Loss: 0.0747, Test Loss: 1.6349, Test Acc: 65.00%
2026-02-15 18:42:09,260 - INFO - Saving checkpoint for epoch 40...
2026-02-15 18:42:10,380 - INFO - ✅ Checkpoint saved: runs/run_476/checkpoint_epoch_40.pth
2026-02-15 18:42:14,484 - INFO - Processing first batch (shape: torch.Size([128, 3, 224, 224]))
2026-02-15 18:42:14,491 - INFO - Running first forward pass (torch.compile may take time)...
2026-02-15 18:42:14,620 - INFO - First forward pass complete (output shape: torch.Size([128, 198]))
2026-02-15 18:42:14,759 - INFO - First batch complete! Loss: 0.0564
2026-02-15 18:42:27,356 - INFO - Epoch 41/50: LR: 0.000005
2026-02-15 18:42:27,360 - INFO - Epoch 41/50: Train Loss: 0.0795
2026-02-15 18:42:31,523 - INFO - Processing first batch (shape: torch.Size([128, 3, 224, 224]))
2026-02-15 18:42:31,528 - INFO - Running first forward pass (torch.compile may take time)...
2026-02-15 18:42:31,677 - INFO - First forward pass complete (output shape: torch.Size([128, 198]))
2026-02-15 18:42:31,815 - INFO - First batch complete! Loss: 0.0733
2026-02-15 18:42:43,623 - INFO - Epoch 42/50: LR: 0.000004
2026-02-15 18:42:43,625 - INFO - Epoch 42/50: Train Loss: 0.0696
2026-02-15 18:42:47,716 - INFO - Processing first batch (shape: torch.Size([128, 3, 224, 224]))
2026-02-15 18:42:47,722 - INFO - Running first forward pass (torch.compile may take time)...
2026-02-15 18:42:47,805 - INFO - First forward pass complete (output shape: torch.Size([128, 198]))
2026-02-15 18:42:47,947 - INFO - First batch complete! Loss: 0.0553
2026-02-15 18:43:00,503 - INFO - Epoch 43/50: LR: 0.000003
2026-02-15 18:43:00,507 - INFO - Epoch 43/50: Train Loss: 0.0755
2026-02-15 18:43:04,724 - INFO - Processing first batch (shape: torch.Size([128, 3, 224, 224]))
2026-02-15 18:43:04,736 - INFO - Running first forward pass (torch.compile may take time)...
2026-02-15 18:43:04,875 - INFO - First forward pass complete (output shape: torch.Size([128, 198]))
2026-02-15 18:43:05,017 - INFO - First batch complete! Loss: 0.1283
2026-02-15 18:43:16,790 - INFO - Epoch 44/50: LR: 0.000003
2026-02-15 18:43:16,793 - INFO - Epoch 44/50: Train Loss: 0.0691
2026-02-15 18:43:20,888 - INFO - Processing first batch (shape: torch.Size([128, 3, 224, 224]))
2026-02-15 18:43:20,893 - INFO - Running first forward pass (torch.compile may take time)...
2026-02-15 18:43:21,017 - INFO - First forward pass complete (output shape: torch.Size([128, 198]))
2026-02-15 18:43:21,161 - INFO - First batch complete! Loss: 0.0576
2026-02-15 18:43:33,736 - INFO - Epoch 45/50: LR: 0.000002
2026-02-15 18:44:03,110 - INFO - Epoch 45/50: Train Loss: 0.0724, Test Loss: 1.6134, Test Acc: 65.54%
2026-02-15 18:44:03,112 - INFO - Saving checkpoint for epoch 45...
2026-02-15 18:44:04,271 - INFO - ✅ Checkpoint saved: runs/run_476/checkpoint_epoch_45.pth
2026-02-15 18:44:08,300 - INFO - Processing first batch (shape: torch.Size([128, 3, 224, 224]))
2026-02-15 18:44:08,308 - INFO - Running first forward pass (torch.compile may take time)...
2026-02-15 18:44:08,383 - INFO - First forward pass complete (output shape: torch.Size([128, 198]))
2026-02-15 18:44:08,526 - INFO - First batch complete! Loss: 0.0643
2026-02-15 18:44:21,149 - INFO - Epoch 46/50: LR: 0.000002
2026-02-15 18:44:21,152 - INFO - Epoch 46/50: Train Loss: 0.0690
2026-02-15 18:44:25,306 - INFO - Processing first batch (shape: torch.Size([128, 3, 224, 224]))
2026-02-15 18:44:25,312 - INFO - Running first forward pass (torch.compile may take time)...
2026-02-15 18:44:25,426 - INFO - First forward pass complete (output shape: torch.Size([128, 198]))
2026-02-15 18:44:25,568 - INFO - First batch complete! Loss: 0.0673
2026-02-15 18:44:37,542 - INFO - Epoch 47/50: LR: 0.000001
2026-02-15 18:44:37,545 - INFO - Epoch 47/50: Train Loss: 0.0699
2026-02-15 18:44:41,452 - INFO - Processing first batch (shape: torch.Size([128, 3, 224, 224]))
2026-02-15 18:44:41,457 - INFO - Running first forward pass (torch.compile may take time)...
2026-02-15 18:44:41,567 - INFO - First forward pass complete (output shape: torch.Size([128, 198]))
2026-02-15 18:44:41,721 - INFO - First batch complete! Loss: 0.0615
2026-02-15 18:44:54,421 - INFO - Epoch 48/50: LR: 0.000001
2026-02-15 18:44:54,424 - INFO - Epoch 48/50: Train Loss: 0.0694
2026-02-15 18:44:58,861 - INFO - Processing first batch (shape: torch.Size([128, 3, 224, 224]))
2026-02-15 18:44:58,865 - INFO - Running first forward pass (torch.compile may take time)...
2026-02-15 18:44:58,972 - INFO - First forward pass complete (output shape: torch.Size([128, 198]))
2026-02-15 18:44:59,112 - INFO - First batch complete! Loss: 0.0557
2026-02-15 18:45:11,444 - INFO - Epoch 49/50: LR: 0.000001
2026-02-15 18:45:11,447 - INFO - Epoch 49/50: Train Loss: 0.0693
2026-02-15 18:45:15,342 - INFO - Processing first batch (shape: torch.Size([128, 3, 224, 224]))
2026-02-15 18:45:15,347 - INFO - Running first forward pass (torch.compile may take time)...
2026-02-15 18:45:15,451 - INFO - First forward pass complete (output shape: torch.Size([128, 198]))
2026-02-15 18:45:15,589 - INFO - First batch complete! Loss: 0.0382
2026-02-15 18:45:28,050 - INFO - Epoch 50/50: LR: 0.000001
2026-02-15 18:45:57,416 - INFO - Epoch 50/50: Train Loss: 0.0596, Test Loss: 1.6138, Test Acc: 65.81%
2026-02-15 18:45:57,418 - INFO - Saving checkpoint for epoch 50...
2026-02-15 18:45:58,555 - INFO - ✅ Checkpoint saved: runs/run_476/checkpoint_epoch_50.pth
2026-02-15 18:45:58,560 - INFO - Fine-tuning completed successfully.
2026-02-15 18:45:58,561 - INFO - Generating final reports...
2026-02-15 18:45:58,563 - INFO - Generating training curves...
2026-02-15 18:45:59,375 - INFO - Training curves saved as separate images with base name 'runs/run_476/training_curves_finetuned'
2026-02-15 18:45:59,377 - INFO - Generating confusion matrix on test set...
2026-02-15 18:46:28,342 - INFO - Performing final evaluation of finetuned model on test set...
2026-02-15 18:46:57,759 - INFO - Final Test Results of finetuned model: Loss: 1.6138, Accuracy: 65.81%
2026-02-15 18:46:57,761 - INFO - Generating LR schedule plot of finetuned model...
2026-02-15 18:46:58,584 - INFO - LR schedule plot saved to 'runs/run_476/lr_schedule_finetuned.png'
2026-02-15 18:46:58,585 - INFO - 
Final Test Results:
2026-02-15 18:46:58,587 - INFO - Loss: 1.6138
2026-02-15 18:46:58,589 - INFO - Accuracy: 65.81%
2026-02-15 18:46:58,590 - INFO - Precision: 66.62%
2026-02-15 18:46:58,591 - INFO - Recall: 65.81%
2026-02-15 18:46:58,593 - INFO - F1 Score: 65.05%
2026-02-15 18:46:58,616 - INFO - Experiment completed. Results saved to runs/run_476/results_finetuned.json
2026-02-15 18:46:58,622 - INFO - Experiment completed. Metadata saved to runs/run_476/metadata_finetuned.json
2026-02-15 18:46:59,095 - INFO - ✅ Model weights saved: trained_models/final_model_finetuned_weights.pth
2026-02-15 18:46:59,135 - INFO - Final model saved: trained_models/final_model_finetuned_weights.pth
2026-02-15 18:46:59,137 - INFO - Final model metadata saved: trained_models/final_model_finetuned_metadata.json
2026-02-15 18:46:59,139 - INFO - Run directory: runs/run_476
2026-02-15 18:46:59,141 - INFO - Final Test Accuracy: 65.81%
2026-02-15 18:46:59,149 - INFO - fine_tune experiment completed successfully!
