2026-02-15 22:42:48,847 - INFO - Logging initialized. Log file: runs/run_341/training.log
2026-02-15 22:42:48,858 - INFO - Experiment directory: runs/run_341
2026-02-15 22:42:48,860 - INFO - Setting random seeds for reproducibility (seed: 42)...
2026-02-15 22:42:48,892 - INFO - ✅ All seeds set to 42 (deterministic=False)
2026-02-15 22:42:49,278 - INFO - GPU memory cleared at startup. Available: 39.2GB
2026-02-15 22:42:49,280 - INFO - Using device: cuda
2026-02-15 22:42:49,281 - INFO - Training configuration: epochs=20, warmup=3, lr=0.0005
2026-02-15 22:42:49,283 - INFO - SWIN_HYBRID configuration: {'type': 'swin_hybrid', 'variant': 'tiny', 'img_size': 224, 'patch_size': 4, 'embed_dim': 96, 'depths': [2, 2, 6, 2], 'num_heads': [3, 6, 12, 24], 'window_size': 7, 'mlp_ratio': 4.0, 'dropout': 0.0, 'attention_dropout': 0.0, 'projection_dropout': 0.0, 'drop_path_rate': 0.08, 'use_shifted_window': True, 'use_relative_bias': True, 'use_absolute_pos_embed': False, 'use_hierarchical_merge': False, 'use_gradient_checkpointing': False, 'use_cnn_stem': True, 'cnn_stem_config': {'channels': [32, 64], 'kernel_size': 3, 'stride': 2, 'padding': 1, 'activation': 'gelu', 'use_batch_norm': True}}
2026-02-15 22:42:49,284 - INFO - Loading dataset...
2026-02-15 22:42:49,286 - INFO - Starting ImageNet data loading from root: /
2026-02-15 22:42:49,288 - INFO - Resolved root path: /
2026-02-15 22:42:49,290 - INFO - Root path exists: True
2026-02-15 22:42:49,291 - INFO - Root path is dir: True
2026-02-15 22:42:49,295 - INFO - Contents of /: ['/.exec', '/.run', '/.shell', '/.singularity.d', '/.test', '/bin', '/boot', '/dev', '/environment', '/etc', '/home', '/lib', '/lib64', '/media', '/mnt', '/opt', '/proc', '/requirements.txt', '/root', '/run', '/sbin', '/singularity', '/srv', '/sys', '/tmp', '/usr', '/var', '/meta', '/train_set', '/train_set_small', '/val_set', '/val_set_unlabeled']
2026-02-15 22:42:49,297 - INFO - Expected train_dir: /train_set, exists: True
2026-02-15 22:42:49,298 - INFO - Expected val_dir: /val_set, exists: True
2026-02-15 22:42:55,110 - INFO - Loaded ImageNet data from /: train=1281167, val=50000
2026-02-15 22:42:55,863 - INFO - Dataset limits applied (stratified sampling enabled)
2026-02-15 22:42:55,865 - INFO - Dataset loaded: train=100000 samples (782 batches), val=50000 samples (391 batches), test=50000 samples (391 batches)
2026-02-15 22:42:57,755 - INFO - Training SWIN_HYBRID from scratch
2026-02-15 22:42:57,757 - INFO - Initializing SWIN_HYBRID model from scratch...
2026-02-15 22:42:57,759 - INFO - Model architecture: SWIN_HYBRID
2026-02-15 22:42:57,760 - INFO - Model config: {'type': 'swin_hybrid', 'variant': 'tiny', 'img_size': 224, 'patch_size': 4, 'embed_dim': 96, 'depths': [2, 2, 6, 2], 'num_heads': [3, 6, 12, 24], 'window_size': 7, 'mlp_ratio': 4.0, 'dropout': 0.0, 'attention_dropout': 0.0, 'projection_dropout': 0.0, 'drop_path_rate': 0.08, 'use_shifted_window': True, 'use_relative_bias': True, 'use_absolute_pos_embed': False, 'use_hierarchical_merge': False, 'use_gradient_checkpointing': False, 'use_cnn_stem': True, 'cnn_stem_config': {'channels': [32, 64], 'kernel_size': 3, 'stride': 2, 'padding': 1, 'activation': 'gelu', 'use_batch_norm': True}}
2026-02-15 22:42:58,075 - INFO - Model created with random initialization
2026-02-15 22:42:58,077 - INFO - Total parameters: 28,363,522
2026-02-15 22:42:58,079 - INFO - Trainable parameters: 28,363,522
2026-02-15 22:42:58,110 - INFO - Compiling model with torch.compile()
2026-02-15 22:42:59,554 - INFO - Mixed precision enabled → CUDA bf16 selected (hardware supported)
2026-02-15 22:42:59,555 - INFO - Starting from-scratch training...
2026-02-15 22:42:59,556 - INFO - Optimizer: training all model parameters
2026-02-15 22:42:59,558 - INFO - LR Scheduler: cosine with 3 warmup epochs
2026-02-15 22:42:59,559 - INFO - Starting training...
2026-02-15 22:43:01,852 - INFO - Processing first batch (shape: torch.Size([128, 3, 224, 224]))
2026-02-15 22:43:01,855 - INFO - Running first forward pass (torch.compile may take time)...
2026-02-15 22:44:00,124 - INFO - First forward pass complete (output shape: torch.Size([128, 1000]))
2026-02-15 22:44:49,526 - INFO - First batch complete! Loss: 7.0127
