2026-02-15 05:26:04,288 - INFO - Logging initialized. Log file: runs/run_335/training.log
2026-02-15 05:26:04,290 - INFO - Experiment directory: runs/run_335
2026-02-15 05:26:04,292 - INFO - Setting random seeds for reproducibility (seed: 42)...
2026-02-15 05:26:04,331 - INFO - ✅ All seeds set to 42 (deterministic=False)
2026-02-15 05:26:04,726 - INFO - GPU memory cleared at startup. Available: 79.3GB
2026-02-15 05:26:04,728 - INFO - Using device: cuda
2026-02-15 05:26:04,729 - INFO - Training configuration: epochs=20, warmup=3, lr=0.0005
2026-02-15 05:26:04,731 - INFO - SWIN_IMPROVED configuration: {'type': 'swin_improved', 'variant': 'tiny', 'img_size': 224, 'patch_size': 4, 'embed_dim': 96, 'depths': [2, 2, 6, 2], 'num_heads': [3, 6, 12, 24], 'window_size': 7, 'mlp_ratio': 4.0, 'dropout': 0.0, 'attention_dropout': 0.0, 'projection_dropout': 0.0, 'drop_path_rate': 0.08, 'use_shifted_window': True, 'use_relative_bias': True, 'use_absolute_pos_embed': False, 'use_hierarchical_merge': False, 'use_gradient_checkpointing': False, 'use_conv_stem': True, 'conv_stem_config': {'channels': [48, 96], 'kernel_sizes': [4, 3], 'strides': [4, 2], 'paddings': [0, 1], 'activation': 'gelu', 'use_batch_norm': True}, 'use_inverted_ffn': True, 'ffn_config': {'expand_ratio': 4, 'use_depthwise_conv': True, 'activation': 'gelu'}}
2026-02-15 05:26:04,732 - INFO - Loading dataset...
2026-02-15 05:26:04,735 - INFO - Starting ImageNet data loading from root: /
2026-02-15 05:26:04,737 - INFO - Resolved root path: /
2026-02-15 05:26:04,738 - INFO - Root path exists: True
2026-02-15 05:26:04,739 - INFO - Root path is dir: True
2026-02-15 05:26:04,745 - INFO - Contents of /: ['/.exec', '/.run', '/.shell', '/.singularity.d', '/.test', '/bin', '/boot', '/dev', '/environment', '/etc', '/home', '/lib', '/lib64', '/media', '/mnt', '/opt', '/proc', '/requirements.txt', '/root', '/run', '/sbin', '/singularity', '/srv', '/sys', '/tmp', '/usr', '/var', '/meta', '/train_set', '/train_set_small', '/val_set', '/val_set_unlabeled']
2026-02-15 05:26:04,746 - INFO - Expected train_dir: /train_set, exists: True
2026-02-15 05:26:04,748 - INFO - Expected val_dir: /val_set, exists: True
2026-02-15 05:26:19,804 - INFO - Loaded ImageNet data from /: train=1281167, val=50000
2026-02-15 05:26:20,664 - INFO - Dataset limits applied (stratified sampling enabled)
2026-02-15 05:26:20,666 - INFO - Dataset loaded: train=100000 samples (782 batches), val=50000 samples (391 batches), test=50000 samples (391 batches)
2026-02-15 05:26:24,809 - INFO - Using pretrained model: swin_tiny_patch4_window7_224
2026-02-15 05:26:24,811 - INFO - Model architecture: Swin-Tiny
2026-02-15 05:26:24,812 - INFO - Initializing reference model...
2026-02-15 05:26:24,814 - INFO - Loading TIMM model: swin_tiny_patch4_window7_224 with pretrained weights
2026-02-15 05:26:25,568 - INFO - Loading pretrained weights from Hugging Face hub (timm/swin_tiny_patch4_window7_224.ms_in1k)
2026-02-15 05:26:25,806 - INFO - HTTP Request: HEAD https://huggingface.co/timm/swin_tiny_patch4_window7_224.ms_in1k/resolve/main/model.safetensors "HTTP/1.1 302 Found"
2026-02-15 05:26:25,882 - INFO - [timm/swin_tiny_patch4_window7_224.ms_in1k] Safe alternative available for 'pytorch_model.bin' (as 'model.safetensors'). Loading weights using safetensors.
2026-02-15 05:26:25,944 - INFO - Successfully loaded swin_tiny_patch4_window7_224 from TIMM
2026-02-15 05:26:25,945 - INFO - Encoder loaded: 768 output features
2026-02-15 05:26:25,952 - INFO - Created classification head: 768 -> 1000 classes
2026-02-15 05:26:25,954 - INFO - Reference model created. Trainable params (head only): 770,536
2026-02-15 05:26:25,983 - INFO - Detected Swin Transformer architecture
2026-02-15 05:26:25,984 - INFO - Detected model size: tiny
2026-02-15 05:26:25,986 - INFO - Initializing custom Swin model (size: tiny)...
2026-02-15 05:26:25,987 - INFO - Custom model will match architecture: embed_dim=96, depths=[2, 2, 6, 2], num_heads=[3, 6, 12, 24]
2026-02-15 05:26:26,148 - INFO - Transferring weights from reference to custom encoder...
2026-02-15 05:26:26,149 - INFO - Weight transfer: SwinTransformer -> SwinTransformerModel
2026-02-15 05:26:26,169 - INFO - Weight transfer: 169 layers transferred.
2026-02-15 05:26:26,170 - INFO - Weight transfer completed: {'transferred': 169, 'missing': 0, 'size_mismatches': 0}
2026-02-15 05:26:26,172 - INFO - ✓ All expected weights transferred successfully
2026-02-15 05:26:26,173 - INFO - Custom model created. Trainable params (head only): 770,536
2026-02-15 05:26:26,196 - INFO - Starting reference model training...
2026-02-15 05:26:26,197 - INFO - Optimizer: training head parameters only (encoder frozen)
2026-02-15 05:26:26,198 - INFO - LR Scheduler: cosine with 3 warmup epochs
2026-02-15 05:26:26,200 - INFO - Mixed precision enabled → CUDA bf16 selected (hardware supported)
2026-02-15 05:26:26,201 - INFO - Starting training...
2026-02-15 05:26:28,697 - INFO - Processing first batch (shape: torch.Size([128, 3, 224, 224]))
2026-02-15 05:26:28,700 - INFO - Running first forward pass (torch.compile may take time)...
2026-02-15 05:26:32,269 - INFO - First forward pass complete (output shape: torch.Size([128, 1000]))
2026-02-15 05:26:32,680 - INFO - First batch complete! Loss: 7.0017
2026-02-15 05:46:06,583 - INFO - Epoch 1/20: LR: 0.000170
2026-02-15 05:46:06,586 - INFO - Epoch 1/20: Train Loss: 6.9938, Val Loss: 6.9530, Val Acc: 0.16%
2026-02-15 05:46:08,339 - INFO - Processing first batch (shape: torch.Size([128, 3, 224, 224]))
2026-02-15 05:46:08,343 - INFO - Running first forward pass (torch.compile may take time)...
2026-02-15 05:46:08,498 - INFO - First forward pass complete (output shape: torch.Size([128, 1000]))
2026-02-15 05:46:08,512 - INFO - First batch complete! Loss: 6.9351
2026-02-15 06:05:20,417 - INFO - Epoch 2/20: LR: 0.000335
2026-02-15 06:05:20,419 - INFO - Epoch 2/20: Train Loss: 5.8929, Val Loss: 4.4434, Val Acc: 74.51%
2026-02-15 06:05:22,231 - INFO - Processing first batch (shape: torch.Size([128, 3, 224, 224]))
2026-02-15 06:05:22,244 - INFO - Running first forward pass (torch.compile may take time)...
2026-02-15 06:05:22,399 - INFO - First forward pass complete (output shape: torch.Size([128, 1000]))
2026-02-15 06:05:22,406 - INFO - First batch complete! Loss: 4.7197
2026-02-15 06:24:31,236 - INFO - Epoch 3/20: LR: 0.000500
2026-02-15 06:24:31,238 - INFO - Epoch 3/20: Train Loss: 2.6141, Val Loss: 1.0030, Val Acc: 78.64%
2026-02-15 06:24:32,881 - INFO - Processing first batch (shape: torch.Size([128, 3, 224, 224]))
2026-02-15 06:24:32,885 - INFO - Running first forward pass (torch.compile may take time)...
2026-02-15 06:24:33,017 - INFO - First forward pass complete (output shape: torch.Size([128, 1000]))
2026-02-15 06:24:33,038 - INFO - First batch complete! Loss: 1.1161
2026-02-15 06:43:43,265 - INFO - Epoch 4/20: LR: 0.000496
2026-02-15 06:43:43,266 - INFO - Epoch 4/20: Train Loss: 1.1507, Val Loss: 0.8040, Val Acc: 79.57%
2026-02-15 06:43:45,082 - INFO - Processing first batch (shape: torch.Size([128, 3, 224, 224]))
2026-02-15 06:43:45,086 - INFO - Running first forward pass (torch.compile may take time)...
2026-02-15 06:43:45,220 - INFO - First forward pass complete (output shape: torch.Size([128, 1000]))
2026-02-15 06:43:45,235 - INFO - First batch complete! Loss: 0.7447
2026-02-15 07:02:46,129 - INFO - Epoch 5/20: LR: 0.000483
2026-02-15 07:10:43,479 - INFO - Epoch 5/20: Train Loss: 0.9956, Val Loss: 0.7992, Val Acc: 79.84%, Test Loss: 0.7992, Test Acc: 79.84%
2026-02-15 07:10:45,262 - INFO - Processing first batch (shape: torch.Size([128, 3, 224, 224]))
2026-02-15 07:10:45,263 - INFO - Running first forward pass (torch.compile may take time)...
2026-02-15 07:10:45,280 - INFO - First forward pass complete (output shape: torch.Size([128, 1000]))
2026-02-15 07:10:45,310 - INFO - First batch complete! Loss: 0.9802
2026-02-15 07:29:47,915 - INFO - Epoch 6/20: LR: 0.000463
2026-02-15 07:29:47,916 - INFO - Epoch 6/20: Train Loss: 0.9310, Val Loss: 0.8031, Val Acc: 79.78%
2026-02-15 07:29:49,907 - INFO - Processing first batch (shape: torch.Size([128, 3, 224, 224]))
2026-02-15 07:29:49,912 - INFO - Running first forward pass (torch.compile may take time)...
2026-02-15 07:29:50,009 - INFO - First forward pass complete (output shape: torch.Size([128, 1000]))
2026-02-15 07:29:50,023 - INFO - First batch complete! Loss: 0.9622
2026-02-15 07:48:45,210 - INFO - Epoch 7/20: LR: 0.000435
2026-02-15 07:48:45,212 - INFO - Epoch 7/20: Train Loss: 0.9148, Val Loss: 0.8059, Val Acc: 79.85%
2026-02-15 07:48:46,840 - INFO - Processing first batch (shape: torch.Size([128, 3, 224, 224]))
2026-02-15 07:48:46,844 - INFO - Running first forward pass (torch.compile may take time)...
2026-02-15 07:48:46,959 - INFO - First forward pass complete (output shape: torch.Size([128, 1000]))
2026-02-15 07:48:46,962 - INFO - First batch complete! Loss: 0.8722
2026-02-15 08:07:34,128 - INFO - Epoch 8/20: LR: 0.000401
2026-02-15 08:07:34,129 - INFO - Epoch 8/20: Train Loss: 0.8684, Val Loss: 0.8125, Val Acc: 79.78%
2026-02-15 08:07:35,805 - INFO - Processing first batch (shape: torch.Size([128, 3, 224, 224]))
2026-02-15 08:07:35,809 - INFO - Running first forward pass (torch.compile may take time)...
2026-02-15 08:07:35,905 - INFO - First forward pass complete (output shape: torch.Size([128, 1000]))
2026-02-15 08:07:35,915 - INFO - First batch complete! Loss: 0.9663
2026-02-15 08:26:27,204 - INFO - Epoch 9/20: LR: 0.000362
2026-02-15 08:26:27,206 - INFO - Epoch 9/20: Train Loss: 0.8502, Val Loss: 0.8158, Val Acc: 79.83%
2026-02-15 08:26:28,949 - INFO - Processing first batch (shape: torch.Size([128, 3, 224, 224]))
2026-02-15 08:26:28,952 - INFO - Running first forward pass (torch.compile may take time)...
2026-02-15 08:26:29,017 - INFO - First forward pass complete (output shape: torch.Size([128, 1000]))
2026-02-15 08:26:29,029 - INFO - First batch complete! Loss: 1.0926
2026-02-15 08:45:44,060 - INFO - Epoch 10/20: LR: 0.000319
2026-02-15 08:53:37,657 - INFO - Epoch 10/20: Train Loss: 0.8355, Val Loss: 0.8173, Val Acc: 79.94%, Test Loss: 0.8173, Test Acc: 79.94%
2026-02-15 08:53:39,467 - INFO - Processing first batch (shape: torch.Size([128, 3, 224, 224]))
2026-02-15 08:53:39,469 - INFO - Running first forward pass (torch.compile may take time)...
2026-02-15 08:53:39,493 - INFO - First forward pass complete (output shape: torch.Size([128, 1000]))
2026-02-15 08:53:39,516 - INFO - First batch complete! Loss: 0.8709
2026-02-15 09:13:54,722 - INFO - Epoch 11/20: LR: 0.000274
2026-02-15 09:13:54,749 - INFO - Epoch 11/20: Train Loss: 0.8139, Val Loss: 0.8200, Val Acc: 79.85%
2026-02-15 09:13:57,010 - INFO - Processing first batch (shape: torch.Size([128, 3, 224, 224]))
2026-02-15 09:13:57,015 - INFO - Running first forward pass (torch.compile may take time)...
2026-02-15 09:13:57,079 - INFO - First forward pass complete (output shape: torch.Size([128, 1000]))
2026-02-15 09:13:57,091 - INFO - First batch complete! Loss: 0.7405
2026-02-15 09:34:59,755 - INFO - Epoch 12/20: LR: 0.000227
2026-02-15 09:34:59,767 - INFO - Epoch 12/20: Train Loss: 0.8036, Val Loss: 0.8212, Val Acc: 79.84%
2026-02-15 09:35:01,330 - INFO - Processing first batch (shape: torch.Size([128, 3, 224, 224]))
2026-02-15 09:35:01,335 - INFO - Running first forward pass (torch.compile may take time)...
2026-02-15 09:35:01,425 - INFO - First forward pass complete (output shape: torch.Size([128, 1000]))
2026-02-15 09:35:01,444 - INFO - First batch complete! Loss: 0.6995
2026-02-15 09:53:30,505 - INFO - Epoch 13/20: LR: 0.000182
2026-02-15 09:53:30,506 - INFO - Epoch 13/20: Train Loss: 0.7934, Val Loss: 0.8244, Val Acc: 79.83%
2026-02-15 09:53:32,145 - INFO - Processing first batch (shape: torch.Size([128, 3, 224, 224]))
2026-02-15 09:53:32,150 - INFO - Running first forward pass (torch.compile may take time)...
2026-02-15 09:53:32,260 - INFO - First forward pass complete (output shape: torch.Size([128, 1000]))
2026-02-15 09:53:32,263 - INFO - First batch complete! Loss: 0.6988
2026-02-15 10:12:01,003 - INFO - Epoch 14/20: LR: 0.000139
2026-02-15 10:12:01,005 - INFO - Epoch 14/20: Train Loss: 0.7773, Val Loss: 0.8259, Val Acc: 79.85%
2026-02-15 10:12:02,583 - INFO - Processing first batch (shape: torch.Size([128, 3, 224, 224]))
2026-02-15 10:12:02,588 - INFO - Running first forward pass (torch.compile may take time)...
2026-02-15 10:12:02,641 - INFO - First forward pass complete (output shape: torch.Size([128, 1000]))
2026-02-15 10:12:02,654 - INFO - First batch complete! Loss: 0.8819
2026-02-15 10:30:34,223 - INFO - Epoch 15/20: LR: 0.000100
2026-02-15 10:38:14,702 - INFO - Epoch 15/20: Train Loss: 0.7706, Val Loss: 0.8258, Val Acc: 79.82%, Test Loss: 0.8258, Test Acc: 79.82%
2026-02-15 10:38:16,514 - INFO - Processing first batch (shape: torch.Size([128, 3, 224, 224]))
2026-02-15 10:38:16,515 - INFO - Running first forward pass (torch.compile may take time)...
2026-02-15 10:38:16,540 - INFO - First forward pass complete (output shape: torch.Size([128, 1000]))
2026-02-15 10:38:16,569 - INFO - First batch complete! Loss: 0.9598
2026-02-15 10:56:46,989 - INFO - Epoch 16/20: LR: 0.000066
2026-02-15 10:56:47,006 - INFO - Epoch 16/20: Train Loss: 0.7653, Val Loss: 0.8262, Val Acc: 79.79%
2026-02-15 10:56:48,718 - INFO - Processing first batch (shape: torch.Size([128, 3, 224, 224]))
2026-02-15 10:56:48,723 - INFO - Running first forward pass (torch.compile may take time)...
2026-02-15 10:56:48,779 - INFO - First forward pass complete (output shape: torch.Size([128, 1000]))
2026-02-15 10:56:48,790 - INFO - First batch complete! Loss: 0.7305
2026-02-15 11:16:04,005 - INFO - Epoch 17/20: LR: 0.000038
2026-02-15 11:16:04,007 - INFO - Epoch 17/20: Train Loss: 0.7595, Val Loss: 0.8253, Val Acc: 79.87%
2026-02-15 11:16:05,658 - INFO - Processing first batch (shape: torch.Size([128, 3, 224, 224]))
2026-02-15 11:16:05,663 - INFO - Running first forward pass (torch.compile may take time)...
2026-02-15 11:16:05,764 - INFO - First forward pass complete (output shape: torch.Size([128, 1000]))
2026-02-15 11:16:05,775 - INFO - First batch complete! Loss: 0.6473
