2026-02-15 15:41:29,229 - INFO - Logging initialized. Log file: runs/run_339/training.log
2026-02-15 15:41:29,356 - INFO - Experiment directory: runs/run_339
2026-02-15 15:41:29,358 - INFO - Setting random seeds for reproducibility (seed: 42)...
2026-02-15 15:41:29,393 - INFO - ✅ All seeds set to 42 (deterministic=False)
2026-02-15 15:41:29,798 - INFO - GPU memory cleared at startup. Available: 39.2GB
2026-02-15 15:41:29,799 - INFO - Using device: cuda
2026-02-15 15:41:29,801 - INFO - Training configuration: epochs=20, warmup=3, lr=0.0005
2026-02-15 15:41:29,802 - INFO - SWIN_HYBRID configuration: {'type': 'swin_hybrid', 'variant': 'tiny', 'img_size': 224, 'patch_size': 4, 'embed_dim': 96, 'depths': [2, 2, 6, 2], 'num_heads': [3, 6, 12, 24], 'window_size': 7, 'mlp_ratio': 4.0, 'dropout': 0.0, 'attention_dropout': 0.0, 'projection_dropout': 0.0, 'drop_path_rate': 0.08, 'use_shifted_window': True, 'use_relative_bias': True, 'use_absolute_pos_embed': False, 'use_hierarchical_merge': False, 'use_gradient_checkpointing': False, 'use_cnn_stem': True, 'cnn_stem_config': {'channels': [32, 64], 'kernel_size': 3, 'stride': 2, 'padding': 1, 'activation': 'gelu', 'use_batch_norm': True}}
2026-02-15 15:41:29,803 - INFO - Loading dataset...
2026-02-15 15:41:29,805 - INFO - Starting ImageNet data loading from root: /
2026-02-15 15:41:29,806 - INFO - Resolved root path: /
2026-02-15 15:41:29,807 - INFO - Root path exists: True
2026-02-15 15:41:29,808 - INFO - Root path is dir: True
2026-02-15 15:41:29,812 - INFO - Contents of /: ['/.exec', '/.run', '/.shell', '/.singularity.d', '/.test', '/bin', '/boot', '/dev', '/environment', '/etc', '/home', '/lib', '/lib64', '/media', '/mnt', '/opt', '/proc', '/requirements.txt', '/root', '/run', '/sbin', '/singularity', '/srv', '/sys', '/tmp', '/usr', '/var', '/meta', '/train_set', '/train_set_small', '/val_set', '/val_set_unlabeled']
2026-02-15 15:41:29,813 - INFO - Expected train_dir: /train_set, exists: True
2026-02-15 15:41:29,813 - INFO - Expected val_dir: /val_set, exists: True
2026-02-15 15:41:35,463 - INFO - Loaded ImageNet data from /: train=1281167, val=50000
2026-02-15 15:41:36,243 - INFO - Dataset limits applied (stratified sampling enabled)
2026-02-15 15:41:36,245 - INFO - Dataset loaded: train=100000 samples (782 batches), val=50000 samples (391 batches), test=50000 samples (391 batches)
2026-02-15 15:41:38,293 - INFO - Training SWIN_HYBRID from scratch
2026-02-15 15:41:38,294 - INFO - Initializing SWIN_HYBRID model from scratch...
2026-02-15 15:41:38,296 - INFO - Model architecture: SWIN_HYBRID
2026-02-15 15:41:38,297 - INFO - Model config: {'type': 'swin_hybrid', 'variant': 'tiny', 'img_size': 224, 'patch_size': 4, 'embed_dim': 96, 'depths': [2, 2, 6, 2], 'num_heads': [3, 6, 12, 24], 'window_size': 7, 'mlp_ratio': 4.0, 'dropout': 0.0, 'attention_dropout': 0.0, 'projection_dropout': 0.0, 'drop_path_rate': 0.08, 'use_shifted_window': True, 'use_relative_bias': True, 'use_absolute_pos_embed': False, 'use_hierarchical_merge': False, 'use_gradient_checkpointing': False, 'use_cnn_stem': True, 'cnn_stem_config': {'channels': [32, 64], 'kernel_size': 3, 'stride': 2, 'padding': 1, 'activation': 'gelu', 'use_batch_norm': True}}
2026-02-15 15:41:38,623 - INFO - Model created with random initialization
2026-02-15 15:41:38,624 - INFO - Total parameters: 28,363,522
2026-02-15 15:41:38,626 - INFO - Trainable parameters: 28,363,522
2026-02-15 15:41:38,656 - INFO - Compiling model with torch.compile()
2026-02-15 15:41:40,136 - INFO - Mixed precision enabled → CUDA bf16 selected (hardware supported)
2026-02-15 15:41:40,137 - INFO - Starting from-scratch training...
2026-02-15 15:41:40,138 - INFO - Optimizer: training all model parameters
2026-02-15 15:41:40,140 - INFO - LR Scheduler: cosine with 3 warmup epochs
2026-02-15 15:41:40,140 - INFO - Starting training...
2026-02-15 15:41:42,467 - INFO - Processing first batch (shape: torch.Size([128, 3, 224, 224]))
2026-02-15 15:41:42,470 - INFO - Running first forward pass (torch.compile may take time)...
2026-02-15 15:42:43,425 - INFO - First forward pass complete (output shape: torch.Size([128, 1000]))
2026-02-15 15:43:35,461 - INFO - First batch complete! Loss: 7.0127
2026-02-15 16:07:39,008 - INFO - Epoch 1/20: LR: 0.000170
2026-02-15 16:07:39,029 - INFO - Epoch 1/20: Train Loss: 6.8495, Val Loss: 6.6930, Val Acc: 0.77%
2026-02-15 16:07:40,865 - INFO - Processing first batch (shape: torch.Size([128, 3, 224, 224]))
2026-02-15 16:07:40,870 - INFO - Running first forward pass (torch.compile may take time)...
2026-02-15 16:07:40,958 - INFO - First forward pass complete (output shape: torch.Size([128, 1000]))
2026-02-15 16:07:41,010 - INFO - First batch complete! Loss: 6.7554
2026-02-15 16:27:53,394 - INFO - Epoch 2/20: LR: 0.000335
2026-02-15 16:27:53,442 - INFO - Epoch 2/20: Train Loss: 6.5928, Val Loss: 6.2191, Val Acc: 1.48%
2026-02-15 16:27:55,324 - INFO - Processing first batch (shape: torch.Size([128, 3, 224, 224]))
2026-02-15 16:27:55,329 - INFO - Running first forward pass (torch.compile may take time)...
2026-02-15 16:27:55,394 - INFO - First forward pass complete (output shape: torch.Size([128, 1000]))
2026-02-15 16:27:55,434 - INFO - First batch complete! Loss: 6.3774
