2026-01-28 22:50:27,944 - INFO - Logging initialized. Log file: runs/run_282/training.log
2026-01-28 22:50:27,961 - INFO - Experiment directory: runs/run_282
2026-01-28 22:50:27,962 - INFO - Setting random seeds for reproducibility (seed: 42)...
2026-01-28 22:50:27,972 - INFO - ✅ All seeds set to 42 (deterministic=False)
2026-01-28 22:50:28,352 - INFO - GPU memory cleared at startup. Available: 39.2GB
2026-01-28 22:50:28,353 - INFO - Using device: cuda
2026-01-28 22:50:28,355 - INFO - Training configuration: epochs=50, warmup=10, lr=0.0002
2026-01-28 22:50:28,355 - INFO - SWIN_IMPROVED configuration: {'type': 'swin_improved', 'variant': 'tiny', 'patch_size': 4, 'embed_dim': 96, 'depths': [2, 2, 6, 2], 'num_heads': [3, 6, 12, 24], 'window_size': 7, 'mlp_ratio': 4.0, 'dropout': 0.0, 'attention_dropout': 0.0, 'projection_dropout': 0.0, 'drop_path_rate': 0.08, 'use_shifted_window': True, 'use_relative_bias': False, 'use_absolute_pos_embed': False, 'use_hierarchical_merge': False, 'use_gradient_checkpointing': False, 'use_conv_stem': True, 'conv_stem_config': {'channels': [48, 96], 'kernel_sizes': [4, 3], 'strides': [4, 2], 'paddings': [0, 1], 'activation': 'gelu', 'use_batch_norm': True}, 'use_inverted_ffn': True, 'ffn_config': {'expand_ratio': 4, 'use_depthwise_conv': True, 'activation': 'gelu'}}
2026-01-28 22:50:28,356 - INFO - Loading dataset...
2026-01-28 22:50:28,357 - INFO - Starting ImageNet data loading from root: /
2026-01-28 22:50:28,358 - INFO - Resolved root path: /
2026-01-28 22:50:28,359 - INFO - Root path exists: True
2026-01-28 22:50:28,360 - INFO - Root path is dir: True
2026-01-28 22:50:28,363 - INFO - Contents of /: ['/.exec', '/.run', '/.shell', '/.singularity.d', '/.test', '/bin', '/boot', '/dev', '/environment', '/etc', '/home', '/lib', '/lib64', '/media', '/mnt', '/opt', '/proc', '/requirements.txt', '/root', '/run', '/sbin', '/singularity', '/srv', '/sys', '/tmp', '/usr', '/var', '/meta', '/train_set', '/train_set_small', '/val_set', '/val_set_unlabeled']
2026-01-28 22:50:28,364 - INFO - Expected train_dir: /train_set, exists: True
2026-01-28 22:50:28,364 - INFO - Expected val_dir: /val_set, exists: True
2026-01-28 22:50:33,500 - INFO - Loaded ImageNet data from /: train=1281167, val=50000
2026-01-28 22:50:34,239 - INFO - Dataset limits applied (stratified sampling enabled)
2026-01-28 22:50:34,242 - INFO - Dataset loaded: train=100000 samples (782 batches), val=50000 samples (391 batches), test=50000 samples (391 batches)
2026-01-28 22:50:36,016 - INFO - Training SWIN_IMPROVED from scratch
2026-01-28 22:50:36,017 - INFO - Initializing SWIN_IMPROVED model from scratch...
2026-01-28 22:50:36,018 - INFO - Model architecture: SWIN_IMPROVED
2026-01-28 22:50:36,019 - INFO - Model config: {'type': 'swin_improved', 'variant': 'tiny', 'patch_size': 4, 'embed_dim': 96, 'depths': [2, 2, 6, 2], 'num_heads': [3, 6, 12, 24], 'window_size': 7, 'mlp_ratio': 4.0, 'dropout': 0.0, 'attention_dropout': 0.0, 'projection_dropout': 0.0, 'drop_path_rate': 0.08, 'use_shifted_window': True, 'use_relative_bias': False, 'use_absolute_pos_embed': False, 'use_hierarchical_merge': False, 'use_gradient_checkpointing': False, 'use_conv_stem': True, 'conv_stem_config': {'channels': [48, 96], 'kernel_sizes': [4, 3], 'strides': [4, 2], 'paddings': [0, 1], 'activation': 'gelu', 'use_batch_norm': True}, 'use_inverted_ffn': True, 'ffn_config': {'expand_ratio': 4, 'use_depthwise_conv': True, 'activation': 'gelu'}}
2026-01-28 22:50:36,433 - INFO - Model created with random initialization
2026-01-28 22:50:36,434 - INFO - Total parameters: 28,518,706
2026-01-28 22:50:36,436 - INFO - Trainable parameters: 28,518,706
2026-01-28 22:50:36,467 - INFO - Mixed precision enabled → CUDA bf16 selected (hardware supported)
2026-01-28 22:50:36,467 - INFO - Starting from-scratch training...
2026-01-28 22:50:36,468 - INFO - Optimizer: training all model parameters
2026-01-28 22:50:36,470 - INFO - LR Scheduler: cosine with 10 warmup epochs
2026-01-28 22:50:36,471 - INFO - Starting training...
2026-01-28 22:50:46,518 - INFO - Processing first batch (shape: torch.Size([128, 3, 224, 224]))
2026-01-28 22:50:46,521 - INFO - Running first forward pass (torch.compile may take time)...
2026-01-28 22:50:59,155 - INFO - First forward pass complete (output shape: torch.Size([128, 1000]))
2026-01-28 22:51:03,729 - INFO - First batch complete! Loss: 7.0366
2026-01-28 23:09:58,659 - INFO - Epoch 1/50: LR: 0.000022
2026-01-28 23:09:58,678 - INFO - Epoch 1/50: Train Loss: 6.9411, Val Loss: 6.8694, Val Acc: 0.40%
2026-01-28 23:10:05,895 - INFO - Processing first batch (shape: torch.Size([128, 3, 224, 224]))
2026-01-28 23:10:05,898 - INFO - Running first forward pass (torch.compile may take time)...
2026-01-28 23:10:06,098 - INFO - First forward pass complete (output shape: torch.Size([128, 1000]))
2026-01-28 23:10:06,252 - INFO - First batch complete! Loss: 6.9121
