2026-02-09 22:10:47,254 - INFO - Logging initialized. Log file: runs/run_296/training.log
2026-02-09 22:10:47,430 - INFO - Experiment directory: runs/run_296
2026-02-09 22:10:47,431 - INFO - Setting random seeds for reproducibility (seed: 42)...
2026-02-09 22:10:47,443 - INFO - ✅ All seeds set to 42 (deterministic=False)
2026-02-09 22:10:47,855 - INFO - GPU memory cleared at startup. Available: 39.2GB
2026-02-09 22:10:47,856 - INFO - Using device: cuda
2026-02-09 22:10:47,857 - INFO - Training configuration: epochs=20, warmup=2, lr=0.001
2026-02-09 22:10:47,858 - INFO - SWIN_V2 configuration: {'type': 'swin_v2', 'variant': 'tiny', 'patch_size': 4, 'embed_dim': 96, 'depths': [2, 2, 6, 2], 'num_heads': [3, 6, 12, 24], 'window_size': 7, 'mlp_ratio': 4.0, 'dropout': 0.0, 'attention_dropout': 0.0, 'projection_dropout': 0.0, 'drop_path_rate': 0.08, 'use_shifted_window': True, 'use_relative_bias': True, 'use_absolute_pos_embed': False, 'use_hierarchical_merge': False, 'use_gradient_checkpointing': False}
2026-02-09 22:10:47,859 - INFO - Loading dataset...
2026-02-09 22:10:47,861 - INFO - Starting ImageNet data loading from root: /
2026-02-09 22:10:47,861 - INFO - Resolved root path: /
2026-02-09 22:10:47,862 - INFO - Root path exists: True
2026-02-09 22:10:47,864 - INFO - Root path is dir: True
2026-02-09 22:10:47,867 - INFO - Contents of /: ['/.exec', '/.run', '/.shell', '/.singularity.d', '/.test', '/bin', '/boot', '/dev', '/environment', '/etc', '/home', '/lib', '/lib64', '/media', '/mnt', '/opt', '/proc', '/requirements.txt', '/root', '/run', '/sbin', '/singularity', '/srv', '/sys', '/tmp', '/usr', '/var', '/meta', '/train_set', '/train_set_small', '/val_set', '/val_set_unlabeled']
2026-02-09 22:10:47,869 - INFO - Expected train_dir: /train_set, exists: True
2026-02-09 22:10:47,870 - INFO - Expected val_dir: /val_set, exists: True
2026-02-09 22:10:53,500 - INFO - Loaded ImageNet data from /: train=1281167, val=50000
2026-02-09 22:10:54,221 - INFO - Dataset limits applied (stratified sampling enabled)
2026-02-09 22:10:54,223 - INFO - Dataset loaded: train=100000 samples (782 batches), val=50000 samples (391 batches), test=50000 samples (391 batches)
2026-02-09 22:10:54,903 - INFO - Training SWIN_V2 from scratch
2026-02-09 22:10:54,904 - INFO - Initializing SWIN_V2 model from scratch...
2026-02-09 22:10:54,905 - INFO - Model architecture: SWIN_V2
2026-02-09 22:10:54,906 - INFO - Model config: {'type': 'swin_v2', 'variant': 'tiny', 'patch_size': 4, 'embed_dim': 96, 'depths': [2, 2, 6, 2], 'num_heads': [3, 6, 12, 24], 'window_size': 7, 'mlp_ratio': 4.0, 'dropout': 0.0, 'attention_dropout': 0.0, 'projection_dropout': 0.0, 'drop_path_rate': 0.08, 'use_shifted_window': True, 'use_relative_bias': True, 'use_absolute_pos_embed': False, 'use_hierarchical_merge': False, 'use_gradient_checkpointing': False}
2026-02-09 22:10:55,472 - INFO - Model created with random initialization
2026-02-09 22:10:55,474 - INFO - Total parameters: 31,507,666
2026-02-09 22:10:55,475 - INFO - Trainable parameters: 31,507,666
2026-02-09 22:10:55,506 - INFO - Compiling model with torch.compile()
2026-02-09 22:10:56,852 - INFO - Mixed precision enabled → CUDA bf16 selected (hardware supported)
2026-02-09 22:10:56,853 - INFO - Starting from-scratch training...
2026-02-09 22:10:56,854 - INFO - Optimizer: training all model parameters
2026-02-09 22:10:56,856 - INFO - LR Scheduler: cosine with 2 warmup epochs
2026-02-09 22:10:56,857 - INFO - Starting training...
2026-02-09 22:10:58,799 - INFO - Processing first batch (shape: torch.Size([128, 3, 224, 224]))
2026-02-09 22:10:58,802 - INFO - Running first forward pass (torch.compile may take time)...
2026-02-09 22:12:15,190 - INFO - First forward pass complete (output shape: torch.Size([128, 1000]))
2026-02-09 22:13:23,585 - INFO - First batch complete! Loss: 6.9617
2026-02-09 22:38:04,521 - INFO - Epoch 1/20: LR: 0.000505
2026-02-09 22:38:04,536 - INFO - Epoch 1/20: Train Loss: 6.8454, Val Loss: 6.7193, Val Acc: 0.72%
2026-02-09 22:38:06,277 - INFO - Processing first batch (shape: torch.Size([128, 3, 224, 224]))
2026-02-09 22:38:06,296 - INFO - Running first forward pass (torch.compile may take time)...
2026-02-09 22:38:06,425 - INFO - First forward pass complete (output shape: torch.Size([128, 1000]))
2026-02-09 22:38:06,555 - INFO - First batch complete! Loss: 6.7947
2026-02-09 22:57:35,292 - INFO - Epoch 2/20: LR: 0.001000
2026-02-09 22:57:35,325 - INFO - Epoch 2/20: Train Loss: 6.9502, Val Loss: 6.9399, Val Acc: 0.10%
2026-02-09 22:57:37,087 - INFO - Processing first batch (shape: torch.Size([128, 3, 224, 224]))
2026-02-09 22:57:37,100 - INFO - Running first forward pass (torch.compile may take time)...
2026-02-09 22:57:37,225 - INFO - First forward pass complete (output shape: torch.Size([128, 1000]))
2026-02-09 22:57:37,355 - INFO - First batch complete! Loss: 6.9170
2026-02-09 23:17:12,828 - INFO - Epoch 3/20: LR: 0.000992
2026-02-09 23:17:12,844 - INFO - Epoch 3/20: Train Loss: 6.9173, Val Loss: 6.9107, Val Acc: 0.10%
2026-02-09 23:17:14,553 - INFO - Processing first batch (shape: torch.Size([128, 3, 224, 224]))
2026-02-09 23:17:14,565 - INFO - Running first forward pass (torch.compile may take time)...
2026-02-09 23:17:14,664 - INFO - First forward pass complete (output shape: torch.Size([128, 1000]))
2026-02-09 23:17:14,798 - INFO - First batch complete! Loss: 6.9109
2026-02-09 23:37:01,932 - INFO - Epoch 4/20: LR: 0.000970
2026-02-09 23:37:02,134 - INFO - Epoch 4/20: Train Loss: 6.9111, Val Loss: 6.9096, Val Acc: 0.10%
2026-02-09 23:37:03,865 - INFO - Processing first batch (shape: torch.Size([128, 3, 224, 224]))
2026-02-09 23:37:03,877 - INFO - Running first forward pass (torch.compile may take time)...
2026-02-09 23:37:03,981 - INFO - First forward pass complete (output shape: torch.Size([128, 1000]))
2026-02-09 23:37:04,110 - INFO - First batch complete! Loss: 6.9138
2026-02-09 23:56:51,208 - INFO - Epoch 5/20: LR: 0.000934
2026-02-10 00:04:47,330 - INFO - Epoch 5/20: Train Loss: 6.9101, Val Loss: 6.9095, Val Acc: 0.10%, Test Loss: 6.9095, Test Acc: 0.10%
2026-02-10 00:04:49,235 - INFO - Processing first batch (shape: torch.Size([128, 3, 224, 224]))
2026-02-10 00:04:49,240 - INFO - Running first forward pass (torch.compile may take time)...
2026-02-10 00:04:49,344 - INFO - First forward pass complete (output shape: torch.Size([128, 1000]))
2026-02-10 00:04:49,491 - INFO - First batch complete! Loss: 6.9163
2026-02-10 00:24:30,533 - INFO - Epoch 6/20: LR: 0.000884
2026-02-10 00:24:30,585 - INFO - Epoch 6/20: Train Loss: 6.9096, Val Loss: 6.9094, Val Acc: 0.10%
2026-02-10 00:24:32,303 - INFO - Processing first batch (shape: torch.Size([128, 3, 224, 224]))
2026-02-10 00:24:32,315 - INFO - Running first forward pass (torch.compile may take time)...
2026-02-10 00:24:32,489 - INFO - First forward pass complete (output shape: torch.Size([128, 1000]))
2026-02-10 00:24:32,623 - INFO - First batch complete! Loss: 6.9077
2026-02-10 00:44:10,986 - INFO - Epoch 7/20: LR: 0.000823
2026-02-10 00:44:11,949 - INFO - Epoch 7/20: Train Loss: 6.9095, Val Loss: 6.9104, Val Acc: 0.10%
2026-02-10 00:44:13,616 - INFO - Processing first batch (shape: torch.Size([128, 3, 224, 224]))
2026-02-10 00:44:13,626 - INFO - Running first forward pass (torch.compile may take time)...
2026-02-10 00:44:13,792 - INFO - First forward pass complete (output shape: torch.Size([128, 1000]))
2026-02-10 00:44:13,922 - INFO - First batch complete! Loss: 6.9028
2026-02-10 01:03:54,592 - INFO - Epoch 8/20: LR: 0.000752
2026-02-10 01:03:54,610 - INFO - Epoch 8/20: Train Loss: 6.9098, Val Loss: 6.9200, Val Acc: 0.10%
2026-02-10 01:03:56,205 - INFO - Processing first batch (shape: torch.Size([128, 3, 224, 224]))
2026-02-10 01:03:56,217 - INFO - Running first forward pass (torch.compile may take time)...
2026-02-10 01:03:56,346 - INFO - First forward pass complete (output shape: torch.Size([128, 1000]))
2026-02-10 01:03:56,476 - INFO - First batch complete! Loss: 6.9333
2026-02-10 01:23:44,452 - INFO - Epoch 9/20: LR: 0.000674
2026-02-10 01:23:44,464 - INFO - Epoch 9/20: Train Loss: 6.9097, Val Loss: 6.9102, Val Acc: 0.10%
2026-02-10 01:23:46,288 - INFO - Processing first batch (shape: torch.Size([128, 3, 224, 224]))
2026-02-10 01:23:46,300 - INFO - Running first forward pass (torch.compile may take time)...
2026-02-10 01:23:46,478 - INFO - First forward pass complete (output shape: torch.Size([128, 1000]))
2026-02-10 01:23:46,623 - INFO - First batch complete! Loss: 6.9050
2026-02-10 01:43:23,958 - INFO - Epoch 10/20: LR: 0.000591
2026-02-10 01:51:13,333 - INFO - Epoch 10/20: Train Loss: 6.9090, Val Loss: 6.9097, Val Acc: 0.10%, Test Loss: 6.9097, Test Acc: 0.10%
2026-02-10 01:51:13,347 - INFO - Saving checkpoint for epoch 10...
2026-02-10 01:51:14,123 - INFO - ✅ Checkpoint saved: runs/run_296/checkpoint_epoch_10.pth
2026-02-10 01:51:15,815 - INFO - Processing first batch (shape: torch.Size([128, 3, 224, 224]))
2026-02-10 01:51:15,817 - INFO - Running first forward pass (torch.compile may take time)...
2026-02-10 01:51:15,950 - INFO - First forward pass complete (output shape: torch.Size([128, 1000]))
2026-02-10 01:51:16,080 - INFO - First batch complete! Loss: 6.9031
2026-02-10 02:10:53,001 - INFO - Epoch 11/20: LR: 0.000505
2026-02-10 02:10:53,012 - INFO - Epoch 11/20: Train Loss: 6.9085, Val Loss: 6.9093, Val Acc: 0.10%
2026-02-10 02:10:54,628 - INFO - Processing first batch (shape: torch.Size([128, 3, 224, 224]))
2026-02-10 02:10:54,639 - INFO - Running first forward pass (torch.compile may take time)...
2026-02-10 02:10:54,834 - INFO - First forward pass complete (output shape: torch.Size([128, 1000]))
2026-02-10 02:10:54,963 - INFO - First batch complete! Loss: 6.9019
2026-02-10 02:30:31,519 - INFO - Epoch 12/20: LR: 0.000419
2026-02-10 02:30:31,540 - INFO - Epoch 12/20: Train Loss: 6.9082, Val Loss: 6.9093, Val Acc: 0.10%
2026-02-10 02:30:33,283 - INFO - Processing first batch (shape: torch.Size([128, 3, 224, 224]))
2026-02-10 02:30:33,302 - INFO - Running first forward pass (torch.compile may take time)...
2026-02-10 02:30:33,466 - INFO - First forward pass complete (output shape: torch.Size([128, 1000]))
2026-02-10 02:30:33,596 - INFO - First batch complete! Loss: 6.9111
2026-02-10 02:50:17,548 - INFO - Epoch 13/20: LR: 0.000336
2026-02-10 02:50:17,569 - INFO - Epoch 13/20: Train Loss: 6.9088, Val Loss: 6.9092, Val Acc: 0.10%
2026-02-10 02:50:19,294 - INFO - Processing first batch (shape: torch.Size([128, 3, 224, 224]))
2026-02-10 02:50:19,304 - INFO - Running first forward pass (torch.compile may take time)...
2026-02-10 02:50:19,401 - INFO - First forward pass complete (output shape: torch.Size([128, 1000]))
2026-02-10 02:50:19,531 - INFO - First batch complete! Loss: 6.9033
2026-02-10 03:10:01,408 - INFO - Epoch 14/20: LR: 0.000258
2026-02-10 03:10:01,462 - INFO - Epoch 14/20: Train Loss: 6.9075, Val Loss: 6.9093, Val Acc: 0.10%
2026-02-10 03:10:03,123 - INFO - Processing first batch (shape: torch.Size([128, 3, 224, 224]))
2026-02-10 03:10:03,135 - INFO - Running first forward pass (torch.compile may take time)...
2026-02-10 03:10:03,315 - INFO - First forward pass complete (output shape: torch.Size([128, 1000]))
2026-02-10 03:10:03,448 - INFO - First batch complete! Loss: 6.8989
