2026-02-14 08:03:28,573 - INFO - Logging initialized. Log file: runs/run_315/training.log
2026-02-14 08:03:28,597 - INFO - Experiment directory: runs/run_315
2026-02-14 08:03:28,599 - INFO - Setting random seeds for reproducibility (seed: 42)...
2026-02-14 08:03:28,620 - INFO - ✅ All seeds set to 42 (deterministic=False)
2026-02-14 08:03:29,020 - INFO - GPU memory cleared at startup. Available: 23.6GB
2026-02-14 08:03:29,021 - INFO - Using device: cuda
2026-02-14 08:03:29,023 - INFO - Training configuration: epochs=20, warmup=3, lr=0.0005
2026-02-14 08:03:29,024 - INFO - SWIN_IMPROVED configuration: {'type': 'swin_improved', 'variant': 'tiny', 'patch_size': 4, 'embed_dim': 96, 'depths': [2, 2, 6, 2], 'num_heads': [3, 6, 12, 24], 'window_size': 7, 'mlp_ratio': 4.0, 'dropout': 0.0, 'attention_dropout': 0.0, 'projection_dropout': 0.0, 'drop_path_rate': 0.08, 'use_shifted_window': True, 'use_relative_bias': True, 'use_absolute_pos_embed': False, 'use_hierarchical_merge': False, 'use_gradient_checkpointing': False, 'use_conv_stem': True, 'conv_stem_config': {'channels': [48, 96], 'kernel_sizes': [4, 3], 'strides': [4, 2], 'paddings': [0, 1], 'activation': 'gelu', 'use_batch_norm': True}, 'use_inverted_ffn': True, 'ffn_config': {'expand_ratio': 4, 'use_depthwise_conv': True, 'activation': 'gelu'}}
2026-02-14 08:03:29,026 - INFO - Loading dataset...
2026-02-14 08:03:29,030 - INFO - Starting ImageNet data loading from root: /
2026-02-14 08:03:29,031 - INFO - Resolved root path: /
2026-02-14 08:03:29,033 - INFO - Root path exists: True
2026-02-14 08:03:29,034 - INFO - Root path is dir: True
2026-02-14 08:03:29,071 - INFO - Contents of /: ['/.exec', '/.run', '/.shell', '/.singularity.d', '/.test', '/bin', '/boot', '/dev', '/environment', '/etc', '/home', '/lib', '/lib64', '/media', '/mnt', '/opt', '/proc', '/requirements.txt', '/root', '/run', '/sbin', '/singularity', '/srv', '/sys', '/tmp', '/usr', '/var', '/meta', '/train_set', '/train_set_small', '/val_set', '/val_set_unlabeled']
2026-02-14 08:03:29,072 - INFO - Expected train_dir: /train_set, exists: True
2026-02-14 08:03:29,073 - INFO - Expected val_dir: /val_set, exists: True
2026-02-14 08:03:43,960 - INFO - Loaded ImageNet data from /: train=1281167, val=50000
2026-02-14 08:03:46,902 - INFO - Dataset limits applied (stratified sampling enabled)
2026-02-14 08:03:46,905 - INFO - Dataset loaded: train=100000 samples (782 batches), val=50000 samples (391 batches), test=50000 samples (391 batches)
2026-02-14 08:03:49,027 - INFO - Training SWIN_IMPROVED from scratch
2026-02-14 08:03:49,029 - INFO - Initializing SWIN_IMPROVED model from scratch...
2026-02-14 08:03:49,031 - INFO - Model architecture: SWIN_IMPROVED
2026-02-14 08:03:49,032 - INFO - Model config: {'type': 'swin_improved', 'variant': 'tiny', 'patch_size': 4, 'embed_dim': 96, 'depths': [2, 2, 6, 2], 'num_heads': [3, 6, 12, 24], 'window_size': 7, 'mlp_ratio': 4.0, 'dropout': 0.0, 'attention_dropout': 0.0, 'projection_dropout': 0.0, 'drop_path_rate': 0.08, 'use_shifted_window': True, 'use_relative_bias': True, 'use_absolute_pos_embed': False, 'use_hierarchical_merge': False, 'use_gradient_checkpointing': False, 'use_conv_stem': True, 'conv_stem_config': {'channels': [48, 96], 'kernel_sizes': [4, 3], 'strides': [4, 2], 'paddings': [0, 1], 'activation': 'gelu', 'use_batch_norm': True}, 'use_inverted_ffn': True, 'ffn_config': {'expand_ratio': 4, 'use_depthwise_conv': True, 'activation': 'gelu'}}
2026-02-14 08:03:50,501 - INFO - Model created with random initialization
2026-02-14 08:03:50,503 - INFO - Total parameters: 28,518,706
2026-02-14 08:03:50,504 - INFO - Trainable parameters: 28,518,706
2026-02-14 08:03:50,600 - INFO - Compiling model with torch.compile()
2026-02-14 08:03:54,480 - INFO - Mixed precision enabled → CUDA bf16 selected (hardware supported)
2026-02-14 08:03:54,482 - INFO - Starting from-scratch training...
2026-02-14 08:03:54,483 - INFO - Optimizer: training all model parameters
2026-02-14 08:03:54,488 - INFO - LR Scheduler: cosine with 3 warmup epochs
2026-02-14 08:03:54,489 - INFO - Starting training...
2026-02-14 08:03:58,699 - INFO - Processing first batch (shape: torch.Size([128, 3, 224, 224]))
2026-02-14 08:03:58,703 - INFO - Running first forward pass (torch.compile may take time)...
2026-02-14 08:06:37,352 - INFO - First forward pass complete (output shape: torch.Size([128, 1000]))
2026-02-14 08:08:38,357 - INFO - First batch complete! Loss: 7.0479
2026-02-14 08:53:32,947 - INFO - Epoch 1/20: LR: 0.000170
2026-02-14 08:53:32,950 - INFO - Epoch 1/20: Train Loss: 6.9000, Val Loss: 6.7699, Val Acc: 0.61%
2026-02-14 08:53:35,644 - INFO - Processing first batch (shape: torch.Size([128, 3, 224, 224]))
2026-02-14 08:53:35,655 - INFO - Running first forward pass (torch.compile may take time)...
2026-02-14 08:53:35,742 - INFO - First forward pass complete (output shape: torch.Size([128, 1000]))
2026-02-14 08:53:35,826 - INFO - First batch complete! Loss: 6.8950
2026-02-14 09:23:37,263 - INFO - Epoch 2/20: LR: 0.000335
2026-02-14 09:23:37,265 - INFO - Epoch 2/20: Train Loss: 6.6413, Val Loss: 6.3438, Val Acc: 1.11%
2026-02-14 09:23:42,383 - INFO - Processing first batch (shape: torch.Size([128, 3, 224, 224]))
2026-02-14 09:23:42,388 - INFO - Running first forward pass (torch.compile may take time)...
2026-02-14 09:23:42,517 - INFO - First forward pass complete (output shape: torch.Size([128, 1000]))
2026-02-14 09:23:42,596 - INFO - First batch complete! Loss: 6.4313
2026-02-14 09:53:34,887 - INFO - Epoch 3/20: LR: 0.000500
2026-02-14 09:53:34,888 - INFO - Epoch 3/20: Train Loss: 6.3228, Val Loss: 5.9966, Val Acc: 2.28%
2026-02-14 09:53:37,358 - INFO - Processing first batch (shape: torch.Size([128, 3, 224, 224]))
2026-02-14 09:53:37,363 - INFO - Running first forward pass (torch.compile may take time)...
2026-02-14 09:53:37,464 - INFO - First forward pass complete (output shape: torch.Size([128, 1000]))
2026-02-14 09:53:37,532 - INFO - First batch complete! Loss: 6.1432
2026-02-14 10:22:47,088 - INFO - Epoch 4/20: LR: 0.000496
2026-02-14 10:22:47,123 - INFO - Epoch 4/20: Train Loss: 6.1065, Val Loss: 5.6939, Val Acc: 3.77%
2026-02-14 10:22:49,869 - INFO - Processing first batch (shape: torch.Size([128, 3, 224, 224]))
2026-02-14 10:22:49,874 - INFO - Running first forward pass (torch.compile may take time)...
2026-02-14 10:22:49,929 - INFO - First forward pass complete (output shape: torch.Size([128, 1000]))
2026-02-14 10:22:49,993 - INFO - First batch complete! Loss: 5.9958
2026-02-14 10:52:21,147 - INFO - Epoch 5/20: LR: 0.000483
2026-02-14 11:04:50,287 - INFO - Epoch 5/20: Train Loss: 5.8688, Val Loss: 5.4192, Val Acc: 5.12%, Test Loss: 5.4192, Test Acc: 5.12%
2026-02-14 11:04:53,028 - INFO - Processing first batch (shape: torch.Size([128, 3, 224, 224]))
2026-02-14 11:04:53,037 - INFO - Running first forward pass (torch.compile may take time)...
2026-02-14 11:04:53,193 - INFO - First forward pass complete (output shape: torch.Size([128, 1000]))
2026-02-14 11:04:53,293 - INFO - First batch complete! Loss: 5.8267
