2026-02-13 19:43:35,187 - INFO - Logging initialized. Log file: runs/run_313/training.log
2026-02-13 19:43:35,246 - INFO - Experiment directory: runs/run_313
2026-02-13 19:43:35,248 - INFO - Setting random seeds for reproducibility (seed: 42)...
2026-02-13 19:43:35,331 - INFO - ✅ All seeds set to 42 (deterministic=False)
2026-02-13 19:43:35,732 - INFO - GPU memory cleared at startup. Available: 79.3GB
2026-02-13 19:43:35,734 - INFO - Using device: cuda
2026-02-13 19:43:35,736 - INFO - Training configuration: epochs=20, warmup=3, lr=0.0005
2026-02-13 19:43:35,738 - INFO - SWIN configuration: variant=tiny, use_shifted_window=True, use_relative_bias=True, use_absolute_pos_embed=False, use_hierarchical_merge=False, use_gradient_checkpointing=False
2026-02-13 19:43:35,740 - INFO - SWIN details: embed_dim=96, depths=[2, 2, 6, 2], num_heads=[3, 6, 12, 24], window_size=7
2026-02-13 19:43:35,741 - INFO - Loading dataset...
2026-02-13 19:43:35,745 - INFO - Starting ImageNet data loading from root: /
2026-02-13 19:43:35,746 - INFO - Resolved root path: /
2026-02-13 19:43:35,748 - INFO - Root path exists: True
2026-02-13 19:43:35,750 - INFO - Root path is dir: True
2026-02-13 19:43:35,768 - INFO - Contents of /: ['/.exec', '/.run', '/.shell', '/.singularity.d', '/.test', '/bin', '/boot', '/dev', '/environment', '/etc', '/home', '/lib', '/lib64', '/media', '/mnt', '/opt', '/proc', '/requirements.txt', '/root', '/run', '/sbin', '/singularity', '/srv', '/sys', '/tmp', '/usr', '/var', '/meta', '/train_set', '/train_set_small', '/val_set', '/val_set_unlabeled']
2026-02-13 19:43:35,770 - INFO - Expected train_dir: /train_set, exists: True
2026-02-13 19:43:35,772 - INFO - Expected val_dir: /val_set, exists: True
2026-02-13 19:43:52,868 - INFO - Loaded ImageNet data from /: train=1281167, val=50000
2026-02-13 19:43:53,824 - INFO - Dataset limits applied (stratified sampling enabled)
2026-02-13 19:43:53,827 - INFO - Dataset loaded: train=100000 samples (782 batches), val=50000 samples (391 batches), test=50000 samples (391 batches)
2026-02-13 19:43:56,764 - INFO - Training SWIN from scratch
2026-02-13 19:43:56,765 - INFO - Initializing SWIN model from scratch...
2026-02-13 19:43:56,767 - INFO - Model architecture: SWIN
2026-02-13 19:43:56,769 - INFO - Model config: {'type': 'swin', 'variant': 'tiny', 'patch_size': 4, 'embed_dim': 96, 'depths': [2, 2, 6, 2], 'num_heads': [3, 6, 12, 24], 'window_size': 7, 'mlp_ratio': 4.0, 'dropout': 0.0, 'attention_dropout': 0.0, 'projection_dropout': 0.0, 'drop_path_rate': 0.08, 'use_shifted_window': True, 'use_relative_bias': True, 'use_absolute_pos_embed': False, 'use_hierarchical_merge': False, 'use_gradient_checkpointing': False}
2026-02-13 19:43:57,255 - INFO - Model created with random initialization
2026-02-13 19:43:57,257 - INFO - Total parameters: 28,288,354
2026-02-13 19:43:57,258 - INFO - Trainable parameters: 28,288,354
2026-02-13 19:43:57,294 - INFO - Compiling model with torch.compile()
2026-02-13 19:43:59,241 - INFO - Mixed precision enabled → CUDA bf16 selected (hardware supported)
2026-02-13 19:43:59,242 - INFO - Starting from-scratch training...
2026-02-13 19:43:59,243 - INFO - Optimizer: training all model parameters
2026-02-13 19:43:59,245 - INFO - LR Scheduler: cosine with 3 warmup epochs
2026-02-13 19:43:59,247 - INFO - Starting training...
2026-02-13 19:44:03,479 - INFO - Processing first batch (shape: torch.Size([128, 3, 224, 224]))
2026-02-13 19:44:03,483 - INFO - Running first forward pass (torch.compile may take time)...
2026-02-13 19:45:09,828 - INFO - First forward pass complete (output shape: torch.Size([128, 1000]))
2026-02-13 19:46:12,581 - INFO - First batch complete! Loss: 6.9832
2026-02-13 20:16:05,952 - INFO - Epoch 1/20: LR: 0.000170
2026-02-13 20:16:06,768 - INFO - Epoch 1/20: Train Loss: 6.8848, Val Loss: 6.7670, Val Acc: 0.48%
2026-02-13 20:16:08,509 - INFO - Processing first batch (shape: torch.Size([128, 3, 224, 224]))
2026-02-13 20:16:08,515 - INFO - Running first forward pass (torch.compile may take time)...
2026-02-13 20:16:08,672 - INFO - First forward pass complete (output shape: torch.Size([128, 1000]))
2026-02-13 20:16:08,735 - INFO - First batch complete! Loss: 6.9026
2026-02-13 20:35:22,730 - INFO - Epoch 2/20: LR: 0.000335
2026-02-13 20:35:22,759 - INFO - Epoch 2/20: Train Loss: 6.7611, Val Loss: 6.5794, Val Acc: 0.76%
2026-02-13 20:35:24,490 - INFO - Processing first batch (shape: torch.Size([128, 3, 224, 224]))
2026-02-13 20:35:24,500 - INFO - Running first forward pass (torch.compile may take time)...
2026-02-13 20:35:24,568 - INFO - First forward pass complete (output shape: torch.Size([128, 1000]))
2026-02-13 20:35:24,623 - INFO - First batch complete! Loss: 6.6174
2026-02-13 20:54:30,045 - INFO - Epoch 3/20: LR: 0.000500
2026-02-13 20:54:30,075 - INFO - Epoch 3/20: Train Loss: 6.5205, Val Loss: 6.1880, Val Acc: 1.40%
2026-02-13 20:54:31,931 - INFO - Processing first batch (shape: torch.Size([128, 3, 224, 224]))
2026-02-13 20:54:31,952 - INFO - Running first forward pass (torch.compile may take time)...
2026-02-13 20:54:32,113 - INFO - First forward pass complete (output shape: torch.Size([128, 1000]))
2026-02-13 20:54:32,176 - INFO - First batch complete! Loss: 6.3469
2026-02-13 21:13:58,125 - INFO - Epoch 4/20: LR: 0.000496
2026-02-13 21:13:58,145 - INFO - Epoch 4/20: Train Loss: 6.3494, Val Loss: 6.0641, Val Acc: 1.88%
2026-02-13 21:13:59,751 - INFO - Processing first batch (shape: torch.Size([128, 3, 224, 224]))
2026-02-13 21:13:59,761 - INFO - Running first forward pass (torch.compile may take time)...
2026-02-13 21:13:59,945 - INFO - First forward pass complete (output shape: torch.Size([128, 1000]))
2026-02-13 21:14:00,005 - INFO - First batch complete! Loss: 6.3533
2026-02-13 21:33:01,204 - INFO - Epoch 5/20: LR: 0.000483
2026-02-13 21:40:46,050 - INFO - Epoch 5/20: Train Loss: 6.1845, Val Loss: 5.9064, Val Acc: 2.44%, Test Loss: 5.9064, Test Acc: 2.44%
2026-02-13 21:40:47,924 - INFO - Processing first batch (shape: torch.Size([128, 3, 224, 224]))
2026-02-13 21:40:47,929 - INFO - Running first forward pass (torch.compile may take time)...
2026-02-13 21:40:48,144 - INFO - First forward pass complete (output shape: torch.Size([128, 1000]))
2026-02-13 21:40:48,227 - INFO - First batch complete! Loss: 6.0300
2026-02-13 22:00:39,255 - INFO - Epoch 6/20: LR: 0.000463
2026-02-13 22:00:39,287 - INFO - Epoch 6/20: Train Loss: 6.0543, Val Loss: 5.8305, Val Acc: 2.57%
2026-02-13 22:00:41,040 - INFO - Processing first batch (shape: torch.Size([128, 3, 224, 224]))
2026-02-13 22:00:41,049 - INFO - Running first forward pass (torch.compile may take time)...
2026-02-13 22:00:41,230 - INFO - First forward pass complete (output shape: torch.Size([128, 1000]))
2026-02-13 22:00:41,292 - INFO - First batch complete! Loss: 5.8793
2026-02-13 22:19:45,024 - INFO - Epoch 7/20: LR: 0.000435
2026-02-13 22:19:45,052 - INFO - Epoch 7/20: Train Loss: 5.9376, Val Loss: 5.6267, Val Acc: 3.81%
2026-02-13 22:19:46,819 - INFO - Processing first batch (shape: torch.Size([128, 3, 224, 224]))
2026-02-13 22:19:46,832 - INFO - Running first forward pass (torch.compile may take time)...
2026-02-13 22:19:47,033 - INFO - First forward pass complete (output shape: torch.Size([128, 1000]))
2026-02-13 22:19:47,088 - INFO - First batch complete! Loss: 5.8359
2026-02-13 22:38:52,839 - INFO - Epoch 8/20: LR: 0.000401
2026-02-13 22:38:52,841 - INFO - Epoch 8/20: Train Loss: 5.8305, Val Loss: 5.6386, Val Acc: 4.17%
2026-02-13 22:38:54,493 - INFO - Processing first batch (shape: torch.Size([128, 3, 224, 224]))
2026-02-13 22:38:54,503 - INFO - Running first forward pass (torch.compile may take time)...
2026-02-13 22:38:54,665 - INFO - First forward pass complete (output shape: torch.Size([128, 1000]))
2026-02-13 22:38:54,719 - INFO - First batch complete! Loss: 5.8840
2026-02-13 22:58:09,506 - INFO - Epoch 9/20: LR: 0.000362
2026-02-13 22:58:09,530 - INFO - Epoch 9/20: Train Loss: 5.6852, Val Loss: 5.3041, Val Acc: 6.51%
2026-02-13 22:58:11,154 - INFO - Processing first batch (shape: torch.Size([128, 3, 224, 224]))
2026-02-13 22:58:11,165 - INFO - Running first forward pass (torch.compile may take time)...
2026-02-13 22:58:11,336 - INFO - First forward pass complete (output shape: torch.Size([128, 1000]))
2026-02-13 22:58:11,390 - INFO - First batch complete! Loss: 5.5109
2026-02-13 23:17:30,219 - INFO - Epoch 10/20: LR: 0.000319
2026-02-13 23:25:15,966 - INFO - Epoch 10/20: Train Loss: 5.5291, Val Loss: 5.1375, Val Acc: 7.70%, Test Loss: 5.1375, Test Acc: 7.70%
2026-02-13 23:25:15,968 - INFO - Saving checkpoint for epoch 10...
2026-02-13 23:25:18,904 - INFO - ✅ Checkpoint saved: runs/run_313/checkpoint_epoch_10.pth
2026-02-13 23:25:20,839 - INFO - Processing first batch (shape: torch.Size([128, 3, 224, 224]))
2026-02-13 23:25:20,842 - INFO - Running first forward pass (torch.compile may take time)...
2026-02-13 23:25:20,921 - INFO - First forward pass complete (output shape: torch.Size([128, 1000]))
2026-02-13 23:25:20,977 - INFO - First batch complete! Loss: 5.5086
2026-02-13 23:44:42,013 - INFO - Epoch 11/20: LR: 0.000274
2026-02-13 23:44:42,056 - INFO - Epoch 11/20: Train Loss: 5.3865, Val Loss: 4.9914, Val Acc: 9.05%
2026-02-13 23:44:43,816 - INFO - Processing first batch (shape: torch.Size([128, 3, 224, 224]))
2026-02-13 23:44:43,824 - INFO - Running first forward pass (torch.compile may take time)...
2026-02-13 23:44:44,009 - INFO - First forward pass complete (output shape: torch.Size([128, 1000]))
2026-02-13 23:44:44,062 - INFO - First batch complete! Loss: 5.4667
2026-02-14 00:03:57,540 - INFO - Epoch 12/20: LR: 0.000227
2026-02-14 00:03:57,570 - INFO - Epoch 12/20: Train Loss: 5.2598, Val Loss: 4.8740, Val Acc: 10.55%
2026-02-14 00:03:59,306 - INFO - Processing first batch (shape: torch.Size([128, 3, 224, 224]))
2026-02-14 00:03:59,314 - INFO - Running first forward pass (torch.compile may take time)...
2026-02-14 00:03:59,486 - INFO - First forward pass complete (output shape: torch.Size([128, 1000]))
2026-02-14 00:03:59,541 - INFO - First batch complete! Loss: 5.1813
2026-02-14 00:23:03,706 - INFO - Epoch 13/20: LR: 0.000182
2026-02-14 00:23:03,743 - INFO - Epoch 13/20: Train Loss: 5.1377, Val Loss: 4.7794, Val Acc: 11.32%
2026-02-14 00:23:05,505 - INFO - Processing first batch (shape: torch.Size([128, 3, 224, 224]))
2026-02-14 00:23:05,520 - INFO - Running first forward pass (torch.compile may take time)...
2026-02-14 00:23:05,702 - INFO - First forward pass complete (output shape: torch.Size([128, 1000]))
2026-02-14 00:23:05,756 - INFO - First batch complete! Loss: 5.0590
2026-02-14 00:42:06,788 - INFO - Epoch 14/20: LR: 0.000139
2026-02-14 00:42:06,791 - INFO - Epoch 14/20: Train Loss: 5.0130, Val Loss: 4.6507, Val Acc: 13.06%
2026-02-14 00:42:08,329 - INFO - Processing first batch (shape: torch.Size([128, 3, 224, 224]))
2026-02-14 00:42:08,344 - INFO - Running first forward pass (torch.compile may take time)...
2026-02-14 00:42:08,584 - INFO - First forward pass complete (output shape: torch.Size([128, 1000]))
2026-02-14 00:42:08,644 - INFO - First batch complete! Loss: 4.8916
2026-02-14 01:01:02,977 - INFO - Epoch 15/20: LR: 0.000100
2026-02-14 01:08:49,789 - INFO - Epoch 15/20: Train Loss: 4.9099, Val Loss: 4.5465, Val Acc: 14.01%, Test Loss: 4.5465, Test Acc: 14.01%
2026-02-14 01:08:51,391 - INFO - Processing first batch (shape: torch.Size([128, 3, 224, 224]))
2026-02-14 01:08:51,394 - INFO - Running first forward pass (torch.compile may take time)...
2026-02-14 01:08:51,468 - INFO - First forward pass complete (output shape: torch.Size([128, 1000]))
2026-02-14 01:08:51,523 - INFO - First batch complete! Loss: 4.7044
2026-02-14 01:27:48,138 - INFO - Epoch 16/20: LR: 0.000066
2026-02-14 01:27:48,339 - INFO - Epoch 16/20: Train Loss: 4.8077, Val Loss: 4.4826, Val Acc: 14.96%
2026-02-14 01:27:50,050 - INFO - Processing first batch (shape: torch.Size([128, 3, 224, 224]))
2026-02-14 01:27:50,058 - INFO - Running first forward pass (torch.compile may take time)...
2026-02-14 01:27:50,263 - INFO - First forward pass complete (output shape: torch.Size([128, 1000]))
2026-02-14 01:27:50,318 - INFO - First batch complete! Loss: 4.7303
2026-02-14 01:46:56,014 - INFO - Epoch 17/20: LR: 0.000038
2026-02-14 01:46:56,042 - INFO - Epoch 17/20: Train Loss: 4.7278, Val Loss: 4.4079, Val Acc: 15.86%
2026-02-14 01:46:57,655 - INFO - Processing first batch (shape: torch.Size([128, 3, 224, 224]))
2026-02-14 01:46:57,666 - INFO - Running first forward pass (torch.compile may take time)...
2026-02-14 01:46:57,837 - INFO - First forward pass complete (output shape: torch.Size([128, 1000]))
2026-02-14 01:46:57,910 - INFO - First batch complete! Loss: 4.6581
2026-02-14 02:06:10,716 - INFO - Epoch 18/20: LR: 0.000018
2026-02-14 02:06:10,719 - INFO - Epoch 18/20: Train Loss: 4.6721, Val Loss: 4.3901, Val Acc: 16.06%
2026-02-14 02:06:12,632 - INFO - Processing first batch (shape: torch.Size([128, 3, 224, 224]))
2026-02-14 02:06:12,642 - INFO - Running first forward pass (torch.compile may take time)...
2026-02-14 02:06:12,842 - INFO - First forward pass complete (output shape: torch.Size([128, 1000]))
2026-02-14 02:06:12,896 - INFO - First batch complete! Loss: 4.7191
2026-02-14 02:25:15,942 - INFO - Epoch 19/20: LR: 0.000005
2026-02-14 02:25:15,976 - INFO - Epoch 19/20: Train Loss: 4.6274, Val Loss: 4.3409, Val Acc: 16.65%
2026-02-14 02:25:17,769 - INFO - Processing first batch (shape: torch.Size([128, 3, 224, 224]))
2026-02-14 02:25:17,783 - INFO - Running first forward pass (torch.compile may take time)...
2026-02-14 02:25:17,906 - INFO - First forward pass complete (output shape: torch.Size([128, 1000]))
2026-02-14 02:25:17,960 - INFO - First batch complete! Loss: 4.7537
2026-02-14 02:44:20,353 - INFO - Epoch 20/20: LR: 0.000001
2026-02-14 02:52:06,509 - INFO - Epoch 20/20: Train Loss: 4.5997, Val Loss: 4.3337, Val Acc: 16.82%, Test Loss: 4.3337, Test Acc: 16.82%
2026-02-14 02:52:06,511 - INFO - Saving checkpoint for epoch 20...
2026-02-14 02:52:07,482 - INFO - ✅ Checkpoint saved: runs/run_313/checkpoint_epoch_20.pth
2026-02-14 02:52:07,489 - INFO - Training completed!
2026-02-14 02:52:07,490 - INFO - Generating training curves...
2026-02-14 02:52:09,626 - INFO - Too many classes (1000) for per-class plotting, skipping
2026-02-14 02:52:09,627 - INFO - Training curves saved as separate images with base name 'runs/run_313/training_curves_from_scratch'
2026-02-14 02:52:09,628 - INFO - Generating confusion matrix on test set...
