2026-02-10 19:37:32,114 - INFO - Logging initialized. Log file: runs/run_305/training.log
2026-02-10 19:37:32,116 - INFO - Experiment directory: runs/run_305
2026-02-10 19:37:32,118 - INFO - Setting random seeds for reproducibility (seed: 42)...
2026-02-10 19:37:32,130 - INFO - ✅ All seeds set to 42 (deterministic=False)
2026-02-10 19:37:32,557 - INFO - GPU memory cleared at startup. Available: 39.2GB
2026-02-10 19:37:32,559 - INFO - Using device: cuda
2026-02-10 19:37:32,561 - INFO - Training configuration: epochs=20, warmup=2, lr=0.001
2026-02-10 19:37:32,563 - INFO - SWIN_V2 configuration: {'type': 'swin_v2', 'variant': 'tiny', 'patch_size': 4, 'embed_dim': 96, 'depths': [2, 2, 6, 2], 'num_heads': [3, 6, 12, 24], 'window_size': 7, 'mlp_ratio': 4.0, 'dropout': 0.0, 'attention_dropout': 0.0, 'projection_dropout': 0.0, 'drop_path_rate': 0.08, 'use_shifted_window': True, 'use_relative_bias': True, 'use_absolute_pos_embed': False, 'use_hierarchical_merge': False, 'use_gradient_checkpointing': False}
2026-02-10 19:37:32,564 - INFO - Loading dataset...
2026-02-10 19:37:32,567 - INFO - Starting ImageNet data loading from root: /
2026-02-10 19:37:32,569 - INFO - Resolved root path: /
2026-02-10 19:37:32,570 - INFO - Root path exists: True
2026-02-10 19:37:32,572 - INFO - Root path is dir: True
2026-02-10 19:37:32,577 - INFO - Contents of /: ['/.exec', '/.run', '/.shell', '/.singularity.d', '/.test', '/bin', '/boot', '/dev', '/environment', '/etc', '/home', '/lib', '/lib64', '/media', '/mnt', '/opt', '/proc', '/requirements.txt', '/root', '/run', '/sbin', '/singularity', '/srv', '/sys', '/tmp', '/usr', '/var', '/meta', '/train_set', '/train_set_small', '/val_set', '/val_set_unlabeled']
2026-02-10 19:37:32,578 - INFO - Expected train_dir: /train_set, exists: True
2026-02-10 19:37:32,579 - INFO - Expected val_dir: /val_set, exists: True
2026-02-10 19:37:38,509 - INFO - Loaded ImageNet data from /: train=1281167, val=50000
2026-02-10 19:37:39,236 - INFO - Dataset limits applied (stratified sampling enabled)
2026-02-10 19:37:39,238 - INFO - Dataset loaded: train=100000 samples (782 batches), val=50000 samples (391 batches), test=50000 samples (391 batches)
2026-02-10 19:37:39,938 - INFO - Training SWIN_V2 from scratch
2026-02-10 19:37:39,940 - INFO - Initializing SWIN_V2 model from scratch...
2026-02-10 19:37:39,941 - INFO - Model architecture: SWIN_V2
2026-02-10 19:37:39,942 - INFO - Model config: {'type': 'swin_v2', 'variant': 'tiny', 'patch_size': 4, 'embed_dim': 96, 'depths': [2, 2, 6, 2], 'num_heads': [3, 6, 12, 24], 'window_size': 7, 'mlp_ratio': 4.0, 'dropout': 0.0, 'attention_dropout': 0.0, 'projection_dropout': 0.0, 'drop_path_rate': 0.08, 'use_shifted_window': True, 'use_relative_bias': True, 'use_absolute_pos_embed': False, 'use_hierarchical_merge': False, 'use_gradient_checkpointing': False}
2026-02-10 19:37:40,525 - INFO - Model created with random initialization
2026-02-10 19:37:40,527 - INFO - Total parameters: 31,507,666
2026-02-10 19:37:40,528 - INFO - Trainable parameters: 31,507,666
2026-02-10 19:37:40,561 - INFO - Compiling model with torch.compile()
2026-02-10 19:37:41,967 - INFO - Mixed precision enabled → CUDA bf16 selected (hardware supported)
2026-02-10 19:37:41,968 - INFO - Starting from-scratch training...
2026-02-10 19:37:41,970 - INFO - Optimizer: training all model parameters
2026-02-10 19:37:41,973 - INFO - LR Scheduler: cosine with 2 warmup epochs
2026-02-10 19:37:41,974 - INFO - Starting training...
2026-02-10 19:37:43,952 - INFO - Processing first batch (shape: torch.Size([128, 3, 224, 224]))
2026-02-10 19:37:43,955 - INFO - Running first forward pass (torch.compile may take time)...
2026-02-10 19:38:59,243 - INFO - First forward pass complete (output shape: torch.Size([128, 1000]))
2026-02-10 19:40:07,109 - INFO - First batch complete! Loss: 6.9617
2026-02-10 20:04:34,891 - INFO - Epoch 1/20: LR: 0.000505
2026-02-10 20:04:34,892 - INFO - Epoch 1/20: Train Loss: 6.8454, Val Loss: 6.7193, Val Acc: 0.72%
2026-02-10 20:04:36,553 - INFO - Processing first batch (shape: torch.Size([128, 3, 224, 224]))
2026-02-10 20:04:36,560 - INFO - Running first forward pass (torch.compile may take time)...
2026-02-10 20:04:36,692 - INFO - First forward pass complete (output shape: torch.Size([128, 1000]))
2026-02-10 20:04:36,831 - INFO - First batch complete! Loss: 6.7942
2026-02-10 20:23:47,588 - INFO - Epoch 2/20: LR: 0.001000
2026-02-10 20:23:47,590 - INFO - Epoch 2/20: Train Loss: 6.9713, Val Loss: 6.9230, Val Acc: 0.10%
2026-02-10 20:23:49,351 - INFO - Processing first batch (shape: torch.Size([128, 3, 224, 224]))
2026-02-10 20:23:49,363 - INFO - Running first forward pass (torch.compile may take time)...
2026-02-10 20:23:49,518 - INFO - First forward pass complete (output shape: torch.Size([128, 1000]))
2026-02-10 20:23:49,653 - INFO - First batch complete! Loss: 6.9087
2026-02-10 20:43:01,494 - INFO - Epoch 3/20: LR: 0.000993
2026-02-10 20:43:01,496 - INFO - Epoch 3/20: Train Loss: 6.9182, Val Loss: 6.9108, Val Acc: 0.10%
2026-02-10 20:43:03,112 - INFO - Processing first batch (shape: torch.Size([128, 3, 224, 224]))
2026-02-10 20:43:03,135 - INFO - Running first forward pass (torch.compile may take time)...
2026-02-10 20:43:03,222 - INFO - First forward pass complete (output shape: torch.Size([128, 1000]))
2026-02-10 20:43:03,353 - INFO - First batch complete! Loss: 6.9180
2026-02-10 21:02:23,432 - INFO - Epoch 4/20: LR: 0.000973
2026-02-10 21:02:23,434 - INFO - Epoch 4/20: Train Loss: 6.9114, Val Loss: 6.9100, Val Acc: 0.10%
2026-02-10 21:02:25,104 - INFO - Processing first batch (shape: torch.Size([128, 3, 224, 224]))
2026-02-10 21:02:25,116 - INFO - Running first forward pass (torch.compile may take time)...
2026-02-10 21:02:25,238 - INFO - First forward pass complete (output shape: torch.Size([128, 1000]))
2026-02-10 21:02:25,368 - INFO - First batch complete! Loss: 6.9121
2026-02-10 21:21:35,121 - INFO - Epoch 5/20: LR: 0.000940
2026-02-10 21:29:15,239 - INFO - Epoch 5/20: Train Loss: 6.9102, Val Loss: 6.9099, Val Acc: 0.10%, Test Loss: 6.9099, Test Acc: 0.10%
2026-02-10 21:29:17,054 - INFO - Processing first batch (shape: torch.Size([128, 3, 224, 224]))
2026-02-10 21:29:17,059 - INFO - Running first forward pass (torch.compile may take time)...
2026-02-10 21:29:17,155 - INFO - First forward pass complete (output shape: torch.Size([128, 1000]))
2026-02-10 21:29:17,297 - INFO - First batch complete! Loss: 6.9150
2026-02-10 21:48:38,739 - INFO - Epoch 6/20: LR: 0.000895
2026-02-10 21:48:38,760 - INFO - Epoch 6/20: Train Loss: 6.9092, Val Loss: 6.9097, Val Acc: 0.10%
2026-02-10 21:48:40,654 - INFO - Processing first batch (shape: torch.Size([128, 3, 224, 224]))
2026-02-10 21:48:40,666 - INFO - Running first forward pass (torch.compile may take time)...
2026-02-10 21:48:40,754 - INFO - First forward pass complete (output shape: torch.Size([128, 1000]))
2026-02-10 21:48:40,883 - INFO - First batch complete! Loss: 6.9131
2026-02-10 22:08:19,064 - INFO - Epoch 7/20: LR: 0.000839
2026-02-10 22:08:19,098 - INFO - Epoch 7/20: Train Loss: 6.9088, Val Loss: 6.9106, Val Acc: 0.10%
2026-02-10 22:08:20,706 - INFO - Processing first batch (shape: torch.Size([128, 3, 224, 224]))
2026-02-10 22:08:20,727 - INFO - Running first forward pass (torch.compile may take time)...
2026-02-10 22:08:20,882 - INFO - First forward pass complete (output shape: torch.Size([128, 1000]))
2026-02-10 22:08:21,010 - INFO - First batch complete! Loss: 6.9043
2026-02-10 22:28:04,809 - INFO - Epoch 8/20: LR: 0.000775
2026-02-10 22:28:04,823 - INFO - Epoch 8/20: Train Loss: 6.9085, Val Loss: 6.9094, Val Acc: 0.10%
2026-02-10 22:28:06,439 - INFO - Processing first batch (shape: torch.Size([128, 3, 224, 224]))
2026-02-10 22:28:06,450 - INFO - Running first forward pass (torch.compile may take time)...
2026-02-10 22:28:06,598 - INFO - First forward pass complete (output shape: torch.Size([128, 1000]))
2026-02-10 22:28:06,745 - INFO - First batch complete! Loss: 6.9165
2026-02-10 22:47:46,455 - INFO - Epoch 9/20: LR: 0.000704
2026-02-10 22:47:46,484 - INFO - Epoch 9/20: Train Loss: 6.9087, Val Loss: 6.9095, Val Acc: 0.10%
2026-02-10 22:47:48,805 - INFO - Processing first batch (shape: torch.Size([128, 3, 224, 224]))
2026-02-10 22:47:48,814 - INFO - Running first forward pass (torch.compile may take time)...
2026-02-10 22:47:48,907 - INFO - First forward pass complete (output shape: torch.Size([128, 1000]))
2026-02-10 22:47:49,037 - INFO - First batch complete! Loss: 6.9067
2026-02-10 23:07:39,274 - INFO - Epoch 10/20: LR: 0.000628
2026-02-10 23:15:33,531 - INFO - Epoch 10/20: Train Loss: 6.9087, Val Loss: 6.9090, Val Acc: 0.10%, Test Loss: 6.9090, Test Acc: 0.10%
2026-02-10 23:15:33,533 - INFO - Saving checkpoint for epoch 10...
2026-02-10 23:15:34,407 - INFO - ✅ Checkpoint saved: runs/run_305/checkpoint_epoch_10.pth
2026-02-10 23:15:36,278 - INFO - Processing first batch (shape: torch.Size([128, 3, 224, 224]))
2026-02-10 23:15:36,281 - INFO - Running first forward pass (torch.compile may take time)...
2026-02-10 23:15:36,374 - INFO - First forward pass complete (output shape: torch.Size([128, 1000]))
2026-02-10 23:15:36,506 - INFO - First batch complete! Loss: 6.9104
2026-02-10 23:36:06,002 - INFO - Epoch 11/20: LR: 0.000550
2026-02-10 23:36:06,045 - INFO - Epoch 11/20: Train Loss: 6.9087, Val Loss: 6.9101, Val Acc: 0.10%
2026-02-10 23:36:07,605 - INFO - Processing first batch (shape: torch.Size([128, 3, 224, 224]))
2026-02-10 23:36:07,617 - INFO - Running first forward pass (torch.compile may take time)...
2026-02-10 23:36:07,724 - INFO - First forward pass complete (output shape: torch.Size([128, 1000]))
2026-02-10 23:36:07,858 - INFO - First batch complete! Loss: 6.9102
2026-02-10 23:55:58,970 - INFO - Epoch 12/20: LR: 0.000472
2026-02-10 23:55:59,008 - INFO - Epoch 12/20: Train Loss: 6.9079, Val Loss: 6.9093, Val Acc: 0.10%
2026-02-10 23:56:00,761 - INFO - Processing first batch (shape: torch.Size([128, 3, 224, 224]))
2026-02-10 23:56:00,774 - INFO - Running first forward pass (torch.compile may take time)...
2026-02-10 23:56:00,930 - INFO - First forward pass complete (output shape: torch.Size([128, 1000]))
2026-02-10 23:56:01,061 - INFO - First batch complete! Loss: 6.9058
2026-02-11 00:15:51,950 - INFO - Epoch 13/20: LR: 0.000396
2026-02-11 00:15:51,959 - INFO - Epoch 13/20: Train Loss: 6.9074, Val Loss: 6.9093, Val Acc: 0.10%
2026-02-11 00:15:53,610 - INFO - Processing first batch (shape: torch.Size([128, 3, 224, 224]))
2026-02-11 00:15:53,622 - INFO - Running first forward pass (torch.compile may take time)...
2026-02-11 00:15:53,778 - INFO - First forward pass complete (output shape: torch.Size([128, 1000]))
2026-02-11 00:15:53,908 - INFO - First batch complete! Loss: 6.9067
2026-02-11 00:35:23,756 - INFO - Epoch 14/20: LR: 0.000325
2026-02-11 00:35:23,770 - INFO - Epoch 14/20: Train Loss: 6.9071, Val Loss: 6.9094, Val Acc: 0.10%
2026-02-11 00:35:25,583 - INFO - Processing first batch (shape: torch.Size([128, 3, 224, 224]))
2026-02-11 00:35:25,595 - INFO - Running first forward pass (torch.compile may take time)...
2026-02-11 00:35:25,751 - INFO - First forward pass complete (output shape: torch.Size([128, 1000]))
2026-02-11 00:35:25,901 - INFO - First batch complete! Loss: 6.9021
